[INFO] Process start to main: 54 ms
[INFO] Registered singleton 0 for afterhours::files::ProvidesResourcePaths (0)
[INFO] Settings loaded from /Users/gabeochoa/Library/Application Support/floatinghotel/settings.json
[INFO] Pre-graphics init: 116 ms
[INFO]   Window+GPU init: 202 ms
[INFO] Registered singleton 1 for afterhours::input::InputCollector (1)
[INFO] Registered singleton 1 for afterhours::input::ProvidesMaxGamepadID (2)
[INFO] Registered singleton 1 for afterhours::input::ProvidesInputMapping (3)
[INFO] Registered singleton 1 for afterhours::input::ProvidesInputConfig (4)
[WARN] try_load_gamepad_mappings: no backend configured
[INFO] Registered singleton 1 for afterhours::window_manager::ProvidesTargetFPS (5)
[INFO] Registered singleton 1 for afterhours::window_manager::ProvidesCurrentResolution (6)
[INFO] Registered singleton 1 for afterhours::window_manager::ProvidesAvailableWindowResolutions (7)
[INFO] Registered singleton 2 for afterhours::ui::UIContext<InputAction> (8)
[INFO] Registered singleton 2 for afterhours::ui::FontManager (9)
[INFO] Registered singleton 2 for afterhours::ui::TextMeasureCache (10)
[INFO] Registered singleton 2 for afterhours::ui::UIEntityMappingCache (11)
[INFO] Registered singleton 2 for afterhours::ui::DragGroupState (12)
[INFO]   Preload+fonts: 2 ms
[INFO] Registered singleton 6 for afterhours::modal::ModalRoot (28)
[INFO] Registered singleton 7 for afterhours::ui::TooltipState (29)
[INFO]   Systems registration: 0 ms
[INFO] Startup time: 205 ms (from graphics::run to app_init done)
[INFO] [Validation] No UI violations detected
[INFO] git: 356 ms (waited 0 ms for lock): git ls-files
[INFO] git: 403 ms (waited 0 ms for lock): git log
[INFO] commits loaded: 2 commits, 404 ms after refresh requested, 799 ms since process start
[INFO] git: 405 ms (waited 0 ms for lock): git status
[INFO] refresh: status ready at 405 ms
[INFO] git: 481 ms (waited 0 ms for lock): git diff
[INFO] refresh: diff ready at 839 ms
[INFO] git: 535 ms (waited 0 ms for lock): git diff
[INFO] git: 639 ms (waited 0 ms for lock): git branch
[INFO] refresh: branches ready at 1044 ms
[INFO] refresh: done in 1044 ms
[INFO] git: 238 ms (waited 0 ms for lock): git rev-parse
[INFO] git: 314 ms (waited 0 ms for lock): git show
[INFO] git: 397 ms (waited 0 ms for lock): git show
[INFO] git: 283 ms (waited 0 ms for lock): git rev-parse
[INFO] git: 260 ms (waited 0 ms for lock): git ls-tree
[INFO] git: 322 ms (waited 0 ms for lock): git rev-parse
[INFO] git: 241 ms (waited 0 ms for lock): git rev-parse
[INFO] git: 208 ms (waited 0 ms for lock): git rev-parse
[INFO] git: 37 ms (waited 0 ms for lock): git cat-file
[INFO] git: 257 ms (waited 0 ms for lock): git rev-parse
[INFO] git: 249 ms (waited 0 ms for lock): git cat-file
[INFO] git: 240 ms (waited 0 ms for lock): git ls-tree
[INFO] git: 803 ms (waited 0 ms for lock): git cat-file
[INFO] git: 292 ms (waited 0 ms for lock): git rev-parse
[INFO] git: 307 ms (waited 0 ms for lock): git cat-file
[INFO] git: 301 ms (waited 0 ms for lock): git ls-tree
[INFO] git: 818 ms (waited 0 ms for lock): git cat-file
[INFO] git: 293 ms (waited 0 ms for lock): git rev-parse
[INFO] commit patch cache hit for 6d40dd41ab5f2cc669e84c5ccb1a029cb06db75d
[INFO] git: 383 ms (waited 0 ms for lock): git rev-parse
[INFO] git: 331 ms (waited 0 ms for lock): git show
[INFO] git: 401 ms (waited 0 ms for lock): git show
[INFO] git: 327 ms (waited 0 ms for lock): git rev-parse
[INFO] git: 274 ms (waited 0 ms for lock): git rev-parse
[INFO] git: 363 ms (waited 0 ms for lock): git rev-parse
[INFO] bench_frames: 120 frames, 232 entities: avg 2.71 ms  p50 2.63  p99 4.87  max 8.17
[INFO]     0.65 ms/frame  afterhours::ui::UIPluginRenderBridge<InputAction>
[INFO]     0.60 ms/frame  ecs::MainContentSystem
[INFO]     0.24 ms/frame  afterhours::ui::UIPluginPostUpdateBridge<InputAction>
[INFO]     0.19 ms/frame  ecs::SidebarSystem
[INFO]     0.09 ms/frame  ecs::TabSyncSystem
[INFO]     0.05 ms/frame  afterhours::ui::validation::ValidateComponentContrast
[INFO]     0.03 ms/frame  ecs::MenuBarSystem
[INFO]     0.02 ms/frame  ecs::TabBarSystem
[INFO] expect_p99_below: 4.87ms <= 20.00ms (PASS)
[INFO] E2E finished in 4.37 seconds
