[INFO] Process start to main: 35 ms
[INFO] Registered singleton 0 for afterhours::files::ProvidesResourcePaths (0)
[INFO] Settings loaded from /Users/gabeochoa/Library/Application Support/floatinghotel/settings.json
[INFO] Pre-graphics init: 50 ms
[INFO]   Window+GPU init: 170 ms
[INFO] Registered singleton 1 for afterhours::input::InputCollector (1)
[INFO] Registered singleton 1 for afterhours::input::ProvidesMaxGamepadID (2)
[INFO] Registered singleton 1 for afterhours::input::ProvidesInputMapping (3)
[INFO] Registered singleton 1 for afterhours::input::ProvidesInputConfig (4)
[WARN] try_load_gamepad_mappings: no backend configured
[INFO] Registered singleton 1 for afterhours::window_manager::ProvidesTargetFPS (5)
[INFO] Registered singleton 1 for afterhours::window_manager::ProvidesCurrentResolution (6)
[INFO] Registered singleton 1 for afterhours::window_manager::ProvidesAvailableWindowResolutions (7)
[INFO] Registered singleton 2 for afterhours::ui::UIContext<InputAction> (8)
[INFO] Registered singleton 2 for afterhours::ui::FontManager (9)
[INFO] Registered singleton 2 for afterhours::ui::TextMeasureCache (10)
[INFO] Registered singleton 2 for afterhours::ui::UIEntityMappingCache (11)
[INFO] Registered singleton 2 for afterhours::ui::DragGroupState (12)
[INFO]   Preload+fonts: 0 ms
[INFO] Registered singleton 6 for afterhours::modal::ModalRoot (28)
[INFO] Registered singleton 7 for afterhours::ui::TooltipState (29)
[INFO]   Systems registration: 0 ms
[INFO] Startup time: 171 ms (from graphics::run to app_init done)
[INFO] [Validation] No UI violations detected
[INFO] git: 252 ms (waited 0 ms for lock): git ls-files
[INFO] git: 261 ms (waited 0 ms for lock): git status
[INFO] refresh: status ready at 262 ms
[INFO] git: 312 ms (waited 0 ms for lock): git log
[INFO] commits loaded: 1 commits, 313 ms after refresh requested, 594 ms since process start
[INFO] git: 294 ms (waited 0 ms for lock): git diff
[INFO] refresh: diff ready at 548 ms
[INFO] git: 306 ms (waited 0 ms for lock): git branch
[INFO] refresh: branches ready at 569 ms
[INFO] git: 279 ms (waited 0 ms for lock): git diff
[INFO] refresh: done in 593 ms
[INFO] git: 231 ms (waited 0 ms for lock): git grep
[INFO] bench_frames: 120 frames, 162 entities: avg 1.56 ms  p50 1.52  p99 2.52  max 3.52
[INFO]     0.49 ms/frame  afterhours::ui::UIPluginRenderBridge<InputAction>
[INFO]     0.25 ms/frame  ecs::SidebarSystem
[INFO]     0.15 ms/frame  afterhours::ui::UIPluginPostUpdateBridge<InputAction>
[INFO]     0.06 ms/frame  ecs::TabSyncSystem
[INFO]     0.03 ms/frame  ecs::MainContentSystem
[INFO]     0.03 ms/frame  afterhours::ui::validation::ValidateComponentContrast
[INFO]     0.02 ms/frame  ecs::MenuBarSystem
[INFO]     0.01 ms/frame  ecs::TabBarSystem
[INFO] expect_p99_below: 2.52ms <= 20.00ms (PASS)
[INFO] git: 107 ms (waited 0 ms for lock): git grep
[INFO] bench_frames: 120 frames, 157 entities: avg 3.55 ms  p50 3.48  p99 5.55  max 6.14
[INFO]     2.26 ms/frame  ecs::MainContentSystem
[INFO]     0.45 ms/frame  afterhours::ui::UIPluginRenderBridge<InputAction>
[INFO]     0.15 ms/frame  afterhours::ui::UIPluginPostUpdateBridge<InputAction>
[INFO]     0.07 ms/frame  ecs::SidebarSystem
[INFO]     0.06 ms/frame  ecs::TabSyncSystem
[INFO]     0.05 ms/frame  afterhours::ui::validation::ValidateComponentContrast
[INFO]     0.02 ms/frame  afterhours::ui::UIPluginPreUpdateBridge<InputAction>
[INFO]     0.02 ms/frame  ecs::MenuBarSystem
[INFO] expect_p99_below: 5.55ms <= 20.00ms (PASS)
[INFO] E2E finished in 0.73 seconds
