[INFO] Process start to main: 20 ms
[INFO] Registered singleton 0 for afterhours::files::ProvidesResourcePaths (0)
[INFO] Settings loaded from /Users/gabeochoa/Library/Application Support/floatinghotel/settings.json
[INFO] Pre-graphics init: 7 ms
[INFO]   Window+GPU init: 106 ms
[INFO] Registered singleton 1 for afterhours::input::InputCollector (1)
[INFO] Registered singleton 1 for afterhours::input::ProvidesMaxGamepadID (2)
[INFO] Registered singleton 1 for afterhours::input::ProvidesInputMapping (3)
[INFO] Registered singleton 1 for afterhours::input::ProvidesInputConfig (4)
[WARN] try_load_gamepad_mappings: no backend configured
[INFO] Registered singleton 1 for afterhours::window_manager::ProvidesTargetFPS (5)
[INFO] Registered singleton 1 for afterhours::window_manager::ProvidesCurrentResolution (6)
[INFO] Registered singleton 1 for afterhours::window_manager::ProvidesAvailableWindowResolutions (7)
[INFO] Registered singleton 2 for afterhours::ui::UIContext<InputAction> (8)
[INFO] Registered singleton 2 for afterhours::ui::FontManager (9)
[INFO] Registered singleton 2 for afterhours::ui::TextMeasureCache (10)
[INFO] Registered singleton 2 for afterhours::ui::UIEntityMappingCache (11)
[INFO] Registered singleton 2 for afterhours::ui::DragGroupState (12)
[INFO]   Preload+fonts: 0 ms
[INFO] Registered singleton 6 for afterhours::modal::ModalRoot (28)
[INFO] Registered singleton 7 for afterhours::ui::TooltipState (29)
[INFO]   Systems registration: 0 ms
[INFO] Startup time: 106 ms (from graphics::run to app_init done)
[INFO] [Validation] No UI violations detected
[INFO] git: 87 ms (waited 0 ms for lock): git status
[INFO] refresh: status ready at 88 ms
[INFO] git: 91 ms (waited 0 ms for lock): git log
[INFO] commits loaded: 1 commits, 92 ms after refresh requested, 238 ms since process start
[INFO] git: 102 ms (waited 0 ms for lock): git ls-files
[INFO] git: 138 ms (waited 0 ms for lock): git branch
[INFO] refresh: branches ready at 231 ms
[INFO] git: 149 ms (waited 0 ms for lock): git diff
[INFO] refresh: diff ready at 237 ms
[INFO] git: 148 ms (waited 0 ms for lock): git diff
[INFO] refresh: done in 251 ms
[INFO] bench_frames: 120 frames, 212 entities: avg 1.14 ms  p50 1.02  p99 1.88  max 2.86
[INFO]     0.43 ms/frame  ecs::MainContentSystem
[INFO]     0.26 ms/frame  afterhours::ui::UIPluginRenderBridge<InputAction>
[INFO]     0.09 ms/frame  afterhours::ui::UIPluginPostUpdateBridge<InputAction>
[INFO]     0.07 ms/frame  ecs::SidebarSystem
[INFO]     0.02 ms/frame  ecs::TabSyncSystem
[INFO]     0.02 ms/frame  afterhours::ui::validation::ValidateComponentContrast
[INFO]     0.01 ms/frame  ecs::StatusBarSystem
[INFO]     0.01 ms/frame  ecs::MenuBarSystem
[INFO] expect_p99_below: 1.88ms <= 20.00ms (PASS)
[INFO] E2E finished in 2.45 seconds
