RUN reorder_tabs
PASS 100%: both reorder directions, edge scrolling, visible marker, Escape, outside release, close suppression, jitter, resize cancellation, stable document and reading position
PASS 140%: both reorder directions, edge scrolling, visible marker, Escape, outside release, close suppression, jitter, resize cancellation, stable document and reading position
PASS 200%: both reorder directions, edge scrolling, visible marker, Escape, outside release, close suppression, jitter, resize cancellation, stable document and reading position
RUN preview_tabs
PASS 100%: one preview, Enter/double-click/menu keep, origin retention and destination reuse
PASS 140%: one preview, Enter/double-click/menu keep, origin retention and destination reuse
PASS 200%: one preview, Enter/double-click/menu keep, origin retention and destination reuse
RUN close_tabs
PASS 100%: inactive close, Cmd+W, Cmd+Shift+T, nearest neighbor, exact scroll restoration, working-changes fallback
PASS 140%: inactive close, Cmd+W, Cmd+Shift+T, nearest neighbor, exact scroll restoration, working-changes fallback
PASS 200%: inactive close, Cmd+W, Cmd+Shift+T, nearest neighbor, exact scroll restoration, working-changes fallback
RUN tab_overflow
PASS 100%: 25 tabs, strip-only scrolling, keyboard/mouse menu, active reveal, narrow resize
PASS 140%: 25 tabs, strip-only scrolling, keyboard/mouse menu, active reveal, narrow resize
PASS 200%: 25 tabs, strip-only scrolling, keyboard/mouse menu, active reveal, narrow resize
RUN zoom_hover
PASS 100%: row, icon, count and close hover match rendered targets; icon click selects correct file
PASS 140%: row, icon, count and close hover match rendered targets; icon click selects correct file
PASS 200%: row, icon, count and close hover match rendered targets; icon click selects correct file
