[INFO] Process start to main: 37 ms
[INFO] Registered singleton 0 for afterhours::files::ProvidesResourcePaths (0)
[INFO] Settings loaded from /Users/gabeochoa/Library/Application Support/floatinghotel/settings.json
[INFO] Pre-graphics init: 14 ms
[INFO]   Window+GPU init: 149 ms
[INFO] Registered singleton 1 for afterhours::input::InputCollector (1)
[INFO] Registered singleton 1 for afterhours::input::ProvidesMaxGamepadID (2)
[INFO] Registered singleton 1 for afterhours::input::ProvidesInputMapping (3)
[INFO] Registered singleton 1 for afterhours::input::ProvidesInputConfig (4)
[WARN] try_load_gamepad_mappings: no backend configured
[INFO] Registered singleton 1 for afterhours::window_manager::ProvidesTargetFPS (5)
[INFO] Registered singleton 1 for afterhours::window_manager::ProvidesCurrentResolution (6)
[INFO] Registered singleton 1 for afterhours::window_manager::ProvidesAvailableWindowResolutions (7)
[INFO] Registered singleton 2 for afterhours::ui::UIContext<InputAction> (8)
[INFO] Registered singleton 2 for afterhours::ui::FontManager (9)
[INFO] Registered singleton 2 for afterhours::ui::TextMeasureCache (10)
[INFO] Registered singleton 2 for afterhours::ui::UIEntityMappingCache (11)
[INFO] Registered singleton 2 for afterhours::ui::DragGroupState (12)
[INFO]   Preload+fonts: 0 ms
[INFO] Registered singleton 6 for afterhours::modal::ModalRoot (28)
[INFO] Registered singleton 7 for afterhours::ui::TooltipState (29)
[INFO]   Systems registration: 0 ms
[INFO] Startup time: 150 ms (from graphics::run to app_init done)
[INFO] [Validation] No UI violations detected
[INFO] git: 260 ms (waited 0 ms for lock): git status
[INFO] refresh: status ready at 261 ms
[INFO] git: 281 ms (waited 0 ms for lock): git log
[INFO] commits loaded: 3 commits, 284 ms after refresh requested, 496 ms since process start
[INFO] git: 297 ms (waited 0 ms for lock): git ls-files
[INFO] git: 179 ms (waited 0 ms for lock): git diff
[INFO] refresh: diff ready at 440 ms
[INFO] git: 199 ms (waited 0 ms for lock): git branch
[INFO] refresh: branches ready at 481 ms
[INFO] git: 256 ms (waited 0 ms for lock): git diff
[INFO] refresh: done in 554 ms
[INFO] git: 154 ms (waited 0 ms for lock): git rev-parse
[INFO] git: 141 ms (waited 0 ms for lock): git rev-parse
[INFO] git: 142 ms (waited 0 ms for lock): git diff
[INFO] git: 128 ms (waited 0 ms for lock): git rev-parse
[INFO] git: 146 ms (waited 0 ms for lock): git rev-parse
[INFO] git: 113 ms (waited 0 ms for lock): git rev-parse
[INFO] git: 170 ms (waited 0 ms for lock): git cat-file
[INFO] git: 201 ms (waited 0 ms for lock): git rev-parse
[INFO] git: 125 ms (waited 0 ms for lock): git ls-tree
[INFO] git: 205 ms (waited 0 ms for lock): git cat-file
[INFO] git: 105 ms (waited 0 ms for lock): git rev-parse
[INFO] git: 118 ms (waited 0 ms for lock): git grep
[INFO] git: 138 ms (waited 0 ms for lock): git rev-parse
[INFO] git: 139 ms (waited 0 ms for lock): git grep
[INFO] git: 163 ms (waited 0 ms for lock): git rev-parse
[INFO] git: 113 ms (waited 0 ms for lock): git cat-file
[INFO] git: 134 ms (waited 0 ms for lock): git ls-tree
[INFO] git: 122 ms (waited 0 ms for lock): git cat-file
[INFO] git: 137 ms (waited 0 ms for lock): git rev-parse
[INFO] git: 185 ms (waited 0 ms for lock): git rev-parse
[INFO] git: 185 ms (waited 0 ms for lock): git rev-parse
[INFO] git: 148 ms (waited 0 ms for lock): git rev-parse
[INFO] git: 154 ms (waited 0 ms for lock): git rev-parse
[INFO] git: 183 ms (waited 0 ms for lock): git diff
[INFO] git: 129 ms (waited 0 ms for lock): git rev-parse
[INFO] git: 132 ms (waited 0 ms for lock): git rev-parse
[INFO] bench_frames: 120 frames, 204 entities: avg 2.55 ms  p50 2.00  p99 8.74  max 12.02
[INFO]     0.60 ms/frame  afterhours::ui::UIPluginRenderBridge<InputAction>
[INFO]     0.47 ms/frame  ecs::MainContentSystem
[INFO]     0.24 ms/frame  afterhours::ui::UIPluginPostUpdateBridge<InputAction>
[INFO]     0.15 ms/frame  ecs::SidebarSystem
[INFO]     0.09 ms/frame  ecs::TabSyncSystem
[INFO]     0.04 ms/frame  afterhours::ui::validation::ValidateComponentContrast
[INFO]     0.03 ms/frame  ecs::MenuBarSystem
[INFO]     0.02 ms/frame  ecs::StatusBarSystem
[INFO] expect_p99_below: 8.74ms <= 20.00ms (PASS)
[INFO] E2E finished in 0.88 seconds
[INFO] git: 192 ms (waited 0 ms for lock): git rev-parse
