[INFO] Process start to main: 26 ms
[INFO] Registered singleton 0 for afterhours::files::ProvidesResourcePaths (0)
[INFO] Settings loaded from /Users/gabeochoa/Library/Application Support/floatinghotel/settings.json
[INFO] Pre-graphics init: 7 ms
[INFO]   Window+GPU init: 132 ms
[INFO] Registered singleton 1 for afterhours::input::InputCollector (1)
[INFO] Registered singleton 1 for afterhours::input::ProvidesMaxGamepadID (2)
[INFO] Registered singleton 1 for afterhours::input::ProvidesInputMapping (3)
[INFO] Registered singleton 1 for afterhours::input::ProvidesInputConfig (4)
[WARN] try_load_gamepad_mappings: no backend configured
[INFO] Registered singleton 1 for afterhours::window_manager::ProvidesTargetFPS (5)
[INFO] Registered singleton 1 for afterhours::window_manager::ProvidesCurrentResolution (6)
[INFO] Registered singleton 1 for afterhours::window_manager::ProvidesAvailableWindowResolutions (7)
[INFO] Registered singleton 2 for afterhours::ui::UIContext<InputAction> (8)
[INFO] Registered singleton 2 for afterhours::ui::FontManager (9)
[INFO] Registered singleton 2 for afterhours::ui::TextMeasureCache (10)
[INFO] Registered singleton 2 for afterhours::ui::UIEntityMappingCache (11)
[INFO] Registered singleton 2 for afterhours::ui::DragGroupState (12)
[INFO]   Preload+fonts: 0 ms
[INFO] Registered singleton 6 for afterhours::modal::ModalRoot (28)
[INFO] Registered singleton 7 for afterhours::ui::TooltipState (29)
[INFO]   Systems registration: 0 ms
[INFO] Startup time: 133 ms (from graphics::run to app_init done)
[INFO] [Validation] No UI violations detected
[INFO] git: 82 ms (waited 0 ms for lock): git ls-files
[INFO] git: 83 ms (waited 0 ms for lock): git log
[INFO] git: 83 ms (waited 0 ms for lock): git status
[INFO] refresh: status ready at 84 ms
[INFO] commits loaded: 1 commits, 84 ms after refresh requested, 261 ms since process start
[INFO] git: 127 ms (waited 0 ms for lock): git branch
[INFO] refresh: branches ready at 211 ms
[INFO] git: 149 ms (waited 0 ms for lock): git diff
[INFO] refresh: diff ready at 232 ms
[INFO] git: 154 ms (waited 0 ms for lock): git diff
[INFO] refresh: done in 239 ms
[WARN] Layout wrap: 'working_review_heading' in parent 'main_content' - NoWrap set but would overflow (child_size=44.8, offset=0.0, container=0.0)
[WARN] Layout overflow: 'working_review_heading' extends outside parent 'main_content' bounds (child_rel=[0.0,0.0], child_size=[0.0,44.8], child_end=[0.0,44.8], parent_size=[0.0,0.0], gap=0.0, start_offset=0.0)
[WARN] Layout wrap: '' in parent 'main_content' - NoWrap set but would overflow (child_size=42.0, offset=44.8, container=0.0)
[WARN] Layout overflow: '' extends outside parent 'main_content' bounds (child_rel=[0.0,44.8], child_size=[0.0,42.0], child_end=[0.0,86.8], parent_size=[0.0,0.0], gap=0.0, start_offset=0.0)
[WARN] Layout wrap: 'save_review_baseline' in parent '' - NoWrap set but would overflow (child_size=231.0, offset=0.0, container=0.0)
[WARN] Layout overflow: 'save_review_baseline' extends outside parent '' bounds (child_rel=[0.0,0.0], child_size=[231.0,39.2], child_end=[231.0,39.2], parent_size=[0.0,42.0], gap=5.6, start_offset=0.0)
[WARN] Layout wrap: '' in parent '' - NoWrap set but would overflow (child_size=0.0, offset=236.6, container=0.0)
[WARN] Layout overflow: '' extends outside parent '' bounds (child_rel=[236.6,0.0], child_size=[0.0,39.2], child_end=[236.6,39.2], parent_size=[0.0,42.0], gap=5.6, start_offset=0.0)
[WARN] Layout wrap: 'review_primary_toolbar' in parent 'main_content' - NoWrap set but would overflow (child_size=100.8, offset=86.8, container=0.0)
[WARN] Layout overflow: 'review_primary_toolbar' extends outside parent 'main_content' bounds (child_rel=[0.0,86.8], child_size=[0.0,100.8], child_end=[0.0,187.6], parent_size=[0.0,0.0], gap=0.0, start_offset=0.0)
[WARN] Layout wrap: 'diff_stats_label' in parent '' - NoWrap set but would overflow (child_size=103.0, offset=0.0, container=0.0)
[WARN] Layout overflow: 'diff_stats_label' extends outside parent '' bounds (child_rel=[0.0,0.0], child_size=[103.0,42.0], child_end=[103.0,42.0], parent_size=[0.0,42.0], gap=11.2, start_offset=0.0)
[WARN] Layout wrap: 'diff_additions' in parent '' - NoWrap set but would overflow (child_size=16.0, offset=114.2, container=0.0)
[WARN] Layout overflow: 'diff_additions' extends outside parent '' bounds (child_rel=[114.2,0.0], child_size=[16.0,42.0], child_end=[130.2,42.0], parent_size=[0.0,42.0], gap=11.2, start_offset=0.0)
[WARN] Layout wrap: 'diff_deletions' in parent '' - NoWrap set but would overflow (child_size=16.0, offset=141.4, container=0.0)
[WARN] Layout overflow: 'diff_deletions' extends outside parent '' bounds (child_rel=[141.4,0.0], child_size=[16.0,42.0], child_end=[157.4,42.0], parent_size=[0.0,42.0], gap=11.2, start_offset=0.0)
[WARN] Layout wrap: 'review_segments' in parent 'diff_mode_toggle' - NoWrap set but would overflow (child_size=151.2, offset=0.0, container=0.0)
[WARN] Layout overflow: 'review_segments' extends outside parent 'diff_mode_toggle' bounds (child_rel=[0.0,0.0], child_size=[151.2,44.8], child_end=[151.2,44.8], parent_size=[0.0,44.8], gap=8.4, start_offset=0.0)
[WARN] Layout wrap: 'basket_toggle_btn' in parent 'diff_mode_toggle' - NoWrap set but would overflow (child_size=0.0, offset=159.6, container=0.0)
[WARN] Layout overflow: 'basket_toggle_btn' extends outside parent 'diff_mode_toggle' bounds (child_rel=[159.6,1.4], child_size=[0.0,42.0], child_end=[159.6,43.4], parent_size=[0.0,44.8], gap=8.4, start_offset=0.0)
[WARN] Layout wrap: 'feedback_icon' in parent 'basket_toggle_btn' - NoWrap set but would overflow (child_size=22.4, offset=0.0, container=0.0)
[WARN] Layout overflow: 'feedback_icon' extends outside parent 'basket_toggle_btn' bounds (child_rel=[0.0,9.8], child_size=[22.4,22.4], child_end=[22.4,32.2], parent_size=[0.0,42.0], gap=8.4, start_offset=0.0)
[WARN] Layout wrap: 'Feedback 0' in parent 'basket_toggle_btn' - NoWrap set but would overflow (child_size=0.0, offset=30.8, container=0.0)
[WARN] Layout overflow: 'Feedback 0' extends outside parent 'basket_toggle_btn' bounds (child_rel=[30.8,1.4], child_size=[0.0,39.2], child_end=[30.8,40.6], parent_size=[0.0,42.0], gap=8.4, start_offset=0.0)
[WARN] Layout wrap: 'finish_review' in parent 'diff_mode_toggle' - NoWrap set but would overflow (child_size=145.6, offset=168.0, container=0.0)
[WARN] Layout overflow: 'finish_review' extends outside parent 'diff_mode_toggle' bounds (child_rel=[168.0,1.4], child_size=[145.6,42.0], child_end=[313.6,43.4], parent_size=[0.0,44.8], gap=8.4, start_offset=0.0)
[WARN] Layout wrap: 'diff_options_toggle' in parent 'diff_mode_toggle' - NoWrap set but would overflow (child_size=44.8, offset=322.0, container=0.0)
[WARN] Layout overflow: 'diff_options_toggle' extends outside parent 'diff_mode_toggle' bounds (child_rel=[322.0,1.4], child_size=[44.8,42.0], child_end=[366.8,43.4], parent_size=[0.0,44.8], gap=8.4, start_offset=0.0)
[WARN] Layout wrap: '' in parent 'main_content' - NoWrap set but would overflow (child_size=33.6, offset=187.6, container=0.0)
[WARN] Layout overflow: '' extends outside parent 'main_content' bounds (child_rel=[0.0,187.6], child_size=[0.0,33.6], child_end=[0.0,221.2], parent_size=[0.0,0.0], gap=0.0, start_offset=0.0)
[WARN] Layout wrap: 'diff_scroll' in parent 'main_content' - NoWrap set but would overflow (child_size=0.0, offset=221.2, container=0.0)
[WARN] Layout overflow: 'diff_scroll' extends outside parent 'main_content' bounds (child_rel=[0.0,221.2], child_size=[0.0,0.0], child_end=[0.0,221.2], parent_size=[0.0,0.0], gap=0.0, start_offset=0.0)
[WARN] Layout wrap: 'fold_file:sample.txt' in parent '' - NoWrap set but would overflow (child_size=39.2, offset=0.0, container=0.0)
[WARN] Layout overflow: 'fold_file:sample.txt' extends outside parent '' bounds (child_rel=[0.0,2.8], child_size=[39.2,39.2], child_end=[39.2,42.0], parent_size=[0.0,44.8], gap=0.0, start_offset=0.0)
[WARN] Layout wrap: 'file_header_label' in parent '' - NoWrap set but would overflow (child_size=0.0, offset=39.2, container=0.0)
[WARN] Layout overflow: 'file_header_label' extends outside parent '' bounds (child_rel=[39.2,0.0], child_size=[0.0,44.8], child_end=[39.2,44.8], parent_size=[0.0,44.8], gap=0.0, start_offset=0.0)
[WARN] Layout overflow: 'file_additions' extends outside parent 'file_header_btns' bounds (child_rel=[0.0,25.2], child_size=[16.0,39.2], child_end=[16.0,64.4], parent_size=[0.0,89.6], gap=8.4, start_offset=0.0)
[WARN] Layout overflow: 'file_deletions' extends outside parent 'file_header_btns' bounds (child_rel=[0.0,64.4], child_size=[16.0,39.2], child_end=[16.0,103.6], parent_size=[0.0,89.6], gap=8.4, start_offset=0.0)
[WARN] Layout overflow: 'open_full_file' extends outside parent 'file_header_btns' bounds (child_rel=[0.0,103.6], child_size=[79.4,39.2], child_end=[79.4,142.8], parent_size=[0.0,89.6], gap=8.4, start_offset=0.0)
[WARN] Layout overflow: 'approve_file_btn' extends outside parent 'file_header_btns' bounds (child_rel=[0.0,142.8], child_size=[109.2,39.2], child_end=[109.2,182.0], parent_size=[0.0,89.6], gap=8.4, start_offset=0.0)
[WARN] Layout overflow: 'stage_file_btn' extends outside parent 'file_header_btns' bounds (child_rel=[0.0,182.0], child_size=[83.4,39.2], child_end=[83.4,221.2], parent_size=[0.0,89.6], gap=8.4, start_offset=0.0)
[WARN] Layout overflow: 'copy_file_diff_btn' extends outside parent 'file_header_btns' bounds (child_rel=[0.0,221.2], child_size=[80.4,39.2], child_end=[80.4,260.4], parent_size=[0.0,89.6], gap=8.4, start_offset=0.0)
[WARN] Layout wrap: 'hunk_header_btns' in parent 'hunk_header_row' - NoWrap set but would overflow (child_size=430.0, offset=0.0, container=0.0)
[WARN] Layout overflow: 'hunk_header_btns' extends outside parent 'hunk_header_row' bounds (child_rel=[0.0,0.0], child_size=[430.0,35.8], child_end=[430.0,35.8], parent_size=[0.0,35.8], gap=0.0, start_offset=0.0)
[WARN] Layout wrap: 'diff_keyhint' in parent 'main_content' - NoWrap set but would overflow (child_size=33.6, offset=221.2, container=0.0)
[WARN] Layout overflow: 'diff_keyhint' extends outside parent 'main_content' bounds (child_rel=[0.0,221.2], child_size=[0.0,33.6], child_end=[0.0,254.8], parent_size=[0.0,0.0], gap=0.0, start_offset=0.0)
[INFO] E2E finished in 0.22 seconds
