[INFO] Process start to main: 30 ms
[INFO] Registered singleton 0 for afterhours::files::ProvidesResourcePaths (0)
[INFO] Settings loaded from /Users/gabeochoa/Library/Application Support/floatinghotel/settings.json
[INFO] Pre-graphics init: 9 ms
[INFO]   Window+GPU init: 125 ms
[INFO] Registered singleton 1 for afterhours::input::InputCollector (1)
[INFO] Registered singleton 1 for afterhours::input::ProvidesMaxGamepadID (2)
[INFO] Registered singleton 1 for afterhours::input::ProvidesInputMapping (3)
[INFO] Registered singleton 1 for afterhours::input::ProvidesInputConfig (4)
[WARN] try_load_gamepad_mappings: no backend configured
[INFO] Registered singleton 1 for afterhours::window_manager::ProvidesTargetFPS (5)
[INFO] Registered singleton 1 for afterhours::window_manager::ProvidesCurrentResolution (6)
[INFO] Registered singleton 1 for afterhours::window_manager::ProvidesAvailableWindowResolutions (7)
[INFO] Registered singleton 2 for afterhours::ui::UIContext<InputAction> (8)
[INFO] Registered singleton 2 for afterhours::ui::FontManager (9)
[INFO] Registered singleton 2 for afterhours::ui::TextMeasureCache (10)
[INFO] Registered singleton 2 for afterhours::ui::UIEntityMappingCache (11)
[INFO] Registered singleton 2 for afterhours::ui::DragGroupState (12)
[INFO]   Preload+fonts: 0 ms
[INFO] Registered singleton 6 for afterhours::modal::ModalRoot (28)
[INFO] Registered singleton 7 for afterhours::ui::TooltipState (29)
[INFO]   Systems registration: 0 ms
[INFO] Startup time: 126 ms (from graphics::run to app_init done)
[INFO] [Validation] No UI violations detected
[INFO] git: 66 ms (waited 0 ms for lock): git ls-files
[INFO] git: 74 ms (waited 0 ms for lock): git log
[INFO] commits loaded: 1 commits, 75 ms after refresh requested, 251 ms since process start
[INFO] git: 87 ms (waited 0 ms for lock): git status
[INFO] refresh: status ready at 87 ms
[INFO] git: 163 ms (waited 0 ms for lock): git diff
[INFO] refresh: diff ready at 230 ms
[INFO] git: 162 ms (waited 0 ms for lock): git branch
[INFO] refresh: branches ready at 238 ms
[INFO] git: 192 ms (waited 0 ms for lock): git diff
[INFO] refresh: done in 280 ms
[WARN] Layout wrap: 'commit_heading' in parent 'main_content' - NoWrap set but would overflow (child_size=60.0, offset=0.0, container=0.0)
[WARN] Layout overflow: 'commit_heading' extends outside parent 'main_content' bounds (child_rel=[0.0,0.0], child_size=[0.0,60.0], child_end=[0.0,60.0], parent_size=[0.0,0.0], gap=0.0, start_offset=0.0)
[WARN] Layout wrap: 'commit_sticky_revision' in parent 'commit_heading' - NoWrap set but would overflow (child_size=88.0, offset=0.0, container=0.0)
[WARN] Layout overflow: 'commit_sticky_revision' extends outside parent 'commit_heading' bounds (child_rel=[0.0,0.0], child_size=[88.0,52.0], child_end=[88.0,52.0], parent_size=[0.0,52.0], gap=0.0, start_offset=0.0)
[WARN] Layout wrap: 'commit_find_host' in parent 'main_content' - NoWrap set but would overflow (child_size=72.0, offset=60.0, container=0.0)
[WARN] Layout overflow: 'commit_find_host' extends outside parent 'main_content' bounds (child_rel=[0.0,60.0], child_size=[0.0,72.0], child_end=[0.0,132.0], parent_size=[0.0,0.0], gap=0.0, start_offset=0.0)
[WARN] Layout wrap: 'commit_detail_scroll' in parent 'main_content' - NoWrap set but would overflow (child_size=0.0, offset=132.0, container=0.0)
[WARN] Layout overflow: 'commit_detail_scroll' extends outside parent 'main_content' bounds (child_rel=[0.0,132.0], child_size=[0.0,0.0], child_end=[0.0,132.0], parent_size=[0.0,0.0], gap=0.0, start_offset=0.0)
[WARN] Layout wrap: 'commit_relative_date' in parent 'commit_meta_compact' - NoWrap set but would overflow (child_size=54.0, offset=6.0, container=0.0)
[WARN] Layout overflow: 'commit_relative_date' extends outside parent 'commit_meta_compact' bounds (child_rel=[6.0,2.0], child_size=[54.0,28.0], child_end=[60.0,30.0], parent_size=[0.0,32.0], gap=6.0, start_offset=0.0)
[WARN] Layout wrap: 'commit_short_hash' in parent 'commit_meta_compact' - NoWrap set but would overflow (child_size=84.0, offset=66.0, container=0.0)
[WARN] Layout overflow: 'commit_short_hash' extends outside parent 'commit_meta_compact' bounds (child_rel=[66.0,2.0], child_size=[84.0,28.0], child_end=[150.0,30.0], parent_size=[0.0,32.0], gap=6.0, start_offset=0.0)
[WARN] Layout wrap: 'commit_meta_toggle' in parent 'commit_meta_compact' - NoWrap set but would overflow (child_size=80.0, offset=156.0, container=0.0)
[WARN] Layout overflow: 'commit_meta_toggle' extends outside parent 'commit_meta_compact' bounds (child_rel=[156.0,2.0], child_size=[80.0,28.0], child_end=[236.0,30.0], parent_size=[0.0,32.0], gap=6.0, start_offset=0.0)
[INFO] git: 131 ms (waited 0 ms for lock): git rev-parse
[INFO] git: 139 ms (waited 0 ms for lock): git show
[INFO] git: 140 ms (waited 0 ms for lock): git show
[INFO] git: 100 ms (waited 0 ms for lock): git rev-parse
[INFO] git: 91 ms (waited 0 ms for lock): git rev-parse
[INFO] git: 76 ms (waited 0 ms for lock): git rev-parse
[INFO] git: 73 ms (waited 0 ms for lock): git ls-tree
[INFO] Reading restore a.cpp line 1 column 1 fraction 0.14336284 target 4.8743396 viewport 870 content 2245.5989
[INFO] Reading restore a.cpp line 1 column 1 fraction 0.04137931 target 92.19311 viewport 904 content 2245.5989
[INFO] git: 36 ms (waited 0 ms for lock): git ls-tree
[INFO] git: 31 ms (waited 0 ms for lock): git ls-tree
[INFO] git: 158 ms (waited 0 ms for lock): git rev-parse
[INFO] git: 138 ms (waited 0 ms for lock): git grep
[INFO] git: 108 ms (waited 0 ms for lock): git rev-parse
[INFO] Reading restore a.cpp line 8 column 1 fraction 0.08169015 target 0 viewport 852 content 446.40005
[INFO] Reading restore a.cpp line 8 column 1 fraction 0.08169015 target 0 viewport 852 content 261.6
[INFO] Reading restore a.cpp line 8 column 1 fraction 0.08169015 target 0 viewport 852 content 157.6
[INFO] Reading restore a.cpp line 8 column 1 fraction 0.08169015 target 0 viewport 852 content 157.6
[INFO] Reading restore a.cpp line 8 column 1 fraction 0.08169015 target 0 viewport 852 content 157.6
[INFO] Reading restore a.cpp line 8 column 1 fraction 0.08169015 target 0 viewport 852 content 157.6
[INFO] git: 108 ms (waited 0 ms for lock): git rev-parse
[INFO] commit patch cache hit for abafec07c4261963ccacabcb94504a2dadaf61b3
[INFO] git: 45 ms (waited 0 ms for lock): git ls-tree
[INFO] Reading restore a.cpp line 1 column 1 fraction 0.14336284 target 26.000004 viewport 904 content 2271.5989
[INFO] git: 124 ms (waited 0 ms for lock): git rev-parse
[INFO] git: 137 ms (waited 0 ms for lock): git rev-parse
[INFO] git: 193 ms (waited 0 ms for lock): git rev-parse
[INFO] bench_frames: 120 frames, 228 entities: avg 3.12 ms  p50 2.56  p99 7.14  max 47.50
[INFO]     0.94 ms/frame  afterhours::ui::UIPluginRenderBridge<InputAction>
[INFO]     0.74 ms/frame  ecs::MainContentSystem
[INFO]     0.24 ms/frame  afterhours::ui::UIPluginPostUpdateBridge<InputAction>
[INFO]     0.16 ms/frame  ecs::SidebarSystem
[INFO]     0.10 ms/frame  ecs::TabSyncSystem
[INFO]     0.05 ms/frame  afterhours::ui::validation::ValidateComponentContrast
[INFO]     0.03 ms/frame  ecs::MenuBarSystem
[INFO]     0.02 ms/frame  ecs::TabBarSystem
[INFO] expect_p99_below: 7.14ms <= 20.00ms (PASS)
[INFO] E2E finished in 1.97 seconds
