[INFO] Process start to main: 517 ms
[INFO] Registered singleton 0 for afterhours::files::ProvidesResourcePaths (0)
[INFO] Settings loaded from /Users/gabeochoa/Library/Application Support/floatinghotel/settings.json
[INFO] Pre-graphics init: 13 ms
[INFO]   Window+GPU init: 168 ms
[INFO] Registered singleton 1 for afterhours::input::InputCollector (1)
[INFO] Registered singleton 1 for afterhours::input::ProvidesMaxGamepadID (2)
[INFO] Registered singleton 1 for afterhours::input::ProvidesInputMapping (3)
[INFO] Registered singleton 1 for afterhours::input::ProvidesInputConfig (4)
[WARN] try_load_gamepad_mappings: no backend configured
[INFO] Registered singleton 1 for afterhours::window_manager::ProvidesTargetFPS (5)
[INFO] Registered singleton 1 for afterhours::window_manager::ProvidesCurrentResolution (6)
[INFO] Registered singleton 1 for afterhours::window_manager::ProvidesAvailableWindowResolutions (7)
[INFO] Registered singleton 2 for afterhours::ui::UIContext<InputAction> (8)
[INFO] Registered singleton 2 for afterhours::ui::FontManager (9)
[INFO] Registered singleton 2 for afterhours::ui::TextMeasureCache (10)
[INFO] Registered singleton 2 for afterhours::ui::UIEntityMappingCache (11)
[INFO] Registered singleton 2 for afterhours::ui::DragGroupState (12)
[INFO]   Preload+fonts: 4 ms
[INFO] Registered singleton 6 for afterhours::modal::ModalRoot (28)
[INFO] Registered singleton 7 for afterhours::ui::TooltipState (29)
[INFO]   Systems registration: 0 ms
[INFO] Startup time: 173 ms (from graphics::run to app_init done)
[INFO] [Validation] No UI violations detected
[INFO] git: 1186 ms (waited 0 ms for lock): git status
[INFO] refresh: status ready at 1188 ms
[INFO] git: 1471 ms (waited 0 ms for lock): git ls-files
[INFO] git: 1971 ms (waited 0 ms for lock): git log
[INFO] commits loaded: 2 commits, 1972 ms after refresh requested, 2698 ms since process start
[INFO] git: 786 ms (waited 0 ms for lock): git diff
[INFO] refresh: diff ready at 2042 ms
[INFO] git: 646 ms (waited 0 ms for lock): git branch
[INFO] refresh: branches ready at 2119 ms
[INFO] git: 284 ms (waited 0 ms for lock): git diff
[INFO] refresh: done in 2256 ms
[WARN] Layout wrap: 'commit_heading' in parent 'main_content' - NoWrap set but would overflow (child_size=60.0, offset=0.0, container=0.0)
[WARN] Layout overflow: 'commit_heading' extends outside parent 'main_content' bounds (child_rel=[0.0,0.0], child_size=[0.0,60.0], child_end=[0.0,60.0], parent_size=[0.0,0.0], gap=0.0, start_offset=0.0)
[WARN] Layout wrap: 'commit_sticky_revision' in parent 'commit_heading' - NoWrap set but would overflow (child_size=88.0, offset=0.0, container=0.0)
[WARN] Layout overflow: 'commit_sticky_revision' extends outside parent 'commit_heading' bounds (child_rel=[0.0,0.0], child_size=[88.0,52.0], child_end=[88.0,52.0], parent_size=[0.0,52.0], gap=0.0, start_offset=0.0)
[WARN] Layout wrap: 'commit_find_host' in parent 'main_content' - NoWrap set but would overflow (child_size=72.0, offset=60.0, container=0.0)
[WARN] Layout overflow: 'commit_find_host' extends outside parent 'main_content' bounds (child_rel=[0.0,60.0], child_size=[0.0,72.0], child_end=[0.0,132.0], parent_size=[0.0,0.0], gap=0.0, start_offset=0.0)
[WARN] Layout wrap: 'commit_detail_scroll' in parent 'main_content' - NoWrap set but would overflow (child_size=0.0, offset=132.0, container=0.0)
[WARN] Layout overflow: 'commit_detail_scroll' extends outside parent 'main_content' bounds (child_rel=[0.0,132.0], child_size=[0.0,0.0], child_end=[0.0,132.0], parent_size=[0.0,0.0], gap=0.0, start_offset=0.0)
[WARN] Layout wrap: 'commit_relative_date' in parent 'commit_meta_compact' - NoWrap set but would overflow (child_size=54.0, offset=6.0, container=0.0)
[WARN] Layout overflow: 'commit_relative_date' extends outside parent 'commit_meta_compact' bounds (child_rel=[6.0,2.0], child_size=[54.0,28.0], child_end=[60.0,30.0], parent_size=[0.0,32.0], gap=6.0, start_offset=0.0)
[WARN] Layout wrap: 'commit_short_hash' in parent 'commit_meta_compact' - NoWrap set but would overflow (child_size=84.0, offset=66.0, container=0.0)
[WARN] Layout overflow: 'commit_short_hash' extends outside parent 'commit_meta_compact' bounds (child_rel=[66.0,2.0], child_size=[84.0,28.0], child_end=[150.0,30.0], parent_size=[0.0,32.0], gap=6.0, start_offset=0.0)
[WARN] Layout wrap: 'commit_meta_toggle' in parent 'commit_meta_compact' - NoWrap set but would overflow (child_size=80.0, offset=156.0, container=0.0)
[WARN] Layout overflow: 'commit_meta_toggle' extends outside parent 'commit_meta_compact' bounds (child_rel=[156.0,2.0], child_size=[80.0,28.0], child_end=[236.0,30.0], parent_size=[0.0,32.0], gap=6.0, start_offset=0.0)
[INFO] git: 302 ms (waited 0 ms for lock): git rev-parse
[INFO] git: 392 ms (waited 0 ms for lock): git show
[INFO] git: 375 ms (waited 0 ms for lock): git show
[INFO] git: 239 ms (waited 0 ms for lock): git rev-parse
[INFO] git: 234 ms (waited 0 ms for lock): git rev-parse
[INFO] git: 291 ms (waited 0 ms for lock): git rev-parse
[INFO] git: 895 ms (waited 0 ms for lock): git ls-tree
[INFO] git: 89 ms (waited 0 ms for lock): git ls-tree
[INFO] git: 834 ms (waited 0 ms for lock): git ls-tree
[INFO] git: 273 ms (waited 0 ms for lock): git rev-parse
[INFO] git: 225 ms (waited 0 ms for lock): git cat-file
[INFO] git: 187 ms (waited 0 ms for lock): git ls-tree
[INFO] git: 220 ms (waited 0 ms for lock): git cat-file
[INFO] git: 233 ms (waited 0 ms for lock): git rev-parse
[INFO] commit patch cache hit for 6146955d12d06fddceac0564fc8933357ac63d3e
[INFO] git: 51 ms (waited 0 ms for lock): git ls-tree
[INFO] git: 223 ms (waited 0 ms for lock): git rev-parse
[INFO] git: 237 ms (waited 0 ms for lock): git rev-parse
[INFO] git: 250 ms (waited 0 ms for lock): git rev-parse
[INFO] git: 231 ms (waited 0 ms for lock): git ls-files
[INFO] git: 224 ms (waited 0 ms for lock): git rev-parse
[INFO] git: 224 ms (waited 0 ms for lock): git cat-file
[INFO] git: 216 ms (waited 0 ms for lock): git ls-files
[INFO] git: 269 ms (waited 0 ms for lock): git cat-file
[INFO] git: 48 ms (waited 0 ms for lock): git ls-files
[INFO] git: 360 ms (waited 0 ms for lock): git rev-parse
[INFO] commit patch cache hit for 6146955d12d06fddceac0564fc8933357ac63d3e
[INFO] git: 491 ms (waited 0 ms for lock): git rev-parse
[INFO] git: 402 ms (waited 0 ms for lock): git rev-parse
[INFO] git: 280 ms (waited 0 ms for lock): git rev-parse
[INFO] git: 949 ms (waited 0 ms for lock): git ls-tree
[INFO] git: 341 ms (waited 0 ms for lock): git rev-parse
[INFO] git: 243 ms (waited 0 ms for lock): git cat-file
[INFO] git: 258 ms (waited 0 ms for lock): git ls-tree
[INFO] git: 248 ms (waited 0 ms for lock): git cat-file
[INFO] git: 22 ms (waited 0 ms for lock): git ls-tree
[INFO] bench_frames: 120 frames, 181 entities: avg 1.52 ms  p50 1.51  p99 2.14  max 3.64
[INFO]     0.37 ms/frame  afterhours::ui::UIPluginRenderBridge<InputAction>
[INFO]     0.19 ms/frame  ecs::MainContentSystem
[INFO]     0.17 ms/frame  ecs::SidebarSystem
[INFO]     0.17 ms/frame  afterhours::ui::UIPluginPostUpdateBridge<InputAction>
[INFO]     0.06 ms/frame  ecs::TabSyncSystem
[INFO]     0.03 ms/frame  afterhours::ui::validation::ValidateComponentContrast
[INFO]     0.02 ms/frame  ecs::MenuBarSystem
[INFO]     0.01 ms/frame  afterhours::ui::UIPluginPreUpdateBridge<InputAction>
[INFO] expect_p99_below: 2.14ms <= 20.00ms (PASS)
[INFO] E2E finished in 2.05 seconds
