RUN grouped_search
PASS 100%: 5000 matches grouped by full path/revision, collapse and retained state, virtual rows, source navigation, highlighted long-line excerpt
PASS 140%: 5000 matches grouped by full path/revision, collapse and retained state, virtual rows, source navigation, highlighted long-line excerpt
PASS 200%: 5000 matches grouped by full path/revision, collapse and retained state, virtual rows, source navigation, highlighted long-line excerpt
RUN search_debounce
PASS 100%: rapid edits coalesce after 150 ms, Enter immediate, old worker cancelled, filters debounce, 5000-result cap, empty/closed queries
PASS 140%: rapid edits coalesce after 150 ms, Enter immediate, old worker cancelled, filters debounce, 5000-result cap, empty/closed queries
PASS 200%: rapid edits coalesce after 150 ms, Enter immediate, old worker cancelled, filters debounce, 5000-result cap, empty/closed queries
RUN retained_search
PASS 100%: reader retained, scoped results/selection/scroll retained, no resubmission on reopen, deleted historical file, explicit working scope, narrow geometry and repository isolation
PASS 140%: reader retained, scoped results/selection/scroll retained, no resubmission on reopen, deleted historical file, explicit working scope, narrow geometry and repository isolation
PASS 200%: reader retained, scoped results/selection/scroll retained, no resubmission on reopen, deleted historical file, explicit working scope, narrow geometry and repository isolation
RUN search_comparison_origin
PASS 100%: search from comparison source keeps actual base, deleted revision, origin and retained results
PASS 140%: search from comparison source keeps actual base, deleted revision, origin and retained results
PASS 200%: search from comparison source keeps actual base, deleted revision, origin and retained results
RUN focus_return
PASS 100%: picker, Find, menus, search preview, feedback, closed document, repository switch
PASS 140%: picker, Find, menus, search preview, feedback, closed document, repository switch
PASS 200%: picker, Find, menus, search preview, feedback, closed document, repository switch
RUN escape_dismissal
PASS 100%: nested dismissal, retained documents, drafts, explicit panel collapse, close shortcut
PASS 140%: nested dismissal, retained documents, drafts, explicit panel collapse, close shortcut
PASS 200%: nested dismissal, retained documents, drafts, explicit panel collapse, close shortcut
RUN navigation_regressions
PASS improvement_21_file_picker
PASS improvement_22_repo_search
PASS improvement_24_all_files
PASS improvement_27_commit_search
PASS improvement_35_comment_jump
PASS improvement_44_navigation
Verified reader headings, tab geometry, and screenshots for 12 checkpoints
PASS reading_navigation_boundary
