[INFO] Process start to main: 52 ms
[INFO] Registered singleton 0 for afterhours::files::ProvidesResourcePaths (0)
[INFO] Settings loaded from /Users/gabeochoa/Library/Application Support/floatinghotel/settings.json
[INFO] Pre-graphics init: 40 ms
[INFO]   Window+GPU init: 185 ms
[INFO] Registered singleton 1 for afterhours::input::InputCollector (1)
[INFO] Registered singleton 1 for afterhours::input::ProvidesMaxGamepadID (2)
[INFO] Registered singleton 1 for afterhours::input::ProvidesInputMapping (3)
[INFO] Registered singleton 1 for afterhours::input::ProvidesInputConfig (4)
[WARN] try_load_gamepad_mappings: no backend configured
[INFO] Registered singleton 1 for afterhours::window_manager::ProvidesTargetFPS (5)
[INFO] Registered singleton 1 for afterhours::window_manager::ProvidesCurrentResolution (6)
[INFO] Registered singleton 1 for afterhours::window_manager::ProvidesAvailableWindowResolutions (7)
[INFO] Registered singleton 2 for afterhours::ui::UIContext<InputAction> (8)
[INFO] Registered singleton 2 for afterhours::ui::FontManager (9)
[INFO] Registered singleton 2 for afterhours::ui::TextMeasureCache (10)
[INFO] Registered singleton 2 for afterhours::ui::UIEntityMappingCache (11)
[INFO] Registered singleton 2 for afterhours::ui::DragGroupState (12)
[INFO]   Preload+fonts: 1 ms
[INFO] Registered singleton 6 for afterhours::modal::ModalRoot (28)
[INFO] Registered singleton 7 for afterhours::ui::TooltipState (29)
[INFO]   Systems registration: 0 ms
[INFO] Startup time: 186 ms (from graphics::run to app_init done)
[INFO] [Validation] No UI violations detected
[INFO] git: 213 ms (waited 0 ms for lock): git ls-files
[INFO] git: 225 ms (waited 0 ms for lock): git log
[INFO] commits loaded: 1 commits, 226 ms after refresh requested, 522 ms since process start
[INFO] git: 249 ms (waited 0 ms for lock): git status
[INFO] refresh: status ready at 249 ms
[INFO] git: 275 ms (waited 0 ms for lock): git diff
[INFO] refresh: diff ready at 489 ms
[INFO] git: 293 ms (waited 0 ms for lock): git branch
[INFO] refresh: branches ready at 520 ms
[INFO] git: 337 ms (waited 0 ms for lock): git diff
[INFO] refresh: done in 588 ms
[INFO] git: 98 ms (waited 0 ms for lock): git rev-parse
[INFO] git: 161 ms (waited 0 ms for lock): git show
[INFO] git: 173 ms (waited 0 ms for lock): git show
[INFO] git: 154 ms (waited 0 ms for lock): git ls-tree
[INFO] git: 219 ms (waited 0 ms for lock): git rev-parse
[INFO] git: 183 ms (waited 0 ms for lock): git rev-parse
[INFO] git: 157 ms (waited 0 ms for lock): git rev-parse
[INFO] git: 151 ms (waited 0 ms for lock): git rev-parse
[INFO] git: 151 ms (waited 0 ms for lock): git cat-file
[INFO] git: 124 ms (waited 0 ms for lock): git ls-tree
[INFO] git: 186 ms (waited 0 ms for lock): git cat-file
[INFO] git: 119 ms (waited 0 ms for lock): git ls-tree
[INFO] bench_frames: 120 frames, 232 entities: avg 2.53 ms  p50 2.20  p99 5.00  max 8.51
[INFO]     0.48 ms/frame  afterhours::ui::UIPluginRenderBridge<InputAction>
[INFO]     0.42 ms/frame  ecs::SidebarSystem
[INFO]     0.26 ms/frame  afterhours::ui::UIPluginPostUpdateBridge<InputAction>
[INFO]     0.23 ms/frame  ecs::MainContentSystem
[INFO]     0.11 ms/frame  ecs::TabSyncSystem
[INFO]     0.04 ms/frame  afterhours::ui::validation::ValidateComponentContrast
[INFO]     0.03 ms/frame  ecs::TabBarSystem
[INFO]     0.03 ms/frame  ecs::MenuBarSystem
[INFO] expect_p99_below: 5.00ms <= 20.00ms (PASS)
[INFO] E2E finished in 2.03 seconds
