Traceback (most recent call last):
  File "/Users/gabeochoa/p/floatinghotel/tests/escape_dismissal.py", line 96, in <module>
    assert before_anchor[key] == after_anchor[key], (zoom, key, before_anchor, after_anchor)
           ^^^^^^^^^^^^^^^^^^^^^^^^^^^^^^^^^^^^^^^
AssertionError: (100, 'line', {'column': 1, 'fraction': 0.05836905911564827, 'line': 24, 'path': 'a.cpp', 'revision': '', 'side': 'after', 'sign': ' '}, {'column': 1, 'fraction': 0.07038627564907074, 'line': 1, 'path': 'a.cpp', 'revision': '', 'side': 'after', 'sign': ' '})
PASS 100%: picker, Find, menus, search preview, feedback, closed document, repository switch
PASS 140%: picker, Find, menus, search preview, feedback, closed document, repository switch
PASS 200%: picker, Find, menus, search preview, feedback, closed document, repository switch
PASS 100%: text owns editing; reader owns review; hidden controls stay inactive
PASS 140%: text owns editing; reader owns review; hidden controls stay inactive
PASS 200%: text owns editing; reader owns review; hidden controls stay inactive
PASS improvement_21_file_picker
PASS improvement_22_repo_search
PASS improvement_24_all_files
PASS improvement_27_commit_search
PASS improvement_35_comment_jump
PASS improvement_44_navigation
Verified reader headings, tab geometry, and screenshots for 12 checkpoints
PASS reading_navigation_boundary
PASS: resized dimensions survive restart; dock preserves its size and expanded width
