[INFO] Process start to main: 446 ms
[INFO] Registered singleton 0 for afterhours::files::ProvidesResourcePaths (0)
[INFO] Settings loaded from /Users/gabeochoa/Library/Application Support/floatinghotel/settings.json
[INFO] Pre-graphics init: 17 ms
[INFO]   Window+GPU init: 171 ms
[INFO] Registered singleton 1 for afterhours::input::InputCollector (1)
[INFO] Registered singleton 1 for afterhours::input::ProvidesMaxGamepadID (2)
[INFO] Registered singleton 1 for afterhours::input::ProvidesInputMapping (3)
[INFO] Registered singleton 1 for afterhours::input::ProvidesInputConfig (4)
[WARN] try_load_gamepad_mappings: no backend configured
[INFO] Registered singleton 1 for afterhours::window_manager::ProvidesTargetFPS (5)
[INFO] Registered singleton 1 for afterhours::window_manager::ProvidesCurrentResolution (6)
[INFO] Registered singleton 1 for afterhours::window_manager::ProvidesAvailableWindowResolutions (7)
[INFO] Registered singleton 2 for afterhours::ui::UIContext<InputAction> (8)
[INFO] Registered singleton 2 for afterhours::ui::FontManager (9)
[INFO] Registered singleton 2 for afterhours::ui::TextMeasureCache (10)
[INFO] Registered singleton 2 for afterhours::ui::UIEntityMappingCache (11)
[INFO] Registered singleton 2 for afterhours::ui::DragGroupState (12)
[INFO]   Preload+fonts: 19 ms
[INFO] Registered singleton 6 for afterhours::modal::ModalRoot (28)
[INFO] Registered singleton 7 for afterhours::ui::TooltipState (29)
[INFO]   Systems registration: 0 ms
[INFO] Startup time: 190 ms (from graphics::run to app_init done)
[INFO] [Validation] No UI violations detected
[INFO] git: 98 ms (waited 0 ms for lock): git ls-files
[INFO] git: 99 ms (waited 0 ms for lock): git log
[INFO] commits loaded: 1 commits, 100 ms after refresh requested, 810 ms since process start
[INFO] git: 104 ms (waited 0 ms for lock): git status
[INFO] refresh: status ready at 138 ms
[INFO] git: 170 ms (waited 0 ms for lock): git diff
[INFO] refresh: diff ready at 269 ms
[INFO] git: 171 ms (waited 0 ms for lock): git branch
[INFO] git: 166 ms (waited 0 ms for lock): git diff
[INFO] refresh: branches ready at 271 ms
[INFO] refresh: done in 271 ms
[INFO] git: 139 ms (waited 0 ms for lock): git grep
[INFO] git: 68 ms (waited 0 ms for lock): git grep
[INFO] bench_frames: 120 frames, 154 entities: avg 2.26 ms  p50 2.17  p99 2.83  max 3.19
[INFO]     1.65 ms/frame  ecs::MainContentSystem
[INFO]     0.27 ms/frame  afterhours::ui::UIPluginRenderBridge<InputAction>
[INFO]     0.06 ms/frame  afterhours::ui::UIPluginPostUpdateBridge<InputAction>
[INFO]     0.03 ms/frame  ecs::SidebarSystem
[INFO]     0.02 ms/frame  ecs::TabSyncSystem
[INFO]     0.02 ms/frame  afterhours::ui::validation::ValidateComponentContrast
[INFO]     0.01 ms/frame  ecs::StatusBarSystem
[INFO]     0.01 ms/frame  ecs::MenuBarSystem
[INFO] expect_p99_below: 2.83ms <= 20.00ms (PASS)
[INFO] E2E finished in 0.70 seconds
