[INFO] Process start to main: 41 ms
[INFO] Registered singleton 0 for afterhours::files::ProvidesResourcePaths (0)
[INFO] Settings loaded from /Users/gabeochoa/Library/Application Support/floatinghotel/settings.json
[INFO] Pre-graphics init: 3 ms
[INFO]   Window+GPU init: 138 ms
[INFO] Registered singleton 1 for afterhours::input::InputCollector (1)
[INFO] Registered singleton 1 for afterhours::input::ProvidesMaxGamepadID (2)
[INFO] Registered singleton 1 for afterhours::input::ProvidesInputMapping (3)
[INFO] Registered singleton 1 for afterhours::input::ProvidesInputConfig (4)
[WARN] try_load_gamepad_mappings: no backend configured
[INFO] Registered singleton 1 for afterhours::window_manager::ProvidesTargetFPS (5)
[INFO] Registered singleton 1 for afterhours::window_manager::ProvidesCurrentResolution (6)
[INFO] Registered singleton 1 for afterhours::window_manager::ProvidesAvailableWindowResolutions (7)
[INFO] Registered singleton 2 for afterhours::ui::UIContext<InputAction> (8)
[INFO] Registered singleton 2 for afterhours::ui::FontManager (9)
[INFO] Registered singleton 2 for afterhours::ui::TextMeasureCache (10)
[INFO] Registered singleton 2 for afterhours::ui::UIEntityMappingCache (11)
[INFO] Registered singleton 2 for afterhours::ui::DragGroupState (12)
[INFO]   Preload+fonts: 0 ms
[INFO] Registered singleton 6 for afterhours::modal::ModalRoot (28)
[INFO] Registered singleton 7 for afterhours::ui::TooltipState (29)
[INFO]   Systems registration: 0 ms
[INFO] Startup time: 138 ms (from graphics::run to app_init done)
[INFO] [Validation] No UI violations detected
[INFO] git: 121 ms (waited 0 ms for lock): git status
[INFO] refresh: status ready at 121 ms
[INFO] git: 122 ms (waited 0 ms for lock): git log
[INFO] commits loaded: 1 commits, 122 ms after refresh requested, 319 ms since process start
[INFO] git: 128 ms (waited 0 ms for lock): git ls-files
[INFO] git: 179 ms (waited 0 ms for lock): git branch
[INFO] refresh: branches ready at 304 ms
[INFO] git: 182 ms (waited 0 ms for lock): git diff
[INFO] git: 202 ms (waited 0 ms for lock): git diff
[INFO] refresh: diff ready at 325 ms
[INFO] refresh: done in 325 ms
[INFO] bench_frames: 120 frames, 172 entities: avg 4.80 ms  p50 4.63  p99 6.91  max 9.40
[INFO]     3.27 ms/frame  ecs::MainContentSystem
[INFO]     0.57 ms/frame  afterhours::ui::UIPluginRenderBridge<InputAction>
[INFO]     0.16 ms/frame  afterhours::ui::UIPluginPostUpdateBridge<InputAction>
[INFO]     0.14 ms/frame  ecs::SidebarSystem
[INFO]     0.08 ms/frame  ecs::TabSyncSystem
[INFO]     0.04 ms/frame  afterhours::ui::validation::ValidateComponentContrast
[INFO]     0.02 ms/frame  ecs::MenuBarSystem
[INFO]     0.02 ms/frame  ecs::StatusBarSystem
[INFO] expect_p99_below: 6.91ms <= 20.00ms (PASS)
[INFO] E2E finished in 0.23 seconds
