[INFO] Process start to main: 411 ms
[INFO] Registered singleton 0 for afterhours::files::ProvidesResourcePaths (0)
[INFO] Settings loaded from /Users/gabeochoa/Library/Application Support/floatinghotel/settings.json
[INFO] Pre-graphics init: 16 ms
[INFO]   Window+GPU init: 198 ms
[INFO] Registered singleton 1 for afterhours::input::InputCollector (1)
[INFO] Registered singleton 1 for afterhours::input::ProvidesMaxGamepadID (2)
[INFO] Registered singleton 1 for afterhours::input::ProvidesInputMapping (3)
[INFO] Registered singleton 1 for afterhours::input::ProvidesInputConfig (4)
[WARN] try_load_gamepad_mappings: no backend configured
[INFO] Registered singleton 1 for afterhours::window_manager::ProvidesTargetFPS (5)
[INFO] Registered singleton 1 for afterhours::window_manager::ProvidesCurrentResolution (6)
[INFO] Registered singleton 1 for afterhours::window_manager::ProvidesAvailableWindowResolutions (7)
[INFO] Registered singleton 2 for afterhours::ui::UIContext<InputAction> (8)
[INFO] Registered singleton 2 for afterhours::ui::FontManager (9)
[INFO] Registered singleton 2 for afterhours::ui::TextMeasureCache (10)
[INFO] Registered singleton 2 for afterhours::ui::UIEntityMappingCache (11)
[INFO] Registered singleton 2 for afterhours::ui::DragGroupState (12)
[INFO]   Preload+fonts: 20 ms
[INFO] Registered singleton 6 for afterhours::modal::ModalRoot (28)
[INFO] Registered singleton 7 for afterhours::ui::TooltipState (29)
[INFO]   Systems registration: 0 ms
[INFO] Startup time: 219 ms (from graphics::run to app_init done)
[INFO] [Validation] No UI violations detected
[INFO] git: 126 ms (waited 0 ms for lock): git status
[INFO] git: 126 ms (waited 0 ms for lock): git log
[INFO] refresh: status ready at 128 ms
[INFO] commits loaded: 1 commits, 128 ms after refresh requested, 822 ms since process start
[INFO] git: 162 ms (waited 0 ms for lock): git ls-files
[INFO] git: 158 ms (waited 0 ms for lock): git diff
[INFO] refresh: diff ready at 285 ms
[INFO] git: 165 ms (waited 0 ms for lock): git branch
[INFO] refresh: branches ready at 293 ms
[INFO] git: 158 ms (waited 0 ms for lock): git diff
[INFO] refresh: done in 322 ms
[WARN] Layout wrap: 'commit_heading' in parent 'main_content' - NoWrap set but would overflow (child_size=60.0, offset=0.0, container=0.0)
[WARN] Layout overflow: 'commit_heading' extends outside parent 'main_content' bounds (child_rel=[0.0,0.0], child_size=[0.0,60.0], child_end=[0.0,60.0], parent_size=[0.0,0.0], gap=0.0, start_offset=0.0)
[WARN] Layout wrap: 'commit_sticky_revision' in parent 'commit_heading' - NoWrap set but would overflow (child_size=88.0, offset=0.0, container=0.0)
[WARN] Layout overflow: 'commit_sticky_revision' extends outside parent 'commit_heading' bounds (child_rel=[0.0,0.0], child_size=[88.0,52.0], child_end=[88.0,52.0], parent_size=[0.0,52.0], gap=0.0, start_offset=0.0)
[WARN] Layout wrap: 'commit_find_host' in parent 'main_content' - NoWrap set but would overflow (child_size=72.0, offset=60.0, container=0.0)
[WARN] Layout overflow: 'commit_find_host' extends outside parent 'main_content' bounds (child_rel=[0.0,60.0], child_size=[0.0,72.0], child_end=[0.0,132.0], parent_size=[0.0,0.0], gap=0.0, start_offset=0.0)
[WARN] Layout wrap: 'commit_detail_scroll' in parent 'main_content' - NoWrap set but would overflow (child_size=0.0, offset=132.0, container=0.0)
[WARN] Layout overflow: 'commit_detail_scroll' extends outside parent 'main_content' bounds (child_rel=[0.0,132.0], child_size=[0.0,0.0], child_end=[0.0,132.0], parent_size=[0.0,0.0], gap=0.0, start_offset=0.0)
[WARN] Layout wrap: 'commit_relative_date' in parent 'commit_meta_compact' - NoWrap set but would overflow (child_size=54.0, offset=6.0, container=0.0)
[WARN] Layout overflow: 'commit_relative_date' extends outside parent 'commit_meta_compact' bounds (child_rel=[6.0,2.0], child_size=[54.0,28.0], child_end=[60.0,30.0], parent_size=[0.0,32.0], gap=6.0, start_offset=0.0)
[WARN] Layout wrap: 'commit_short_hash' in parent 'commit_meta_compact' - NoWrap set but would overflow (child_size=84.0, offset=66.0, container=0.0)
[WARN] Layout overflow: 'commit_short_hash' extends outside parent 'commit_meta_compact' bounds (child_rel=[66.0,2.0], child_size=[84.0,28.0], child_end=[150.0,30.0], parent_size=[0.0,32.0], gap=6.0, start_offset=0.0)
[WARN] Layout wrap: 'commit_meta_toggle' in parent 'commit_meta_compact' - NoWrap set but would overflow (child_size=80.0, offset=156.0, container=0.0)
[WARN] Layout overflow: 'commit_meta_toggle' extends outside parent 'commit_meta_compact' bounds (child_rel=[156.0,2.0], child_size=[80.0,28.0], child_end=[236.0,30.0], parent_size=[0.0,32.0], gap=6.0, start_offset=0.0)
[INFO] git: 103 ms (waited 0 ms for lock): git rev-parse
[INFO] git: 135 ms (waited 0 ms for lock): git show
[INFO] git: 129 ms (waited 0 ms for lock): git show
[INFO] git: 108 ms (waited 0 ms for lock): git rev-parse
[INFO] git: 78 ms (waited 0 ms for lock): git rev-parse
[INFO] git: 84 ms (waited 0 ms for lock): git rev-parse
[INFO] Reading candidate a.cpp line 8 column 1 target 667.19995 restored true
[INFO] Reading candidate a.cpp line 8 column 141 target 692.7999 restored true
[INFO] Reading restore a.cpp line 8 column 141 fraction 0.0756218 target 632 viewport 804 content 28124.828
[INFO] Reading candidate b.cpp line 7 column 1 target 9946.01 restored true
[INFO] Reading restore b.cpp line 7 column 1 fraction 0.072628796 target 9887.616 viewport 804 content 28124.809
[INFO] Reading candidate a.cpp line 8 column 1 target 667.19995 restored true
[INFO] Reading candidate a.cpp line 8 column 141 target 692.7999 restored true
[INFO] Reading restore a.cpp line 8 column 141 fraction 0.0756218 target 632 viewport 804 content 28124.828
[INFO] git: 139 ms (waited 0 ms for lock): git ls-tree
[INFO] git: 94 ms (waited 0 ms for lock): git rev-parse
[INFO] git: 107 ms (waited 0 ms for lock): git cat-file
[INFO] git: 171 ms (waited 0 ms for lock): git ls-tree
[INFO] git: 116 ms (waited 0 ms for lock): git cat-file
[INFO] git: 100 ms (waited 0 ms for lock): git ls-tree
[INFO] git: 99 ms (waited 0 ms for lock): git rev-parse
[INFO] git: 116 ms (waited 0 ms for lock): git cat-file
[INFO] git: 91 ms (waited 0 ms for lock): git ls-tree
[INFO] git: 105 ms (waited 0 ms for lock): git cat-file
[INFO] git: 81 ms (waited 0 ms for lock): git rev-parse
[INFO] git: 107 ms (waited 0 ms for lock): git cat-file
[INFO] git: 115 ms (waited 0 ms for lock): git ls-tree
[INFO] git: 89 ms (waited 0 ms for lock): git cat-file
[INFO] Reading candidate a.cpp line 8 column 149 target 398.40002 restored true
[INFO] Reading restore a.cpp line 8 column 297 fraction 0.065384574 target 348.18466 viewport 768 content 9051.215
[INFO] git: 75 ms (waited 0 ms for lock): git rev-parse
[INFO] git: 77 ms (waited 0 ms for lock): git cat-file
[INFO] git: 84 ms (waited 0 ms for lock): git ls-tree
[INFO] git: 90 ms (waited 0 ms for lock): git cat-file
[INFO] Reading candidate c.cpp line 7 column 1 target 372.80005 restored true
[INFO] Reading restore c.cpp line 7 column 149 fraction 0.062500075 target 324.8 viewport 768 content 9128.014
[INFO] git: 65 ms (waited 0 ms for lock): git rev-parse
[INFO] git: 82 ms (waited 0 ms for lock): git cat-file
[INFO] git: 120 ms (waited 0 ms for lock): git ls-tree
[INFO] blob page cache hit for b58e90887f9558495f4f1efaad8c714f2eb83b52
[INFO] Reading candidate a.cpp line 8 column 149 target 398.40002 restored true
[INFO] Reading restore a.cpp line 8 column 297 fraction 0.065384574 target 348.18466 viewport 768 content 9051.215
[INFO] git: 103 ms (waited 0 ms for lock): git ls-tree
[INFO] git: 111 ms (waited 0 ms for lock): git rev-parse
[INFO] git: 123 ms (waited 0 ms for lock): git cat-file
[INFO] git: 136 ms (waited 0 ms for lock): git ls-tree
[INFO] git: 95 ms (waited 0 ms for lock): git cat-file
[INFO] bench_frames: 120 frames, 241 entities: avg 3.40 ms  p50 3.39  p99 4.59  max 5.12
[INFO]     1.17 ms/frame  ecs::MainContentSystem
[INFO]     0.96 ms/frame  afterhours::ui::UIPluginRenderBridge<InputAction>
[INFO]     0.23 ms/frame  afterhours::ui::UIPluginPostUpdateBridge<InputAction>
[INFO]     0.17 ms/frame  ecs::SidebarSystem
[INFO]     0.08 ms/frame  ecs::TabSyncSystem
[INFO]     0.06 ms/frame  afterhours::ui::validation::ValidateComponentContrast
[INFO]     0.03 ms/frame  ecs::MenuBarSystem
[INFO]     0.02 ms/frame  ecs::StatusBarSystem
[INFO] expect_p99_below: 4.59ms <= 20.00ms (PASS)
[INFO] E2E finished in 1.67 seconds
