[INFO] Process start to main: 37 ms
[INFO] Registered singleton 0 for afterhours::files::ProvidesResourcePaths (0)
[INFO] Settings loaded from /Users/gabeochoa/Library/Application Support/floatinghotel/settings.json
[INFO] Pre-graphics init: 10 ms
[INFO]   Window+GPU init: 157 ms
[INFO] Registered singleton 1 for afterhours::input::InputCollector (1)
[INFO] Registered singleton 1 for afterhours::input::ProvidesMaxGamepadID (2)
[INFO] Registered singleton 1 for afterhours::input::ProvidesInputMapping (3)
[INFO] Registered singleton 1 for afterhours::input::ProvidesInputConfig (4)
[WARN] try_load_gamepad_mappings: no backend configured
[INFO] Registered singleton 1 for afterhours::window_manager::ProvidesTargetFPS (5)
[INFO] Registered singleton 1 for afterhours::window_manager::ProvidesCurrentResolution (6)
[INFO] Registered singleton 1 for afterhours::window_manager::ProvidesAvailableWindowResolutions (7)
[INFO] Registered singleton 2 for afterhours::ui::UIContext<InputAction> (8)
[INFO] Registered singleton 2 for afterhours::ui::FontManager (9)
[INFO] Registered singleton 2 for afterhours::ui::TextMeasureCache (10)
[INFO] Registered singleton 2 for afterhours::ui::UIEntityMappingCache (11)
[INFO] Registered singleton 2 for afterhours::ui::DragGroupState (12)
[INFO]   Preload+fonts: 0 ms
[INFO] Registered singleton 6 for afterhours::modal::ModalRoot (28)
[INFO] Registered singleton 7 for afterhours::ui::TooltipState (29)
[INFO]   Systems registration: 0 ms
[INFO] Startup time: 158 ms (from graphics::run to app_init done)
[INFO] [Validation] No UI violations detected
[INFO] git: 1225 ms (waited 0 ms for lock): git ls-files
[INFO] git: 1278 ms (waited 0 ms for lock): git status
[INFO] refresh: status ready at 1278 ms
[INFO] git: 1402 ms (waited 0 ms for lock): git log
[INFO] commits loaded: 1 commits, 1403 ms after refresh requested, 1621 ms since process start
[INFO] git: 529 ms (waited 0 ms for lock): git diff
[INFO] refresh: diff ready at 1756 ms
[INFO] git: 692 ms (waited 0 ms for lock): git branch
[INFO] refresh: branches ready at 1971 ms
[INFO] git: 702 ms (waited 0 ms for lock): git diff
[INFO] refresh: done in 2105 ms
[INFO] search_submit: reason=pause delay_ms=150.23 query=NEEDLE
[INFO] git: 2461 ms (waited 0 ms for lock): git grep
[INFO] search_submit: reason=explicit delay_ms=1.50 query=OLD
[INFO] git: 206 ms (waited 0 ms for lock): git grep
[INFO] search_submit: reason=pause delay_ms=150.38 query=NEW
[INFO] git: 283 ms (waited 0 ms for lock): git grep
[INFO] search_submit: reason=pause delay_ms=150.26 query=NEW
[INFO] git: 397 ms (waited 0 ms for lock): git grep
[INFO] search_submit: reason=explicit delay_ms=2.28 query=LIMIT
[INFO] git: 227 ms (waited 0 ms for lock): git grep
[INFO] search_submit: reason=pause delay_ms=150.27 query=NEEDLE
[INFO] git: 351 ms (waited 0 ms for lock): git grep
[INFO] bench_frames: 120 frames, 59 entities: avg 0.75 ms  p50 0.63  p99 2.83  max 3.96
[INFO]     0.12 ms/frame  afterhours::ui::UIPluginRenderBridge<InputAction>
[INFO]     0.06 ms/frame  ecs::SidebarSystem
[INFO]     0.04 ms/frame  afterhours::ui::UIPluginPostUpdateBridge<InputAction>
[INFO]     0.04 ms/frame  ecs::TabSyncSystem
[INFO]     0.02 ms/frame  ecs::MainContentSystem
[INFO]     0.01 ms/frame  ecs::MenuBarSystem
[INFO]     0.01 ms/frame  ecs::StatusBarSystem
[INFO]     0.01 ms/frame  ecs::TabBarSystem
[INFO] expect_p99_below: 2.83ms <= 20.00ms (PASS)
[INFO] E2E finished in 1.20 seconds
