[INFO] Process start to main: 72 ms
[INFO] Registered singleton 0 for afterhours::files::ProvidesResourcePaths (0)
[INFO] Settings loaded from /Users/gabeochoa/Library/Application Support/floatinghotel/settings.json
[INFO] Pre-graphics init: 249 ms
[INFO]   Window+GPU init: 323 ms
[INFO] Registered singleton 1 for afterhours::input::InputCollector (1)
[INFO] Registered singleton 1 for afterhours::input::ProvidesMaxGamepadID (2)
[INFO] Registered singleton 1 for afterhours::input::ProvidesInputMapping (3)
[INFO] Registered singleton 1 for afterhours::input::ProvidesInputConfig (4)
[WARN] try_load_gamepad_mappings: no backend configured
[INFO] Registered singleton 1 for afterhours::window_manager::ProvidesTargetFPS (5)
[INFO] Registered singleton 1 for afterhours::window_manager::ProvidesCurrentResolution (6)
[INFO] Registered singleton 1 for afterhours::window_manager::ProvidesAvailableWindowResolutions (7)
[INFO] Registered singleton 2 for afterhours::ui::UIContext<InputAction> (8)
[INFO] Registered singleton 2 for afterhours::ui::FontManager (9)
[INFO] Registered singleton 2 for afterhours::ui::TextMeasureCache (10)
[INFO] Registered singleton 2 for afterhours::ui::UIEntityMappingCache (11)
[INFO] Registered singleton 2 for afterhours::ui::DragGroupState (12)
[INFO]   Preload+fonts: 1 ms
[INFO] Registered singleton 6 for afterhours::modal::ModalRoot (28)
[INFO] Registered singleton 7 for afterhours::ui::TooltipState (29)
[INFO]   Systems registration: 0 ms
[INFO] Startup time: 325 ms (from graphics::run to app_init done)
[INFO] [Validation] No UI violations detected
[INFO] git: 640 ms (waited 0 ms for lock): git log
[INFO] commits loaded: 1 commits, 640 ms after refresh requested, 1305 ms since process start
[INFO] git: 758 ms (waited 0 ms for lock): git status
[INFO] refresh: status ready at 759 ms
[INFO] git: 859 ms (waited 0 ms for lock): git ls-files
[INFO] git: 918 ms (waited 0 ms for lock): git branch
[INFO] refresh: branches ready at 1678 ms
[INFO] git: 1171 ms (waited 0 ms for lock): git diff
[INFO] refresh: diff ready at 1812 ms
[INFO] git: 954 ms (waited 0 ms for lock): git diff
[INFO] refresh: done in 1815 ms
[INFO] search_submit: reason=pause delay_ms=150.03 query=NEEDLE
[INFO] git: 650 ms (waited 0 ms for lock): git grep
[INFO] search_submit: reason=explicit delay_ms=1.88 query=OLD
[INFO] git: 367 ms (waited 0 ms for lock): git grep
[INFO] search_submit: reason=pause delay_ms=150.00 query=NEW
[INFO] git: 830 ms (waited 0 ms for lock): git grep
[INFO] search_submit: reason=pause delay_ms=150.70 query=NEW
[INFO] git: 471 ms (waited 0 ms for lock): git grep
[INFO] search_submit: reason=explicit delay_ms=2.46 query=LIMIT
[INFO] git: 589 ms (waited 0 ms for lock): git grep
[INFO] search_submit: reason=pause delay_ms=150.62 query=NEEDLE
[INFO] git: 514 ms (waited 0 ms for lock): git grep
[INFO] bench_frames: 120 frames, 59 entities: avg 0.90 ms  p50 0.77  p99 2.02  max 4.58
[INFO]     0.14 ms/frame  afterhours::ui::UIPluginRenderBridge<InputAction>
[INFO]     0.07 ms/frame  ecs::SidebarSystem
[INFO]     0.06 ms/frame  afterhours::ui::UIPluginPostUpdateBridge<InputAction>
[INFO]     0.06 ms/frame  ecs::TabSyncSystem
[INFO]     0.03 ms/frame  ecs::MainContentSystem
[INFO]     0.02 ms/frame  ecs::MenuBarSystem
[INFO]     0.01 ms/frame  ecs::TabBarSystem
[INFO]     0.01 ms/frame  ecs::StatusBarSystem
[INFO] expect_p99_below: 2.02ms <= 20.00ms (PASS)
[INFO] E2E finished in 1.27 seconds
