[INFO] Process start to main: 58 ms
[INFO] Registered singleton 0 for afterhours::files::ProvidesResourcePaths (0)
[INFO] Settings loaded from /Users/gabeochoa/Library/Application Support/floatinghotel/settings.json
[INFO] Pre-graphics init: 64 ms
[INFO]   Window+GPU init: 131 ms
[INFO] Registered singleton 1 for afterhours::input::InputCollector (1)
[INFO] Registered singleton 1 for afterhours::input::ProvidesMaxGamepadID (2)
[INFO] Registered singleton 1 for afterhours::input::ProvidesInputMapping (3)
[INFO] Registered singleton 1 for afterhours::input::ProvidesInputConfig (4)
[WARN] try_load_gamepad_mappings: no backend configured
[INFO] Registered singleton 1 for afterhours::window_manager::ProvidesTargetFPS (5)
[INFO] Registered singleton 1 for afterhours::window_manager::ProvidesCurrentResolution (6)
[INFO] Registered singleton 1 for afterhours::window_manager::ProvidesAvailableWindowResolutions (7)
[INFO] Registered singleton 2 for afterhours::ui::UIContext<InputAction> (8)
[INFO] Registered singleton 2 for afterhours::ui::FontManager (9)
[INFO] Registered singleton 2 for afterhours::ui::TextMeasureCache (10)
[INFO] Registered singleton 2 for afterhours::ui::UIEntityMappingCache (11)
[INFO] Registered singleton 2 for afterhours::ui::DragGroupState (12)
[INFO]   Preload+fonts: 3 ms
[INFO] Registered singleton 6 for afterhours::modal::ModalRoot (28)
[INFO] Registered singleton 7 for afterhours::ui::TooltipState (29)
[INFO]   Systems registration: 0 ms
[INFO] Startup time: 135 ms (from graphics::run to app_init done)
[INFO] [Validation] No UI violations detected
[INFO] git: 161 ms (waited 0 ms for lock): git ls-files
[INFO] git: 161 ms (waited 0 ms for lock): git status
[INFO] refresh: status ready at 161 ms
[INFO] git: 258 ms (waited 0 ms for lock): git log
[INFO] commits loaded: 1 commits, 259 ms after refresh requested, 519 ms since process start
[INFO] git: 277 ms (waited 0 ms for lock): git branch
[INFO] refresh: branches ready at 439 ms
[INFO] git: 279 ms (waited 0 ms for lock): git diff
[INFO] refresh: diff ready at 441 ms
[INFO] git: 203 ms (waited 0 ms for lock): git diff
[INFO] refresh: done in 463 ms
[INFO] git: 434 ms (waited 0 ms for lock): git grep
[INFO] git: 316 ms (waited 0 ms for lock): git grep
[INFO] git: 335 ms (waited 0 ms for lock): git grep
[INFO] git: 267 ms (waited 0 ms for lock): git grep
[INFO] git: 151 ms (waited 0 ms for lock): git grep
[INFO] git: 130 ms (waited 0 ms for lock): git grep
[INFO] E2E finished in 0.57 seconds
