--- Compiling test_review_target ---
--- Running test_review_target ---
  comparison_target_jump_discards_the_previous_pending_result  OK
  staged_review_draft_restores_its_file_and_index_side         OK
  comparison_loading_does_not_restore_an_unrelated_branch_review OK
  saved_review_target_exits_series_mode_and_discards_its_pending_result OK
  navigation_result_stamp_rejects_each_superseded_identity     OK
  historical_resolution_pins_history_without_creating_a_visit  OK
  reselecting_the_same_destination_keeps_pending_work          OK
  typed_destinations_separate_working_index_historical_and_review OK
  comparison_resolution_updates_the_same_visit_and_ignores_late_results OK
  opening_source_keeps_the_retained_comparisons_review_storage OK
  consuming_a_source_reveal_does_not_restore_a_stale_line_on_activation OK
  comparison_results_from_old_diff_options_are_not_applied     OK
  submitted_comparison_rejects_edited_fields_and_merge_mode    OK
  document_comparison_reload_ignores_unsubmitted_form_edits    OK
  document_collection_retains_two_reviews_and_three_sources    OK
  document_identity_excludes_reading_location_and_origin       OK
  inactive_documents_release_rendering_payloads_and_keep_file_summaries OK
  comparison_tab_reloads_after_another_review_releases_its_payload OK
  resolved_aliases_reuse_existing_source_review_and_comparison_documents OK
  inactive_review_summaries_preserve_filters_rename_comments_and_progress OK
  resolving_reviews_updates_retained_source_origins_and_history OK

21/21 tests passed.

========================================
Results: 1/1 passed, 0 failed, 0 skipped
========================================
