[INFO] Process start to main: 38 ms
[INFO] Registered singleton 0 for afterhours::files::ProvidesResourcePaths (0)
[INFO] Settings loaded from /Users/gabeochoa/Library/Application Support/floatinghotel/settings.json
[INFO] Pre-graphics init: 8 ms
[INFO]   Window+GPU init: 147 ms
[INFO] Registered singleton 1 for afterhours::input::InputCollector (1)
[INFO] Registered singleton 1 for afterhours::input::ProvidesMaxGamepadID (2)
[INFO] Registered singleton 1 for afterhours::input::ProvidesInputMapping (3)
[INFO] Registered singleton 1 for afterhours::input::ProvidesInputConfig (4)
[WARN] try_load_gamepad_mappings: no backend configured
[INFO] Registered singleton 1 for afterhours::window_manager::ProvidesTargetFPS (5)
[INFO] Registered singleton 1 for afterhours::window_manager::ProvidesCurrentResolution (6)
[INFO] Registered singleton 1 for afterhours::window_manager::ProvidesAvailableWindowResolutions (7)
[INFO] Registered singleton 2 for afterhours::ui::UIContext<InputAction> (8)
[INFO] Registered singleton 2 for afterhours::ui::FontManager (9)
[INFO] Registered singleton 2 for afterhours::ui::TextMeasureCache (10)
[INFO] Registered singleton 2 for afterhours::ui::UIEntityMappingCache (11)
[INFO] Registered singleton 2 for afterhours::ui::DragGroupState (12)
[INFO]   Preload+fonts: 2 ms
[INFO] Registered singleton 6 for afterhours::modal::ModalRoot (28)
[INFO] Registered singleton 7 for afterhours::ui::TooltipState (29)
[INFO]   Systems registration: 0 ms
[INFO] Startup time: 150 ms (from graphics::run to app_init done)
[INFO] [Validation] No UI violations detected
[INFO] git: 124 ms (waited 0 ms for lock): git status
[INFO] refresh: status ready at 125 ms
[INFO] git: 144 ms (waited 0 ms for lock): git ls-files
[INFO] git: 206 ms (waited 0 ms for lock): git diff
[INFO] refresh: diff ready at 331 ms
[INFO] git: 360 ms (waited 0 ms for lock): git branch
[INFO] refresh: branches ready at 506 ms
[INFO] git: 522 ms (waited 0 ms for lock): git log
[INFO] commits loaded: 3 commits, 523 ms after refresh requested, 731 ms since process start
[INFO] git: 197 ms (waited 0 ms for lock): git diff
[INFO] refresh: done in 529 ms
[INFO] git: 165 ms (waited 0 ms for lock): git rev-parse
[INFO] git: 153 ms (waited 0 ms for lock): git rev-parse
[INFO] git: 225 ms (waited 0 ms for lock): git diff
[INFO] git: 132 ms (waited 0 ms for lock): git rev-parse
[INFO] git: 136 ms (waited 0 ms for lock): git rev-parse
[INFO] git: 164 ms (waited 0 ms for lock): git rev-parse
[INFO] git: 127 ms (waited 0 ms for lock): git rev-parse
[INFO] git: 127 ms (waited 0 ms for lock): git cat-file
[INFO] git: 141 ms (waited 0 ms for lock): git ls-tree
[INFO] git: 141 ms (waited 0 ms for lock): git cat-file
[INFO] git: 156 ms (waited 0 ms for lock): git rev-parse
[INFO] git: 124 ms (waited 0 ms for lock): git grep
[INFO] git: 116 ms (waited 0 ms for lock): git rev-parse
[INFO] git: 137 ms (waited 0 ms for lock): git grep
[INFO] git: 159 ms (waited 0 ms for lock): git rev-parse
[INFO] git: 146 ms (waited 0 ms for lock): git cat-file
[INFO] git: 132 ms (waited 0 ms for lock): git ls-tree
[INFO] git: 200 ms (waited 0 ms for lock): git cat-file
[INFO] git: 136 ms (waited 0 ms for lock): git rev-parse
[INFO] git: 144 ms (waited 0 ms for lock): git rev-parse
[INFO] git: 160 ms (waited 0 ms for lock): git rev-parse
[INFO] git: 146 ms (waited 0 ms for lock): git rev-parse
[INFO] git: 144 ms (waited 0 ms for lock): git rev-parse
[INFO] git: 185 ms (waited 0 ms for lock): git diff
[INFO] git: 129 ms (waited 0 ms for lock): git rev-parse
[INFO] git: 176 ms (waited 0 ms for lock): git rev-parse
[INFO] git: 126 ms (waited 0 ms for lock): git rev-parse
[INFO] bench_frames: 120 frames, 314 entities: avg 3.41 ms  p50 3.23  p99 7.82  max 14.25
[INFO]     1.00 ms/frame  afterhours::ui::UIPluginRenderBridge<InputAction>
[INFO]     0.59 ms/frame  ecs::MainContentSystem
[INFO]     0.45 ms/frame  afterhours::ui::UIPluginPostUpdateBridge<InputAction>
[INFO]     0.27 ms/frame  ecs::SidebarSystem
[INFO]     0.11 ms/frame  ecs::TabSyncSystem
[INFO]     0.10 ms/frame  afterhours::ui::validation::ValidateComponentContrast
[INFO]     0.03 ms/frame  ecs::MenuBarSystem
[INFO]     0.02 ms/frame  ecs::StatusBarSystem
[INFO] expect_p99_below: 7.82ms <= 20.00ms (PASS)
[INFO] E2E finished in 0.72 seconds
