[INFO] Process start to main: 39 ms
[INFO] Registered singleton 0 for afterhours::files::ProvidesResourcePaths (0)
[INFO] Settings loaded from /Users/gabeochoa/Library/Application Support/floatinghotel/settings.json
[INFO] Pre-graphics init: 5 ms
[INFO]   Window+GPU init: 136 ms
[INFO] Registered singleton 1 for afterhours::input::InputCollector (1)
[INFO] Registered singleton 1 for afterhours::input::ProvidesMaxGamepadID (2)
[INFO] Registered singleton 1 for afterhours::input::ProvidesInputMapping (3)
[INFO] Registered singleton 1 for afterhours::input::ProvidesInputConfig (4)
[WARN] try_load_gamepad_mappings: no backend configured
[INFO] Registered singleton 1 for afterhours::window_manager::ProvidesTargetFPS (5)
[INFO] Registered singleton 1 for afterhours::window_manager::ProvidesCurrentResolution (6)
[INFO] Registered singleton 1 for afterhours::window_manager::ProvidesAvailableWindowResolutions (7)
[INFO] Registered singleton 2 for afterhours::ui::UIContext<InputAction> (8)
[INFO] Registered singleton 2 for afterhours::ui::FontManager (9)
[INFO] Registered singleton 2 for afterhours::ui::TextMeasureCache (10)
[INFO] Registered singleton 2 for afterhours::ui::UIEntityMappingCache (11)
[INFO] Registered singleton 2 for afterhours::ui::DragGroupState (12)
[INFO]   Preload+fonts: 1 ms
[INFO] Registered singleton 6 for afterhours::modal::ModalRoot (28)
[INFO] Registered singleton 7 for afterhours::ui::TooltipState (29)
[INFO]   Systems registration: 0 ms
[INFO] Startup time: 138 ms (from graphics::run to app_init done)
[INFO] git: 425 ms (waited 0 ms for lock): git ls-files
[INFO] git: 489 ms (waited 0 ms for lock): git status
[INFO] git: 511 ms (waited 0 ms for lock): git log
[INFO] git: 148 ms (waited 0 ms for lock): git diff
[INFO] git: 202 ms (waited 0 ms for lock): git branch
[INFO] git: 549 ms (waited 0 ms for lock): git diff
[INFO] make_test_repo: switching from '/Users/gabeochoa/p/wm_afterhours/.' to '/tmp/floatinghotel_test_repo'
[INFO] git: 126 ms (waited 0 ms for lock): git status
[INFO] git: 192 ms (waited 0 ms for lock): git log
[INFO] git: 119 ms (waited 0 ms for lock): git diff
[INFO] git: 94 ms (waited 0 ms for lock): git diff
[INFO] git: 100 ms (waited 0 ms for lock): git ls-files
[INFO] git: 109 ms (waited 0 ms for lock): git branch
[INFO] git: 101 ms (waited 0 ms for lock): git rev-parse
[INFO] make_test_repo: done, path=/tmp/floatinghotel_test_repo
[WARN] Layout wrap: 'empty_icon' in parent 'empty_state' - NoWrap set but would overflow (child_size=50.7, offset=0.0, container=0.0)
[WARN] Layout overflow: 'empty_icon' extends outside parent 'empty_state' bounds (child_rel=[-3.5,0.0], child_size=[7.0,50.7], child_end=[3.5,50.7], parent_size=[0.0,0.0], gap=0.0, start_offset=0.0)
[WARN] Layout wrap: 'empty_hint_1' in parent 'empty_state' - NoWrap set but would overflow (child_size=23.0, offset=50.7, container=0.0)
[WARN] Layout overflow: 'empty_hint_1' extends outside parent 'empty_state' bounds (child_rel=[-73.2,50.7], child_size=[146.4,23.0], child_end=[73.2,73.7], parent_size=[0.0,0.0], gap=0.0, start_offset=0.0)
[WARN] Layout wrap: 'empty_hint_2' in parent 'empty_state' - NoWrap set but would overflow (child_size=18.7, offset=73.7, container=0.0)
[WARN] Layout overflow: 'empty_hint_2' extends outside parent 'empty_state' bounds (child_rel=[-50.2,73.7], child_size=[100.4,18.7], child_end=[50.2,92.4], parent_size=[0.0,0.0], gap=0.0, start_offset=0.0)
[WARN] Layout wrap: 'empty_shortcuts' in parent 'empty_state' - NoWrap set but would overflow (child_size=32.7, offset=92.4, container=0.0)
[WARN] Layout overflow: 'empty_shortcuts' extends outside parent 'empty_state' bounds (child_rel=[-118.2,92.4], child_size=[236.4,32.7], child_end=[118.2,125.1], parent_size=[0.0,0.0], gap=0.0, start_offset=0.0)
[INFO] [Validation] No UI violations detected
[WARN] Layout wrap: 'full_file_header' in parent 'main_content' - NoWrap set but would overflow (child_size=34.0, offset=0.0, container=0.0)
[WARN] Layout overflow: 'full_file_header' extends outside parent 'main_content' bounds (child_rel=[0.0,0.0], child_size=[0.0,34.0], child_end=[0.0,34.0], parent_size=[0.0,0.0], gap=0.0, start_offset=0.0)
[WARN] Layout wrap: 'full_file_back' in parent 'full_file_header' - NoWrap set but would overflow (child_size=110.0, offset=0.0, container=0.0)
[WARN] Layout overflow: 'full_file_back' extends outside parent 'full_file_header' bounds (child_rel=[0.0,0.0], child_size=[110.0,30.0], child_end=[110.0,30.0], parent_size=[0.0,34.0], gap=0.0, start_offset=0.0)
[WARN] Layout wrap: 'full_file_revision' in parent 'full_file_header' - NoWrap set but would overflow (child_size=0.0, offset=110.0, container=0.0)
[WARN] Layout overflow: 'full_file_revision' extends outside parent 'full_file_header' bounds (child_rel=[110.0,0.0], child_size=[0.0,30.0], child_end=[110.0,30.0], parent_size=[0.0,34.0], gap=0.0, start_offset=0.0)
[WARN] Layout wrap: 'file_history_open' in parent 'full_file_header' - NoWrap set but would overflow (child_size=75.0, offset=110.0, container=0.0)
[WARN] Layout overflow: 'file_history_open' extends outside parent 'full_file_header' bounds (child_rel=[110.0,0.0], child_size=[75.0,30.0], child_end=[185.0,30.0], parent_size=[0.0,34.0], gap=0.0, start_offset=0.0)
[WARN] Layout wrap: 'full_file_actions' in parent 'main_content' - NoWrap set but would overflow (child_size=32.0, offset=34.0, container=0.0)
[WARN] Layout overflow: 'full_file_actions' extends outside parent 'main_content' bounds (child_rel=[0.0,34.0], child_size=[0.0,32.0], child_end=[0.0,66.0], parent_size=[0.0,0.0], gap=0.0, start_offset=0.0)
[WARN] Layout wrap: '' in parent 'main_content' - NoWrap set but would overflow (child_size=32.0, offset=66.0, container=0.0)
[WARN] Layout overflow: '' extends outside parent 'main_content' bounds (child_rel=[0.0,66.0], child_size=[0.0,32.0], child_end=[0.0,98.0], parent_size=[0.0,0.0], gap=0.0, start_offset=0.0)
[WARN] Layout wrap: 'file_page_range' in parent 'main_content' - NoWrap set but would overflow (child_size=32.0, offset=98.0, container=0.0)
[WARN] Layout overflow: 'file_page_range' extends outside parent 'main_content' bounds (child_rel=[0.0,98.0], child_size=[0.0,32.0], child_end=[0.0,130.0], parent_size=[0.0,0.0], gap=0.0, start_offset=0.0)
[WARN] Layout wrap: 'full_file_loading' in parent 'main_content' - NoWrap set but would overflow (child_size=40.0, offset=130.0, container=0.0)
[WARN] Layout overflow: 'full_file_loading' extends outside parent 'main_content' bounds (child_rel=[0.0,130.0], child_size=[0.0,40.0], child_end=[0.0,170.0], parent_size=[0.0,0.0], gap=0.0, start_offset=0.0)
[INFO] E2E finished in 0.23 seconds
