[INFO] Process start to main: 738 ms
[INFO] Registered singleton 0 for afterhours::files::ProvidesResourcePaths (0)
[INFO] Settings loaded from /Users/gabeochoa/Library/Application Support/floatinghotel/settings.json
[INFO] Pre-graphics init: 117 ms
[INFO]   Window+GPU init: 408 ms
[INFO] Registered singleton 1 for afterhours::input::InputCollector (1)
[INFO] Registered singleton 1 for afterhours::input::ProvidesMaxGamepadID (2)
[INFO] Registered singleton 1 for afterhours::input::ProvidesInputMapping (3)
[INFO] Registered singleton 1 for afterhours::input::ProvidesInputConfig (4)
[WARN] try_load_gamepad_mappings: no backend configured
[INFO] Registered singleton 1 for afterhours::window_manager::ProvidesTargetFPS (5)
[INFO] Registered singleton 1 for afterhours::window_manager::ProvidesCurrentResolution (6)
[INFO] Registered singleton 1 for afterhours::window_manager::ProvidesAvailableWindowResolutions (7)
[INFO] Registered singleton 2 for afterhours::ui::UIContext<InputAction> (8)
[INFO] Registered singleton 2 for afterhours::ui::FontManager (9)
[INFO] Registered singleton 2 for afterhours::ui::TextMeasureCache (10)
[INFO] Registered singleton 2 for afterhours::ui::UIEntityMappingCache (11)
[INFO] Registered singleton 2 for afterhours::ui::DragGroupState (12)
[INFO]   Preload+fonts: 263 ms
[INFO] Registered singleton 6 for afterhours::modal::ModalRoot (28)
[INFO] Registered singleton 7 for afterhours::ui::TooltipState (29)
[INFO]   Systems registration: 0 ms
[INFO] Startup time: 673 ms (from graphics::run to app_init done)
[INFO] [Validation] No UI violations detected
[INFO] git: 1970 ms (waited 0 ms for lock): git log
[INFO] commits loaded: 1 commits, 1970 ms after refresh requested, 3634 ms since process start
[INFO] git: 2001 ms (waited 0 ms for lock): git ls-files
[INFO] git: 2022 ms (waited 0 ms for lock): git status
[INFO] refresh: status ready at 2023 ms
[INFO] git: 208 ms (waited 0 ms for lock): git branch
[INFO] refresh: branches ready at 2213 ms
[INFO] git: 264 ms (waited 0 ms for lock): git diff
[INFO] refresh: diff ready at 2235 ms
[INFO] git: 232 ms (waited 0 ms for lock): git diff
[INFO] refresh: done in 2259 ms
[INFO] git: 114 ms (waited 0 ms for lock): git rev-parse
[INFO] git: 256 ms (waited 0 ms for lock): git show
[INFO] git: 195 ms (waited 0 ms for lock): git show
[INFO] git: 166 ms (waited 0 ms for lock): git rev-parse
[INFO] git: 133 ms (waited 0 ms for lock): git ls-tree
[INFO] git: 164 ms (waited 0 ms for lock): git rev-parse
[INFO] git: 144 ms (waited 0 ms for lock): git rev-parse
[INFO] git: 547 ms (waited 0 ms for lock): git rev-parse
[INFO] git: 200 ms (waited 0 ms for lock): git cat-file
[INFO] git: 171 ms (waited 0 ms for lock): git ls-tree
[INFO] git: 155 ms (waited 0 ms for lock): git cat-file
[INFO] git: 111 ms (waited 0 ms for lock): git ls-tree
[INFO] bench_frames: 120 frames, 316 entities: avg 2.93 ms  p50 2.93  p99 5.03  max 5.65
[INFO]     0.60 ms/frame  afterhours::ui::UIPluginRenderBridge<InputAction>
[INFO]     0.57 ms/frame  ecs::SidebarSystem
[INFO]     0.41 ms/frame  afterhours::ui::UIPluginPostUpdateBridge<InputAction>
[INFO]     0.24 ms/frame  ecs::MainContentSystem
[INFO]     0.09 ms/frame  ecs::TabSyncSystem
[INFO]     0.06 ms/frame  afterhours::ui::validation::ValidateComponentContrast
[INFO]     0.04 ms/frame  afterhours::ui::UIPluginPreUpdateBridge<InputAction>
[INFO]     0.03 ms/frame  ecs::MenuBarSystem
[INFO] expect_p99_below: 5.03ms <= 20.00ms (PASS)
[INFO] E2E finished in 1.87 seconds
