[INFO] Process start to main: 41 ms
[INFO] Registered singleton 0 for afterhours::files::ProvidesResourcePaths (0)
[INFO] Settings loaded from /Users/gabeochoa/Library/Application Support/floatinghotel/settings.json
[INFO] Pre-graphics init: 44 ms
[INFO]   Window+GPU init: 140 ms
[INFO] Registered singleton 1 for afterhours::input::InputCollector (1)
[INFO] Registered singleton 1 for afterhours::input::ProvidesMaxGamepadID (2)
[INFO] Registered singleton 1 for afterhours::input::ProvidesInputMapping (3)
[INFO] Registered singleton 1 for afterhours::input::ProvidesInputConfig (4)
[WARN] try_load_gamepad_mappings: no backend configured
[INFO] Registered singleton 1 for afterhours::window_manager::ProvidesTargetFPS (5)
[INFO] Registered singleton 1 for afterhours::window_manager::ProvidesCurrentResolution (6)
[INFO] Registered singleton 1 for afterhours::window_manager::ProvidesAvailableWindowResolutions (7)
[INFO] Registered singleton 2 for afterhours::ui::UIContext<InputAction> (8)
[INFO] Registered singleton 2 for afterhours::ui::FontManager (9)
[INFO] Registered singleton 2 for afterhours::ui::TextMeasureCache (10)
[INFO] Registered singleton 2 for afterhours::ui::UIEntityMappingCache (11)
[INFO] Registered singleton 2 for afterhours::ui::DragGroupState (12)
[INFO]   Preload+fonts: 0 ms
[INFO] Registered singleton 6 for afterhours::modal::ModalRoot (28)
[INFO] Registered singleton 7 for afterhours::ui::TooltipState (29)
[INFO]   Systems registration: 0 ms
[INFO] Startup time: 141 ms (from graphics::run to app_init done)
[INFO] [Validation] No UI violations detected
[INFO] git: 103 ms (waited 0 ms for lock): git status
[INFO] refresh: status ready at 104 ms
[INFO] git: 104 ms (waited 0 ms for lock): git ls-files
[INFO] git: 123 ms (waited 0 ms for lock): git log
[INFO] commits loaded: 1 commits, 124 ms after refresh requested, 364 ms since process start
[INFO] git: 223 ms (waited 0 ms for lock): git diff
[INFO] refresh: diff ready at 327 ms
[INFO] git: 287 ms (waited 0 ms for lock): git branch
[INFO] refresh: branches ready at 392 ms
[INFO] git: 323 ms (waited 0 ms for lock): git diff
[INFO] refresh: done in 447 ms
[INFO] git: 143 ms (waited 0 ms for lock): git grep
[INFO] bench_frames: 120 frames, 126 entities: avg 1.14 ms  p50 0.96  p99 4.01  max 5.85
[INFO]     0.32 ms/frame  afterhours::ui::UIPluginRenderBridge<InputAction>
[INFO]     0.15 ms/frame  ecs::SidebarSystem
[INFO]     0.10 ms/frame  afterhours::ui::UIPluginPostUpdateBridge<InputAction>
[INFO]     0.08 ms/frame  ecs::TabSyncSystem
[INFO]     0.03 ms/frame  MainRenderSystem
[INFO]     0.03 ms/frame  afterhours::ui::validation::ValidateComponentContrast
[INFO]     0.02 ms/frame  afterhours::ui::validation::ValidateMinFontSize
[INFO]     0.02 ms/frame  ecs::MainContentSystem
[INFO] expect_p99_below: 4.01ms <= 20.00ms (PASS)
[INFO] git: 99 ms (waited 0 ms for lock): git grep
[INFO] bench_frames: 120 frames, 135 entities: avg 3.69 ms  p50 3.66  p99 4.36  max 4.65
[INFO]     2.35 ms/frame  ecs::MainContentSystem
[INFO]     0.42 ms/frame  afterhours::ui::UIPluginRenderBridge<InputAction>
[INFO]     0.16 ms/frame  afterhours::ui::UIPluginPostUpdateBridge<InputAction>
[INFO]     0.09 ms/frame  ecs::TabSyncSystem
[INFO]     0.08 ms/frame  ecs::SidebarSystem
[INFO]     0.04 ms/frame  afterhours::ui::validation::ValidateComponentContrast
[INFO]     0.03 ms/frame  ecs::MenuBarSystem
[INFO]     0.02 ms/frame  ecs::StatusBarSystem
[INFO] expect_p99_below: 4.36ms <= 20.00ms (PASS)
[INFO] E2E finished in 0.80 seconds
