[INFO] Process start to main: 36 ms
[INFO] Registered singleton 0 for afterhours::files::ProvidesResourcePaths (0)
[INFO] Settings loaded from /Users/gabeochoa/Library/Application Support/floatinghotel/settings.json
[INFO] Pre-graphics init: 23 ms
[INFO]   Window+GPU init: 148 ms
[INFO] Registered singleton 1 for afterhours::input::InputCollector (1)
[INFO] Registered singleton 1 for afterhours::input::ProvidesMaxGamepadID (2)
[INFO] Registered singleton 1 for afterhours::input::ProvidesInputMapping (3)
[INFO] Registered singleton 1 for afterhours::input::ProvidesInputConfig (4)
[WARN] try_load_gamepad_mappings: no backend configured
[INFO] Registered singleton 1 for afterhours::window_manager::ProvidesTargetFPS (5)
[INFO] Registered singleton 1 for afterhours::window_manager::ProvidesCurrentResolution (6)
[INFO] Registered singleton 1 for afterhours::window_manager::ProvidesAvailableWindowResolutions (7)
[INFO] Registered singleton 2 for afterhours::ui::UIContext<InputAction> (8)
[INFO] Registered singleton 2 for afterhours::ui::FontManager (9)
[INFO] Registered singleton 2 for afterhours::ui::TextMeasureCache (10)
[INFO] Registered singleton 2 for afterhours::ui::UIEntityMappingCache (11)
[INFO] Registered singleton 2 for afterhours::ui::DragGroupState (12)
[INFO]   Preload+fonts: 0 ms
[INFO] Registered singleton 6 for afterhours::modal::ModalRoot (28)
[INFO] Registered singleton 7 for afterhours::ui::TooltipState (29)
[INFO]   Systems registration: 0 ms
[INFO] Startup time: 149 ms (from graphics::run to app_init done)
[INFO] [Validation] No UI violations detected
[INFO] git: 94 ms (waited 0 ms for lock): git ls-files
[INFO] git: 96 ms (waited 0 ms for lock): git status
[INFO] refresh: status ready at 97 ms
[INFO] git: 121 ms (waited 0 ms for lock): git log
[INFO] commits loaded: 1 commits, 122 ms after refresh requested, 342 ms since process start
[INFO] git: 176 ms (waited 0 ms for lock): git diff
[INFO] refresh: diff ready at 272 ms
[INFO] git: 185 ms (waited 0 ms for lock): git branch
[INFO] refresh: branches ready at 282 ms
[INFO] git: 289 ms (waited 0 ms for lock): git diff
[INFO] refresh: done in 412 ms
[WARN] Layout wrap: 'commit_heading' in parent 'main_content' - NoWrap set but would overflow (child_size=120.0, offset=0.0, container=0.0)
[WARN] Layout overflow: 'commit_heading' extends outside parent 'main_content' bounds (child_rel=[0.0,0.0], child_size=[0.0,120.0], child_end=[0.0,120.0], parent_size=[0.0,0.0], gap=0.0, start_offset=0.0)
[WARN] Layout wrap: 'commit_sticky_revision' in parent 'commit_heading' - NoWrap set but would overflow (child_size=176.0, offset=0.0, container=0.0)
[WARN] Layout overflow: 'commit_sticky_revision' extends outside parent 'commit_heading' bounds (child_rel=[0.0,0.0], child_size=[176.0,104.0], child_end=[176.0,104.0], parent_size=[0.0,104.0], gap=0.0, start_offset=0.0)
[WARN] Layout wrap: 'commit_find_host' in parent 'main_content' - NoWrap set but would overflow (child_size=144.0, offset=120.0, container=0.0)
[WARN] Layout overflow: 'commit_find_host' extends outside parent 'main_content' bounds (child_rel=[0.0,120.0], child_size=[0.0,144.0], child_end=[0.0,264.0], parent_size=[0.0,0.0], gap=0.0, start_offset=0.0)
[WARN] Layout wrap: 'commit_detail_scroll' in parent 'main_content' - NoWrap set but would overflow (child_size=0.0, offset=264.0, container=0.0)
[WARN] Layout overflow: 'commit_detail_scroll' extends outside parent 'main_content' bounds (child_rel=[0.0,264.0], child_size=[0.0,0.0], child_end=[0.0,264.0], parent_size=[0.0,0.0], gap=0.0, start_offset=0.0)
[WARN] Layout wrap: 'commit_relative_date' in parent 'commit_meta_compact' - NoWrap set but would overflow (child_size=120.0, offset=12.0, container=0.0)
[WARN] Layout overflow: 'commit_relative_date' extends outside parent 'commit_meta_compact' bounds (child_rel=[12.0,4.0], child_size=[120.0,56.0], child_end=[132.0,60.0], parent_size=[0.0,64.0], gap=12.0, start_offset=0.0)
[WARN] Layout wrap: 'commit_short_hash' in parent 'commit_meta_compact' - NoWrap set but would overflow (child_size=168.0, offset=144.0, container=0.0)
[WARN] Layout overflow: 'commit_short_hash' extends outside parent 'commit_meta_compact' bounds (child_rel=[144.0,4.0], child_size=[168.0,56.0], child_end=[312.0,60.0], parent_size=[0.0,64.0], gap=12.0, start_offset=0.0)
[WARN] Layout wrap: 'commit_meta_toggle' in parent 'commit_meta_compact' - NoWrap set but would overflow (child_size=160.0, offset=324.0, container=0.0)
[WARN] Layout overflow: 'commit_meta_toggle' extends outside parent 'commit_meta_compact' bounds (child_rel=[324.0,4.0], child_size=[160.0,56.0], child_end=[484.0,60.0], parent_size=[0.0,64.0], gap=12.0, start_offset=0.0)
[INFO] git: 137 ms (waited 0 ms for lock): git rev-parse
[INFO] git: 158 ms (waited 0 ms for lock): git show
[INFO] git: 121 ms (waited 0 ms for lock): git show
[INFO] git: 125 ms (waited 0 ms for lock): git rev-parse
[INFO] git: 107 ms (waited 0 ms for lock): git rev-parse
[INFO] git: 113 ms (waited 0 ms for lock): git ls-tree
[INFO] Reading restore a.cpp line 1 column 1 fraction 0.5962265 target 40.54339 viewport 567.99994 content 4611.198
[INFO] git: 107 ms (waited 0 ms for lock): git rev-parse
[INFO] Reading restore a.cpp line 2 column 1 fraction 0.21690145 target 292.45078 viewport 635.99994 content 4611.198
[INFO] git: 25 ms (waited 0 ms for lock): git ls-tree
[INFO] git: 29 ms (waited 0 ms for lock): git ls-tree
[INFO] git: 97 ms (waited 0 ms for lock): git rev-parse
[INFO] git: 119 ms (waited 0 ms for lock): git grep
[INFO] git: 99 ms (waited 0 ms for lock): git rev-parse
[INFO] Reading restore a.cpp line 8 column 1 fraction 0.4872181 target 208.00006 viewport 531.99994 content 1012.8002
[INFO] Reading restore a.cpp line 8 column 1 fraction 0.4872181 target 111.200134 viewport 531.99994 content 643.2001
[INFO] Reading restore a.cpp line 8 column 1 fraction 0.4872181 target 0 viewport 531.99994 content 435.20004
[WARN] Layout wrap: 'recent_path' in parent 'recent_repo_.' - NoWrap set but would overflow (child_size=24.0, offset=28.0, container=42.8)
[WARN] Layout overflow: 'recent_path' extends outside parent 'recent_repo_.' bounds (child_rel=[0.0,28.0], child_size=[528.8,24.0], child_end=[528.8,52.0], parent_size=[528.8,42.8], gap=0.0, start_offset=0.0)
[WARN] Layout wrap: 'recent_path' in parent 'recent_repo_afterhours' - NoWrap set but would overflow (child_size=24.0, offset=28.0, container=42.8)
[WARN] Layout overflow: 'recent_path' extends outside parent 'recent_repo_afterhours' bounds (child_rel=[0.0,28.0], child_size=[528.8,24.0], child_end=[528.8,52.0], parent_size=[528.8,42.8], gap=0.0, start_offset=0.0)
[WARN] Layout wrap: 'recent_path' in parent 'recent_repo_floatinghotel_test_repo' - NoWrap set but would overflow (child_size=24.0, offset=28.0, container=42.8)
[WARN] Layout overflow: 'recent_path' extends outside parent 'recent_repo_floatinghotel_test_repo' bounds (child_rel=[0.0,28.0], child_size=[528.8,24.0], child_end=[528.8,52.0], parent_size=[528.8,42.8], gap=0.0, start_offset=0.0)
[WARN] Layout wrap: 'recent_path' in parent 'recent_repo_fixture_repo' - NoWrap set but would overflow (child_size=24.0, offset=28.0, container=42.8)
[WARN] Layout overflow: 'recent_path' extends outside parent 'recent_repo_fixture_repo' bounds (child_rel=[0.0,28.0], child_size=[528.8,24.0], child_end=[528.8,52.0], parent_size=[528.8,42.8], gap=0.0, start_offset=0.0)
[WARN] Layout wrap: 'recent_path' in parent 'recent_repo_.' - NoWrap set but would overflow (child_size=24.0, offset=28.0, container=42.8)
[WARN] Layout overflow: 'recent_path' extends outside parent 'recent_repo_.' bounds (child_rel=[0.0,28.0], child_size=[528.8,24.0], child_end=[528.8,52.0], parent_size=[528.8,42.8], gap=0.0, start_offset=0.0)
[WARN] Layout wrap: 'recent_path' in parent 'recent_repo_floatinghotel' - NoWrap set but would overflow (child_size=24.0, offset=28.0, container=42.8)
[WARN] Layout overflow: 'recent_path' extends outside parent 'recent_repo_floatinghotel' bounds (child_rel=[0.0,28.0], child_size=[528.8,24.0], child_end=[528.8,52.0], parent_size=[528.8,42.8], gap=0.0, start_offset=0.0)
[WARN] Layout wrap: 'recent_path' in parent 'recent_repo_.' - NoWrap set but would overflow (child_size=24.0, offset=28.0, container=42.8)
[WARN] Layout overflow: 'recent_path' extends outside parent 'recent_repo_.' bounds (child_rel=[0.0,28.0], child_size=[528.8,24.0], child_end=[528.8,52.0], parent_size=[528.8,42.8], gap=0.0, start_offset=0.0)
[WARN] Layout wrap: 'recent_path' in parent 'recent_repo_fhclone' - NoWrap set but would overflow (child_size=24.0, offset=28.0, container=42.8)
[WARN] Layout overflow: 'recent_path' extends outside parent 'recent_repo_fhclone' bounds (child_rel=[0.0,28.0], child_size=[528.8,24.0], child_end=[528.8,52.0], parent_size=[528.8,42.8], gap=0.0, start_offset=0.0)
[WARN] Layout wrap: 'recent_path' in parent 'recent_repo_.' - NoWrap set but would overflow (child_size=24.0, offset=28.0, container=42.8)
[WARN] Layout overflow: 'recent_path' extends outside parent 'recent_repo_.' bounds (child_rel=[0.0,28.0], child_size=[528.8,24.0], child_end=[528.8,52.0], parent_size=[528.8,42.8], gap=0.0, start_offset=0.0)
[WARN] Layout wrap: 'recent_path' in parent 'recent_repo_.' - NoWrap set but would overflow (child_size=24.0, offset=28.0, container=42.8)
[WARN] Layout overflow: 'recent_path' extends outside parent 'recent_repo_.' bounds (child_rel=[0.0,28.0], child_size=[528.8,24.0], child_end=[528.8,52.0], parent_size=[528.8,42.8], gap=0.0, start_offset=0.0)
[WARN] Layout wrap: 'recent_path' in parent 'recent_repo_afterhours' - NoWrap set but would overflow (child_size=24.0, offset=28.0, container=42.8)
[WARN] Layout overflow: 'recent_path' extends outside parent 'recent_repo_afterhours' bounds (child_rel=[0.0,28.0], child_size=[528.8,24.0], child_end=[528.8,52.0], parent_size=[528.8,42.8], gap=0.0, start_offset=0.0)
[WARN] Layout wrap: 'recent_path' in parent 'recent_repo_floatinghotel_test_repo' - NoWrap set but would overflow (child_size=24.0, offset=28.0, container=42.8)
[WARN] Layout overflow: 'recent_path' extends outside parent 'recent_repo_floatinghotel_test_repo' bounds (child_rel=[0.0,28.0], child_size=[528.8,24.0], child_end=[528.8,52.0], parent_size=[528.8,42.8], gap=0.0, start_offset=0.0)
[WARN] Layout wrap: 'recent_path' in parent 'recent_repo_fixture_repo' - NoWrap set but would overflow (child_size=24.0, offset=28.0, container=42.8)
[WARN] Layout overflow: 'recent_path' extends outside parent 'recent_repo_fixture_repo' bounds (child_rel=[0.0,28.0], child_size=[528.8,24.0], child_end=[528.8,52.0], parent_size=[528.8,42.8], gap=0.0, start_offset=0.0)
[WARN] Layout wrap: 'recent_path' in parent 'recent_repo_.' - NoWrap set but would overflow (child_size=24.0, offset=28.0, container=42.8)
[WARN] Layout overflow: 'recent_path' extends outside parent 'recent_repo_.' bounds (child_rel=[0.0,28.0], child_size=[528.8,24.0], child_end=[528.8,52.0], parent_size=[528.8,42.8], gap=0.0, start_offset=0.0)
[WARN] Layout wrap: 'recent_path' in parent 'recent_repo_floatinghotel' - NoWrap set but would overflow (child_size=24.0, offset=28.0, container=42.8)
[WARN] Layout overflow: 'recent_path' extends outside parent 'recent_repo_floatinghotel' bounds (child_rel=[0.0,28.0], child_size=[528.8,24.0], child_end=[528.8,52.0], parent_size=[528.8,42.8], gap=0.0, start_offset=0.0)
[WARN] Layout wrap: 'recent_path' in parent 'recent_repo_.' - NoWrap set but would overflow (child_size=24.0, offset=28.0, container=42.8)
[WARN] Layout overflow: 'recent_path' extends outside parent 'recent_repo_.' bounds (child_rel=[0.0,28.0], child_size=[528.8,24.0], child_end=[528.8,52.0], parent_size=[528.8,42.8], gap=0.0, start_offset=0.0)
[WARN] Layout wrap: 'recent_path' in parent 'recent_repo_fhclone' - NoWrap set but would overflow (child_size=24.0, offset=28.0, container=42.8)
[WARN] Layout overflow: 'recent_path' extends outside parent 'recent_repo_fhclone' bounds (child_rel=[0.0,28.0], child_size=[528.8,24.0], child_end=[528.8,52.0], parent_size=[528.8,42.8], gap=0.0, start_offset=0.0)
[WARN] Layout wrap: 'recent_path' in parent 'recent_repo_.' - NoWrap set but would overflow (child_size=24.0, offset=28.0, container=42.8)
[WARN] Layout overflow: 'recent_path' extends outside parent 'recent_repo_.' bounds (child_rel=[0.0,28.0], child_size=[528.8,24.0], child_end=[528.8,52.0], parent_size=[528.8,42.8], gap=0.0, start_offset=0.0)
[WARN] Layout wrap: 'recent_path' in parent 'recent_repo_.' - NoWrap set but would overflow (child_size=24.0, offset=28.0, container=42.8)
[WARN] Layout overflow: 'recent_path' extends outside parent 'recent_repo_.' bounds (child_rel=[0.0,28.0], child_size=[528.8,24.0], child_end=[528.8,52.0], parent_size=[528.8,42.8], gap=0.0, start_offset=0.0)
[WARN] Layout wrap: 'recent_path' in parent 'recent_repo_afterhours' - NoWrap set but would overflow (child_size=24.0, offset=28.0, container=42.8)
[WARN] Layout overflow: 'recent_path' extends outside parent 'recent_repo_afterhours' bounds (child_rel=[0.0,28.0], child_size=[528.8,24.0], child_end=[528.8,52.0], parent_size=[528.8,42.8], gap=0.0, start_offset=0.0)
[WARN] Layout wrap: 'recent_path' in parent 'recent_repo_floatinghotel_test_repo' - NoWrap set but would overflow (child_size=24.0, offset=28.0, container=42.8)
[WARN] Layout overflow: 'recent_path' extends outside parent 'recent_repo_floatinghotel_test_repo' bounds (child_rel=[0.0,28.0], child_size=[528.8,24.0], child_end=[528.8,52.0], parent_size=[528.8,42.8], gap=0.0, start_offset=0.0)
[WARN] Layout wrap: 'recent_path' in parent 'recent_repo_fixture_repo' - NoWrap set but would overflow (child_size=24.0, offset=28.0, container=42.8)
[WARN] Layout overflow: 'recent_path' extends outside parent 'recent_repo_fixture_repo' bounds (child_rel=[0.0,28.0], child_size=[528.8,24.0], child_end=[528.8,52.0], parent_size=[528.8,42.8], gap=0.0, start_offset=0.0)
[WARN] Layout wrap: 'recent_path' in parent 'recent_repo_.' - NoWrap set but would overflow (child_size=24.0, offset=28.0, container=42.8)
[WARN] Layout overflow: 'recent_path' extends outside parent 'recent_repo_.' bounds (child_rel=[0.0,28.0], child_size=[528.8,24.0], child_end=[528.8,52.0], parent_size=[528.8,42.8], gap=0.0, start_offset=0.0)
[WARN] Layout wrap: 'recent_path' in parent 'recent_repo_floatinghotel' - NoWrap set but would overflow (child_size=24.0, offset=28.0, container=42.8)
[WARN] Layout overflow: 'recent_path' extends outside parent 'recent_repo_floatinghotel' bounds (child_rel=[0.0,28.0], child_size=[528.8,24.0], child_end=[528.8,52.0], parent_size=[528.8,42.8], gap=0.0, start_offset=0.0)
[WARN] Layout wrap: 'recent_path' in parent 'recent_repo_.' - NoWrap set but would overflow (child_size=24.0, offset=28.0, container=42.8)
[WARN] Layout overflow: 'recent_path' extends outside parent 'recent_repo_.' bounds (child_rel=[0.0,28.0], child_size=[528.8,24.0], child_end=[528.8,52.0], parent_size=[528.8,42.8], gap=0.0, start_offset=0.0)
[WARN] Layout wrap: 'recent_path' in parent 'recent_repo_fhclone' - NoWrap set but would overflow (child_size=24.0, offset=28.0, container=42.8)
[WARN] Layout overflow: 'recent_path' extends outside parent 'recent_repo_fhclone' bounds (child_rel=[0.0,28.0], child_size=[528.8,24.0], child_end=[528.8,52.0], parent_size=[528.8,42.8], gap=0.0, start_offset=0.0)
[WARN] Layout wrap: 'recent_path' in parent 'recent_repo_.' - NoWrap set but would overflow (child_size=24.0, offset=28.0, container=42.8)
[WARN] Layout overflow: 'recent_path' extends outside parent 'recent_repo_.' bounds (child_rel=[0.0,28.0], child_size=[528.8,24.0], child_end=[528.8,52.0], parent_size=[528.8,42.8], gap=0.0, start_offset=0.0)
[WARN] Layout wrap: 'recent_path' in parent 'recent_repo_.' - NoWrap set but would overflow (child_size=24.0, offset=28.0, container=42.8)
[WARN] Layout overflow: 'recent_path' extends outside parent 'recent_repo_.' bounds (child_rel=[0.0,28.0], child_size=[528.8,24.0], child_end=[528.8,52.0], parent_size=[528.8,42.8], gap=0.0, start_offset=0.0)
[WARN] Layout wrap: 'recent_path' in parent 'recent_repo_afterhours' - NoWrap set but would overflow (child_size=24.0, offset=28.0, container=42.8)
[WARN] Layout overflow: 'recent_path' extends outside parent 'recent_repo_afterhours' bounds (child_rel=[0.0,28.0], child_size=[528.8,24.0], child_end=[528.8,52.0], parent_size=[528.8,42.8], gap=0.0, start_offset=0.0)
[WARN] Layout wrap: 'recent_path' in parent 'recent_repo_floatinghotel_test_repo' - NoWrap set but would overflow (child_size=24.0, offset=28.0, container=42.8)
[WARN] Layout overflow: 'recent_path' extends outside parent 'recent_repo_floatinghotel_test_repo' bounds (child_rel=[0.0,28.0], child_size=[528.8,24.0], child_end=[528.8,52.0], parent_size=[528.8,42.8], gap=0.0, start_offset=0.0)
[WARN] Layout wrap: 'recent_path' in parent 'recent_repo_fixture_repo' - NoWrap set but would overflow (child_size=24.0, offset=28.0, container=42.8)
[WARN] Layout overflow: 'recent_path' extends outside parent 'recent_repo_fixture_repo' bounds (child_rel=[0.0,28.0], child_size=[528.8,24.0], child_end=[528.8,52.0], parent_size=[528.8,42.8], gap=0.0, start_offset=0.0)
[WARN] Layout wrap: 'recent_path' in parent 'recent_repo_.' - NoWrap set but would overflow (child_size=24.0, offset=28.0, container=42.8)
[WARN] Layout overflow: 'recent_path' extends outside parent 'recent_repo_.' bounds (child_rel=[0.0,28.0], child_size=[528.8,24.0], child_end=[528.8,52.0], parent_size=[528.8,42.8], gap=0.0, start_offset=0.0)
[WARN] Layout wrap: 'recent_path' in parent 'recent_repo_floatinghotel' - NoWrap set but would overflow (child_size=24.0, offset=28.0, container=42.8)
[WARN] Layout overflow: 'recent_path' extends outside parent 'recent_repo_floatinghotel' bounds (child_rel=[0.0,28.0], child_size=[528.8,24.0], child_end=[528.8,52.0], parent_size=[528.8,42.8], gap=0.0, start_offset=0.0)
[WARN] Layout wrap: 'recent_path' in parent 'recent_repo_.' - NoWrap set but would overflow (child_size=24.0, offset=28.0, container=42.8)
[WARN] Layout overflow: 'recent_path' extends outside parent 'recent_repo_.' bounds (child_rel=[0.0,28.0], child_size=[528.8,24.0], child_end=[528.8,52.0], parent_size=[528.8,42.8], gap=0.0, start_offset=0.0)
[WARN] Layout wrap: 'recent_path' in parent 'recent_repo_fhclone' - NoWrap set but would overflow (child_size=24.0, offset=28.0, container=42.8)
[WARN] Layout overflow: 'recent_path' extends outside parent 'recent_repo_fhclone' bounds (child_rel=[0.0,28.0], child_size=[528.8,24.0], child_end=[528.8,52.0], parent_size=[528.8,42.8], gap=0.0, start_offset=0.0)
[WARN] Layout wrap: 'recent_path' in parent 'recent_repo_.' - NoWrap set but would overflow (child_size=24.0, offset=28.0, container=42.8)
[WARN] Layout overflow: 'recent_path' extends outside parent 'recent_repo_.' bounds (child_rel=[0.0,28.0], child_size=[528.8,24.0], child_end=[528.8,52.0], parent_size=[528.8,42.8], gap=0.0, start_offset=0.0)
[WARN] Layout wrap: 'recent_path' in parent 'recent_repo_.' - NoWrap set but would overflow (child_size=24.0, offset=28.0, container=42.8)
[WARN] Layout overflow: 'recent_path' extends outside parent 'recent_repo_.' bounds (child_rel=[0.0,28.0], child_size=[528.8,24.0], child_end=[528.8,52.0], parent_size=[528.8,42.8], gap=0.0, start_offset=0.0)
[WARN] Layout wrap: 'recent_path' in parent 'recent_repo_afterhours' - NoWrap set but would overflow (child_size=24.0, offset=28.0, container=42.8)
[WARN] Layout overflow: 'recent_path' extends outside parent 'recent_repo_afterhours' bounds (child_rel=[0.0,28.0], child_size=[528.8,24.0], child_end=[528.8,52.0], parent_size=[528.8,42.8], gap=0.0, start_offset=0.0)
[WARN] Layout wrap: 'recent_path' in parent 'recent_repo_floatinghotel_test_repo' - NoWrap set but would overflow (child_size=24.0, offset=28.0, container=42.8)
[WARN] Layout overflow: 'recent_path' extends outside parent 'recent_repo_floatinghotel_test_repo' bounds (child_rel=[0.0,28.0], child_size=[528.8,24.0], child_end=[528.8,52.0], parent_size=[528.8,42.8], gap=0.0, start_offset=0.0)
[WARN] Layout wrap: 'recent_path' in parent 'recent_repo_fixture_repo' - NoWrap set but would overflow (child_size=24.0, offset=28.0, container=42.8)
[WARN] Layout overflow: 'recent_path' extends outside parent 'recent_repo_fixture_repo' bounds (child_rel=[0.0,28.0], child_size=[528.8,24.0], child_end=[528.8,52.0], parent_size=[528.8,42.8], gap=0.0, start_offset=0.0)
[WARN] Layout wrap: 'recent_path' in parent 'recent_repo_.' - NoWrap set but would overflow (child_size=24.0, offset=28.0, container=42.8)
[WARN] Layout overflow: 'recent_path' extends outside parent 'recent_repo_.' bounds (child_rel=[0.0,28.0], child_size=[528.8,24.0], child_end=[528.8,52.0], parent_size=[528.8,42.8], gap=0.0, start_offset=0.0)
[WARN] Layout wrap: 'recent_path' in parent 'recent_repo_floatinghotel' - NoWrap set but would overflow (child_size=24.0, offset=28.0, container=42.8)
[WARN] Layout overflow: 'recent_path' extends outside parent 'recent_repo_floatinghotel' bounds (child_rel=[0.0,28.0], child_size=[528.8,24.0], child_end=[528.8,52.0], parent_size=[528.8,42.8], gap=0.0, start_offset=0.0)
[WARN] Layout wrap: 'recent_path' in parent 'recent_repo_.' - NoWrap set but would overflow (child_size=24.0, offset=28.0, container=42.8)
[WARN] Layout overflow: 'recent_path' extends outside parent 'recent_repo_.' bounds (child_rel=[0.0,28.0], child_size=[528.8,24.0], child_end=[528.8,52.0], parent_size=[528.8,42.8], gap=0.0, start_offset=0.0)
[WARN] Layout wrap: 'recent_path' in parent 'recent_repo_fhclone' - NoWrap set but would overflow (child_size=24.0, offset=28.0, container=42.8)
[WARN] Layout overflow: 'recent_path' extends outside parent 'recent_repo_fhclone' bounds (child_rel=[0.0,28.0], child_size=[528.8,24.0], child_end=[528.8,52.0], parent_size=[528.8,42.8], gap=0.0, start_offset=0.0)
[WARN] Layout wrap: 'recent_path' in parent 'recent_repo_.' - NoWrap set but would overflow (child_size=24.0, offset=28.0, container=42.8)
[WARN] Layout overflow: 'recent_path' extends outside parent 'recent_repo_.' bounds (child_rel=[0.0,28.0], child_size=[528.8,24.0], child_end=[528.8,52.0], parent_size=[528.8,42.8], gap=0.0, start_offset=0.0)
[WARN] Layout wrap: 'recent_path' in parent 'recent_repo_.' - NoWrap set but would overflow (child_size=24.0, offset=28.0, container=42.8)
[WARN] Layout overflow: 'recent_path' extends outside parent 'recent_repo_.' bounds (child_rel=[0.0,28.0], child_size=[528.8,24.0], child_end=[528.8,52.0], parent_size=[528.8,42.8], gap=0.0, start_offset=0.0)
[WARN] Layout wrap: 'recent_path' in parent 'recent_repo_afterhours' - NoWrap set but would overflow (child_size=24.0, offset=28.0, container=42.8)
[WARN] Layout overflow: 'recent_path' extends outside parent 'recent_repo_afterhours' bounds (child_rel=[0.0,28.0], child_size=[528.8,24.0], child_end=[528.8,52.0], parent_size=[528.8,42.8], gap=0.0, start_offset=0.0)
[WARN] Layout wrap: 'recent_path' in parent 'recent_repo_floatinghotel_test_repo' - NoWrap set but would overflow (child_size=24.0, offset=28.0, container=42.8)
[WARN] Layout overflow: 'recent_path' extends outside parent 'recent_repo_floatinghotel_test_repo' bounds (child_rel=[0.0,28.0], child_size=[528.8,24.0], child_end=[528.8,52.0], parent_size=[528.8,42.8], gap=0.0, start_offset=0.0)
[WARN] Layout wrap: 'recent_path' in parent 'recent_repo_fixture_repo' - NoWrap set but would overflow (child_size=24.0, offset=28.0, container=42.8)
[WARN] Layout overflow: 'recent_path' extends outside parent 'recent_repo_fixture_repo' bounds (child_rel=[0.0,28.0], child_size=[528.8,24.0], child_end=[528.8,52.0], parent_size=[528.8,42.8], gap=0.0, start_offset=0.0)
[WARN] Layout wrap: 'recent_path' in parent 'recent_repo_.' - NoWrap set but would overflow (child_size=24.0, offset=28.0, container=42.8)
[WARN] Layout overflow: 'recent_path' extends outside parent 'recent_repo_.' bounds (child_rel=[0.0,28.0], child_size=[528.8,24.0], child_end=[528.8,52.0], parent_size=[528.8,42.8], gap=0.0, start_offset=0.0)
[WARN] Layout wrap: 'recent_path' in parent 'recent_repo_floatinghotel' - NoWrap set but would overflow (child_size=24.0, offset=28.0, container=42.8)
[WARN] Layout overflow: 'recent_path' extends outside parent 'recent_repo_floatinghotel' bounds (child_rel=[0.0,28.0], child_size=[528.8,24.0], child_end=[528.8,52.0], parent_size=[528.8,42.8], gap=0.0, start_offset=0.0)
[WARN] Layout wrap: 'recent_path' in parent 'recent_repo_.' - NoWrap set but would overflow (child_size=24.0, offset=28.0, container=42.8)
[WARN] Layout overflow: 'recent_path' extends outside parent 'recent_repo_.' bounds (child_rel=[0.0,28.0], child_size=[528.8,24.0], child_end=[528.8,52.0], parent_size=[528.8,42.8], gap=0.0, start_offset=0.0)
[WARN] Layout wrap: 'recent_path' in parent 'recent_repo_fhclone' - NoWrap set but would overflow (child_size=24.0, offset=28.0, container=42.8)
[WARN] Layout overflow: 'recent_path' extends outside parent 'recent_repo_fhclone' bounds (child_rel=[0.0,28.0], child_size=[528.8,24.0], child_end=[528.8,52.0], parent_size=[528.8,42.8], gap=0.0, start_offset=0.0)
[WARN] Layout wrap: 'recent_path' in parent 'recent_repo_.' - NoWrap set but would overflow (child_size=24.0, offset=28.0, container=42.8)
[WARN] Layout overflow: 'recent_path' extends outside parent 'recent_repo_.' bounds (child_rel=[0.0,28.0], child_size=[528.8,24.0], child_end=[528.8,52.0], parent_size=[528.8,42.8], gap=0.0, start_offset=0.0)
[WARN] Layout wrap: 'recent_path' in parent 'recent_repo_.' - NoWrap set but would overflow (child_size=24.0, offset=28.0, container=42.8)
[WARN] Layout overflow: 'recent_path' extends outside parent 'recent_repo_.' bounds (child_rel=[0.0,28.0], child_size=[528.8,24.0], child_end=[528.8,52.0], parent_size=[528.8,42.8], gap=0.0, start_offset=0.0)
[WARN] Layout wrap: 'recent_path' in parent 'recent_repo_afterhours' - NoWrap set but would overflow (child_size=24.0, offset=28.0, container=42.8)
[WARN] Layout overflow: 'recent_path' extends outside parent 'recent_repo_afterhours' bounds (child_rel=[0.0,28.0], child_size=[528.8,24.0], child_end=[528.8,52.0], parent_size=[528.8,42.8], gap=0.0, start_offset=0.0)
[WARN] Layout wrap: 'recent_path' in parent 'recent_repo_floatinghotel_test_repo' - NoWrap set but would overflow (child_size=24.0, offset=28.0, container=42.8)
[WARN] Layout overflow: 'recent_path' extends outside parent 'recent_repo_floatinghotel_test_repo' bounds (child_rel=[0.0,28.0], child_size=[528.8,24.0], child_end=[528.8,52.0], parent_size=[528.8,42.8], gap=0.0, start_offset=0.0)
[WARN] Layout wrap: 'recent_path' in parent 'recent_repo_fixture_repo' - NoWrap set but would overflow (child_size=24.0, offset=28.0, container=42.8)
[WARN] Layout overflow: 'recent_path' extends outside parent 'recent_repo_fixture_repo' bounds (child_rel=[0.0,28.0], child_size=[528.8,24.0], child_end=[528.8,52.0], parent_size=[528.8,42.8], gap=0.0, start_offset=0.0)
[WARN] Layout wrap: 'recent_path' in parent 'recent_repo_.' - NoWrap set but would overflow (child_size=24.0, offset=28.0, container=42.8)
[WARN] Layout overflow: 'recent_path' extends outside parent 'recent_repo_.' bounds (child_rel=[0.0,28.0], child_size=[528.8,24.0], child_end=[528.8,52.0], parent_size=[528.8,42.8], gap=0.0, start_offset=0.0)
[WARN] Layout wrap: 'recent_path' in parent 'recent_repo_floatinghotel' - NoWrap set but would overflow (child_size=24.0, offset=28.0, container=42.8)
[WARN] Layout overflow: 'recent_path' extends outside parent 'recent_repo_floatinghotel' bounds (child_rel=[0.0,28.0], child_size=[528.8,24.0], child_end=[528.8,52.0], parent_size=[528.8,42.8], gap=0.0, start_offset=0.0)
[WARN] Layout wrap: 'recent_path' in parent 'recent_repo_.' - NoWrap set but would overflow (child_size=24.0, offset=28.0, container=42.8)
[WARN] Layout overflow: 'recent_path' extends outside parent 'recent_repo_.' bounds (child_rel=[0.0,28.0], child_size=[528.8,24.0], child_end=[528.8,52.0], parent_size=[528.8,42.8], gap=0.0, start_offset=0.0)
[WARN] Layout wrap: 'recent_path' in parent 'recent_repo_fhclone' - NoWrap set but would overflow (child_size=24.0, offset=28.0, container=42.8)
[WARN] Layout overflow: 'recent_path' extends outside parent 'recent_repo_fhclone' bounds (child_rel=[0.0,28.0], child_size=[528.8,24.0], child_end=[528.8,52.0], parent_size=[528.8,42.8], gap=0.0, start_offset=0.0)
[WARN] Layout wrap: 'recent_path' in parent 'recent_repo_.' - NoWrap set but would overflow (child_size=24.0, offset=28.0, container=42.8)
[WARN] Layout overflow: 'recent_path' extends outside parent 'recent_repo_.' bounds (child_rel=[0.0,28.0], child_size=[528.8,24.0], child_end=[528.8,52.0], parent_size=[528.8,42.8], gap=0.0, start_offset=0.0)
[WARN] Layout wrap: 'recent_path' in parent 'recent_repo_.' - NoWrap set but would overflow (child_size=24.0, offset=28.0, container=42.8)
[WARN] Layout overflow: 'recent_path' extends outside parent 'recent_repo_.' bounds (child_rel=[0.0,28.0], child_size=[528.8,24.0], child_end=[528.8,52.0], parent_size=[528.8,42.8], gap=0.0, start_offset=0.0)
[WARN] Layout wrap: 'recent_path' in parent 'recent_repo_afterhours' - NoWrap set but would overflow (child_size=24.0, offset=28.0, container=42.8)
[WARN] Layout overflow: 'recent_path' extends outside parent 'recent_repo_afterhours' bounds (child_rel=[0.0,28.0], child_size=[528.8,24.0], child_end=[528.8,52.0], parent_size=[528.8,42.8], gap=0.0, start_offset=0.0)
[WARN] Layout wrap: 'recent_path' in parent 'recent_repo_floatinghotel_test_repo' - NoWrap set but would overflow (child_size=24.0, offset=28.0, container=42.8)
[WARN] Layout overflow: 'recent_path' extends outside parent 'recent_repo_floatinghotel_test_repo' bounds (child_rel=[0.0,28.0], child_size=[528.8,24.0], child_end=[528.8,52.0], parent_size=[528.8,42.8], gap=0.0, start_offset=0.0)
[WARN] Layout wrap: 'recent_path' in parent 'recent_repo_fixture_repo' - NoWrap set but would overflow (child_size=24.0, offset=28.0, container=42.8)
[WARN] Layout overflow: 'recent_path' extends outside parent 'recent_repo_fixture_repo' bounds (child_rel=[0.0,28.0], child_size=[528.8,24.0], child_end=[528.8,52.0], parent_size=[528.8,42.8], gap=0.0, start_offset=0.0)
[WARN] Layout wrap: 'recent_path' in parent 'recent_repo_.' - NoWrap set but would overflow (child_size=24.0, offset=28.0, container=42.8)
[WARN] Layout overflow: 'recent_path' extends outside parent 'recent_repo_.' bounds (child_rel=[0.0,28.0], child_size=[528.8,24.0], child_end=[528.8,52.0], parent_size=[528.8,42.8], gap=0.0, start_offset=0.0)
[WARN] Layout wrap: 'recent_path' in parent 'recent_repo_floatinghotel' - NoWrap set but would overflow (child_size=24.0, offset=28.0, container=42.8)
[WARN] Layout overflow: 'recent_path' extends outside parent 'recent_repo_floatinghotel' bounds (child_rel=[0.0,28.0], child_size=[528.8,24.0], child_end=[528.8,52.0], parent_size=[528.8,42.8], gap=0.0, start_offset=0.0)
[WARN] Layout wrap: 'recent_path' in parent 'recent_repo_.' - NoWrap set but would overflow (child_size=24.0, offset=28.0, container=42.8)
[WARN] Layout overflow: 'recent_path' extends outside parent 'recent_repo_.' bounds (child_rel=[0.0,28.0], child_size=[528.8,24.0], child_end=[528.8,52.0], parent_size=[528.8,42.8], gap=0.0, start_offset=0.0)
[WARN] Layout wrap: 'recent_path' in parent 'recent_repo_fhclone' - NoWrap set but would overflow (child_size=24.0, offset=28.0, container=42.8)
[WARN] Layout overflow: 'recent_path' extends outside parent 'recent_repo_fhclone' bounds (child_rel=[0.0,28.0], child_size=[528.8,24.0], child_end=[528.8,52.0], parent_size=[528.8,42.8], gap=0.0, start_offset=0.0)
[WARN] Layout wrap: 'recent_path' in parent 'recent_repo_.' - NoWrap set but would overflow (child_size=24.0, offset=28.0, container=42.8)
[WARN] Layout overflow: 'recent_path' extends outside parent 'recent_repo_.' bounds (child_rel=[0.0,28.0], child_size=[528.8,24.0], child_end=[528.8,52.0], parent_size=[528.8,42.8], gap=0.0, start_offset=0.0)
[WARN] Layout wrap: 'recent_path' in parent 'recent_repo_.' - NoWrap set but would overflow (child_size=24.0, offset=28.0, container=42.8)
[WARN] Layout overflow: 'recent_path' extends outside parent 'recent_repo_.' bounds (child_rel=[0.0,28.0], child_size=[528.8,24.0], child_end=[528.8,52.0], parent_size=[528.8,42.8], gap=0.0, start_offset=0.0)
[WARN] Layout wrap: 'recent_path' in parent 'recent_repo_afterhours' - NoWrap set but would overflow (child_size=24.0, offset=28.0, container=42.8)
[WARN] Layout overflow: 'recent_path' extends outside parent 'recent_repo_afterhours' bounds (child_rel=[0.0,28.0], child_size=[528.8,24.0], child_end=[528.8,52.0], parent_size=[528.8,42.8], gap=0.0, start_offset=0.0)
[WARN] Layout wrap: 'recent_path' in parent 'recent_repo_floatinghotel_test_repo' - NoWrap set but would overflow (child_size=24.0, offset=28.0, container=42.8)
[WARN] Layout overflow: 'recent_path' extends outside parent 'recent_repo_floatinghotel_test_repo' bounds (child_rel=[0.0,28.0], child_size=[528.8,24.0], child_end=[528.8,52.0], parent_size=[528.8,42.8], gap=0.0, start_offset=0.0)
[WARN] Layout wrap: 'recent_path' in parent 'recent_repo_fixture_repo' - NoWrap set but would overflow (child_size=24.0, offset=28.0, container=42.8)
[WARN] Layout overflow: 'recent_path' extends outside parent 'recent_repo_fixture_repo' bounds (child_rel=[0.0,28.0], child_size=[528.8,24.0], child_end=[528.8,52.0], parent_size=[528.8,42.8], gap=0.0, start_offset=0.0)
[WARN] Layout wrap: 'recent_path' in parent 'recent_repo_.' - NoWrap set but would overflow (child_size=24.0, offset=28.0, container=42.8)
[WARN] Layout overflow: 'recent_path' extends outside parent 'recent_repo_.' bounds (child_rel=[0.0,28.0], child_size=[528.8,24.0], child_end=[528.8,52.0], parent_size=[528.8,42.8], gap=0.0, start_offset=0.0)
[WARN] Layout wrap: 'recent_path' in parent 'recent_repo_floatinghotel' - NoWrap set but would overflow (child_size=24.0, offset=28.0, container=42.8)
[WARN] Layout overflow: 'recent_path' extends outside parent 'recent_repo_floatinghotel' bounds (child_rel=[0.0,28.0], child_size=[528.8,24.0], child_end=[528.8,52.0], parent_size=[528.8,42.8], gap=0.0, start_offset=0.0)
[WARN] Layout wrap: 'recent_path' in parent 'recent_repo_.' - NoWrap set but would overflow (child_size=24.0, offset=28.0, container=42.8)
[WARN] Layout overflow: 'recent_path' extends outside parent 'recent_repo_.' bounds (child_rel=[0.0,28.0], child_size=[528.8,24.0], child_end=[528.8,52.0], parent_size=[528.8,42.8], gap=0.0, start_offset=0.0)
[WARN] Layout wrap: 'recent_path' in parent 'recent_repo_fhclone' - NoWrap set but would overflow (child_size=24.0, offset=28.0, container=42.8)
[WARN] Layout overflow: 'recent_path' extends outside parent 'recent_repo_fhclone' bounds (child_rel=[0.0,28.0], child_size=[528.8,24.0], child_end=[528.8,52.0], parent_size=[528.8,42.8], gap=0.0, start_offset=0.0)
[WARN] Layout wrap: 'recent_path' in parent 'recent_repo_.' - NoWrap set but would overflow (child_size=24.0, offset=28.0, container=42.8)
[WARN] Layout overflow: 'recent_path' extends outside parent 'recent_repo_.' bounds (child_rel=[0.0,28.0], child_size=[528.8,24.0], child_end=[528.8,52.0], parent_size=[528.8,42.8], gap=0.0, start_offset=0.0)
[WARN] Layout wrap: 'recent_path' in parent 'recent_repo_.' - NoWrap set but would overflow (child_size=24.0, offset=28.0, container=42.8)
[WARN] Layout overflow: 'recent_path' extends outside parent 'recent_repo_.' bounds (child_rel=[0.0,28.0], child_size=[528.8,24.0], child_end=[528.8,52.0], parent_size=[528.8,42.8], gap=0.0, start_offset=0.0)
[WARN] Layout wrap: 'recent_path' in parent 'recent_repo_afterhours' - NoWrap set but would overflow (child_size=24.0, offset=28.0, container=42.8)
[WARN] Layout overflow: 'recent_path' extends outside parent 'recent_repo_afterhours' bounds (child_rel=[0.0,28.0], child_size=[528.8,24.0], child_end=[528.8,52.0], parent_size=[528.8,42.8], gap=0.0, start_offset=0.0)
[WARN] Layout wrap: 'recent_path' in parent 'recent_repo_floatinghotel_test_repo' - NoWrap set but would overflow (child_size=24.0, offset=28.0, container=42.8)
[WARN] Layout overflow: 'recent_path' extends outside parent 'recent_repo_floatinghotel_test_repo' bounds (child_rel=[0.0,28.0], child_size=[528.8,24.0], child_end=[528.8,52.0], parent_size=[528.8,42.8], gap=0.0, start_offset=0.0)
[WARN] Layout wrap: 'recent_path' in parent 'recent_repo_fixture_repo' - NoWrap set but would overflow (child_size=24.0, offset=28.0, container=42.8)
[WARN] Layout overflow: 'recent_path' extends outside parent 'recent_repo_fixture_repo' bounds (child_rel=[0.0,28.0], child_size=[528.8,24.0], child_end=[528.8,52.0], parent_size=[528.8,42.8], gap=0.0, start_offset=0.0)
[WARN] Layout wrap: 'recent_path' in parent 'recent_repo_.' - NoWrap set but would overflow (child_size=24.0, offset=28.0, container=42.8)
[WARN] Layout overflow: 'recent_path' extends outside parent 'recent_repo_.' bounds (child_rel=[0.0,28.0], child_size=[528.8,24.0], child_end=[528.8,52.0], parent_size=[528.8,42.8], gap=0.0, start_offset=0.0)
[WARN] Layout wrap: 'recent_path' in parent 'recent_repo_floatinghotel' - NoWrap set but would overflow (child_size=24.0, offset=28.0, container=42.8)
[WARN] Layout overflow: 'recent_path' extends outside parent 'recent_repo_floatinghotel' bounds (child_rel=[0.0,28.0], child_size=[528.8,24.0], child_end=[528.8,52.0], parent_size=[528.8,42.8], gap=0.0, start_offset=0.0)
[WARN] Layout wrap: 'recent_path' in parent 'recent_repo_.' - NoWrap set but would overflow (child_size=24.0, offset=28.0, container=42.8)
[WARN] Layout overflow: 'recent_path' extends outside parent 'recent_repo_.' bounds (child_rel=[0.0,28.0], child_size=[528.8,24.0], child_end=[528.8,52.0], parent_size=[528.8,42.8], gap=0.0, start_offset=0.0)
[WARN] Layout wrap: 'recent_path' in parent 'recent_repo_fhclone' - NoWrap set but would overflow (child_size=24.0, offset=28.0, container=42.8)
[WARN] Layout overflow: 'recent_path' extends outside parent 'recent_repo_fhclone' bounds (child_rel=[0.0,28.0], child_size=[528.8,24.0], child_end=[528.8,52.0], parent_size=[528.8,42.8], gap=0.0, start_offset=0.0)
[WARN] Layout wrap: 'recent_path' in parent 'recent_repo_.' - NoWrap set but would overflow (child_size=24.0, offset=28.0, container=42.8)
[WARN] Layout overflow: 'recent_path' extends outside parent 'recent_repo_.' bounds (child_rel=[0.0,28.0], child_size=[528.8,24.0], child_end=[528.8,52.0], parent_size=[528.8,42.8], gap=0.0, start_offset=0.0)
[WARN] Layout wrap: 'recent_path' in parent 'recent_repo_.' - NoWrap set but would overflow (child_size=24.0, offset=28.0, container=42.8)
[WARN] Layout overflow: 'recent_path' extends outside parent 'recent_repo_.' bounds (child_rel=[0.0,28.0], child_size=[528.8,24.0], child_end=[528.8,52.0], parent_size=[528.8,42.8], gap=0.0, start_offset=0.0)
[WARN] Layout wrap: 'recent_path' in parent 'recent_repo_afterhours' - NoWrap set but would overflow (child_size=24.0, offset=28.0, container=42.8)
[WARN] Layout overflow: 'recent_path' extends outside parent 'recent_repo_afterhours' bounds (child_rel=[0.0,28.0], child_size=[528.8,24.0], child_end=[528.8,52.0], parent_size=[528.8,42.8], gap=0.0, start_offset=0.0)
[WARN] Layout wrap: 'recent_path' in parent 'recent_repo_floatinghotel_test_repo' - NoWrap set but would overflow (child_size=24.0, offset=28.0, container=42.8)
[WARN] Layout overflow: 'recent_path' extends outside parent 'recent_repo_floatinghotel_test_repo' bounds (child_rel=[0.0,28.0], child_size=[528.8,24.0], child_end=[528.8,52.0], parent_size=[528.8,42.8], gap=0.0, start_offset=0.0)
[WARN] Layout wrap: 'recent_path' in parent 'recent_repo_fixture_repo' - NoWrap set but would overflow (child_size=24.0, offset=28.0, container=42.8)
[WARN] Layout overflow: 'recent_path' extends outside parent 'recent_repo_fixture_repo' bounds (child_rel=[0.0,28.0], child_size=[528.8,24.0], child_end=[528.8,52.0], parent_size=[528.8,42.8], gap=0.0, start_offset=0.0)
[WARN] Layout wrap: 'recent_path' in parent 'recent_repo_.' - NoWrap set but would overflow (child_size=24.0, offset=28.0, container=42.8)
[WARN] Layout overflow: 'recent_path' extends outside parent 'recent_repo_.' bounds (child_rel=[0.0,28.0], child_size=[528.8,24.0], child_end=[528.8,52.0], parent_size=[528.8,42.8], gap=0.0, start_offset=0.0)
[WARN] Layout wrap: 'recent_path' in parent 'recent_repo_floatinghotel' - NoWrap set but would overflow (child_size=24.0, offset=28.0, container=42.8)
[WARN] Layout overflow: 'recent_path' extends outside parent 'recent_repo_floatinghotel' bounds (child_rel=[0.0,28.0], child_size=[528.8,24.0], child_end=[528.8,52.0], parent_size=[528.8,42.8], gap=0.0, start_offset=0.0)
[WARN] Layout wrap: 'recent_path' in parent 'recent_repo_.' - NoWrap set but would overflow (child_size=24.0, offset=28.0, container=42.8)
[WARN] Layout overflow: 'recent_path' extends outside parent 'recent_repo_.' bounds (child_rel=[0.0,28.0], child_size=[528.8,24.0], child_end=[528.8,52.0], parent_size=[528.8,42.8], gap=0.0, start_offset=0.0)
[WARN] Layout wrap: 'recent_path' in parent 'recent_repo_fhclone' - NoWrap set but would overflow (child_size=24.0, offset=28.0, container=42.8)
[WARN] Layout overflow: 'recent_path' extends outside parent 'recent_repo_fhclone' bounds (child_rel=[0.0,28.0], child_size=[528.8,24.0], child_end=[528.8,52.0], parent_size=[528.8,42.8], gap=0.0, start_offset=0.0)
[WARN] Layout wrap: 'recent_path' in parent 'recent_repo_.' - NoWrap set but would overflow (child_size=24.0, offset=28.0, container=42.8)
[WARN] Layout overflow: 'recent_path' extends outside parent 'recent_repo_.' bounds (child_rel=[0.0,28.0], child_size=[528.8,24.0], child_end=[528.8,52.0], parent_size=[528.8,42.8], gap=0.0, start_offset=0.0)
[WARN] Layout wrap: 'recent_path' in parent 'recent_repo_.' - NoWrap set but would overflow (child_size=24.0, offset=28.0, container=42.8)
[WARN] Layout overflow: 'recent_path' extends outside parent 'recent_repo_.' bounds (child_rel=[0.0,28.0], child_size=[528.8,24.0], child_end=[528.8,52.0], parent_size=[528.8,42.8], gap=0.0, start_offset=0.0)
[WARN] Layout wrap: 'recent_path' in parent 'recent_repo_afterhours' - NoWrap set but would overflow (child_size=24.0, offset=28.0, container=42.8)
[WARN] Layout overflow: 'recent_path' extends outside parent 'recent_repo_afterhours' bounds (child_rel=[0.0,28.0], child_size=[528.8,24.0], child_end=[528.8,52.0], parent_size=[528.8,42.8], gap=0.0, start_offset=0.0)
[WARN] Layout wrap: 'recent_path' in parent 'recent_repo_floatinghotel_test_repo' - NoWrap set but would overflow (child_size=24.0, offset=28.0, container=42.8)
[WARN] Layout overflow: 'recent_path' extends outside parent 'recent_repo_floatinghotel_test_repo' bounds (child_rel=[0.0,28.0], child_size=[528.8,24.0], child_end=[528.8,52.0], parent_size=[528.8,42.8], gap=0.0, start_offset=0.0)
[WARN] Layout wrap: 'recent_path' in parent 'recent_repo_fixture_repo' - NoWrap set but would overflow (child_size=24.0, offset=28.0, container=42.8)
[WARN] Layout overflow: 'recent_path' extends outside parent 'recent_repo_fixture_repo' bounds (child_rel=[0.0,28.0], child_size=[528.8,24.0], child_end=[528.8,52.0], parent_size=[528.8,42.8], gap=0.0, start_offset=0.0)
[WARN] Layout wrap: 'recent_path' in parent 'recent_repo_.' - NoWrap set but would overflow (child_size=24.0, offset=28.0, container=42.8)
[WARN] Layout overflow: 'recent_path' extends outside parent 'recent_repo_.' bounds (child_rel=[0.0,28.0], child_size=[528.8,24.0], child_end=[528.8,52.0], parent_size=[528.8,42.8], gap=0.0, start_offset=0.0)
[WARN] Layout wrap: 'recent_path' in parent 'recent_repo_floatinghotel' - NoWrap set but would overflow (child_size=24.0, offset=28.0, container=42.8)
[WARN] Layout overflow: 'recent_path' extends outside parent 'recent_repo_floatinghotel' bounds (child_rel=[0.0,28.0], child_size=[528.8,24.0], child_end=[528.8,52.0], parent_size=[528.8,42.8], gap=0.0, start_offset=0.0)
[WARN] Layout wrap: 'recent_path' in parent 'recent_repo_.' - NoWrap set but would overflow (child_size=24.0, offset=28.0, container=42.8)
[WARN] Layout overflow: 'recent_path' extends outside parent 'recent_repo_.' bounds (child_rel=[0.0,28.0], child_size=[528.8,24.0], child_end=[528.8,52.0], parent_size=[528.8,42.8], gap=0.0, start_offset=0.0)
[WARN] Layout wrap: 'recent_path' in parent 'recent_repo_fhclone' - NoWrap set but would overflow (child_size=24.0, offset=28.0, container=42.8)
[WARN] Layout overflow: 'recent_path' extends outside parent 'recent_repo_fhclone' bounds (child_rel=[0.0,28.0], child_size=[528.8,24.0], child_end=[528.8,52.0], parent_size=[528.8,42.8], gap=0.0, start_offset=0.0)
[WARN] Layout wrap: 'recent_path' in parent 'recent_repo_.' - NoWrap set but would overflow (child_size=24.0, offset=28.0, container=42.8)
[WARN] Layout overflow: 'recent_path' extends outside parent 'recent_repo_.' bounds (child_rel=[0.0,28.0], child_size=[528.8,24.0], child_end=[528.8,52.0], parent_size=[528.8,42.8], gap=0.0, start_offset=0.0)
[WARN] Layout wrap: 'recent_path' in parent 'recent_repo_.' - NoWrap set but would overflow (child_size=24.0, offset=28.0, container=42.8)
[WARN] Layout overflow: 'recent_path' extends outside parent 'recent_repo_.' bounds (child_rel=[0.0,28.0], child_size=[528.8,24.0], child_end=[528.8,52.0], parent_size=[528.8,42.8], gap=0.0, start_offset=0.0)
[WARN] Layout wrap: 'recent_path' in parent 'recent_repo_afterhours' - NoWrap set but would overflow (child_size=24.0, offset=28.0, container=42.8)
[WARN] Layout overflow: 'recent_path' extends outside parent 'recent_repo_afterhours' bounds (child_rel=[0.0,28.0], child_size=[528.8,24.0], child_end=[528.8,52.0], parent_size=[528.8,42.8], gap=0.0, start_offset=0.0)
[WARN] Layout wrap: 'recent_path' in parent 'recent_repo_floatinghotel_test_repo' - NoWrap set but would overflow (child_size=24.0, offset=28.0, container=42.8)
[WARN] Layout overflow: 'recent_path' extends outside parent 'recent_repo_floatinghotel_test_repo' bounds (child_rel=[0.0,28.0], child_size=[528.8,24.0], child_end=[528.8,52.0], parent_size=[528.8,42.8], gap=0.0, start_offset=0.0)
[WARN] Layout wrap: 'recent_path' in parent 'recent_repo_fixture_repo' - NoWrap set but would overflow (child_size=24.0, offset=28.0, container=42.8)
[WARN] Layout overflow: 'recent_path' extends outside parent 'recent_repo_fixture_repo' bounds (child_rel=[0.0,28.0], child_size=[528.8,24.0], child_end=[528.8,52.0], parent_size=[528.8,42.8], gap=0.0, start_offset=0.0)
[WARN] Layout wrap: 'recent_path' in parent 'recent_repo_.' - NoWrap set but would overflow (child_size=24.0, offset=28.0, container=42.8)
[WARN] Layout overflow: 'recent_path' extends outside parent 'recent_repo_.' bounds (child_rel=[0.0,28.0], child_size=[528.8,24.0], child_end=[528.8,52.0], parent_size=[528.8,42.8], gap=0.0, start_offset=0.0)
[WARN] Layout wrap: 'recent_path' in parent 'recent_repo_floatinghotel' - NoWrap set but would overflow (child_size=24.0, offset=28.0, container=42.8)
[WARN] Layout overflow: 'recent_path' extends outside parent 'recent_repo_floatinghotel' bounds (child_rel=[0.0,28.0], child_size=[528.8,24.0], child_end=[528.8,52.0], parent_size=[528.8,42.8], gap=0.0, start_offset=0.0)
[WARN] Layout wrap: 'recent_path' in parent 'recent_repo_.' - NoWrap set but would overflow (child_size=24.0, offset=28.0, container=42.8)
[WARN] Layout overflow: 'recent_path' extends outside parent 'recent_repo_.' bounds (child_rel=[0.0,28.0], child_size=[528.8,24.0], child_end=[528.8,52.0], parent_size=[528.8,42.8], gap=0.0, start_offset=0.0)
[WARN] Layout wrap: 'recent_path' in parent 'recent_repo_fhclone' - NoWrap set but would overflow (child_size=24.0, offset=28.0, container=42.8)
[WARN] Layout overflow: 'recent_path' extends outside parent 'recent_repo_fhclone' bounds (child_rel=[0.0,28.0], child_size=[528.8,24.0], child_end=[528.8,52.0], parent_size=[528.8,42.8], gap=0.0, start_offset=0.0)
[WARN] Layout wrap: 'recent_path' in parent 'recent_repo_.' - NoWrap set but would overflow (child_size=24.0, offset=28.0, container=42.8)
[WARN] Layout overflow: 'recent_path' extends outside parent 'recent_repo_.' bounds (child_rel=[0.0,28.0], child_size=[528.8,24.0], child_end=[528.8,52.0], parent_size=[528.8,42.8], gap=0.0, start_offset=0.0)
[WARN] Layout wrap: 'recent_path' in parent 'recent_repo_.' - NoWrap set but would overflow (child_size=24.0, offset=28.0, container=42.8)
[WARN] Layout overflow: 'recent_path' extends outside parent 'recent_repo_.' bounds (child_rel=[0.0,28.0], child_size=[528.8,24.0], child_end=[528.8,52.0], parent_size=[528.8,42.8], gap=0.0, start_offset=0.0)
[WARN] Layout wrap: 'recent_path' in parent 'recent_repo_afterhours' - NoWrap set but would overflow (child_size=24.0, offset=28.0, container=42.8)
[WARN] Layout overflow: 'recent_path' extends outside parent 'recent_repo_afterhours' bounds (child_rel=[0.0,28.0], child_size=[528.8,24.0], child_end=[528.8,52.0], parent_size=[528.8,42.8], gap=0.0, start_offset=0.0)
[WARN] Layout wrap: 'recent_path' in parent 'recent_repo_floatinghotel_test_repo' - NoWrap set but would overflow (child_size=24.0, offset=28.0, container=42.8)
[WARN] Layout overflow: 'recent_path' extends outside parent 'recent_repo_floatinghotel_test_repo' bounds (child_rel=[0.0,28.0], child_size=[528.8,24.0], child_end=[528.8,52.0], parent_size=[528.8,42.8], gap=0.0, start_offset=0.0)
[WARN] Layout wrap: 'recent_path' in parent 'recent_repo_fixture_repo' - NoWrap set but would overflow (child_size=24.0, offset=28.0, container=42.8)
[WARN] Layout overflow: 'recent_path' extends outside parent 'recent_repo_fixture_repo' bounds (child_rel=[0.0,28.0], child_size=[528.8,24.0], child_end=[528.8,52.0], parent_size=[528.8,42.8], gap=0.0, start_offset=0.0)
[WARN] Layout wrap: 'recent_path' in parent 'recent_repo_.' - NoWrap set but would overflow (child_size=24.0, offset=28.0, container=42.8)
[WARN] Layout overflow: 'recent_path' extends outside parent 'recent_repo_.' bounds (child_rel=[0.0,28.0], child_size=[528.8,24.0], child_end=[528.8,52.0], parent_size=[528.8,42.8], gap=0.0, start_offset=0.0)
[WARN] Layout wrap: 'recent_path' in parent 'recent_repo_floatinghotel' - NoWrap set but would overflow (child_size=24.0, offset=28.0, container=42.8)
[WARN] Layout overflow: 'recent_path' extends outside parent 'recent_repo_floatinghotel' bounds (child_rel=[0.0,28.0], child_size=[528.8,24.0], child_end=[528.8,52.0], parent_size=[528.8,42.8], gap=0.0, start_offset=0.0)
[WARN] Layout wrap: 'recent_path' in parent 'recent_repo_.' - NoWrap set but would overflow (child_size=24.0, offset=28.0, container=42.8)
[WARN] Layout overflow: 'recent_path' extends outside parent 'recent_repo_.' bounds (child_rel=[0.0,28.0], child_size=[528.8,24.0], child_end=[528.8,52.0], parent_size=[528.8,42.8], gap=0.0, start_offset=0.0)
[WARN] Layout wrap: 'recent_path' in parent 'recent_repo_fhclone' - NoWrap set but would overflow (child_size=24.0, offset=28.0, container=42.8)
[WARN] Layout overflow: 'recent_path' extends outside parent 'recent_repo_fhclone' bounds (child_rel=[0.0,28.0], child_size=[528.8,24.0], child_end=[528.8,52.0], parent_size=[528.8,42.8], gap=0.0, start_offset=0.0)
[WARN] Layout wrap: 'recent_path' in parent 'recent_repo_.' - NoWrap set but would overflow (child_size=24.0, offset=28.0, container=42.8)
[WARN] Layout overflow: 'recent_path' extends outside parent 'recent_repo_.' bounds (child_rel=[0.0,28.0], child_size=[528.8,24.0], child_end=[528.8,52.0], parent_size=[528.8,42.8], gap=0.0, start_offset=0.0)
[WARN] Layout wrap: 'recent_path' in parent 'recent_repo_.' - NoWrap set but would overflow (child_size=24.0, offset=28.0, container=42.8)
[WARN] Layout overflow: 'recent_path' extends outside parent 'recent_repo_.' bounds (child_rel=[0.0,28.0], child_size=[528.8,24.0], child_end=[528.8,52.0], parent_size=[528.8,42.8], gap=0.0, start_offset=0.0)
[WARN] Layout wrap: 'recent_path' in parent 'recent_repo_afterhours' - NoWrap set but would overflow (child_size=24.0, offset=28.0, container=42.8)
[WARN] Layout overflow: 'recent_path' extends outside parent 'recent_repo_afterhours' bounds (child_rel=[0.0,28.0], child_size=[528.8,24.0], child_end=[528.8,52.0], parent_size=[528.8,42.8], gap=0.0, start_offset=0.0)
[WARN] Layout wrap: 'recent_path' in parent 'recent_repo_floatinghotel_test_repo' - NoWrap set but would overflow (child_size=24.0, offset=28.0, container=42.8)
[WARN] Layout overflow: 'recent_path' extends outside parent 'recent_repo_floatinghotel_test_repo' bounds (child_rel=[0.0,28.0], child_size=[528.8,24.0], child_end=[528.8,52.0], parent_size=[528.8,42.8], gap=0.0, start_offset=0.0)
[WARN] Layout wrap: 'recent_path' in parent 'recent_repo_fixture_repo' - NoWrap set but would overflow (child_size=24.0, offset=28.0, container=42.8)
[WARN] Layout overflow: 'recent_path' extends outside parent 'recent_repo_fixture_repo' bounds (child_rel=[0.0,28.0], child_size=[528.8,24.0], child_end=[528.8,52.0], parent_size=[528.8,42.8], gap=0.0, start_offset=0.0)
[WARN] Layout wrap: 'recent_path' in parent 'recent_repo_.' - NoWrap set but would overflow (child_size=24.0, offset=28.0, container=42.8)
[WARN] Layout overflow: 'recent_path' extends outside parent 'recent_repo_.' bounds (child_rel=[0.0,28.0], child_size=[528.8,24.0], child_end=[528.8,52.0], parent_size=[528.8,42.8], gap=0.0, start_offset=0.0)
[WARN] Layout wrap: 'recent_path' in parent 'recent_repo_floatinghotel' - NoWrap set but would overflow (child_size=24.0, offset=28.0, container=42.8)
[WARN] Layout overflow: 'recent_path' extends outside parent 'recent_repo_floatinghotel' bounds (child_rel=[0.0,28.0], child_size=[528.8,24.0], child_end=[528.8,52.0], parent_size=[528.8,42.8], gap=0.0, start_offset=0.0)
[WARN] Layout wrap: 'recent_path' in parent 'recent_repo_.' - NoWrap set but would overflow (child_size=24.0, offset=28.0, container=42.8)
[WARN] Layout overflow: 'recent_path' extends outside parent 'recent_repo_.' bounds (child_rel=[0.0,28.0], child_size=[528.8,24.0], child_end=[528.8,52.0], parent_size=[528.8,42.8], gap=0.0, start_offset=0.0)
[WARN] Layout wrap: 'recent_path' in parent 'recent_repo_fhclone' - NoWrap set but would overflow (child_size=24.0, offset=28.0, container=42.8)
[WARN] Layout overflow: 'recent_path' extends outside parent 'recent_repo_fhclone' bounds (child_rel=[0.0,28.0], child_size=[528.8,24.0], child_end=[528.8,52.0], parent_size=[528.8,42.8], gap=0.0, start_offset=0.0)
[WARN] Layout wrap: 'recent_path' in parent 'recent_repo_.' - NoWrap set but would overflow (child_size=24.0, offset=28.0, container=42.8)
[WARN] Layout overflow: 'recent_path' extends outside parent 'recent_repo_.' bounds (child_rel=[0.0,28.0], child_size=[528.8,24.0], child_end=[528.8,52.0], parent_size=[528.8,42.8], gap=0.0, start_offset=0.0)
[INFO] git: 82 ms (waited 0 ms for lock): git rev-parse
[INFO] commit patch cache hit for abafec07c4261963ccacabcb94504a2dadaf61b3
[INFO] git: 25 ms (waited 0 ms for lock): git ls-tree
[WARN] Layout wrap: 'recent_path' in parent 'recent_repo_.' - NoWrap set but would overflow (child_size=24.0, offset=28.0, container=42.8)
[WARN] Layout overflow: 'recent_path' extends outside parent 'recent_repo_.' bounds (child_rel=[0.0,28.0], child_size=[528.8,24.0], child_end=[528.8,52.0], parent_size=[528.8,42.8], gap=0.0, start_offset=0.0)
[WARN] Layout wrap: 'recent_path' in parent 'recent_repo_afterhours' - NoWrap set but would overflow (child_size=24.0, offset=28.0, container=42.8)
[WARN] Layout overflow: 'recent_path' extends outside parent 'recent_repo_afterhours' bounds (child_rel=[0.0,28.0], child_size=[528.8,24.0], child_end=[528.8,52.0], parent_size=[528.8,42.8], gap=0.0, start_offset=0.0)
[WARN] Layout wrap: 'recent_path' in parent 'recent_repo_floatinghotel_test_repo' - NoWrap set but would overflow (child_size=24.0, offset=28.0, container=42.8)
[WARN] Layout overflow: 'recent_path' extends outside parent 'recent_repo_floatinghotel_test_repo' bounds (child_rel=[0.0,28.0], child_size=[528.8,24.0], child_end=[528.8,52.0], parent_size=[528.8,42.8], gap=0.0, start_offset=0.0)
[WARN] Layout wrap: 'recent_path' in parent 'recent_repo_fixture_repo' - NoWrap set but would overflow (child_size=24.0, offset=28.0, container=42.8)
[WARN] Layout overflow: 'recent_path' extends outside parent 'recent_repo_fixture_repo' bounds (child_rel=[0.0,28.0], child_size=[528.8,24.0], child_end=[528.8,52.0], parent_size=[528.8,42.8], gap=0.0, start_offset=0.0)
[WARN] Layout wrap: 'recent_path' in parent 'recent_repo_.' - NoWrap set but would overflow (child_size=24.0, offset=28.0, container=42.8)
[WARN] Layout overflow: 'recent_path' extends outside parent 'recent_repo_.' bounds (child_rel=[0.0,28.0], child_size=[528.8,24.0], child_end=[528.8,52.0], parent_size=[528.8,42.8], gap=0.0, start_offset=0.0)
[WARN] Layout wrap: 'recent_path' in parent 'recent_repo_floatinghotel' - NoWrap set but would overflow (child_size=24.0, offset=28.0, container=42.8)
[WARN] Layout overflow: 'recent_path' extends outside parent 'recent_repo_floatinghotel' bounds (child_rel=[0.0,28.0], child_size=[528.8,24.0], child_end=[528.8,52.0], parent_size=[528.8,42.8], gap=0.0, start_offset=0.0)
[WARN] Layout wrap: 'recent_path' in parent 'recent_repo_.' - NoWrap set but would overflow (child_size=24.0, offset=28.0, container=42.8)
[WARN] Layout overflow: 'recent_path' extends outside parent 'recent_repo_.' bounds (child_rel=[0.0,28.0], child_size=[528.8,24.0], child_end=[528.8,52.0], parent_size=[528.8,42.8], gap=0.0, start_offset=0.0)
[WARN] Layout wrap: 'recent_path' in parent 'recent_repo_fhclone' - NoWrap set but would overflow (child_size=24.0, offset=28.0, container=42.8)
[WARN] Layout overflow: 'recent_path' extends outside parent 'recent_repo_fhclone' bounds (child_rel=[0.0,28.0], child_size=[528.8,24.0], child_end=[528.8,52.0], parent_size=[528.8,42.8], gap=0.0, start_offset=0.0)
[WARN] Layout wrap: 'recent_path' in parent 'recent_repo_.' - NoWrap set but would overflow (child_size=24.0, offset=28.0, container=42.8)
[WARN] Layout overflow: 'recent_path' extends outside parent 'recent_repo_.' bounds (child_rel=[0.0,28.0], child_size=[528.8,24.0], child_end=[528.8,52.0], parent_size=[528.8,42.8], gap=0.0, start_offset=0.0)
[WARN] Layout wrap: 'recent_path' in parent 'recent_repo_.' - NoWrap set but would overflow (child_size=24.0, offset=28.0, container=42.8)
[WARN] Layout overflow: 'recent_path' extends outside parent 'recent_repo_.' bounds (child_rel=[0.0,28.0], child_size=[528.8,24.0], child_end=[528.8,52.0], parent_size=[528.8,42.8], gap=0.0, start_offset=0.0)
[WARN] Layout wrap: 'recent_path' in parent 'recent_repo_afterhours' - NoWrap set but would overflow (child_size=24.0, offset=28.0, container=42.8)
[WARN] Layout overflow: 'recent_path' extends outside parent 'recent_repo_afterhours' bounds (child_rel=[0.0,28.0], child_size=[528.8,24.0], child_end=[528.8,52.0], parent_size=[528.8,42.8], gap=0.0, start_offset=0.0)
[WARN] Layout wrap: 'recent_path' in parent 'recent_repo_floatinghotel_test_repo' - NoWrap set but would overflow (child_size=24.0, offset=28.0, container=42.8)
[WARN] Layout overflow: 'recent_path' extends outside parent 'recent_repo_floatinghotel_test_repo' bounds (child_rel=[0.0,28.0], child_size=[528.8,24.0], child_end=[528.8,52.0], parent_size=[528.8,42.8], gap=0.0, start_offset=0.0)
[WARN] Layout wrap: 'recent_path' in parent 'recent_repo_fixture_repo' - NoWrap set but would overflow (child_size=24.0, offset=28.0, container=42.8)
[WARN] Layout overflow: 'recent_path' extends outside parent 'recent_repo_fixture_repo' bounds (child_rel=[0.0,28.0], child_size=[528.8,24.0], child_end=[528.8,52.0], parent_size=[528.8,42.8], gap=0.0, start_offset=0.0)
[WARN] Layout wrap: 'recent_path' in parent 'recent_repo_.' - NoWrap set but would overflow (child_size=24.0, offset=28.0, container=42.8)
[WARN] Layout overflow: 'recent_path' extends outside parent 'recent_repo_.' bounds (child_rel=[0.0,28.0], child_size=[528.8,24.0], child_end=[528.8,52.0], parent_size=[528.8,42.8], gap=0.0, start_offset=0.0)
[WARN] Layout wrap: 'recent_path' in parent 'recent_repo_floatinghotel' - NoWrap set but would overflow (child_size=24.0, offset=28.0, container=42.8)
[WARN] Layout overflow: 'recent_path' extends outside parent 'recent_repo_floatinghotel' bounds (child_rel=[0.0,28.0], child_size=[528.8,24.0], child_end=[528.8,52.0], parent_size=[528.8,42.8], gap=0.0, start_offset=0.0)
[WARN] Layout wrap: 'recent_path' in parent 'recent_repo_.' - NoWrap set but would overflow (child_size=24.0, offset=28.0, container=42.8)
[WARN] Layout overflow: 'recent_path' extends outside parent 'recent_repo_.' bounds (child_rel=[0.0,28.0], child_size=[528.8,24.0], child_end=[528.8,52.0], parent_size=[528.8,42.8], gap=0.0, start_offset=0.0)
[WARN] Layout wrap: 'recent_path' in parent 'recent_repo_fhclone' - NoWrap set but would overflow (child_size=24.0, offset=28.0, container=42.8)
[WARN] Layout overflow: 'recent_path' extends outside parent 'recent_repo_fhclone' bounds (child_rel=[0.0,28.0], child_size=[528.8,24.0], child_end=[528.8,52.0], parent_size=[528.8,42.8], gap=0.0, start_offset=0.0)
[WARN] Layout wrap: 'recent_path' in parent 'recent_repo_.' - NoWrap set but would overflow (child_size=24.0, offset=28.0, container=42.8)
[WARN] Layout overflow: 'recent_path' extends outside parent 'recent_repo_.' bounds (child_rel=[0.0,28.0], child_size=[528.8,24.0], child_end=[528.8,52.0], parent_size=[528.8,42.8], gap=0.0, start_offset=0.0)
[WARN] Layout wrap: 'recent_path' in parent 'recent_repo_.' - NoWrap set but would overflow (child_size=24.0, offset=28.0, container=42.8)
[WARN] Layout overflow: 'recent_path' extends outside parent 'recent_repo_.' bounds (child_rel=[0.0,28.0], child_size=[528.8,24.0], child_end=[528.8,52.0], parent_size=[528.8,42.8], gap=0.0, start_offset=0.0)
[WARN] Layout wrap: 'recent_path' in parent 'recent_repo_afterhours' - NoWrap set but would overflow (child_size=24.0, offset=28.0, container=42.8)
[WARN] Layout overflow: 'recent_path' extends outside parent 'recent_repo_afterhours' bounds (child_rel=[0.0,28.0], child_size=[528.8,24.0], child_end=[528.8,52.0], parent_size=[528.8,42.8], gap=0.0, start_offset=0.0)
[WARN] Layout wrap: 'recent_path' in parent 'recent_repo_floatinghotel_test_repo' - NoWrap set but would overflow (child_size=24.0, offset=28.0, container=42.8)
[WARN] Layout overflow: 'recent_path' extends outside parent 'recent_repo_floatinghotel_test_repo' bounds (child_rel=[0.0,28.0], child_size=[528.8,24.0], child_end=[528.8,52.0], parent_size=[528.8,42.8], gap=0.0, start_offset=0.0)
[WARN] Layout wrap: 'recent_path' in parent 'recent_repo_fixture_repo' - NoWrap set but would overflow (child_size=24.0, offset=28.0, container=42.8)
[WARN] Layout overflow: 'recent_path' extends outside parent 'recent_repo_fixture_repo' bounds (child_rel=[0.0,28.0], child_size=[528.8,24.0], child_end=[528.8,52.0], parent_size=[528.8,42.8], gap=0.0, start_offset=0.0)
[WARN] Layout wrap: 'recent_path' in parent 'recent_repo_.' - NoWrap set but would overflow (child_size=24.0, offset=28.0, container=42.8)
[WARN] Layout overflow: 'recent_path' extends outside parent 'recent_repo_.' bounds (child_rel=[0.0,28.0], child_size=[528.8,24.0], child_end=[528.8,52.0], parent_size=[528.8,42.8], gap=0.0, start_offset=0.0)
[WARN] Layout wrap: 'recent_path' in parent 'recent_repo_floatinghotel' - NoWrap set but would overflow (child_size=24.0, offset=28.0, container=42.8)
[WARN] Layout overflow: 'recent_path' extends outside parent 'recent_repo_floatinghotel' bounds (child_rel=[0.0,28.0], child_size=[528.8,24.0], child_end=[528.8,52.0], parent_size=[528.8,42.8], gap=0.0, start_offset=0.0)
[WARN] Layout wrap: 'recent_path' in parent 'recent_repo_.' - NoWrap set but would overflow (child_size=24.0, offset=28.0, container=42.8)
[WARN] Layout overflow: 'recent_path' extends outside parent 'recent_repo_.' bounds (child_rel=[0.0,28.0], child_size=[528.8,24.0], child_end=[528.8,52.0], parent_size=[528.8,42.8], gap=0.0, start_offset=0.0)
[WARN] Layout wrap: 'recent_path' in parent 'recent_repo_fhclone' - NoWrap set but would overflow (child_size=24.0, offset=28.0, container=42.8)
[WARN] Layout overflow: 'recent_path' extends outside parent 'recent_repo_fhclone' bounds (child_rel=[0.0,28.0], child_size=[528.8,24.0], child_end=[528.8,52.0], parent_size=[528.8,42.8], gap=0.0, start_offset=0.0)
[WARN] Layout wrap: 'recent_path' in parent 'recent_repo_.' - NoWrap set but would overflow (child_size=24.0, offset=28.0, container=42.8)
[WARN] Layout overflow: 'recent_path' extends outside parent 'recent_repo_.' bounds (child_rel=[0.0,28.0], child_size=[528.8,24.0], child_end=[528.8,52.0], parent_size=[528.8,42.8], gap=0.0, start_offset=0.0)
[INFO] Reading restore a.cpp line 1 column 1 fraction 0.5962265 target 51.999985 viewport 635.99994 content 4663.198
[INFO] git: 91 ms (waited 0 ms for lock): git rev-parse
[INFO] git: 95 ms (waited 0 ms for lock): git rev-parse
[INFO] git: 108 ms (waited 0 ms for lock): git rev-parse
[INFO] bench_frames: 120 frames, 178 entities: avg 1.51 ms  p50 1.29  p99 3.06  max 4.18
[INFO]     0.32 ms/frame  afterhours::ui::UIPluginRenderBridge<InputAction>
[INFO]     0.31 ms/frame  ecs::MainContentSystem
[INFO]     0.14 ms/frame  afterhours::ui::UIPluginPostUpdateBridge<InputAction>
[INFO]     0.11 ms/frame  ecs::SidebarSystem
[INFO]     0.05 ms/frame  ecs::TabSyncSystem
[INFO]     0.02 ms/frame  afterhours::ui::validation::ValidateComponentContrast
[INFO]     0.02 ms/frame  ecs::MenuBarSystem
[INFO]     0.01 ms/frame  ecs::StatusBarSystem
[INFO] expect_p99_below: 3.06ms <= 20.00ms (PASS)
[INFO] E2E finished in 2.13 seconds
