[INFO] Process start to main: 817 ms
[INFO] Registered singleton 0 for afterhours::files::ProvidesResourcePaths (0)
[INFO] Settings loaded from /Users/gabeochoa/Library/Application Support/floatinghotel/settings.json
[INFO] Pre-graphics init: 5 ms
[INFO]   Window+GPU init: 199 ms
[INFO] Registered singleton 1 for afterhours::input::InputCollector (1)
[INFO] Registered singleton 1 for afterhours::input::ProvidesMaxGamepadID (2)
[INFO] Registered singleton 1 for afterhours::input::ProvidesInputMapping (3)
[INFO] Registered singleton 1 for afterhours::input::ProvidesInputConfig (4)
[WARN] try_load_gamepad_mappings: no backend configured
[INFO] Registered singleton 1 for afterhours::window_manager::ProvidesTargetFPS (5)
[INFO] Registered singleton 1 for afterhours::window_manager::ProvidesCurrentResolution (6)
[INFO] Registered singleton 1 for afterhours::window_manager::ProvidesAvailableWindowResolutions (7)
[INFO] Registered singleton 2 for afterhours::ui::UIContext<InputAction> (8)
[INFO] Registered singleton 2 for afterhours::ui::FontManager (9)
[INFO] Registered singleton 2 for afterhours::ui::TextMeasureCache (10)
[INFO] Registered singleton 2 for afterhours::ui::UIEntityMappingCache (11)
[INFO] Registered singleton 2 for afterhours::ui::DragGroupState (12)
[INFO]   Preload+fonts: 4 ms
[INFO] Registered singleton 6 for afterhours::modal::ModalRoot (28)
[INFO] Registered singleton 7 for afterhours::ui::TooltipState (29)
[INFO]   Systems registration: 0 ms
[INFO] Startup time: 204 ms (from graphics::run to app_init done)
[INFO] [Validation] No UI violations detected
[INFO] git: 194 ms (waited 0 ms for lock): git status
[INFO] refresh: status ready at 194 ms
[INFO] git: 195 ms (waited 0 ms for lock): git ls-files
[INFO] git: 238 ms (waited 0 ms for lock): git log
[INFO] commits loaded: 1 commits, 240 ms after refresh requested, 1299 ms since process start
[INFO] git: 164 ms (waited 0 ms for lock): git branch
[INFO] refresh: branches ready at 361 ms
[INFO] git: 181 ms (waited 0 ms for lock): git diff
[INFO] refresh: diff ready at 376 ms
[INFO] git: 195 ms (waited 0 ms for lock): git diff
[INFO] refresh: done in 435 ms
[INFO] bench_frames: 120 frames, 270 entities: avg 1.49 ms  p50 1.37  p99 2.49  max 3.73
[INFO]     0.53 ms/frame  ecs::MainContentSystem
[INFO]     0.33 ms/frame  afterhours::ui::UIPluginRenderBridge<InputAction>
[INFO]     0.17 ms/frame  afterhours::ui::UIPluginPostUpdateBridge<InputAction>
[INFO]     0.07 ms/frame  ecs::SidebarSystem
[INFO]     0.03 ms/frame  ecs::TabSyncSystem
[INFO]     0.03 ms/frame  afterhours::ui::validation::ValidateComponentContrast
[INFO]     0.01 ms/frame  ecs::MenuBarSystem
[INFO]     0.01 ms/frame  ecs::StatusBarSystem
[INFO] expect_p99_below: 2.49ms <= 20.00ms (PASS)
[INFO] E2E finished in 3.83 seconds
