RUN focus_return
PASS 100%: picker, Find, menus, search preview, feedback, closed document, repository switch
PASS 140%: picker, Find, menus, search preview, feedback, closed document, repository switch
PASS 200%: picker, Find, menus, search preview, feedback, closed document, repository switch
RUN escape_dismissal
PASS 100%: nested dismissal, retained documents, drafts, explicit panel collapse, close shortcut
PASS 140%: nested dismissal, retained documents, drafts, explicit panel collapse, close shortcut
PASS 200%: nested dismissal, retained documents, drafts, explicit panel collapse, close shortcut
RUN shortcut_focus
PASS 100%: text owns editing; reader owns review; hidden controls stay inactive
PASS 140%: text owns editing; reader owns review; hidden controls stay inactive
PASS 200%: text owns editing; reader owns review; hidden controls stay inactive
RUN navigation_regressions
PASS improvement_21_file_picker
PASS improvement_22_repo_search
PASS improvement_24_all_files
PASS improvement_27_commit_search
PASS improvement_35_comment_jump
Traceback (most recent call last):
  File "/Users/gabeochoa/p/floatinghotel/tests/navigation_regressions.py", line 66, in <module>
    main()
    ~~~~^^
  File "/Users/gabeochoa/p/floatinghotel/tests/navigation_regressions.py", line 37, in main
    result = subprocess.run([str(binary), "--test-mode", "--headless",
                             f"--test-script={ROOT / 'tests/e2e_scripts' / (name + '.e2e')}",
                             f"--screenshot-dir={directory}", "--e2e-timeout=90"],
                            cwd=ROOT, env=env, stdout=log, stderr=subprocess.STDOUT, timeout=120)
  File "/opt/homebrew/Cellar/python@3.14/3.14.6/Frameworks/Python.framework/Versions/3.14/lib/python3.14/subprocess.py", line 557, in run
    stdout, stderr = process.communicate(input, timeout=timeout)
                     ~~~~~~~~~~~~~~~~~~~^^^^^^^^^^^^^^^^^^^^^^^^
  File "/opt/homebrew/Cellar/python@3.14/3.14.6/Frameworks/Python.framework/Versions/3.14/lib/python3.14/subprocess.py", line 1221, in communicate
    stdout, stderr = self._communicate(input, endtime, timeout)
                     ~~~~~~~~~~~~~~~~~^^^^^^^^^^^^^^^^^^^^^^^^^
  File "/opt/homebrew/Cellar/python@3.14/3.14.6/Frameworks/Python.framework/Versions/3.14/lib/python3.14/subprocess.py", line 2179, in _communicate
    self.wait(timeout=self._remaining_time(endtime))
    ~~~~~~~~~^^^^^^^^^^^^^^^^^^^^^^^^^^^^^^^^^^^^^^^
  File "/opt/homebrew/Cellar/python@3.14/3.14.6/Frameworks/Python.framework/Versions/3.14/lib/python3.14/subprocess.py", line 1279, in wait
    return self._wait(timeout=timeout)
           ~~~~~~~~~~^^^^^^^^^^^^^^^^^
  File "/opt/homebrew/Cellar/python@3.14/3.14.6/Frameworks/Python.framework/Versions/3.14/lib/python3.14/subprocess.py", line 2076, in _wait
    raise TimeoutExpired(self.args, timeout)
subprocess.TimeoutExpired: Command '['/Users/gabeochoa/p/floatinghotel/output/floatinghotel.exe', '--test-mode', '--headless', '--test-script=/Users/gabeochoa/p/floatinghotel/tests/e2e_scripts/improvement_44_navigation.e2e', '--screenshot-dir=/Users/gabeochoa/p/floatinghotel/output/step27-focuscheck-navigation_regressions/improvement_44_navigation', '--e2e-timeout=90']' timed out after 120 seconds
Traceback (most recent call last):
  File "<stdin>", line 4, in <module>
  File "/opt/homebrew/Cellar/python@3.14/3.14.6/Frameworks/Python.framework/Versions/3.14/lib/python3.14/subprocess.py", line 578, in run
    raise CalledProcessError(retcode, process.args,
                             output=stdout, stderr=stderr)
subprocess.CalledProcessError: Command '['python3', 'tests/navigation_regressions.py', '--output', 'output/step27-focuscheck-navigation_regressions']' returned non-zero exit status 1.
