[INFO] Process start to main: 702 ms
[INFO] Registered singleton 0 for afterhours::files::ProvidesResourcePaths (0)
[INFO] Settings loaded from /Users/gabeochoa/Library/Application Support/floatinghotel/settings.json
[INFO] Pre-graphics init: 66 ms
[INFO]   Window+GPU init: 418 ms
[INFO] Registered singleton 1 for afterhours::input::InputCollector (1)
[INFO] Registered singleton 1 for afterhours::input::ProvidesMaxGamepadID (2)
[INFO] Registered singleton 1 for afterhours::input::ProvidesInputMapping (3)
[INFO] Registered singleton 1 for afterhours::input::ProvidesInputConfig (4)
[WARN] try_load_gamepad_mappings: no backend configured
[INFO] Registered singleton 1 for afterhours::window_manager::ProvidesTargetFPS (5)
[INFO] Registered singleton 1 for afterhours::window_manager::ProvidesCurrentResolution (6)
[INFO] Registered singleton 1 for afterhours::window_manager::ProvidesAvailableWindowResolutions (7)
[INFO] Registered singleton 2 for afterhours::ui::UIContext<InputAction> (8)
[INFO] Registered singleton 2 for afterhours::ui::FontManager (9)
[INFO] Registered singleton 2 for afterhours::ui::TextMeasureCache (10)
[INFO] Registered singleton 2 for afterhours::ui::UIEntityMappingCache (11)
[INFO] Registered singleton 2 for afterhours::ui::DragGroupState (12)
[INFO]   Preload+fonts: 30 ms
[INFO] Registered singleton 6 for afterhours::modal::ModalRoot (28)
[INFO] Registered singleton 7 for afterhours::ui::TooltipState (29)
[INFO]   Systems registration: 0 ms
[INFO] Startup time: 450 ms (from graphics::run to app_init done)
[INFO] [Validation] No UI violations detected
[INFO] git: 157 ms (waited 0 ms for lock): git ls-files
[INFO] git: 167 ms (waited 0 ms for lock): git status
[INFO] refresh: status ready at 167 ms
[INFO] git: 191 ms (waited 0 ms for lock): git log
[INFO] commits loaded: 1 commits, 192 ms after refresh requested, 1533 ms since process start
[INFO] git: 191 ms (waited 0 ms for lock): git diff
[INFO] refresh: diff ready at 349 ms
[INFO] git: 213 ms (waited 0 ms for lock): git branch
[INFO] refresh: branches ready at 382 ms
[INFO] git: 217 ms (waited 0 ms for lock): git diff
[INFO] refresh: done in 410 ms
[INFO] git: 120 ms (waited 0 ms for lock): git grep
[INFO] bench_frames: 120 frames, 162 entities: avg 1.59 ms  p50 1.41  p99 3.77  max 4.82
[INFO]     0.48 ms/frame  afterhours::ui::UIPluginRenderBridge<InputAction>
[INFO]     0.25 ms/frame  ecs::SidebarSystem
[INFO]     0.18 ms/frame  afterhours::ui::UIPluginPostUpdateBridge<InputAction>
[INFO]     0.06 ms/frame  ecs::TabSyncSystem
[INFO]     0.03 ms/frame  ecs::MainContentSystem
[INFO]     0.03 ms/frame  afterhours::ui::validation::ValidateComponentContrast
[INFO]     0.02 ms/frame  ecs::MenuBarSystem
[INFO]     0.01 ms/frame  ecs::TabBarSystem
[INFO] expect_p99_below: 3.77ms <= 20.00ms (PASS)
[INFO] git: 122 ms (waited 0 ms for lock): git grep
[INFO] bench_frames: 120 frames, 157 entities: avg 3.87 ms  p50 3.76  p99 6.79  max 9.02
[INFO]     2.43 ms/frame  ecs::MainContentSystem
[INFO]     0.50 ms/frame  afterhours::ui::UIPluginRenderBridge<InputAction>
[INFO]     0.17 ms/frame  afterhours::ui::UIPluginPostUpdateBridge<InputAction>
[INFO]     0.09 ms/frame  ecs::TabSyncSystem
[INFO]     0.07 ms/frame  ecs::SidebarSystem
[INFO]     0.04 ms/frame  afterhours::ui::validation::ValidateComponentContrast
[INFO]     0.02 ms/frame  ecs::MenuBarSystem
[INFO]     0.02 ms/frame  ecs::StatusBarSystem
[INFO] expect_p99_below: 6.79ms <= 20.00ms (PASS)
[INFO] E2E finished in 0.73 seconds
