[INFO] Process start to main: 34 ms
[INFO] Registered singleton 0 for afterhours::files::ProvidesResourcePaths (0)
[INFO] Settings loaded from /Users/gabeochoa/Library/Application Support/floatinghotel/settings.json
[INFO] Pre-graphics init: 17 ms
[INFO]   Window+GPU init: 184 ms
[INFO] Registered singleton 1 for afterhours::input::InputCollector (1)
[INFO] Registered singleton 1 for afterhours::input::ProvidesMaxGamepadID (2)
[INFO] Registered singleton 1 for afterhours::input::ProvidesInputMapping (3)
[INFO] Registered singleton 1 for afterhours::input::ProvidesInputConfig (4)
[WARN] try_load_gamepad_mappings: no backend configured
[INFO] Registered singleton 1 for afterhours::window_manager::ProvidesTargetFPS (5)
[INFO] Registered singleton 1 for afterhours::window_manager::ProvidesCurrentResolution (6)
[INFO] Registered singleton 1 for afterhours::window_manager::ProvidesAvailableWindowResolutions (7)
[INFO] Registered singleton 2 for afterhours::ui::UIContext<InputAction> (8)
[INFO] Registered singleton 2 for afterhours::ui::FontManager (9)
[INFO] Registered singleton 2 for afterhours::ui::TextMeasureCache (10)
[INFO] Registered singleton 2 for afterhours::ui::UIEntityMappingCache (11)
[INFO] Registered singleton 2 for afterhours::ui::DragGroupState (12)
[INFO]   Preload+fonts: 0 ms
[INFO] Registered singleton 6 for afterhours::modal::ModalRoot (28)
[INFO] Registered singleton 7 for afterhours::ui::TooltipState (29)
[INFO]   Systems registration: 0 ms
[INFO] Startup time: 186 ms (from graphics::run to app_init done)
[INFO] [Validation] No UI violations detected
[INFO] git: 112 ms (waited 0 ms for lock): git log
[INFO] commits loaded: 1 commits, 113 ms after refresh requested, 364 ms since process start
[INFO] git: 170 ms (waited 0 ms for lock): git status
[INFO] refresh: status ready at 172 ms
[INFO] git: 176 ms (waited 0 ms for lock): git ls-files
[INFO] git: 256 ms (waited 0 ms for lock): git diff
[INFO] refresh: diff ready at 370 ms
[INFO] git: 201 ms (waited 0 ms for lock): git branch
[INFO] refresh: branches ready at 374 ms
[INFO] git: 284 ms (waited 0 ms for lock): git diff
[INFO] refresh: done in 461 ms
[INFO] git: 158 ms (waited 0 ms for lock): git rev-parse
[INFO] git: 251 ms (waited 0 ms for lock): git show
[INFO] git: 181 ms (waited 0 ms for lock): git show
[INFO] git: 131 ms (waited 0 ms for lock): git rev-parse
[INFO] git: 129 ms (waited 0 ms for lock): git ls-tree
[INFO] git: 140 ms (waited 0 ms for lock): git rev-parse
[INFO] git: 144 ms (waited 0 ms for lock): git rev-parse
[INFO] git: 140 ms (waited 0 ms for lock): git rev-parse
[INFO] git: 141 ms (waited 0 ms for lock): git cat-file
[INFO] git: 151 ms (waited 0 ms for lock): git ls-tree
[INFO] git: 122 ms (waited 0 ms for lock): git cat-file
[INFO] git: 138 ms (waited 0 ms for lock): git ls-tree
[INFO] bench_frames: 120 frames, 232 entities: avg 2.08 ms  p50 1.86  p99 5.40  max 10.71
[INFO]     0.37 ms/frame  afterhours::ui::UIPluginRenderBridge<InputAction>
[INFO]     0.35 ms/frame  ecs::SidebarSystem
[INFO]     0.20 ms/frame  afterhours::ui::UIPluginPostUpdateBridge<InputAction>
[INFO]     0.20 ms/frame  ecs::MainContentSystem
[INFO]     0.07 ms/frame  ecs::TabSyncSystem
[INFO]     0.03 ms/frame  afterhours::ui::validation::ValidateComponentContrast
[INFO]     0.02 ms/frame  ecs::MenuBarSystem
[INFO]     0.02 ms/frame  ecs::TabBarSystem
[INFO] expect_p99_below: 5.40ms <= 20.00ms (PASS)
[INFO] E2E finished in 2.03 seconds
