[INFO] Process start to main: 35 ms
[INFO] Registered singleton 0 for afterhours::files::ProvidesResourcePaths (0)
[INFO] Settings loaded from /Users/gabeochoa/Library/Application Support/floatinghotel/settings.json
[INFO] Pre-graphics init: 8 ms
[INFO]   Window+GPU init: 211 ms
[INFO] Registered singleton 1 for afterhours::input::InputCollector (1)
[INFO] Registered singleton 1 for afterhours::input::ProvidesMaxGamepadID (2)
[INFO] Registered singleton 1 for afterhours::input::ProvidesInputMapping (3)
[INFO] Registered singleton 1 for afterhours::input::ProvidesInputConfig (4)
[WARN] try_load_gamepad_mappings: no backend configured
[INFO] Registered singleton 1 for afterhours::window_manager::ProvidesTargetFPS (5)
[INFO] Registered singleton 1 for afterhours::window_manager::ProvidesCurrentResolution (6)
[INFO] Registered singleton 1 for afterhours::window_manager::ProvidesAvailableWindowResolutions (7)
[INFO] Registered singleton 2 for afterhours::ui::UIContext<InputAction> (8)
[INFO] Registered singleton 2 for afterhours::ui::FontManager (9)
[INFO] Registered singleton 2 for afterhours::ui::TextMeasureCache (10)
[INFO] Registered singleton 2 for afterhours::ui::UIEntityMappingCache (11)
[INFO] Registered singleton 2 for afterhours::ui::DragGroupState (12)
[INFO]   Preload+fonts: 1 ms
[INFO] Registered singleton 6 for afterhours::modal::ModalRoot (28)
[INFO] Registered singleton 7 for afterhours::ui::TooltipState (29)
[INFO]   Systems registration: 0 ms
[INFO] Startup time: 212 ms (from graphics::run to app_init done)
[INFO] [Validation] No UI violations detected
[INFO] git: 182 ms (waited 0 ms for lock): git ls-files
[INFO] git: 281 ms (waited 0 ms for lock): git status
[INFO] refresh: status ready at 282 ms
[INFO] git: 350 ms (waited 0 ms for lock): git log
[INFO] commits loaded: 3 commits, 351 ms after refresh requested, 623 ms since process start
[INFO] git: 169 ms (waited 0 ms for lock): git diff
[INFO] refresh: diff ready at 353 ms
[INFO] git: 250 ms (waited 0 ms for lock): git branch
[INFO] refresh: branches ready at 532 ms
[INFO] git: 192 ms (waited 0 ms for lock): git diff
[INFO] refresh: done in 544 ms
[INFO] git: 124 ms (waited 0 ms for lock): git rev-parse
[INFO] git: 138 ms (waited 0 ms for lock): git rev-parse
[INFO] git: 263 ms (waited 0 ms for lock): git diff
[INFO] git: 135 ms (waited 0 ms for lock): git rev-parse
[INFO] git: 147 ms (waited 0 ms for lock): git rev-parse
[INFO] git: 171 ms (waited 0 ms for lock): git cat-file
[INFO] git: 231 ms (waited 0 ms for lock): git rev-parse
[INFO] git: 117 ms (waited 0 ms for lock): git ls-tree
[INFO] git: 131 ms (waited 0 ms for lock): git rev-parse
[INFO] git: 157 ms (waited 0 ms for lock): git cat-file
[INFO] git: 133 ms (waited 0 ms for lock): git rev-parse
[INFO] git: 179 ms (waited 0 ms for lock): git grep
[INFO] git: 183 ms (waited 0 ms for lock): git rev-parse
[INFO] git: 123 ms (waited 0 ms for lock): git grep
[INFO] git: 123 ms (waited 0 ms for lock): git rev-parse
[INFO] git: 184 ms (waited 0 ms for lock): git cat-file
[INFO] git: 144 ms (waited 0 ms for lock): git ls-tree
[INFO] git: 126 ms (waited 0 ms for lock): git cat-file
[INFO] git: 124 ms (waited 0 ms for lock): git rev-parse
[INFO] git: 156 ms (waited 0 ms for lock): git rev-parse
[INFO] git: 207 ms (waited 0 ms for lock): git rev-parse
[INFO] git: 150 ms (waited 0 ms for lock): git rev-parse
[INFO] git: 139 ms (waited 0 ms for lock): git rev-parse
[INFO] git: 224 ms (waited 0 ms for lock): git diff
[INFO] git: 116 ms (waited 0 ms for lock): git rev-parse
[INFO] git: 133 ms (waited 0 ms for lock): git rev-parse
[INFO] git: 183 ms (waited 0 ms for lock): git rev-parse
[INFO] bench_frames: 120 frames, 313 entities: avg 2.82 ms  p50 2.58  p99 4.56  max 7.00
[INFO]     0.87 ms/frame  afterhours::ui::UIPluginRenderBridge<InputAction>
[INFO]     0.52 ms/frame  ecs::MainContentSystem
[INFO]     0.29 ms/frame  afterhours::ui::UIPluginPostUpdateBridge<InputAction>
[INFO]     0.24 ms/frame  ecs::SidebarSystem
[INFO]     0.07 ms/frame  ecs::TabSyncSystem
[INFO]     0.06 ms/frame  afterhours::ui::validation::ValidateComponentContrast
[INFO]     0.02 ms/frame  ecs::MenuBarSystem
[INFO]     0.02 ms/frame  afterhours::ui::UIPluginPreUpdateBridge<InputAction>
[INFO] expect_p99_below: 4.56ms <= 20.00ms (PASS)
[INFO] E2E finished in 0.72 seconds
