--- Compiling test_review_target ---
--- Running test_review_target ---
  comparison_target_jump_discards_the_previous_pending_result  OK
  staged_review_draft_restores_its_file_and_index_side         OK
  comparison_loading_does_not_restore_an_unrelated_branch_review OK
  saved_review_target_exits_series_mode_and_discards_its_pending_result OK
  navigation_result_stamp_rejects_each_superseded_identity     OK
  historical_resolution_pins_history_without_creating_a_visit  OK
  reselecting_the_same_destination_keeps_pending_work          OK
  typed_destinations_separate_working_index_historical_and_review OK
  comparison_resolution_updates_the_same_visit_and_ignores_late_results OK
  opening_source_keeps_the_retained_comparisons_review_storage OK
  consuming_a_source_reveal_does_not_restore_a_stale_line_on_activation OK
  comparison_results_from_old_diff_options_are_not_applied     OK
  submitted_comparison_rejects_edited_fields_and_merge_mode    OK
  document_comparison_reload_ignores_unsubmitted_form_edits    OK

14/14 tests passed.

========================================
Results: 1/1 passed, 0 failed, 0 skipped
========================================
