[INFO] Process start to main: 44 ms
[INFO] Registered singleton 0 for afterhours::files::ProvidesResourcePaths (0)
[INFO] Settings loaded from /Users/gabeochoa/p/floatinghotel/output/step29-fixed-restore_tabs/140/settings/settings.json
[INFO] Pre-graphics init: 56 ms
[INFO]   Window+GPU init: 160 ms
[INFO] Registered singleton 1 for afterhours::input::InputCollector (1)
[INFO] Registered singleton 1 for afterhours::input::ProvidesMaxGamepadID (2)
[INFO] Registered singleton 1 for afterhours::input::ProvidesInputMapping (3)
[INFO] Registered singleton 1 for afterhours::input::ProvidesInputConfig (4)
[WARN] try_load_gamepad_mappings: no backend configured
[INFO] Registered singleton 1 for afterhours::window_manager::ProvidesTargetFPS (5)
[INFO] Registered singleton 1 for afterhours::window_manager::ProvidesCurrentResolution (6)
[INFO] Registered singleton 1 for afterhours::window_manager::ProvidesAvailableWindowResolutions (7)
[INFO] Registered singleton 2 for afterhours::ui::UIContext<InputAction> (8)
[INFO] Registered singleton 2 for afterhours::ui::FontManager (9)
[INFO] Registered singleton 2 for afterhours::ui::TextMeasureCache (10)
[INFO] Registered singleton 2 for afterhours::ui::UIEntityMappingCache (11)
[INFO] Registered singleton 2 for afterhours::ui::DragGroupState (12)
[INFO]   Preload+fonts: 0 ms
[INFO] Registered singleton 6 for afterhours::modal::ModalRoot (28)
[INFO] Registered singleton 7 for afterhours::ui::TooltipState (29)
[INFO]   Systems registration: 0 ms
[INFO] Startup time: 161 ms (from graphics::run to app_init done)
[INFO] [Validation] No UI violations detected
[INFO] git: 956 ms (waited 0 ms for lock): git ls-files
[INFO] git: 978 ms (waited 0 ms for lock): git rev-parse
[INFO] git: 996 ms (waited 0 ms for lock): git status
[INFO] refresh: status ready at 997 ms
[INFO] git: 1180 ms (waited 0 ms for lock): git log
[INFO] commits loaded: 2 commits, 1181 ms after refresh requested, 1457 ms since process start
[INFO] git: 213 ms (waited 0 ms for lock): git branch
[INFO] refresh: branches ready at 1210 ms
[INFO] git: 270 ms (waited 0 ms for lock): git diff
[INFO] refresh: diff ready at 1227 ms
[INFO] git: 217 ms (waited 0 ms for lock): git diff
[INFO] refresh: done in 1399 ms
[INFO] E2E finished in 0.10 seconds
