[INFO] Process start to main: 47 ms
[INFO] Registered singleton 0 for afterhours::files::ProvidesResourcePaths (0)
[INFO] Settings loaded from /Users/gabeochoa/Library/Application Support/floatinghotel/settings.json
[INFO] Pre-graphics init: 181 ms
[INFO]   Window+GPU init: 217 ms
[INFO] Registered singleton 1 for afterhours::input::InputCollector (1)
[INFO] Registered singleton 1 for afterhours::input::ProvidesMaxGamepadID (2)
[INFO] Registered singleton 1 for afterhours::input::ProvidesInputMapping (3)
[INFO] Registered singleton 1 for afterhours::input::ProvidesInputConfig (4)
[WARN] try_load_gamepad_mappings: no backend configured
[INFO] Registered singleton 1 for afterhours::window_manager::ProvidesTargetFPS (5)
[INFO] Registered singleton 1 for afterhours::window_manager::ProvidesCurrentResolution (6)
[INFO] Registered singleton 1 for afterhours::window_manager::ProvidesAvailableWindowResolutions (7)
[INFO] Registered singleton 2 for afterhours::ui::UIContext<InputAction> (8)
[INFO] Registered singleton 2 for afterhours::ui::FontManager (9)
[INFO] Registered singleton 2 for afterhours::ui::TextMeasureCache (10)
[INFO] Registered singleton 2 for afterhours::ui::UIEntityMappingCache (11)
[INFO] Registered singleton 2 for afterhours::ui::DragGroupState (12)
[INFO]   Preload+fonts: 1 ms
[INFO] Registered singleton 6 for afterhours::modal::ModalRoot (28)
[INFO] Registered singleton 7 for afterhours::ui::TooltipState (29)
[INFO]   Systems registration: 0 ms
[INFO] Startup time: 219 ms (from graphics::run to app_init done)
[INFO] git: 2779 ms (waited 0 ms for lock): git ls-files
[INFO] git: 3591 ms (waited 0 ms for lock): git log
[INFO] git: 835 ms (waited 0 ms for lock): git diff
[INFO] git: 198 ms (waited 0 ms for lock): git diff
[INFO] git: 225 ms (waited 0 ms for lock): git branch
[INFO] git: 3970 ms (waited 0 ms for lock): git status
[INFO] make_test_repo: switching from '/Users/gabeochoa/p/wm_afterhours/.' to '/tmp/floatinghotel_test_repo'
[INFO] git: 295 ms (waited 0 ms for lock): git status
[INFO] git: 399 ms (waited 0 ms for lock): git log
[INFO] git: 308 ms (waited 0 ms for lock): git diff
[INFO] git: 127 ms (waited 0 ms for lock): git diff
[INFO] git: 105 ms (waited 0 ms for lock): git ls-files
[INFO] git: 117 ms (waited 0 ms for lock): git branch
[INFO] git: 102 ms (waited 0 ms for lock): git rev-parse
[INFO] make_test_repo: done, path=/tmp/floatinghotel_test_repo
[WARN] Layout wrap: 'empty_icon' in parent 'empty_state' - NoWrap set but would overflow (child_size=50.7, offset=0.0, container=0.0)
[WARN] Layout overflow: 'empty_icon' extends outside parent 'empty_state' bounds (child_rel=[-3.5,0.0], child_size=[7.0,50.7], child_end=[3.5,50.7], parent_size=[0.0,0.0], gap=0.0, start_offset=0.0)
[WARN] Layout wrap: 'empty_hint_1' in parent 'empty_state' - NoWrap set but would overflow (child_size=23.0, offset=50.7, container=0.0)
[WARN] Layout overflow: 'empty_hint_1' extends outside parent 'empty_state' bounds (child_rel=[-73.2,50.7], child_size=[146.4,23.0], child_end=[73.2,73.7], parent_size=[0.0,0.0], gap=0.0, start_offset=0.0)
[WARN] Layout wrap: 'empty_hint_2' in parent 'empty_state' - NoWrap set but would overflow (child_size=18.7, offset=73.7, container=0.0)
[WARN] Layout overflow: 'empty_hint_2' extends outside parent 'empty_state' bounds (child_rel=[-50.2,73.7], child_size=[100.4,18.7], child_end=[50.2,92.4], parent_size=[0.0,0.0], gap=0.0, start_offset=0.0)
[WARN] Layout wrap: 'empty_shortcuts' in parent 'empty_state' - NoWrap set but would overflow (child_size=32.7, offset=92.4, container=0.0)
[WARN] Layout overflow: 'empty_shortcuts' extends outside parent 'empty_state' bounds (child_rel=[-118.2,92.4], child_size=[236.4,32.7], child_end=[118.2,125.1], parent_size=[0.0,0.0], gap=0.0, start_offset=0.0)
[INFO] [Validation] No UI violations detected
[WARN] Layout wrap: 'commit_heading' in parent 'main_content' - NoWrap set but would overflow (child_size=84.0, offset=0.0, container=0.0)
[WARN] Layout overflow: 'commit_heading' extends outside parent 'main_content' bounds (child_rel=[0.0,0.0], child_size=[0.0,84.0], child_end=[0.0,84.0], parent_size=[0.0,0.0], gap=0.0, start_offset=0.0)
[WARN] Layout wrap: 'commit_sticky_revision' in parent 'commit_heading' - NoWrap set but would overflow (child_size=123.2, offset=0.0, container=0.0)
[WARN] Layout overflow: 'commit_sticky_revision' extends outside parent 'commit_heading' bounds (child_rel=[0.0,0.0], child_size=[123.2,72.8], child_end=[123.2,72.8], parent_size=[0.0,72.8], gap=0.0, start_offset=0.0)
[WARN] Layout wrap: 'commit_find_host' in parent 'main_content' - NoWrap set but would overflow (child_size=100.8, offset=84.0, container=0.0)
[WARN] Layout overflow: 'commit_find_host' extends outside parent 'main_content' bounds (child_rel=[0.0,84.0], child_size=[0.0,100.8], child_end=[0.0,184.8], parent_size=[0.0,0.0], gap=0.0, start_offset=0.0)
[WARN] Layout wrap: 'commit_detail_scroll' in parent 'main_content' - NoWrap set but would overflow (child_size=0.0, offset=184.8, container=0.0)
[WARN] Layout overflow: 'commit_detail_scroll' extends outside parent 'main_content' bounds (child_rel=[0.0,184.8], child_size=[0.0,0.0], child_end=[0.0,184.8], parent_size=[0.0,0.0], gap=0.0, start_offset=0.0)
[WARN] Layout wrap: 'commit_relative_date' in parent 'commit_meta_compact' - NoWrap set but would overflow (child_size=74.8, offset=8.4, container=0.0)
[WARN] Layout overflow: 'commit_relative_date' extends outside parent 'commit_meta_compact' bounds (child_rel=[8.4,2.8], child_size=[74.8,39.2], child_end=[83.2,42.0], parent_size=[0.0,44.8], gap=8.4, start_offset=0.0)
[WARN] Layout wrap: 'commit_short_hash' in parent 'commit_meta_compact' - NoWrap set but would overflow (child_size=117.6, offset=91.6, container=0.0)
[WARN] Layout overflow: 'commit_short_hash' extends outside parent 'commit_meta_compact' bounds (child_rel=[91.6,2.8], child_size=[117.6,39.2], child_end=[209.2,42.0], parent_size=[0.0,44.8], gap=8.4, start_offset=0.0)
[WARN] Layout wrap: 'commit_meta_toggle' in parent 'commit_meta_compact' - NoWrap set but would overflow (child_size=112.0, offset=217.6, container=0.0)
[WARN] Layout overflow: 'commit_meta_toggle' extends outside parent 'commit_meta_compact' bounds (child_rel=[217.6,2.8], child_size=[112.0,39.2], child_end=[329.6,42.0], parent_size=[0.0,44.8], gap=8.4, start_offset=0.0)
[INFO] git: 112 ms (waited 0 ms for lock): git rev-parse
[INFO] git: 161 ms (waited 0 ms for lock): git show
[INFO] git: 145 ms (waited 0 ms for lock): git show
[INFO] git: 149 ms (waited 0 ms for lock): git rev-parse
[INFO] git: 97 ms (waited 0 ms for lock): git rev-parse
[INFO] git: 124 ms (waited 0 ms for lock): git rev-parse
[INFO] git: 163 ms (waited 0 ms for lock): git rev-parse
[INFO] git: 250 ms (waited 0 ms for lock): git show
[INFO] git: 242 ms (waited 0 ms for lock): git show
[INFO] git: 151 ms (waited 0 ms for lock): git rev-parse
[INFO] git: 160 ms (waited 0 ms for lock): git rev-parse
[INFO] git: 158 ms (waited 0 ms for lock): git rev-parse
[INFO] git: 208 ms (waited 0 ms for lock): git rev-parse
[INFO] git: 187 ms (waited 0 ms for lock): git cat-file
[INFO] git: 192 ms (waited 0 ms for lock): git ls-tree
[INFO] git: 194 ms (waited 0 ms for lock): git cat-file
[INFO] git: 159 ms (waited 0 ms for lock): git ls-tree
[INFO] bench_frames: 120 frames, 259 entities: avg 2.13 ms  p50 2.06  p99 4.03  max 4.58
[INFO]     0.51 ms/frame  afterhours::ui::UIPluginRenderBridge<InputAction>
[INFO]     0.39 ms/frame  ecs::SidebarSystem
[INFO]     0.22 ms/frame  afterhours::ui::UIPluginPostUpdateBridge<InputAction>
[INFO]     0.21 ms/frame  ecs::MainContentSystem
[INFO]     0.06 ms/frame  ecs::TabSyncSystem
[INFO]     0.03 ms/frame  afterhours::ui::validation::ValidateComponentContrast
[INFO]     0.02 ms/frame  ecs::MenuBarSystem
[INFO]     0.02 ms/frame  ui::RenderWrappedTooltip<InputAction>
[INFO] expect_p99_below: 4.03ms <= 20.00ms (PASS)
[INFO] E2E finished in 1.22 seconds
