[INFO] Process start to main: 42 ms
[INFO] Registered singleton 0 for afterhours::files::ProvidesResourcePaths (0)
[INFO] Settings loaded from /Users/gabeochoa/p/floatinghotel/output/step29-fixed-restore_tabs/100/settings/settings.json
[INFO] Pre-graphics init: 344 ms
[INFO]   Window+GPU init: 161 ms
[INFO] Registered singleton 1 for afterhours::input::InputCollector (1)
[INFO] Registered singleton 1 for afterhours::input::ProvidesMaxGamepadID (2)
[INFO] Registered singleton 1 for afterhours::input::ProvidesInputMapping (3)
[INFO] Registered singleton 1 for afterhours::input::ProvidesInputConfig (4)
[WARN] try_load_gamepad_mappings: no backend configured
[INFO] Registered singleton 1 for afterhours::window_manager::ProvidesTargetFPS (5)
[INFO] Registered singleton 1 for afterhours::window_manager::ProvidesCurrentResolution (6)
[INFO] Registered singleton 1 for afterhours::window_manager::ProvidesAvailableWindowResolutions (7)
[INFO] Registered singleton 2 for afterhours::ui::UIContext<InputAction> (8)
[INFO] Registered singleton 2 for afterhours::ui::FontManager (9)
[INFO] Registered singleton 2 for afterhours::ui::TextMeasureCache (10)
[INFO] Registered singleton 2 for afterhours::ui::UIEntityMappingCache (11)
[INFO] Registered singleton 2 for afterhours::ui::DragGroupState (12)
[INFO]   Preload+fonts: 0 ms
[INFO] Registered singleton 6 for afterhours::modal::ModalRoot (28)
[INFO] Registered singleton 7 for afterhours::ui::TooltipState (29)
[INFO]   Systems registration: 0 ms
[INFO] Startup time: 162 ms (from graphics::run to app_init done)
[INFO] [Validation] No UI violations detected
[INFO] git: 203 ms (waited 0 ms for lock): git ls-files
[INFO] git: 232 ms (waited 0 ms for lock): git status
[INFO] refresh: status ready at 233 ms
[INFO] git: 261 ms (waited 0 ms for lock): git log
[INFO] commits loaded: 2 commits, 262 ms after refresh requested, 824 ms since process start
[INFO] git: 273 ms (waited 0 ms for lock): git branch
[INFO] refresh: branches ready at 508 ms
[INFO] git: 247 ms (waited 0 ms for lock): git diff
[INFO] git: 336 ms (waited 0 ms for lock): git diff
[INFO] refresh: diff ready at 543 ms
[INFO] refresh: done in 543 ms
[INFO] git: 137 ms (waited 0 ms for lock): git rev-parse
[INFO] git: 132 ms (waited 0 ms for lock): git cat-file
[INFO] git: 140 ms (waited 0 ms for lock): git ls-tree
[INFO] git: 260 ms (waited 0 ms for lock): git cat-file
[INFO] git: 138 ms (waited 0 ms for lock): git rev-parse
[INFO] git: 132 ms (waited 0 ms for lock): git rev-parse
[INFO] git: 125 ms (waited 0 ms for lock): git rev-parse
[INFO] git: 177 ms (waited 0 ms for lock): git rev-parse
[INFO] git: 248 ms (waited 0 ms for lock): git show
[INFO] git: 233 ms (waited 0 ms for lock): git show
[INFO] bench_frames: 120 frames, 311 entities: avg 7.95 ms  p50 7.65  p99 11.17  max 12.94
[INFO]     4.54 ms/frame  ecs::MainContentSystem
[INFO]     1.04 ms/frame  afterhours::ui::UIPluginRenderBridge<InputAction>
[INFO]     0.49 ms/frame  afterhours::ui::UIPluginPostUpdateBridge<InputAction>
[INFO]     0.33 ms/frame  ecs::SidebarSystem
[INFO]     0.19 ms/frame  ecs::TabSyncSystem
[INFO]     0.11 ms/frame  afterhours::ui::validation::ValidateComponentContrast
[INFO]     0.05 ms/frame  ecs::MenuBarSystem
[INFO]     0.04 ms/frame  afterhours::ui::UIPluginPreUpdateBridge<InputAction>
[INFO] expect_p99_below: 11.17ms <= 20.00ms (PASS)
[INFO] E2E finished in 0.55 seconds
