[INFO] Process start to main: 51 ms
[INFO] Registered singleton 0 for afterhours::files::ProvidesResourcePaths (0)
[INFO] Settings loaded from /Users/gabeochoa/Library/Application Support/floatinghotel/settings.json
[INFO] Pre-graphics init: 18 ms
[INFO]   Window+GPU init: 131 ms
[INFO] Registered singleton 1 for afterhours::input::InputCollector (1)
[INFO] Registered singleton 1 for afterhours::input::ProvidesMaxGamepadID (2)
[INFO] Registered singleton 1 for afterhours::input::ProvidesInputMapping (3)
[INFO] Registered singleton 1 for afterhours::input::ProvidesInputConfig (4)
[WARN] try_load_gamepad_mappings: no backend configured
[INFO] Registered singleton 1 for afterhours::window_manager::ProvidesTargetFPS (5)
[INFO] Registered singleton 1 for afterhours::window_manager::ProvidesCurrentResolution (6)
[INFO] Registered singleton 1 for afterhours::window_manager::ProvidesAvailableWindowResolutions (7)
[INFO] Registered singleton 2 for afterhours::ui::UIContext<InputAction> (8)
[INFO] Registered singleton 2 for afterhours::ui::FontManager (9)
[INFO] Registered singleton 2 for afterhours::ui::TextMeasureCache (10)
[INFO] Registered singleton 2 for afterhours::ui::UIEntityMappingCache (11)
[INFO] Registered singleton 2 for afterhours::ui::DragGroupState (12)
[INFO]   Preload+fonts: 3 ms
[INFO] Registered singleton 6 for afterhours::modal::ModalRoot (28)
[INFO] Registered singleton 7 for afterhours::ui::TooltipState (29)
[INFO]   Systems registration: 2 ms
[INFO] Startup time: 136 ms (from graphics::run to app_init done)
[INFO] [Validation] No UI violations detected
[INFO] git: 228 ms (waited 0 ms for lock): git ls-files
[INFO] git: 284 ms (waited 0 ms for lock): git log
[INFO] commits loaded: 1 commits, 285 ms after refresh requested, 496 ms since process start
[INFO] git: 293 ms (waited 0 ms for lock): git status
[INFO] refresh: status ready at 294 ms
[INFO] git: 311 ms (waited 0 ms for lock): git branch
[INFO] refresh: branches ready at 596 ms
[INFO] git: 309 ms (waited 0 ms for lock): git diff
[INFO] git: 1429 ms (waited 0 ms for lock): git diff
[INFO] refresh: diff ready at 1659 ms
[INFO] refresh: done in 1659 ms
[INFO] git: 382 ms (waited 0 ms for lock): git grep
[INFO] git: 309 ms (waited 0 ms for lock): git grep
[INFO] git: 215 ms (waited 0 ms for lock): git rev-parse
[INFO] git: 223 ms (waited 0 ms for lock): git cat-file
[INFO] git: 176 ms (waited 0 ms for lock): git ls-files
[INFO] git: 189 ms (waited 0 ms for lock): git cat-file
[INFO] E2E finished in 0.35 seconds
[INFO] git: 112 ms (waited 0 ms for lock): git rev-parse
