[INFO] Process start to main: 23 ms
[INFO] Registered singleton 0 for afterhours::files::ProvidesResourcePaths (0)
[INFO] Settings loaded from /Users/gabeochoa/Library/Application Support/floatinghotel/settings.json
[INFO] Pre-graphics init: 6 ms
[INFO]   Window+GPU init: 94 ms
[INFO] Registered singleton 1 for afterhours::input::InputCollector (1)
[INFO] Registered singleton 1 for afterhours::input::ProvidesMaxGamepadID (2)
[INFO] Registered singleton 1 for afterhours::input::ProvidesInputMapping (3)
[INFO] Registered singleton 1 for afterhours::input::ProvidesInputConfig (4)
[WARN] try_load_gamepad_mappings: no backend configured
[INFO] Registered singleton 1 for afterhours::window_manager::ProvidesTargetFPS (5)
[INFO] Registered singleton 1 for afterhours::window_manager::ProvidesCurrentResolution (6)
[INFO] Registered singleton 1 for afterhours::window_manager::ProvidesAvailableWindowResolutions (7)
[INFO] Registered singleton 2 for afterhours::ui::UIContext<InputAction> (8)
[INFO] Registered singleton 2 for afterhours::ui::FontManager (9)
[INFO] Registered singleton 2 for afterhours::ui::TextMeasureCache (10)
[INFO] Registered singleton 2 for afterhours::ui::UIEntityMappingCache (11)
[INFO] Registered singleton 2 for afterhours::ui::DragGroupState (12)
[INFO]   Preload+fonts: 0 ms
[INFO] Registered singleton 6 for afterhours::modal::ModalRoot (28)
[INFO] Registered singleton 7 for afterhours::ui::TooltipState (29)
[INFO]   Systems registration: 0 ms
[INFO] Startup time: 95 ms (from graphics::run to app_init done)
[INFO] [Validation] No UI violations detected
[INFO] git: 69 ms (waited 0 ms for lock): git ls-files
[INFO] git: 71 ms (waited 0 ms for lock): git status
[INFO] refresh: status ready at 71 ms
[INFO] git: 71 ms (waited 0 ms for lock): git log
[INFO] commits loaded: 1 commits, 72 ms after refresh requested, 205 ms since process start
[INFO] git: 144 ms (waited 0 ms for lock): git diff
[INFO] refresh: diff ready at 214 ms
[INFO] git: 152 ms (waited 0 ms for lock): git diff
[INFO] git: 155 ms (waited 3 ms for lock): git branch
[INFO] refresh: branches ready at 230 ms
[INFO] refresh: done in 230 ms
[WARN] Layout wrap: 'commit_heading' in parent 'main_content' - NoWrap set but would overflow (child_size=60.0, offset=0.0, container=0.0)
[WARN] Layout overflow: 'commit_heading' extends outside parent 'main_content' bounds (child_rel=[0.0,0.0], child_size=[0.0,60.0], child_end=[0.0,60.0], parent_size=[0.0,0.0], gap=0.0, start_offset=0.0)
[WARN] Layout wrap: 'commit_sticky_revision' in parent 'commit_heading' - NoWrap set but would overflow (child_size=88.0, offset=0.0, container=0.0)
[WARN] Layout overflow: 'commit_sticky_revision' extends outside parent 'commit_heading' bounds (child_rel=[0.0,0.0], child_size=[88.0,52.0], child_end=[88.0,52.0], parent_size=[0.0,52.0], gap=0.0, start_offset=0.0)
[WARN] Layout wrap: 'commit_find_host' in parent 'main_content' - NoWrap set but would overflow (child_size=72.0, offset=60.0, container=0.0)
[WARN] Layout overflow: 'commit_find_host' extends outside parent 'main_content' bounds (child_rel=[0.0,60.0], child_size=[0.0,72.0], child_end=[0.0,132.0], parent_size=[0.0,0.0], gap=0.0, start_offset=0.0)
[WARN] Layout wrap: 'commit_detail_scroll' in parent 'main_content' - NoWrap set but would overflow (child_size=0.0, offset=132.0, container=0.0)
[WARN] Layout overflow: 'commit_detail_scroll' extends outside parent 'main_content' bounds (child_rel=[0.0,132.0], child_size=[0.0,0.0], child_end=[0.0,132.0], parent_size=[0.0,0.0], gap=0.0, start_offset=0.0)
[WARN] Layout wrap: 'commit_relative_date' in parent 'commit_meta_compact' - NoWrap set but would overflow (child_size=54.0, offset=6.0, container=0.0)
[WARN] Layout overflow: 'commit_relative_date' extends outside parent 'commit_meta_compact' bounds (child_rel=[6.0,2.0], child_size=[54.0,28.0], child_end=[60.0,30.0], parent_size=[0.0,32.0], gap=6.0, start_offset=0.0)
[WARN] Layout wrap: 'commit_short_hash' in parent 'commit_meta_compact' - NoWrap set but would overflow (child_size=84.0, offset=66.0, container=0.0)
[WARN] Layout overflow: 'commit_short_hash' extends outside parent 'commit_meta_compact' bounds (child_rel=[66.0,2.0], child_size=[84.0,28.0], child_end=[150.0,30.0], parent_size=[0.0,32.0], gap=6.0, start_offset=0.0)
[WARN] Layout wrap: 'commit_meta_toggle' in parent 'commit_meta_compact' - NoWrap set but would overflow (child_size=80.0, offset=156.0, container=0.0)
[WARN] Layout overflow: 'commit_meta_toggle' extends outside parent 'commit_meta_compact' bounds (child_rel=[156.0,2.0], child_size=[80.0,28.0], child_end=[236.0,30.0], parent_size=[0.0,32.0], gap=6.0, start_offset=0.0)
[INFO] git: 122 ms (waited 0 ms for lock): git rev-parse
[INFO] git: 97 ms (waited 0 ms for lock): git show
[INFO] git: 140 ms (waited 0 ms for lock): git show
[INFO] git: 86 ms (waited 0 ms for lock): git rev-parse
[INFO] git: 70 ms (waited 0 ms for lock): git rev-parse
[INFO] git: 92 ms (waited 0 ms for lock): git rev-parse
[INFO] git: 93 ms (waited 0 ms for lock): git ls-tree
[INFO] git: 117 ms (waited 0 ms for lock): git rev-parse
[INFO] git: 101 ms (waited 0 ms for lock): git cat-file
[INFO] git: 112 ms (waited 0 ms for lock): git ls-tree
[INFO] git: 130 ms (waited 1 ms for lock): git cat-file
[INFO] git: 94 ms (waited 0 ms for lock): git ls-tree
[INFO] git: 83 ms (waited 0 ms for lock): git rev-parse
[INFO] git: 98 ms (waited 0 ms for lock): git grep
[INFO] git: 90 ms (waited 0 ms for lock): git rev-parse
[INFO] git: 92 ms (waited 0 ms for lock): git cat-file
[INFO] git: 28 ms (waited 0 ms for lock): git cat-file
[INFO] git: 92 ms (waited 0 ms for lock): git rev-parse
[INFO] git: 112 ms (waited 0 ms for lock): git cat-file
[INFO] git: 108 ms (waited 0 ms for lock): git ls-tree
[INFO] git: 88 ms (waited 0 ms for lock): git cat-file
[INFO] git: 100 ms (waited 0 ms for lock): git rev-parse
[INFO] git: 67 ms (waited 0 ms for lock): git rev-parse
[INFO] git: 75 ms (waited 0 ms for lock): git rev-parse
[WARN] Layout wrap: 'commit_heading' in parent 'main_content' - NoWrap set but would overflow (child_size=60.0, offset=0.0, container=0.0)
[WARN] Layout overflow: 'commit_heading' extends outside parent 'main_content' bounds (child_rel=[0.0,0.0], child_size=[0.0,60.0], child_end=[0.0,60.0], parent_size=[0.0,0.0], gap=0.0, start_offset=0.0)
[WARN] Layout wrap: 'commit_sticky_revision' in parent 'commit_heading' - NoWrap set but would overflow (child_size=88.0, offset=0.0, container=0.0)
[WARN] Layout overflow: 'commit_sticky_revision' extends outside parent 'commit_heading' bounds (child_rel=[0.0,0.0], child_size=[88.0,52.0], child_end=[88.0,52.0], parent_size=[0.0,52.0], gap=0.0, start_offset=0.0)
[WARN] Layout wrap: 'commit_find_host' in parent 'main_content' - NoWrap set but would overflow (child_size=72.0, offset=60.0, container=0.0)
[WARN] Layout overflow: 'commit_find_host' extends outside parent 'main_content' bounds (child_rel=[0.0,60.0], child_size=[0.0,72.0], child_end=[0.0,132.0], parent_size=[0.0,0.0], gap=0.0, start_offset=0.0)
[WARN] Layout wrap: 'commit_detail_scroll' in parent 'main_content' - NoWrap set but would overflow (child_size=0.0, offset=132.0, container=0.0)
[WARN] Layout overflow: 'commit_detail_scroll' extends outside parent 'main_content' bounds (child_rel=[0.0,132.0], child_size=[0.0,0.0], child_end=[0.0,132.0], parent_size=[0.0,0.0], gap=0.0, start_offset=0.0)
[WARN] Layout wrap: 'commit_relative_date' in parent 'commit_meta_compact' - NoWrap set but would overflow (child_size=54.0, offset=6.0, container=0.0)
[WARN] Layout overflow: 'commit_relative_date' extends outside parent 'commit_meta_compact' bounds (child_rel=[6.0,2.0], child_size=[54.0,28.0], child_end=[60.0,30.0], parent_size=[0.0,32.0], gap=6.0, start_offset=0.0)
[WARN] Layout wrap: 'commit_short_hash' in parent 'commit_meta_compact' - NoWrap set but would overflow (child_size=84.0, offset=66.0, container=0.0)
[WARN] Layout overflow: 'commit_short_hash' extends outside parent 'commit_meta_compact' bounds (child_rel=[66.0,2.0], child_size=[84.0,28.0], child_end=[150.0,30.0], parent_size=[0.0,32.0], gap=6.0, start_offset=0.0)
[WARN] Layout wrap: 'commit_meta_toggle' in parent 'commit_meta_compact' - NoWrap set but would overflow (child_size=80.0, offset=156.0, container=0.0)
[WARN] Layout overflow: 'commit_meta_toggle' extends outside parent 'commit_meta_compact' bounds (child_rel=[156.0,2.0], child_size=[80.0,28.0], child_end=[236.0,30.0], parent_size=[0.0,32.0], gap=6.0, start_offset=0.0)
[INFO] git: 83 ms (waited 0 ms for lock): git rev-parse
[INFO] commit patch cache hit for ef10b60cbcf59688405d078a3ad3d93c80998a18
[INFO] git: 74 ms (waited 0 ms for lock): git rev-parse
[INFO] git: 135 ms (waited 0 ms for lock): git rev-parse
[INFO] git: 116 ms (waited 0 ms for lock): git diff
[INFO] git: 24 ms (waited 0 ms for lock): git rev-parse
[INFO] git: 74 ms (waited 0 ms for lock): git rev-parse
[INFO] commit patch cache hit for ef10b60cbcf59688405d078a3ad3d93c80998a18
[INFO] git: 85 ms (waited 0 ms for lock): git rev-parse
[INFO] git: 94 ms (waited 0 ms for lock): git cat-file
[INFO] bench_frames: 120 frames, 117 entities: avg 0.82 ms  p50 0.77  p99 1.38  max 1.79
[INFO]     0.17 ms/frame  afterhours::ui::UIPluginRenderBridge<InputAction>
[INFO]     0.09 ms/frame  ecs::SidebarSystem
[INFO]     0.08 ms/frame  afterhours::ui::UIPluginPostUpdateBridge<InputAction>
[INFO]     0.05 ms/frame  ecs::MainContentSystem
[INFO]     0.03 ms/frame  ecs::TabSyncSystem
[INFO]     0.02 ms/frame  ui::RenderWrappedTooltip<InputAction>
[INFO]     0.01 ms/frame  afterhours::ui::validation::ValidateComponentContrast
[INFO]     0.01 ms/frame  ecs::MenuBarSystem
[INFO] expect_p99_below: 1.38ms <= 20.00ms (PASS)
[INFO] E2E finished in 3.03 seconds
[INFO] git: 78 ms (waited 0 ms for lock): git ls-tree
