[INFO] Process start to main: 33 ms
[INFO] Registered singleton 0 for afterhours::files::ProvidesResourcePaths (0)
[INFO] Settings loaded from /Users/gabeochoa/Library/Application Support/floatinghotel/settings.json
[INFO] Pre-graphics init: 9 ms
[INFO]   Window+GPU init: 143 ms
[INFO] Registered singleton 1 for afterhours::input::InputCollector (1)
[INFO] Registered singleton 1 for afterhours::input::ProvidesMaxGamepadID (2)
[INFO] Registered singleton 1 for afterhours::input::ProvidesInputMapping (3)
[INFO] Registered singleton 1 for afterhours::input::ProvidesInputConfig (4)
[WARN] try_load_gamepad_mappings: no backend configured
[INFO] Registered singleton 1 for afterhours::window_manager::ProvidesTargetFPS (5)
[INFO] Registered singleton 1 for afterhours::window_manager::ProvidesCurrentResolution (6)
[INFO] Registered singleton 1 for afterhours::window_manager::ProvidesAvailableWindowResolutions (7)
[INFO] Registered singleton 2 for afterhours::ui::UIContext<InputAction> (8)
[INFO] Registered singleton 2 for afterhours::ui::FontManager (9)
[INFO] Registered singleton 2 for afterhours::ui::TextMeasureCache (10)
[INFO] Registered singleton 2 for afterhours::ui::UIEntityMappingCache (11)
[INFO] Registered singleton 2 for afterhours::ui::DragGroupState (12)
[INFO]   Preload+fonts: 0 ms
[INFO] Registered singleton 6 for afterhours::modal::ModalRoot (28)
[INFO] Registered singleton 7 for afterhours::ui::TooltipState (29)
[INFO]   Systems registration: 0 ms
[INFO] Startup time: 145 ms (from graphics::run to app_init done)
[INFO] [Validation] No UI violations detected
[INFO] git: 99 ms (waited 0 ms for lock): git status
[INFO] git: 99 ms (waited 0 ms for lock): git ls-files
[INFO] refresh: status ready at 99 ms
[INFO] git: 114 ms (waited 0 ms for lock): git log
[INFO] commits loaded: 1 commits, 115 ms after refresh requested, 314 ms since process start
[INFO] git: 160 ms (waited 0 ms for lock): git branch
[INFO] refresh: branches ready at 260 ms
[INFO] git: 173 ms (waited 0 ms for lock): git diff
[INFO] refresh: diff ready at 273 ms
[INFO] git: 243 ms (waited 0 ms for lock): git diff
[INFO] refresh: done in 358 ms
[WARN] Layout wrap: 'commit_heading' in parent 'main_content' - NoWrap set but would overflow (child_size=120.0, offset=0.0, container=0.0)
[WARN] Layout overflow: 'commit_heading' extends outside parent 'main_content' bounds (child_rel=[0.0,0.0], child_size=[0.0,120.0], child_end=[0.0,120.0], parent_size=[0.0,0.0], gap=0.0, start_offset=0.0)
[WARN] Layout wrap: 'commit_sticky_revision' in parent 'commit_heading' - NoWrap set but would overflow (child_size=176.0, offset=0.0, container=0.0)
[WARN] Layout overflow: 'commit_sticky_revision' extends outside parent 'commit_heading' bounds (child_rel=[0.0,0.0], child_size=[176.0,104.0], child_end=[176.0,104.0], parent_size=[0.0,104.0], gap=0.0, start_offset=0.0)
[WARN] Layout wrap: 'commit_find_host' in parent 'main_content' - NoWrap set but would overflow (child_size=144.0, offset=120.0, container=0.0)
[WARN] Layout overflow: 'commit_find_host' extends outside parent 'main_content' bounds (child_rel=[0.0,120.0], child_size=[0.0,144.0], child_end=[0.0,264.0], parent_size=[0.0,0.0], gap=0.0, start_offset=0.0)
[WARN] Layout wrap: 'commit_detail_scroll' in parent 'main_content' - NoWrap set but would overflow (child_size=0.0, offset=264.0, container=0.0)
[WARN] Layout overflow: 'commit_detail_scroll' extends outside parent 'main_content' bounds (child_rel=[0.0,264.0], child_size=[0.0,0.0], child_end=[0.0,264.0], parent_size=[0.0,0.0], gap=0.0, start_offset=0.0)
[WARN] Layout wrap: 'commit_relative_date' in parent 'commit_meta_compact' - NoWrap set but would overflow (child_size=120.0, offset=12.0, container=0.0)
[WARN] Layout overflow: 'commit_relative_date' extends outside parent 'commit_meta_compact' bounds (child_rel=[12.0,4.0], child_size=[120.0,56.0], child_end=[132.0,60.0], parent_size=[0.0,64.0], gap=12.0, start_offset=0.0)
[WARN] Layout wrap: 'commit_short_hash' in parent 'commit_meta_compact' - NoWrap set but would overflow (child_size=168.0, offset=144.0, container=0.0)
[WARN] Layout overflow: 'commit_short_hash' extends outside parent 'commit_meta_compact' bounds (child_rel=[144.0,4.0], child_size=[168.0,56.0], child_end=[312.0,60.0], parent_size=[0.0,64.0], gap=12.0, start_offset=0.0)
[WARN] Layout wrap: 'commit_meta_toggle' in parent 'commit_meta_compact' - NoWrap set but would overflow (child_size=160.0, offset=324.0, container=0.0)
[WARN] Layout overflow: 'commit_meta_toggle' extends outside parent 'commit_meta_compact' bounds (child_rel=[324.0,4.0], child_size=[160.0,56.0], child_end=[484.0,60.0], parent_size=[0.0,64.0], gap=12.0, start_offset=0.0)
[INFO] git: 105 ms (waited 0 ms for lock): git rev-parse
[INFO] git: 129 ms (waited 0 ms for lock): git show
[INFO] git: 119 ms (waited 0 ms for lock): git show
[INFO] git: 99 ms (waited 0 ms for lock): git rev-parse
[INFO] git: 109 ms (waited 0 ms for lock): git rev-parse
[INFO] git: 86 ms (waited 0 ms for lock): git rev-parse
[INFO] Reading restore a.cpp line 1 column 295 fraction 0.13731351 target 664 viewport 535.99994 content 84257.234
[INFO] Reading restore b.cpp line 1 column 253 fraction 0.2283552 target 28611.088 viewport 535.99994 content 84257.234
[INFO] Reading restore a.cpp line 1 column 295 fraction 0.13731351 target 664 viewport 535.99994 content 84257.234
[INFO] git: 62 ms (waited 0 ms for lock): git ls-tree
[INFO] git: 72 ms (waited 0 ms for lock): git rev-parse
[INFO] git: 93 ms (waited 0 ms for lock): git cat-file
[INFO] git: 92 ms (waited 0 ms for lock): git ls-tree
[INFO] git: 89 ms (waited 0 ms for lock): git cat-file
[INFO] git: 87 ms (waited 0 ms for lock): git ls-tree
[INFO] git: 95 ms (waited 0 ms for lock): git rev-parse
[INFO] git: 120 ms (waited 0 ms for lock): git cat-file
[INFO] git: 115 ms (waited 0 ms for lock): git ls-tree
[INFO] git: 115 ms (waited 0 ms for lock): git cat-file
[INFO] git: 80 ms (waited 0 ms for lock): git rev-parse
[INFO] git: 106 ms (waited 0 ms for lock): git cat-file
[INFO] git: 115 ms (waited 0 ms for lock): git ls-tree
[INFO] git: 105 ms (waited 0 ms for lock): git cat-file
[INFO] Reading restore a.cpp line 2 column 101 fraction 0.13734965 target 600 viewport 664 content 26291.121
[INFO] git: 85 ms (waited 0 ms for lock): git rev-parse
[INFO] git: 174 ms (waited 0 ms for lock): git cat-file
[INFO] git: 130 ms (waited 0 ms for lock): git ls-tree
[INFO] git: 134 ms (waited 0 ms for lock): git cat-file
[INFO] Reading restore c.cpp line 2 column 1 fraction 0.13373515 target 500.00003 viewport 664 content 26291.12
[INFO] git: 99 ms (waited 0 ms for lock): git rev-parse
[INFO] git: 117 ms (waited 0 ms for lock): git cat-file
[INFO] git: 118 ms (waited 0 ms for lock): git ls-tree
[INFO] blob page cache hit for b58e90887f9558495f4f1efaad8c714f2eb83b52
[INFO] Reading restore a.cpp line 2 column 101 fraction 0.13734965 target 600 viewport 664 content 26291.121
[INFO] git: 116 ms (waited 0 ms for lock): git ls-tree
[INFO] git: 95 ms (waited 0 ms for lock): git rev-parse
[INFO] git: 79 ms (waited 0 ms for lock): git cat-file
[INFO] git: 95 ms (waited 0 ms for lock): git ls-tree
[INFO] git: 103 ms (waited 0 ms for lock): git cat-file
[INFO] bench_frames: 120 frames, 190 entities: avg 1.14 ms  p50 1.10  p99 1.65  max 2.19
[INFO]     0.45 ms/frame  ecs::MainContentSystem
[INFO]     0.24 ms/frame  afterhours::ui::UIPluginRenderBridge<InputAction>
[INFO]     0.08 ms/frame  ecs::SidebarSystem
[INFO]     0.08 ms/frame  afterhours::ui::UIPluginPostUpdateBridge<InputAction>
[INFO]     0.02 ms/frame  ecs::TabSyncSystem
[INFO]     0.02 ms/frame  afterhours::ui::validation::ValidateComponentContrast
[INFO]     0.01 ms/frame  ecs::StatusBarSystem
[INFO]     0.01 ms/frame  ecs::MenuBarSystem
[INFO] expect_p99_below: 1.65ms <= 20.00ms (PASS)
[INFO] E2E finished in 1.83 seconds
