[INFO] Process start to main: 39 ms
[INFO] Registered singleton 0 for afterhours::files::ProvidesResourcePaths (0)
[INFO] Settings loaded from /Users/gabeochoa/Library/Application Support/floatinghotel/settings.json
[INFO] Pre-graphics init: 7 ms
[INFO]   Window+GPU init: 253 ms
[INFO] Registered singleton 1 for afterhours::input::InputCollector (1)
[INFO] Registered singleton 1 for afterhours::input::ProvidesMaxGamepadID (2)
[INFO] Registered singleton 1 for afterhours::input::ProvidesInputMapping (3)
[INFO] Registered singleton 1 for afterhours::input::ProvidesInputConfig (4)
[WARN] try_load_gamepad_mappings: no backend configured
[INFO] Registered singleton 1 for afterhours::window_manager::ProvidesTargetFPS (5)
[INFO] Registered singleton 1 for afterhours::window_manager::ProvidesCurrentResolution (6)
[INFO] Registered singleton 1 for afterhours::window_manager::ProvidesAvailableWindowResolutions (7)
[INFO] Registered singleton 2 for afterhours::ui::UIContext<InputAction> (8)
[INFO] Registered singleton 2 for afterhours::ui::FontManager (9)
[INFO] Registered singleton 2 for afterhours::ui::TextMeasureCache (10)
[INFO] Registered singleton 2 for afterhours::ui::UIEntityMappingCache (11)
[INFO] Registered singleton 2 for afterhours::ui::DragGroupState (12)
[INFO]   Preload+fonts: 0 ms
[INFO] Registered singleton 6 for afterhours::modal::ModalRoot (28)
[INFO] Registered singleton 7 for afterhours::ui::TooltipState (29)
[INFO]   Systems registration: 0 ms
[INFO] Startup time: 254 ms (from graphics::run to app_init done)
[INFO] [Validation] No UI violations detected
[INFO] git: 188 ms (waited 0 ms for lock): git ls-files
[INFO] git: 223 ms (waited 0 ms for lock): git log
[INFO] commits loaded: 3 commits, 223 ms after refresh requested, 537 ms since process start
[INFO] git: 235 ms (waited 0 ms for lock): git status
[INFO] refresh: status ready at 236 ms
[INFO] git: 280 ms (waited 0 ms for lock): git diff
[INFO] refresh: diff ready at 470 ms
[INFO] git: 237 ms (waited 0 ms for lock): git diff
[INFO] git: 267 ms (waited 0 ms for lock): git branch
[INFO] refresh: branches ready at 491 ms
[INFO] refresh: done in 491 ms
[INFO] git: 167 ms (waited 0 ms for lock): git rev-parse
[INFO] git: 223 ms (waited 0 ms for lock): git rev-parse
[INFO] git: 165 ms (waited 0 ms for lock): git diff
[INFO] git: 102 ms (waited 0 ms for lock): git rev-parse
[INFO] git: 152 ms (waited 3 ms for lock): git rev-parse
[INFO] git: 143 ms (waited 0 ms for lock): git cat-file
[INFO] git: 174 ms (waited 0 ms for lock): git rev-parse
[INFO] git: 135 ms (waited 0 ms for lock): git ls-tree
[INFO] git: 161 ms (waited 2 ms for lock): git rev-parse
[INFO] git: 145 ms (waited 0 ms for lock): git cat-file
[INFO] git: 115 ms (waited 0 ms for lock): git rev-parse
[INFO] git: 173 ms (waited 0 ms for lock): git grep
[INFO] git: 148 ms (waited 0 ms for lock): git rev-parse
[INFO] git: 159 ms (waited 0 ms for lock): git grep
[INFO] git: 168 ms (waited 0 ms for lock): git rev-parse
[INFO] git: 139 ms (waited 0 ms for lock): git cat-file
[INFO] git: 114 ms (waited 0 ms for lock): git ls-tree
[INFO] git: 125 ms (waited 0 ms for lock): git cat-file
[INFO] git: 157 ms (waited 0 ms for lock): git rev-parse
[INFO] git: 130 ms (waited 0 ms for lock): git rev-parse
[INFO] git: 140 ms (waited 0 ms for lock): git rev-parse
[INFO] git: 144 ms (waited 0 ms for lock): git rev-parse
[INFO] git: 131 ms (waited 0 ms for lock): git rev-parse
[INFO] git: 135 ms (waited 0 ms for lock): git diff
[INFO] git: 130 ms (waited 0 ms for lock): git rev-parse
[INFO] git: 142 ms (waited 0 ms for lock): git rev-parse
[INFO] bench_frames: 120 frames, 260 entities: avg 2.65 ms  p50 2.60  p99 4.10  max 6.76
[INFO]     0.75 ms/frame  afterhours::ui::UIPluginRenderBridge<InputAction>
[INFO]     0.48 ms/frame  ecs::MainContentSystem
[INFO]     0.28 ms/frame  afterhours::ui::UIPluginPostUpdateBridge<InputAction>
[INFO]     0.19 ms/frame  ecs::SidebarSystem
[INFO]     0.10 ms/frame  ecs::TabSyncSystem
[INFO]     0.05 ms/frame  afterhours::ui::validation::ValidateComponentContrast
[INFO]     0.03 ms/frame  ecs::MenuBarSystem
[INFO]     0.02 ms/frame  ecs::TabBarSystem
[INFO] expect_p99_below: 4.10ms <= 20.00ms (PASS)
[INFO] E2E finished in 0.78 seconds
[INFO] git: 235 ms (waited 0 ms for lock): git rev-parse
