[INFO] Process start to main: 41 ms
[INFO] Registered singleton 0 for afterhours::files::ProvidesResourcePaths (0)
[INFO] Settings loaded from /Users/gabeochoa/Library/Application Support/floatinghotel/settings.json
[INFO] Pre-graphics init: 16 ms
[INFO]   Window+GPU init: 156 ms
[INFO] Registered singleton 1 for afterhours::input::InputCollector (1)
[INFO] Registered singleton 1 for afterhours::input::ProvidesMaxGamepadID (2)
[INFO] Registered singleton 1 for afterhours::input::ProvidesInputMapping (3)
[INFO] Registered singleton 1 for afterhours::input::ProvidesInputConfig (4)
[WARN] try_load_gamepad_mappings: no backend configured
[INFO] Registered singleton 1 for afterhours::window_manager::ProvidesTargetFPS (5)
[INFO] Registered singleton 1 for afterhours::window_manager::ProvidesCurrentResolution (6)
[INFO] Registered singleton 1 for afterhours::window_manager::ProvidesAvailableWindowResolutions (7)
[INFO] Registered singleton 2 for afterhours::ui::UIContext<InputAction> (8)
[INFO] Registered singleton 2 for afterhours::ui::FontManager (9)
[INFO] Registered singleton 2 for afterhours::ui::TextMeasureCache (10)
[INFO] Registered singleton 2 for afterhours::ui::UIEntityMappingCache (11)
[INFO] Registered singleton 2 for afterhours::ui::DragGroupState (12)
[INFO]   Preload+fonts: 0 ms
[INFO] Registered singleton 6 for afterhours::modal::ModalRoot (28)
[INFO] Registered singleton 7 for afterhours::ui::TooltipState (29)
[INFO]   Systems registration: 0 ms
[INFO] Startup time: 157 ms (from graphics::run to app_init done)
[INFO] [Validation] No UI violations detected
[INFO] git: 112 ms (waited 0 ms for lock): git status
[INFO] refresh: status ready at 114 ms
[INFO] git: 124 ms (waited 0 ms for lock): git log
[INFO] commits loaded: 1 commits, 127 ms after refresh requested, 355 ms since process start
[INFO] git: 141 ms (waited 0 ms for lock): git ls-files
[INFO] git: 146 ms (waited 0 ms for lock): git diff
[INFO] refresh: diff ready at 259 ms
[INFO] git: 146 ms (waited 0 ms for lock): git branch
[INFO] refresh: branches ready at 272 ms
[INFO] git: 151 ms (waited 0 ms for lock): git diff
[INFO] refresh: done in 293 ms
[INFO] git: 117 ms (waited 0 ms for lock): git grep
[INFO] bench_frames: 120 frames, 102 entities: avg 0.90 ms  p50 0.83  p99 2.16  max 2.58
[INFO]     0.24 ms/frame  afterhours::ui::UIPluginRenderBridge<InputAction>
[INFO]     0.13 ms/frame  ecs::SidebarSystem
[INFO]     0.08 ms/frame  afterhours::ui::UIPluginPostUpdateBridge<InputAction>
[INFO]     0.04 ms/frame  ecs::TabSyncSystem
[INFO]     0.02 ms/frame  ecs::MainContentSystem
[INFO]     0.02 ms/frame  afterhours::ui::validation::ValidateComponentContrast
[INFO]     0.01 ms/frame  ecs::MenuBarSystem
[INFO]     0.01 ms/frame  ecs::StatusBarSystem
[INFO] expect_p99_below: 2.16ms <= 20.00ms (PASS)
[INFO] git: 92 ms (waited 0 ms for lock): git grep
[INFO] bench_frames: 120 frames, 118 entities: avg 2.84 ms  p50 2.83  p99 3.79  max 4.07
[INFO]     1.99 ms/frame  ecs::MainContentSystem
[INFO]     0.27 ms/frame  afterhours::ui::UIPluginRenderBridge<InputAction>
[INFO]     0.10 ms/frame  afterhours::ui::UIPluginPostUpdateBridge<InputAction>
[INFO]     0.06 ms/frame  ecs::SidebarSystem
[INFO]     0.05 ms/frame  ecs::TabSyncSystem
[INFO]     0.02 ms/frame  afterhours::ui::validation::ValidateComponentContrast
[INFO]     0.02 ms/frame  ecs::MenuBarSystem
[INFO]     0.01 ms/frame  ecs::StatusBarSystem
[INFO] expect_p99_below: 3.79ms <= 20.00ms (PASS)
[INFO] E2E finished in 0.90 seconds
