[INFO] Process start to main: 34 ms
[INFO] Registered singleton 0 for afterhours::files::ProvidesResourcePaths (0)
[INFO] Settings loaded from /Users/gabeochoa/Library/Application Support/floatinghotel/settings.json
[INFO] Pre-graphics init: 107 ms
[INFO]   Window+GPU init: 150 ms
[INFO] Registered singleton 1 for afterhours::input::InputCollector (1)
[INFO] Registered singleton 1 for afterhours::input::ProvidesMaxGamepadID (2)
[INFO] Registered singleton 1 for afterhours::input::ProvidesInputMapping (3)
[INFO] Registered singleton 1 for afterhours::input::ProvidesInputConfig (4)
[WARN] try_load_gamepad_mappings: no backend configured
[INFO] Registered singleton 1 for afterhours::window_manager::ProvidesTargetFPS (5)
[INFO] Registered singleton 1 for afterhours::window_manager::ProvidesCurrentResolution (6)
[INFO] Registered singleton 1 for afterhours::window_manager::ProvidesAvailableWindowResolutions (7)
[INFO] Registered singleton 2 for afterhours::ui::UIContext<InputAction> (8)
[INFO] Registered singleton 2 for afterhours::ui::FontManager (9)
[INFO] Registered singleton 2 for afterhours::ui::TextMeasureCache (10)
[INFO] Registered singleton 2 for afterhours::ui::UIEntityMappingCache (11)
[INFO] Registered singleton 2 for afterhours::ui::DragGroupState (12)
[INFO]   Preload+fonts: 0 ms
[INFO] Registered singleton 6 for afterhours::modal::ModalRoot (28)
[INFO] Registered singleton 7 for afterhours::ui::TooltipState (29)
[INFO]   Systems registration: 0 ms
[INFO] Startup time: 151 ms (from graphics::run to app_init done)
[INFO] [Validation] No UI violations detected
[INFO] git: 197 ms (waited 0 ms for lock): git ls-files
[INFO] git: 203 ms (waited 0 ms for lock): git status
[INFO] refresh: status ready at 203 ms
[INFO] git: 203 ms (waited 0 ms for lock): git log
[INFO] commits loaded: 1 commits, 204 ms after refresh requested, 510 ms since process start
[INFO] git: 240 ms (waited 0 ms for lock): git branch
[INFO] refresh: branches ready at 445 ms
[INFO] git: 278 ms (waited 0 ms for lock): git diff
[INFO] refresh: diff ready at 476 ms
[INFO] git: 354 ms (waited 0 ms for lock): git diff
[INFO] refresh: done in 558 ms
[WARN] Layout wrap: 'commit_heading' in parent 'main_content' - NoWrap set but would overflow (child_size=84.0, offset=0.0, container=0.0)
[WARN] Layout overflow: 'commit_heading' extends outside parent 'main_content' bounds (child_rel=[0.0,0.0], child_size=[0.0,84.0], child_end=[0.0,84.0], parent_size=[0.0,0.0], gap=0.0, start_offset=0.0)
[WARN] Layout wrap: 'commit_sticky_revision' in parent 'commit_heading' - NoWrap set but would overflow (child_size=123.2, offset=0.0, container=0.0)
[WARN] Layout overflow: 'commit_sticky_revision' extends outside parent 'commit_heading' bounds (child_rel=[0.0,0.0], child_size=[123.2,72.8], child_end=[123.2,72.8], parent_size=[0.0,72.8], gap=0.0, start_offset=0.0)
[WARN] Layout wrap: 'commit_find_host' in parent 'main_content' - NoWrap set but would overflow (child_size=100.8, offset=84.0, container=0.0)
[WARN] Layout overflow: 'commit_find_host' extends outside parent 'main_content' bounds (child_rel=[0.0,84.0], child_size=[0.0,100.8], child_end=[0.0,184.8], parent_size=[0.0,0.0], gap=0.0, start_offset=0.0)
[WARN] Layout wrap: 'commit_detail_scroll' in parent 'main_content' - NoWrap set but would overflow (child_size=0.0, offset=184.8, container=0.0)
[WARN] Layout overflow: 'commit_detail_scroll' extends outside parent 'main_content' bounds (child_rel=[0.0,184.8], child_size=[0.0,0.0], child_end=[0.0,184.8], parent_size=[0.0,0.0], gap=0.0, start_offset=0.0)
[WARN] Layout wrap: 'commit_relative_date' in parent 'commit_meta_compact' - NoWrap set but would overflow (child_size=74.8, offset=8.4, container=0.0)
[WARN] Layout overflow: 'commit_relative_date' extends outside parent 'commit_meta_compact' bounds (child_rel=[8.4,2.8], child_size=[74.8,39.2], child_end=[83.2,42.0], parent_size=[0.0,44.8], gap=8.4, start_offset=0.0)
[WARN] Layout wrap: 'commit_short_hash' in parent 'commit_meta_compact' - NoWrap set but would overflow (child_size=117.6, offset=91.6, container=0.0)
[WARN] Layout overflow: 'commit_short_hash' extends outside parent 'commit_meta_compact' bounds (child_rel=[91.6,2.8], child_size=[117.6,39.2], child_end=[209.2,42.0], parent_size=[0.0,44.8], gap=8.4, start_offset=0.0)
[WARN] Layout wrap: 'commit_meta_toggle' in parent 'commit_meta_compact' - NoWrap set but would overflow (child_size=112.0, offset=217.6, container=0.0)
[WARN] Layout overflow: 'commit_meta_toggle' extends outside parent 'commit_meta_compact' bounds (child_rel=[217.6,2.8], child_size=[112.0,39.2], child_end=[329.6,42.0], parent_size=[0.0,44.8], gap=8.4, start_offset=0.0)
[INFO] git: 130 ms (waited 0 ms for lock): git rev-parse
[INFO] git: 142 ms (waited 0 ms for lock): git show
[INFO] git: 222 ms (waited 0 ms for lock): git show
[INFO] git: 205 ms (waited 0 ms for lock): git rev-parse
[INFO] git: 114 ms (waited 0 ms for lock): git ls-tree
[INFO] git: 141 ms (waited 0 ms for lock): git rev-parse
[INFO] git: 128 ms (waited 0 ms for lock): git rev-parse
[INFO] Reading restore a.cpp line 1 column 1 fraction 0.21976744 target 10.46095 viewport 777.99994 content 3143.8396
[INFO] Reading restore a.cpp line 2 column 1 fraction 0.11084832 target 125.76364 viewport 825.6 content 3143.8396
[INFO] git: 25 ms (waited 0 ms for lock): git ls-tree
[INFO] git: 53 ms (waited 0 ms for lock): git ls-tree
[INFO] git: 121 ms (waited 0 ms for lock): git rev-parse
[INFO] git: 157 ms (waited 0 ms for lock): git grep
[INFO] git: 105 ms (waited 0 ms for lock): git rev-parse
[INFO] Reading restore a.cpp line 8 column 1 fraction 0.12943678 target 0 viewport 752.8 content 624.96
[INFO] Reading restore a.cpp line 8 column 1 fraction 0.12943678 target 0 viewport 752.8 content 366.24002
[INFO] Reading restore a.cpp line 8 column 1 fraction 0.12943678 target 0 viewport 702.39996 content 220.64001
[INFO] Reading restore a.cpp line 8 column 1 fraction 0.12943678 target 0 viewport 752.8 content 220.64001
[INFO] Reading restore a.cpp line 8 column 1 fraction 0.12943678 target 0 viewport 702.39996 content 220.64001
[INFO] Reading restore a.cpp line 8 column 1 fraction 0.12943678 target 0 viewport 752.8 content 220.64001
[INFO] git: 99 ms (waited 0 ms for lock): git rev-parse
[INFO] commit patch cache hit for abafec07c4261963ccacabcb94504a2dadaf61b3
[INFO] git: 54 ms (waited 0 ms for lock): git ls-tree
[INFO] Reading restore a.cpp line 1 column 1 fraction 0.21976744 target 36.40002 viewport 825.6 content 3180.2397
[INFO] git: 120 ms (waited 0 ms for lock): git rev-parse
[INFO] git: 129 ms (waited 0 ms for lock): git rev-parse
[INFO] git: 131 ms (waited 0 ms for lock): git rev-parse
[INFO] bench_frames: 120 frames, 204 entities: avg 2.13 ms  p50 2.08  p99 3.37  max 3.87
[INFO]     0.53 ms/frame  afterhours::ui::UIPluginRenderBridge<InputAction>
[INFO]     0.48 ms/frame  ecs::MainContentSystem
[INFO]     0.19 ms/frame  afterhours::ui::UIPluginPostUpdateBridge<InputAction>
[INFO]     0.15 ms/frame  ecs::SidebarSystem
[INFO]     0.07 ms/frame  ecs::TabSyncSystem
[INFO]     0.04 ms/frame  afterhours::ui::validation::ValidateComponentContrast
[INFO]     0.03 ms/frame  ecs::MenuBarSystem
[INFO]     0.02 ms/frame  ecs::TabBarSystem
[INFO] expect_p99_below: 3.37ms <= 20.00ms (PASS)
[INFO] E2E finished in 2.03 seconds
