[INFO] Process start to main: 34 ms
[INFO] Registered singleton 0 for afterhours::files::ProvidesResourcePaths (0)
[INFO] Settings loaded from /Users/gabeochoa/Library/Application Support/floatinghotel/settings.json
[INFO] Pre-graphics init: 8 ms
[INFO]   Window+GPU init: 149 ms
[INFO] Registered singleton 1 for afterhours::input::InputCollector (1)
[INFO] Registered singleton 1 for afterhours::input::ProvidesMaxGamepadID (2)
[INFO] Registered singleton 1 for afterhours::input::ProvidesInputMapping (3)
[INFO] Registered singleton 1 for afterhours::input::ProvidesInputConfig (4)
[WARN] try_load_gamepad_mappings: no backend configured
[INFO] Registered singleton 1 for afterhours::window_manager::ProvidesTargetFPS (5)
[INFO] Registered singleton 1 for afterhours::window_manager::ProvidesCurrentResolution (6)
[INFO] Registered singleton 1 for afterhours::window_manager::ProvidesAvailableWindowResolutions (7)
[INFO] Registered singleton 2 for afterhours::ui::UIContext<InputAction> (8)
[INFO] Registered singleton 2 for afterhours::ui::FontManager (9)
[INFO] Registered singleton 2 for afterhours::ui::TextMeasureCache (10)
[INFO] Registered singleton 2 for afterhours::ui::UIEntityMappingCache (11)
[INFO] Registered singleton 2 for afterhours::ui::DragGroupState (12)
[INFO]   Preload+fonts: 0 ms
[INFO] Registered singleton 6 for afterhours::modal::ModalRoot (28)
[INFO] Registered singleton 7 for afterhours::ui::TooltipState (29)
[INFO]   Systems registration: 0 ms
[INFO] Startup time: 150 ms (from graphics::run to app_init done)
[INFO] [Validation] No UI violations detected
[INFO] git: 115 ms (waited 0 ms for lock): git ls-files
[INFO] git: 116 ms (waited 0 ms for lock): git log
[INFO] commits loaded: 3 commits, 117 ms after refresh requested, 321 ms since process start
[INFO] git: 129 ms (waited 0 ms for lock): git status
[INFO] refresh: status ready at 130 ms
[INFO] git: 185 ms (waited 0 ms for lock): git branch
[INFO] git: 187 ms (waited 0 ms for lock): git diff
[INFO] refresh: diff ready at 303 ms
[INFO] refresh: branches ready at 303 ms
[INFO] git: 187 ms (waited 0 ms for lock): git diff
[INFO] refresh: done in 317 ms
[INFO] git: 105 ms (waited 0 ms for lock): git rev-parse
[INFO] git: 161 ms (waited 0 ms for lock): git rev-parse
[INFO] git: 239 ms (waited 0 ms for lock): git diff
[INFO] git: 109 ms (waited 0 ms for lock): git rev-parse
[INFO] git: 144 ms (waited 0 ms for lock): git rev-parse
[INFO] git: 147 ms (waited 0 ms for lock): git cat-file
[INFO] git: 249 ms (waited 0 ms for lock): git rev-parse
[INFO] git: 138 ms (waited 0 ms for lock): git ls-tree
[INFO] git: 170 ms (waited 0 ms for lock): git rev-parse
[INFO] git: 164 ms (waited 0 ms for lock): git cat-file
[INFO] git: 134 ms (waited 0 ms for lock): git rev-parse
[INFO] git: 202 ms (waited 0 ms for lock): git grep
[INFO] git: 183 ms (waited 0 ms for lock): git rev-parse
[INFO] git: 149 ms (waited 0 ms for lock): git grep
[INFO] git: 147 ms (waited 0 ms for lock): git rev-parse
[INFO] git: 237 ms (waited 0 ms for lock): git cat-file
[INFO] git: 230 ms (waited 0 ms for lock): git ls-tree
[INFO] git: 154 ms (waited 0 ms for lock): git cat-file
[INFO] git: 151 ms (waited 0 ms for lock): git rev-parse
[INFO] git: 142 ms (waited 0 ms for lock): git rev-parse
[INFO] git: 165 ms (waited 0 ms for lock): git rev-parse
[INFO] git: 188 ms (waited 0 ms for lock): git rev-parse
[INFO] git: 207 ms (waited 0 ms for lock): git rev-parse
[INFO] git: 170 ms (waited 0 ms for lock): git diff
[INFO] git: 157 ms (waited 0 ms for lock): git rev-parse
[INFO] git: 153 ms (waited 0 ms for lock): git rev-parse
[INFO] bench_frames: 120 frames, 204 entities: avg 1.90 ms  p50 1.78  p99 4.74  max 6.94
[INFO]     0.48 ms/frame  afterhours::ui::UIPluginRenderBridge<InputAction>
[INFO]     0.40 ms/frame  ecs::MainContentSystem
[INFO]     0.20 ms/frame  afterhours::ui::UIPluginPostUpdateBridge<InputAction>
[INFO]     0.12 ms/frame  ecs::SidebarSystem
[INFO]     0.09 ms/frame  ecs::TabSyncSystem
[INFO]     0.03 ms/frame  afterhours::ui::validation::ValidateComponentContrast
[INFO]     0.02 ms/frame  ecs::MenuBarSystem
[INFO]     0.02 ms/frame  ecs::TabBarSystem
[INFO] expect_p99_below: 4.74ms <= 20.00ms (PASS)
[INFO] E2E finished in 0.88 seconds
[INFO] git: 163 ms (waited 0 ms for lock): git rev-parse
