--- Compiling test_source_position ---
In file included from vendor/afterhours/src/plugins/files.cpp:7:
In file included from vendor/afterhours/src/plugins/files.h:14:
vendor/afterhours/src/plugins/../core/system.h:429:10: warning: 'for_each' overrides a member function but is not marked 'override' [-Winconsistent-missing-override]
  429 |     void for_each(Entity &entity, const float dt) {
      |          ^
vendor/afterhours/src/plugins/../core/system.h:506:25: note: in instantiation of template class 'afterhours::System<>' requested here
  506 | struct CallbackSystem : System<> {
      |                         ^
vendor/afterhours/src/plugins/../core/system.h:147:18: note: overridden virtual function is here
  147 |     virtual void for_each(Entity &, const float) = 0;
      |                  ^
vendor/afterhours/src/plugins/../core/system.h:437:10: warning: 'for_each_derived' overrides a member function but is not marked 'override' [-Winconsistent-missing-override]
  437 |     void for_each_derived(Entity &entity, const float dt) {
      |          ^
vendor/afterhours/src/plugins/../core/system.h:153:18: note: overridden virtual function is here
  153 |     virtual void for_each_derived(Entity &, const float) = 0;
      |                  ^
vendor/afterhours/src/plugins/../core/system.h:444:10: warning: 'for_each_derived' overrides a member function but is not marked 'override' [-Winconsistent-missing-override]
  444 |     void for_each_derived(const Entity &entity, const float dt) const {
      |          ^
vendor/afterhours/src/plugins/../core/system.h:154:18: note: overridden virtual function is here
  154 |     virtual void for_each_derived(const Entity &, const float) const = 0;
      |                  ^
vendor/afterhours/src/plugins/../core/system.h:451:18: warning: 'for_each_with_derived' overrides a member function but is not marked 'override' [-Winconsistent-missing-override]
  451 |     virtual void for_each_with_derived(Entity &, Components &..., const float) {
      |                  ^
vendor/afterhours/src/plugins/../core/system.h:179:18: note: overridden virtual function is here
  179 |     virtual void for_each_with_derived(Entity &, const float) {}
      |                  ^
vendor/afterhours/src/plugins/../core/system.h:453:18: warning: 'for_each_with_derived' overrides a member function but is not marked 'override' [-Winconsistent-missing-override]
  453 |     virtual void for_each_with_derived(const Entity &, const Components &...,
      |                  ^
vendor/afterhours/src/plugins/../core/system.h:180:18: note: overridden virtual function is here
  180 |     virtual void for_each_with_derived(const Entity &, const float) const {}
      |                  ^
vendor/afterhours/src/plugins/../core/system.h:456:10: warning: 'for_each' overrides a member function but is not marked 'override' [-Winconsistent-missing-override]
  456 |     void for_each(const Entity &entity, const float dt) const {
      |          ^
vendor/afterhours/src/plugins/../core/system.h:148:18: note: overridden virtual function is here
  148 |     virtual void for_each(const Entity &, const float) const = 0;
      |                  ^
vendor/afterhours/src/plugins/../core/system.h:429:10: warning: 'for_each' overrides a member function but is not marked 'override' [-Winconsistent-missing-override]
  429 |     void for_each(Entity &entity, const float dt) {
      |          ^
vendor/afterhours/src/plugins/../developer.h:208:57: note: in instantiation of template class 'afterhours::System<afterhours::files::ProvidesResourcePaths>' requested here
  208 | template <typename Component> struct EnforceSingleton : System<Component> {
      |                                                         ^
/Library/Developer/CommandLineTools/SDKs/MacOSX.sdk/usr/include/c++/v1/__memory/unique_ptr.h:759:30: note: in instantiation of template class 'afterhours::developer::EnforceSingleton<afterhours::files::ProvidesResourcePaths>' requested here
  759 |   return unique_ptr<_Tp>(new _Tp(std::forward<_Args>(__args)...));
      |                              ^
vendor/afterhours/src/plugins/files.cpp:199:12: note: in instantiation of function template specialization 'std::make_unique<afterhours::developer::EnforceSingleton<afterhours::files::ProvidesResourcePaths>, 0>' requested here
  199 |       std::make_unique<developer::EnforceSingleton<ProvidesResourcePaths>>());
      |            ^
vendor/afterhours/src/plugins/../core/system.h:147:18: note: overridden virtual function is here
  147 |     virtual void for_each(Entity &, const float) = 0;
      |                  ^
vendor/afterhours/src/plugins/../core/system.h:437:10: warning: 'for_each_derived' overrides a member function but is not marked 'override' [-Winconsistent-missing-override]
  437 |     void for_each_derived(Entity &entity, const float dt) {
      |          ^
vendor/afterhours/src/plugins/../core/system.h:153:18: note: overridden virtual function is here
  153 |     virtual void for_each_derived(Entity &, const float) = 0;
      |                  ^
vendor/afterhours/src/plugins/../core/system.h:444:10: warning: 'for_each_derived' overrides a member function but is not marked 'override' [-Winconsistent-missing-override]
  444 |     void for_each_derived(const Entity &entity, const float dt) const {
      |          ^
vendor/afterhours/src/plugins/../core/system.h:154:18: note: overridden virtual function is here
  154 |     virtual void for_each_derived(const Entity &, const float) const = 0;
      |                  ^
vendor/afterhours/src/plugins/../core/system.h:451:18: warning: 'for_each_with_derived' overrides a member function but is not marked 'override' [-Winconsistent-missing-override]
  451 |     virtual void for_each_with_derived(Entity &, Components &..., const float) {
      |                  ^
vendor/afterhours/src/plugins/../core/system.h:170:18: note: overridden virtual function is here
  170 |     virtual void for_each_with_derived(Entity &, Cs &..., const float) {}
      |                  ^
vendor/afterhours/src/plugins/../core/system.h:453:18: warning: 'for_each_with_derived' overrides a member function but is not marked 'override' [-Winconsistent-missing-override]
  453 |     virtual void for_each_with_derived(const Entity &, const Components &...,
      |                  ^
vendor/afterhours/src/plugins/../core/system.h:171:18: note: overridden virtual function is here
  171 |     virtual void for_each_with_derived(const Entity &, const Cs &...,
      |                  ^
vendor/afterhours/src/plugins/../core/system.h:456:10: warning: 'for_each' overrides a member function but is not marked 'override' [-Winconsistent-missing-override]
  456 |     void for_each(const Entity &entity, const float dt) const {
      |          ^
vendor/afterhours/src/plugins/../core/system.h:148:18: note: overridden virtual function is here
  148 |     virtual void for_each(const Entity &, const float) const = 0;
      |                  ^
12 warnings generated.
--- Running test_source_position ---
  source_positions_validate_bounds_and_preserve_historical_identity [INFO] git: 520 ms (waited 0 ms for lock): git init
[INFO] git: 134 ms (waited 0 ms for lock): git config
[INFO] git: 132 ms (waited 0 ms for lock): git config
[INFO] git: 118 ms (waited 0 ms for lock): git config
[INFO] git: 395 ms (waited 0 ms for lock): git add
[INFO] git: 235 ms (waited 0 ms for lock): git commit
[INFO] git: 121 ms (waited 0 ms for lock): git rev-parse
[INFO] git: 127 ms (waited 0 ms for lock): git rev-parse
[INFO] git: 117 ms (waited 0 ms for lock): git rev-parse
[INFO] git: 83 ms (waited 0 ms for lock): git cat-file
[INFO] git: 112 ms (waited 0 ms for lock): git ls-tree
[INFO] git: 87 ms (waited 0 ms for lock): git cat-file
[INFO] git: 105 ms (waited 0 ms for lock): git rev-parse
[INFO] git: 122 ms (waited 0 ms for lock): git cat-file
[INFO] git: 108 ms (waited 0 ms for lock): git ls-files
[INFO] blob page cache hit for a8811271e31b1120743df5a7e1460b4fd893867f
[INFO] git: 126 ms (waited 0 ms for lock): git rev-parse
[INFO] git: 111 ms (waited 0 ms for lock): git rev-parse
[INFO] git: 121 ms (waited 0 ms for lock): git cat-file
[INFO] git: 107 ms (waited 0 ms for lock): git ls-tree
[INFO] blob page cache hit for a8811271e31b1120743df5a7e1460b4fd893867f
[INFO] git: 112 ms (waited 0 ms for lock): git rev-parse
[INFO] git: 111 ms (waited 0 ms for lock): git rev-parse
[INFO] git: 125 ms (waited 0 ms for lock): git cat-file
[INFO] git: 111 ms (waited 0 ms for lock): git ls-tree
[INFO] git: 101 ms (waited 0 ms for lock): git cat-file
OK

1/1 tests passed.

========================================
Results: 1/1 passed, 0 failed, 0 skipped
========================================
