[INFO] Process start to main: 457 ms
[INFO] Registered singleton 0 for afterhours::files::ProvidesResourcePaths (0)
[INFO] Settings loaded from /Users/gabeochoa/Library/Application Support/floatinghotel/settings.json
[INFO] Pre-graphics init: 21 ms
[INFO]   Window+GPU init: 389 ms
[INFO] Registered singleton 1 for afterhours::input::InputCollector (1)
[INFO] Registered singleton 1 for afterhours::input::ProvidesMaxGamepadID (2)
[INFO] Registered singleton 1 for afterhours::input::ProvidesInputMapping (3)
[INFO] Registered singleton 1 for afterhours::input::ProvidesInputConfig (4)
[WARN] try_load_gamepad_mappings: no backend configured
[INFO] Registered singleton 1 for afterhours::window_manager::ProvidesTargetFPS (5)
[INFO] Registered singleton 1 for afterhours::window_manager::ProvidesCurrentResolution (6)
[INFO] Registered singleton 1 for afterhours::window_manager::ProvidesAvailableWindowResolutions (7)
[INFO] Registered singleton 2 for afterhours::ui::UIContext<InputAction> (8)
[INFO] Registered singleton 2 for afterhours::ui::FontManager (9)
[INFO] Registered singleton 2 for afterhours::ui::TextMeasureCache (10)
[INFO] Registered singleton 2 for afterhours::ui::UIEntityMappingCache (11)
[INFO] Registered singleton 2 for afterhours::ui::DragGroupState (12)
[INFO]   Preload+fonts: 29 ms
[INFO] Registered singleton 6 for afterhours::modal::ModalRoot (28)
[INFO] Registered singleton 7 for afterhours::ui::TooltipState (29)
[INFO]   Systems registration: 0 ms
[INFO] Startup time: 420 ms (from graphics::run to app_init done)
[INFO] [Validation] No UI violations detected
[INFO] git: 105 ms (waited 0 ms for lock): git ls-files
[INFO] git: 110 ms (waited 0 ms for lock): git status
[INFO] refresh: status ready at 112 ms
[INFO] git: 121 ms (waited 0 ms for lock): git log
[INFO] commits loaded: 2 commits, 123 ms after refresh requested, 1118 ms since process start
[INFO] git: 221 ms (waited 0 ms for lock): git diff
[INFO] refresh: diff ready at 330 ms
[INFO] git: 219 ms (waited 0 ms for lock): git branch
[INFO] refresh: branches ready at 330 ms
[INFO] git: 300 ms (waited 0 ms for lock): git diff
[INFO] refresh: done in 423 ms
[WARN] Layout wrap: 'commit_heading' in parent 'main_content' - NoWrap set but would overflow (child_size=60.0, offset=0.0, container=0.0)
[WARN] Layout overflow: 'commit_heading' extends outside parent 'main_content' bounds (child_rel=[0.0,0.0], child_size=[0.0,60.0], child_end=[0.0,60.0], parent_size=[0.0,0.0], gap=0.0, start_offset=0.0)
[WARN] Layout wrap: 'commit_sticky_revision' in parent 'commit_heading' - NoWrap set but would overflow (child_size=88.0, offset=0.0, container=0.0)
[WARN] Layout overflow: 'commit_sticky_revision' extends outside parent 'commit_heading' bounds (child_rel=[0.0,0.0], child_size=[88.0,52.0], child_end=[88.0,52.0], parent_size=[0.0,52.0], gap=0.0, start_offset=0.0)
[WARN] Layout wrap: 'commit_find_host' in parent 'main_content' - NoWrap set but would overflow (child_size=72.0, offset=60.0, container=0.0)
[WARN] Layout overflow: 'commit_find_host' extends outside parent 'main_content' bounds (child_rel=[0.0,60.0], child_size=[0.0,72.0], child_end=[0.0,132.0], parent_size=[0.0,0.0], gap=0.0, start_offset=0.0)
[WARN] Layout wrap: 'commit_detail_scroll' in parent 'main_content' - NoWrap set but would overflow (child_size=0.0, offset=132.0, container=0.0)
[WARN] Layout overflow: 'commit_detail_scroll' extends outside parent 'main_content' bounds (child_rel=[0.0,132.0], child_size=[0.0,0.0], child_end=[0.0,132.0], parent_size=[0.0,0.0], gap=0.0, start_offset=0.0)
[WARN] Layout wrap: 'commit_relative_date' in parent 'commit_meta_compact' - NoWrap set but would overflow (child_size=65.0, offset=6.0, container=0.0)
[WARN] Layout overflow: 'commit_relative_date' extends outside parent 'commit_meta_compact' bounds (child_rel=[6.0,2.0], child_size=[65.0,28.0], child_end=[71.0,30.0], parent_size=[0.0,32.0], gap=6.0, start_offset=0.0)
[WARN] Layout wrap: 'commit_short_hash' in parent 'commit_meta_compact' - NoWrap set but would overflow (child_size=84.0, offset=77.0, container=0.0)
[WARN] Layout overflow: 'commit_short_hash' extends outside parent 'commit_meta_compact' bounds (child_rel=[77.0,2.0], child_size=[84.0,28.0], child_end=[161.0,30.0], parent_size=[0.0,32.0], gap=6.0, start_offset=0.0)
[WARN] Layout wrap: 'commit_meta_toggle' in parent 'commit_meta_compact' - NoWrap set but would overflow (child_size=80.0, offset=167.0, container=0.0)
[WARN] Layout overflow: 'commit_meta_toggle' extends outside parent 'commit_meta_compact' bounds (child_rel=[167.0,2.0], child_size=[80.0,28.0], child_end=[247.0,30.0], parent_size=[0.0,32.0], gap=6.0, start_offset=0.0)
[INFO] git: 158 ms (waited 0 ms for lock): git rev-parse
[INFO] git: 218 ms (waited 0 ms for lock): git show
[INFO] git: 226 ms (waited 0 ms for lock): git show
[INFO] git: 203 ms (waited 0 ms for lock): git rev-parse
[INFO] git: 193 ms (waited 0 ms for lock): git rev-parse
[INFO] git: 204 ms (waited 0 ms for lock): git rev-parse
[INFO] git: 157 ms (waited 0 ms for lock): git rev-parse
[INFO] git: 201 ms (waited 0 ms for lock): git cat-file
[INFO] git: 153 ms (waited 0 ms for lock): git ls-tree
[INFO] git: 180 ms (waited 0 ms for lock): git cat-file
[INFO] git: 136 ms (waited 0 ms for lock): git rev-parse
[INFO] git: 120 ms (waited 0 ms for lock): git cat-file
[INFO] git: 127 ms (waited 0 ms for lock): git ls-tree
[INFO] blob page cache hit for 6a0a620685e228a145130c57371b59abb9a23f5f
[INFO] git: 151 ms (waited 0 ms for lock): git rev-parse
[INFO] git: 115 ms (waited 0 ms for lock): git rev-parse
[INFO] git: 178 ms (waited 0 ms for lock): git rev-parse
[INFO] git: 145 ms (waited 0 ms for lock): git rev-parse
[INFO] commit patch cache hit for fe0797c5db67384801ad6e30c603794a262751a8
[INFO] git: 144 ms (waited 0 ms for lock): git rev-parse
[INFO] git: 156 ms (waited 0 ms for lock): git rev-parse
[INFO] bench_frames: 120 frames, 195 entities: avg 1.87 ms  p50 1.81  p99 3.73  max 8.96
[INFO]     0.43 ms/frame  afterhours::ui::UIPluginRenderBridge<InputAction>
[INFO]     0.28 ms/frame  ecs::MainContentSystem
[INFO]     0.18 ms/frame  afterhours::ui::UIPluginPostUpdateBridge<InputAction>
[INFO]     0.18 ms/frame  ecs::SidebarSystem
[INFO]     0.12 ms/frame  ecs::TabSyncSystem
[INFO]     0.03 ms/frame  ui::RenderWrappedTooltip<InputAction>
[INFO]     0.02 ms/frame  afterhours::ui::validation::ValidateComponentContrast
[INFO]     0.02 ms/frame  ecs::MenuBarSystem
[INFO] expect_p99_below: 3.73ms <= 20.00ms (PASS)
[INFO] E2E finished in 0.70 seconds
[INFO] git: 25 ms (waited 0 ms for lock): git rev-parse
