[INFO] Process start to main: 38 ms
[INFO] Registered singleton 0 for afterhours::files::ProvidesResourcePaths (0)
[INFO] Settings loaded from /Users/gabeochoa/Library/Application Support/floatinghotel/settings.json
[INFO] Pre-graphics init: 25 ms
[INFO]   Window+GPU init: 165 ms
[INFO] Registered singleton 1 for afterhours::input::InputCollector (1)
[INFO] Registered singleton 1 for afterhours::input::ProvidesMaxGamepadID (2)
[INFO] Registered singleton 1 for afterhours::input::ProvidesInputMapping (3)
[INFO] Registered singleton 1 for afterhours::input::ProvidesInputConfig (4)
[WARN] try_load_gamepad_mappings: no backend configured
[INFO] Registered singleton 1 for afterhours::window_manager::ProvidesTargetFPS (5)
[INFO] Registered singleton 1 for afterhours::window_manager::ProvidesCurrentResolution (6)
[INFO] Registered singleton 1 for afterhours::window_manager::ProvidesAvailableWindowResolutions (7)
[INFO] Registered singleton 2 for afterhours::ui::UIContext<InputAction> (8)
[INFO] Registered singleton 2 for afterhours::ui::FontManager (9)
[INFO] Registered singleton 2 for afterhours::ui::TextMeasureCache (10)
[INFO] Registered singleton 2 for afterhours::ui::UIEntityMappingCache (11)
[INFO] Registered singleton 2 for afterhours::ui::DragGroupState (12)
[INFO]   Preload+fonts: 0 ms
[INFO] Registered singleton 6 for afterhours::modal::ModalRoot (28)
[INFO] Registered singleton 7 for afterhours::ui::TooltipState (29)
[INFO]   Systems registration: 0 ms
[INFO] Startup time: 166 ms (from graphics::run to app_init done)
[INFO] [Validation] No UI violations detected
[INFO] git: 131 ms (waited 0 ms for lock): git status
[INFO] refresh: status ready at 131 ms
[INFO] git: 432 ms (waited 0 ms for lock): git log
[INFO] commits loaded: 2 commits, 433 ms after refresh requested, 677 ms since process start
[INFO] git: 591 ms (waited 0 ms for lock): git ls-files
[INFO] git: 540 ms (waited 0 ms for lock): git diff
[INFO] refresh: diff ready at 673 ms
[INFO] git: 489 ms (waited 0 ms for lock): git branch
[INFO] refresh: branches ready at 922 ms
[INFO] git: 338 ms (waited 0 ms for lock): git diff
[INFO] refresh: done in 931 ms
[WARN] Layout wrap: 'commit_heading' in parent 'main_content' - NoWrap set but would overflow (child_size=84.0, offset=0.0, container=0.0)
[WARN] Layout overflow: 'commit_heading' extends outside parent 'main_content' bounds (child_rel=[0.0,0.0], child_size=[0.0,84.0], child_end=[0.0,84.0], parent_size=[0.0,0.0], gap=0.0, start_offset=0.0)
[WARN] Layout wrap: 'commit_sticky_revision' in parent 'commit_heading' - NoWrap set but would overflow (child_size=123.2, offset=0.0, container=0.0)
[WARN] Layout overflow: 'commit_sticky_revision' extends outside parent 'commit_heading' bounds (child_rel=[0.0,0.0], child_size=[123.2,72.8], child_end=[123.2,72.8], parent_size=[0.0,72.8], gap=0.0, start_offset=0.0)
[WARN] Layout wrap: 'commit_find_host' in parent 'main_content' - NoWrap set but would overflow (child_size=100.8, offset=84.0, container=0.0)
[WARN] Layout overflow: 'commit_find_host' extends outside parent 'main_content' bounds (child_rel=[0.0,84.0], child_size=[0.0,100.8], child_end=[0.0,184.8], parent_size=[0.0,0.0], gap=0.0, start_offset=0.0)
[WARN] Layout wrap: 'commit_detail_scroll' in parent 'main_content' - NoWrap set but would overflow (child_size=0.0, offset=184.8, container=0.0)
[WARN] Layout overflow: 'commit_detail_scroll' extends outside parent 'main_content' bounds (child_rel=[0.0,184.8], child_size=[0.0,0.0], child_end=[0.0,184.8], parent_size=[0.0,0.0], gap=0.0, start_offset=0.0)
[WARN] Layout wrap: 'commit_relative_date' in parent 'commit_meta_compact' - NoWrap set but would overflow (child_size=90.8, offset=8.4, container=0.0)
[WARN] Layout overflow: 'commit_relative_date' extends outside parent 'commit_meta_compact' bounds (child_rel=[8.4,2.8], child_size=[90.8,39.2], child_end=[99.2,42.0], parent_size=[0.0,44.8], gap=8.4, start_offset=0.0)
[WARN] Layout wrap: 'commit_short_hash' in parent 'commit_meta_compact' - NoWrap set but would overflow (child_size=117.6, offset=107.6, container=0.0)
[WARN] Layout overflow: 'commit_short_hash' extends outside parent 'commit_meta_compact' bounds (child_rel=[107.6,2.8], child_size=[117.6,39.2], child_end=[225.2,42.0], parent_size=[0.0,44.8], gap=8.4, start_offset=0.0)
[WARN] Layout wrap: 'commit_meta_toggle' in parent 'commit_meta_compact' - NoWrap set but would overflow (child_size=112.0, offset=233.6, container=0.0)
[WARN] Layout overflow: 'commit_meta_toggle' extends outside parent 'commit_meta_compact' bounds (child_rel=[233.6,2.8], child_size=[112.0,39.2], child_end=[345.6,42.0], parent_size=[0.0,44.8], gap=8.4, start_offset=0.0)
[INFO] git: 229 ms (waited 0 ms for lock): git rev-parse
[INFO] git: 279 ms (waited 0 ms for lock): git show
[INFO] git: 456 ms (waited 0 ms for lock): git show
[INFO] git: 212 ms (waited 0 ms for lock): git rev-parse
[INFO] git: 187 ms (waited 0 ms for lock): git rev-parse
[INFO] git: 354 ms (waited 0 ms for lock): git rev-parse
[INFO] git: 346 ms (waited 0 ms for lock): git rev-parse
[INFO] git: 334 ms (waited 0 ms for lock): git cat-file
[INFO] git: 242 ms (waited 0 ms for lock): git ls-tree
[INFO] git: 206 ms (waited 0 ms for lock): git cat-file
[INFO] git: 157 ms (waited 0 ms for lock): git rev-parse
[INFO] git: 197 ms (waited 0 ms for lock): git cat-file
[INFO] git: 212 ms (waited 0 ms for lock): git ls-tree
[INFO] blob page cache hit for 6a0a620685e228a145130c57371b59abb9a23f5f
[INFO] git: 179 ms (waited 0 ms for lock): git rev-parse
[INFO] git: 148 ms (waited 0 ms for lock): git rev-parse
[INFO] commit patch cache hit for fe0797c5db67384801ad6e30c603794a262751a8
[INFO] git: 170 ms (waited 0 ms for lock): git rev-parse
[INFO] git: 178 ms (waited 0 ms for lock): git rev-parse
[INFO] bench_frames: 120 frames, 195 entities: avg 2.34 ms  p50 2.12  p99 5.67  max 6.74
[INFO]     0.50 ms/frame  afterhours::ui::UIPluginRenderBridge<InputAction>
[INFO]     0.35 ms/frame  ecs::MainContentSystem
[INFO]     0.23 ms/frame  afterhours::ui::UIPluginPostUpdateBridge<InputAction>
[INFO]     0.22 ms/frame  ecs::SidebarSystem
[INFO]     0.09 ms/frame  ecs::TabSyncSystem
[INFO]     0.05 ms/frame  ui::RenderWrappedTooltip<InputAction>
[INFO]     0.03 ms/frame  afterhours::ui::validation::ValidateComponentContrast
[INFO]     0.03 ms/frame  ecs::MenuBarSystem
[INFO] expect_p99_below: 5.67ms <= 20.00ms (PASS)
[INFO] E2E finished in 0.77 seconds
[INFO] git: 129 ms (waited 0 ms for lock): git rev-parse
