[INFO] Process start to main: 48 ms
[INFO] Registered singleton 0 for afterhours::files::ProvidesResourcePaths (0)
[INFO] Settings loaded from /Users/gabeochoa/Library/Application Support/floatinghotel/settings.json
[INFO] Pre-graphics init: 248 ms
[INFO]   Window+GPU init: 252 ms
[INFO] Registered singleton 1 for afterhours::input::InputCollector (1)
[INFO] Registered singleton 1 for afterhours::input::ProvidesMaxGamepadID (2)
[INFO] Registered singleton 1 for afterhours::input::ProvidesInputMapping (3)
[INFO] Registered singleton 1 for afterhours::input::ProvidesInputConfig (4)
[WARN] try_load_gamepad_mappings: no backend configured
[INFO] Registered singleton 1 for afterhours::window_manager::ProvidesTargetFPS (5)
[INFO] Registered singleton 1 for afterhours::window_manager::ProvidesCurrentResolution (6)
[INFO] Registered singleton 1 for afterhours::window_manager::ProvidesAvailableWindowResolutions (7)
[INFO] Registered singleton 2 for afterhours::ui::UIContext<InputAction> (8)
[INFO] Registered singleton 2 for afterhours::ui::FontManager (9)
[INFO] Registered singleton 2 for afterhours::ui::TextMeasureCache (10)
[INFO] Registered singleton 2 for afterhours::ui::UIEntityMappingCache (11)
[INFO] Registered singleton 2 for afterhours::ui::DragGroupState (12)
[INFO]   Preload+fonts: 1 ms
[INFO] Registered singleton 6 for afterhours::modal::ModalRoot (28)
[INFO] Registered singleton 7 for afterhours::ui::TooltipState (29)
[INFO]   Systems registration: 0 ms
[INFO] Startup time: 254 ms (from graphics::run to app_init done)
[INFO] [Validation] No UI violations detected
[INFO] git: 394 ms (waited 0 ms for lock): git log
[INFO] commits loaded: 2 commits, 395 ms after refresh requested, 961 ms since process start
[INFO] git: 580 ms (waited 0 ms for lock): git ls-files
[INFO] git: 738 ms (waited 0 ms for lock): git status
[INFO] refresh: status ready at 739 ms
[INFO] git: 612 ms (waited 0 ms for lock): git diff
[INFO] refresh: diff ready at 1008 ms
[INFO] git: 595 ms (waited 0 ms for lock): git branch
[INFO] refresh: branches ready at 1178 ms
[INFO] git: 595 ms (waited 0 ms for lock): git diff
[INFO] refresh: done in 1335 ms
[WARN] Layout wrap: 'commit_heading' in parent 'main_content' - NoWrap set but would overflow (child_size=120.0, offset=0.0, container=0.0)
[WARN] Layout overflow: 'commit_heading' extends outside parent 'main_content' bounds (child_rel=[0.0,0.0], child_size=[0.0,120.0], child_end=[0.0,120.0], parent_size=[0.0,0.0], gap=0.0, start_offset=0.0)
[WARN] Layout wrap: 'commit_sticky_revision' in parent 'commit_heading' - NoWrap set but would overflow (child_size=176.0, offset=0.0, container=0.0)
[WARN] Layout overflow: 'commit_sticky_revision' extends outside parent 'commit_heading' bounds (child_rel=[0.0,0.0], child_size=[176.0,104.0], child_end=[176.0,104.0], parent_size=[0.0,104.0], gap=0.0, start_offset=0.0)
[WARN] Layout wrap: 'commit_find_host' in parent 'main_content' - NoWrap set but would overflow (child_size=144.0, offset=120.0, container=0.0)
[WARN] Layout overflow: 'commit_find_host' extends outside parent 'main_content' bounds (child_rel=[0.0,120.0], child_size=[0.0,144.0], child_end=[0.0,264.0], parent_size=[0.0,0.0], gap=0.0, start_offset=0.0)
[WARN] Layout wrap: 'commit_detail_scroll' in parent 'main_content' - NoWrap set but would overflow (child_size=0.0, offset=264.0, container=0.0)
[WARN] Layout overflow: 'commit_detail_scroll' extends outside parent 'main_content' bounds (child_rel=[0.0,264.0], child_size=[0.0,0.0], child_end=[0.0,264.0], parent_size=[0.0,0.0], gap=0.0, start_offset=0.0)
[WARN] Layout wrap: 'commit_relative_date' in parent 'commit_meta_compact' - NoWrap set but would overflow (child_size=130.0, offset=12.0, container=0.0)
[WARN] Layout overflow: 'commit_relative_date' extends outside parent 'commit_meta_compact' bounds (child_rel=[12.0,4.0], child_size=[130.0,56.0], child_end=[142.0,60.0], parent_size=[0.0,64.0], gap=12.0, start_offset=0.0)
[WARN] Layout wrap: 'commit_short_hash' in parent 'commit_meta_compact' - NoWrap set but would overflow (child_size=168.0, offset=154.0, container=0.0)
[WARN] Layout overflow: 'commit_short_hash' extends outside parent 'commit_meta_compact' bounds (child_rel=[154.0,4.0], child_size=[168.0,56.0], child_end=[322.0,60.0], parent_size=[0.0,64.0], gap=12.0, start_offset=0.0)
[WARN] Layout wrap: 'commit_meta_toggle' in parent 'commit_meta_compact' - NoWrap set but would overflow (child_size=160.0, offset=334.0, container=0.0)
[WARN] Layout overflow: 'commit_meta_toggle' extends outside parent 'commit_meta_compact' bounds (child_rel=[334.0,4.0], child_size=[160.0,56.0], child_end=[494.0,60.0], parent_size=[0.0,64.0], gap=12.0, start_offset=0.0)
[INFO] git: 506 ms (waited 0 ms for lock): git rev-parse
[INFO] git: 291 ms (waited 0 ms for lock): git show
[INFO] git: 337 ms (waited 0 ms for lock): git show
[INFO] git: 281 ms (waited 0 ms for lock): git rev-parse
[INFO] git: 392 ms (waited 0 ms for lock): git rev-parse
[INFO] git: 217 ms (waited 0 ms for lock): git rev-parse
[INFO] git: 162 ms (waited 0 ms for lock): git rev-parse
[INFO] git: 215 ms (waited 0 ms for lock): git cat-file
[INFO] git: 232 ms (waited 0 ms for lock): git ls-tree
[INFO] git: 205 ms (waited 0 ms for lock): git cat-file
[INFO] git: 158 ms (waited 0 ms for lock): git rev-parse
[INFO] git: 203 ms (waited 0 ms for lock): git cat-file
[INFO] git: 175 ms (waited 0 ms for lock): git ls-tree
[INFO] blob page cache hit for 6a0a620685e228a145130c57371b59abb9a23f5f
[INFO] git: 200 ms (waited 0 ms for lock): git rev-parse
[INFO] git: 220 ms (waited 0 ms for lock): git rev-parse
[INFO] git: 217 ms (waited 0 ms for lock): git rev-parse
[INFO] git: 194 ms (waited 0 ms for lock): git rev-parse
[INFO] commit patch cache hit for fe0797c5db67384801ad6e30c603794a262751a8
[INFO] git: 184 ms (waited 0 ms for lock): git rev-parse
[INFO] git: 144 ms (waited 0 ms for lock): git rev-parse
[INFO] git: 167 ms (waited 0 ms for lock): git rev-parse
[INFO] bench_frames: 120 frames, 195 entities: avg 2.00 ms  p50 1.89  p99 3.08  max 3.32
[INFO]     0.49 ms/frame  afterhours::ui::UIPluginRenderBridge<InputAction>
[INFO]     0.28 ms/frame  ecs::MainContentSystem
[INFO]     0.19 ms/frame  afterhours::ui::UIPluginPostUpdateBridge<InputAction>
[INFO]     0.18 ms/frame  ecs::SidebarSystem
[INFO]     0.08 ms/frame  ecs::TabSyncSystem
[INFO]     0.04 ms/frame  ui::RenderWrappedTooltip<InputAction>
[INFO]     0.03 ms/frame  afterhours::ui::validation::ValidateComponentContrast
[INFO]     0.03 ms/frame  ecs::MenuBarSystem
[INFO] expect_p99_below: 3.08ms <= 20.00ms (PASS)
[INFO] E2E finished in 0.87 seconds
