[INFO] Process start to main: 30 ms
[INFO] Registered singleton 0 for afterhours::files::ProvidesResourcePaths (0)
[INFO] Settings loaded from /Users/gabeochoa/Library/Application Support/floatinghotel/settings.json
[INFO] Pre-graphics init: 33 ms
[INFO]   Window+GPU init: 161 ms
[INFO] Registered singleton 1 for afterhours::input::InputCollector (1)
[INFO] Registered singleton 1 for afterhours::input::ProvidesMaxGamepadID (2)
[INFO] Registered singleton 1 for afterhours::input::ProvidesInputMapping (3)
[INFO] Registered singleton 1 for afterhours::input::ProvidesInputConfig (4)
[WARN] try_load_gamepad_mappings: no backend configured
[INFO] Registered singleton 1 for afterhours::window_manager::ProvidesTargetFPS (5)
[INFO] Registered singleton 1 for afterhours::window_manager::ProvidesCurrentResolution (6)
[INFO] Registered singleton 1 for afterhours::window_manager::ProvidesAvailableWindowResolutions (7)
[INFO] Registered singleton 2 for afterhours::ui::UIContext<InputAction> (8)
[INFO] Registered singleton 2 for afterhours::ui::FontManager (9)
[INFO] Registered singleton 2 for afterhours::ui::TextMeasureCache (10)
[INFO] Registered singleton 2 for afterhours::ui::UIEntityMappingCache (11)
[INFO] Registered singleton 2 for afterhours::ui::DragGroupState (12)
[INFO]   Preload+fonts: 0 ms
[INFO] Registered singleton 6 for afterhours::modal::ModalRoot (28)
[INFO] Registered singleton 7 for afterhours::ui::TooltipState (29)
[INFO]   Systems registration: 0 ms
[INFO] Startup time: 162 ms (from graphics::run to app_init done)
[INFO] git: 149 ms (waited 0 ms for lock): git ls-files
[INFO] git: 193 ms (waited 0 ms for lock): git diff
[INFO] git: 382 ms (waited 0 ms for lock): git log
[INFO] git: 168 ms (waited 0 ms for lock): git diff
[INFO] git: 263 ms (waited 0 ms for lock): git branch
[INFO] git: 674 ms (waited 0 ms for lock): git status
[INFO] make_test_repo: switching from '/Users/gabeochoa/p/wm_afterhours/.' to '/tmp/floatinghotel_test_repo'
[INFO] git: 137 ms (waited 0 ms for lock): git status
[INFO] git: 125 ms (waited 0 ms for lock): git log
[INFO] git: 110 ms (waited 0 ms for lock): git diff
[INFO] git: 90 ms (waited 0 ms for lock): git diff
[INFO] git: 82 ms (waited 0 ms for lock): git ls-files
[INFO] git: 74 ms (waited 0 ms for lock): git branch
[INFO] git: 75 ms (waited 0 ms for lock): git rev-parse
[INFO] make_test_repo: done, path=/tmp/floatinghotel_test_repo
[WARN] Layout wrap: 'empty_icon' in parent 'empty_state' - NoWrap set but would overflow (child_size=50.7, offset=0.0, container=0.0)
[WARN] Layout overflow: 'empty_icon' extends outside parent 'empty_state' bounds (child_rel=[-3.5,0.0], child_size=[7.0,50.7], child_end=[3.5,50.7], parent_size=[0.0,0.0], gap=0.0, start_offset=0.0)
[WARN] Layout wrap: 'empty_hint_1' in parent 'empty_state' - NoWrap set but would overflow (child_size=23.0, offset=50.7, container=0.0)
[WARN] Layout overflow: 'empty_hint_1' extends outside parent 'empty_state' bounds (child_rel=[-73.2,50.7], child_size=[146.4,23.0], child_end=[73.2,73.7], parent_size=[0.0,0.0], gap=0.0, start_offset=0.0)
[WARN] Layout wrap: 'empty_hint_2' in parent 'empty_state' - NoWrap set but would overflow (child_size=18.7, offset=73.7, container=0.0)
[WARN] Layout overflow: 'empty_hint_2' extends outside parent 'empty_state' bounds (child_rel=[-50.2,73.7], child_size=[100.4,18.7], child_end=[50.2,92.4], parent_size=[0.0,0.0], gap=0.0, start_offset=0.0)
[WARN] Layout wrap: 'empty_shortcuts' in parent 'empty_state' - NoWrap set but would overflow (child_size=32.7, offset=92.4, container=0.0)
[WARN] Layout overflow: 'empty_shortcuts' extends outside parent 'empty_state' bounds (child_rel=[-118.2,92.4], child_size=[236.4,32.7], child_end=[118.2,125.1], parent_size=[0.0,0.0], gap=0.0, start_offset=0.0)
[INFO] [Validation] No UI violations detected
[WARN] Layout wrap: 'commit_heading' in parent 'main_content' - NoWrap set but would overflow (child_size=60.0, offset=0.0, container=0.0)
[WARN] Layout overflow: 'commit_heading' extends outside parent 'main_content' bounds (child_rel=[0.0,0.0], child_size=[0.0,60.0], child_end=[0.0,60.0], parent_size=[0.0,0.0], gap=0.0, start_offset=0.0)
[WARN] Layout wrap: 'commit_sticky_revision' in parent 'commit_heading' - NoWrap set but would overflow (child_size=88.0, offset=0.0, container=0.0)
[WARN] Layout overflow: 'commit_sticky_revision' extends outside parent 'commit_heading' bounds (child_rel=[0.0,0.0], child_size=[88.0,52.0], child_end=[88.0,52.0], parent_size=[0.0,52.0], gap=0.0, start_offset=0.0)
[WARN] Layout wrap: 'commit_find_host' in parent 'main_content' - NoWrap set but would overflow (child_size=72.0, offset=60.0, container=0.0)
[WARN] Layout overflow: 'commit_find_host' extends outside parent 'main_content' bounds (child_rel=[0.0,60.0], child_size=[0.0,72.0], child_end=[0.0,132.0], parent_size=[0.0,0.0], gap=0.0, start_offset=0.0)
[WARN] Layout wrap: 'commit_detail_scroll' in parent 'main_content' - NoWrap set but would overflow (child_size=0.0, offset=132.0, container=0.0)
[WARN] Layout overflow: 'commit_detail_scroll' extends outside parent 'main_content' bounds (child_rel=[0.0,132.0], child_size=[0.0,0.0], child_end=[0.0,132.0], parent_size=[0.0,0.0], gap=0.0, start_offset=0.0)
[WARN] Layout wrap: 'commit_relative_date' in parent 'commit_meta_compact' - NoWrap set but would overflow (child_size=55.0, offset=6.0, container=0.0)
[WARN] Layout overflow: 'commit_relative_date' extends outside parent 'commit_meta_compact' bounds (child_rel=[6.0,2.0], child_size=[55.0,28.0], child_end=[61.0,30.0], parent_size=[0.0,32.0], gap=6.0, start_offset=0.0)
[WARN] Layout wrap: 'commit_short_hash' in parent 'commit_meta_compact' - NoWrap set but would overflow (child_size=84.0, offset=67.0, container=0.0)
[WARN] Layout overflow: 'commit_short_hash' extends outside parent 'commit_meta_compact' bounds (child_rel=[67.0,2.0], child_size=[84.0,28.0], child_end=[151.0,30.0], parent_size=[0.0,32.0], gap=6.0, start_offset=0.0)
[WARN] Layout wrap: 'commit_meta_toggle' in parent 'commit_meta_compact' - NoWrap set but would overflow (child_size=80.0, offset=157.0, container=0.0)
[WARN] Layout overflow: 'commit_meta_toggle' extends outside parent 'commit_meta_compact' bounds (child_rel=[157.0,2.0], child_size=[80.0,28.0], child_end=[237.0,30.0], parent_size=[0.0,32.0], gap=6.0, start_offset=0.0)
[INFO] git: 76 ms (waited 0 ms for lock): git rev-parse
[INFO] git: 95 ms (waited 0 ms for lock): git show
[INFO] git: 101 ms (waited 0 ms for lock): git show
[INFO] git: 79 ms (waited 0 ms for lock): git rev-parse
[INFO] git: 118 ms (waited 0 ms for lock): git rev-parse
[INFO] git: 117 ms (waited 0 ms for lock): git rev-parse
[INFO] git: 98 ms (waited 0 ms for lock): git rev-parse
[INFO] git: 92 ms (waited 0 ms for lock): git cat-file
[INFO] git: 77 ms (waited 0 ms for lock): git ls-tree
[INFO] git: 75 ms (waited 0 ms for lock): git cat-file
[INFO] git: 68 ms (waited 0 ms for lock): git ls-tree
[INFO] git: 61 ms (waited 0 ms for lock): git rev-parse
[INFO] commit patch cache hit for 81699ee2c1c329efe76dce04632a0ae309409639
[INFO] git: 62 ms (waited 0 ms for lock): git rev-parse
[INFO] git: 75 ms (waited 0 ms for lock): git rev-parse
[INFO] git: 81 ms (waited 0 ms for lock): git rev-parse
[INFO] git: 62 ms (waited 0 ms for lock): git rev-parse
[INFO] git: 61 ms (waited 0 ms for lock): git cat-file
[INFO] git: 72 ms (waited 0 ms for lock): git ls-tree
[INFO] git: 82 ms (waited 0 ms for lock): git cat-file
[INFO] git: 59 ms (waited 0 ms for lock): git rev-parse
[INFO] git: 63 ms (waited 0 ms for lock): git rev-parse
[INFO] git: 70 ms (waited 0 ms for lock): git rev-parse
[INFO] git: 100 ms (waited 0 ms for lock): git diff
[INFO] git: 97 ms (waited 0 ms for lock): git rev-parse
[INFO] git: 81 ms (waited 0 ms for lock): git rev-parse
[INFO] git: 84 ms (waited 0 ms for lock): git rev-parse
[INFO] git: 94 ms (waited 0 ms for lock): git rev-parse
[INFO] git: 96 ms (waited 0 ms for lock): git cat-file
[INFO] git: 98 ms (waited 0 ms for lock): git ls-tree
[INFO] blob page cache hit for dd0cbda26fa5c78bb43b27bd2b0f707353ec41a1
[INFO] git: 81 ms (waited 0 ms for lock): git rev-parse
[INFO] git: 93 ms (waited 0 ms for lock): git rev-parse
[INFO] git: 101 ms (waited 0 ms for lock): git diff
[INFO] git: 77 ms (waited 0 ms for lock): git rev-parse
[INFO] commit patch cache hit for 81699ee2c1c329efe76dce04632a0ae309409639
[INFO] git: 85 ms (waited 0 ms for lock): git rev-parse
[INFO] git: 99 ms (waited 0 ms for lock): git rev-parse
[INFO] git: 97 ms (waited 0 ms for lock): git diff
[INFO] E2E finished in 1.10 seconds
