[INFO] Process start to main: 37 ms
[INFO] Registered singleton 0 for afterhours::files::ProvidesResourcePaths (0)
[INFO] Settings loaded from /Users/gabeochoa/Library/Application Support/floatinghotel/settings.json
[INFO] Pre-graphics init: 9 ms
[INFO]   Window+GPU init: 171 ms
[INFO] Registered singleton 1 for afterhours::input::InputCollector (1)
[INFO] Registered singleton 1 for afterhours::input::ProvidesMaxGamepadID (2)
[INFO] Registered singleton 1 for afterhours::input::ProvidesInputMapping (3)
[INFO] Registered singleton 1 for afterhours::input::ProvidesInputConfig (4)
[WARN] try_load_gamepad_mappings: no backend configured
[INFO] Registered singleton 1 for afterhours::window_manager::ProvidesTargetFPS (5)
[INFO] Registered singleton 1 for afterhours::window_manager::ProvidesCurrentResolution (6)
[INFO] Registered singleton 1 for afterhours::window_manager::ProvidesAvailableWindowResolutions (7)
[INFO] Registered singleton 2 for afterhours::ui::UIContext<InputAction> (8)
[INFO] Registered singleton 2 for afterhours::ui::FontManager (9)
[INFO] Registered singleton 2 for afterhours::ui::TextMeasureCache (10)
[INFO] Registered singleton 2 for afterhours::ui::UIEntityMappingCache (11)
[INFO] Registered singleton 2 for afterhours::ui::DragGroupState (12)
[INFO]   Preload+fonts: 0 ms
[INFO] Registered singleton 6 for afterhours::modal::ModalRoot (28)
[INFO] Registered singleton 7 for afterhours::ui::TooltipState (29)
[INFO]   Systems registration: 0 ms
[INFO] Startup time: 172 ms (from graphics::run to app_init done)
[INFO] [Validation] No UI violations detected
[INFO] git: 172 ms (waited 0 ms for lock): git log
[INFO] commits loaded: 3 commits, 173 ms after refresh requested, 408 ms since process start
[INFO] git: 285 ms (waited 0 ms for lock): git ls-files
[INFO] git: 287 ms (waited 0 ms for lock): git status
[INFO] refresh: status ready at 288 ms
[INFO] git: 238 ms (waited 0 ms for lock): git diff
[INFO] refresh: diff ready at 413 ms
[INFO] git: 250 ms (waited 0 ms for lock): git branch
[INFO] refresh: branches ready at 537 ms
[INFO] git: 266 ms (waited 0 ms for lock): git diff
[INFO] refresh: done in 554 ms
[INFO] git: 157 ms (waited 0 ms for lock): git rev-parse
[INFO] git: 152 ms (waited 0 ms for lock): git rev-parse
[INFO] git: 153 ms (waited 0 ms for lock): git diff
[INFO] git: 121 ms (waited 0 ms for lock): git rev-parse
[INFO] git: 162 ms (waited 0 ms for lock): git rev-parse
[INFO] git: 160 ms (waited 0 ms for lock): git rev-parse
[INFO] git: 93 ms (waited 0 ms for lock): git rev-parse
[INFO] git: 122 ms (waited 0 ms for lock): git cat-file
[INFO] git: 115 ms (waited 0 ms for lock): git ls-tree
[INFO] git: 113 ms (waited 0 ms for lock): git cat-file
[INFO] git: 141 ms (waited 0 ms for lock): git rev-parse
[INFO] git: 155 ms (waited 0 ms for lock): git grep
[INFO] git: 121 ms (waited 0 ms for lock): git rev-parse
[INFO] git: 134 ms (waited 0 ms for lock): git grep
[INFO] git: 114 ms (waited 0 ms for lock): git rev-parse
[INFO] git: 110 ms (waited 0 ms for lock): git cat-file
[INFO] git: 118 ms (waited 0 ms for lock): git ls-tree
[INFO] git: 110 ms (waited 0 ms for lock): git cat-file
[INFO] git: 101 ms (waited 0 ms for lock): git rev-parse
[INFO] git: 120 ms (waited 0 ms for lock): git rev-parse
[INFO] git: 101 ms (waited 0 ms for lock): git rev-parse
[INFO] git: 87 ms (waited 0 ms for lock): git rev-parse
[INFO] git: 123 ms (waited 0 ms for lock): git rev-parse
[INFO] git: 121 ms (waited 0 ms for lock): git diff
[INFO] git: 108 ms (waited 0 ms for lock): git rev-parse
[INFO] git: 96 ms (waited 0 ms for lock): git rev-parse
[INFO] git: 125 ms (waited 0 ms for lock): git rev-parse
[INFO] bench_frames: 120 frames, 260 entities: avg 2.51 ms  p50 2.52  p99 3.81  max 4.06
[INFO]     0.73 ms/frame  afterhours::ui::UIPluginRenderBridge<InputAction>
[INFO]     0.47 ms/frame  ecs::MainContentSystem
[INFO]     0.27 ms/frame  afterhours::ui::UIPluginPostUpdateBridge<InputAction>
[INFO]     0.19 ms/frame  ecs::SidebarSystem
[INFO]     0.08 ms/frame  ecs::TabSyncSystem
[INFO]     0.05 ms/frame  afterhours::ui::validation::ValidateComponentContrast
[INFO]     0.03 ms/frame  ecs::MenuBarSystem
[INFO]     0.02 ms/frame  afterhours::ui::UIPluginPreUpdateBridge<InputAction>
[INFO] expect_p99_below: 3.81ms <= 20.00ms (PASS)
[INFO] E2E finished in 0.78 seconds
