[INFO] Process start to main: 43 ms
[INFO] Registered singleton 0 for afterhours::files::ProvidesResourcePaths (0)
[INFO] Settings loaded from /Users/gabeochoa/Library/Application Support/floatinghotel/settings.json
[INFO] Pre-graphics init: 15 ms
[INFO]   Window+GPU init: 177 ms
[INFO] Registered singleton 1 for afterhours::input::InputCollector (1)
[INFO] Registered singleton 1 for afterhours::input::ProvidesMaxGamepadID (2)
[INFO] Registered singleton 1 for afterhours::input::ProvidesInputMapping (3)
[INFO] Registered singleton 1 for afterhours::input::ProvidesInputConfig (4)
[WARN] try_load_gamepad_mappings: no backend configured
[INFO] Registered singleton 1 for afterhours::window_manager::ProvidesTargetFPS (5)
[INFO] Registered singleton 1 for afterhours::window_manager::ProvidesCurrentResolution (6)
[INFO] Registered singleton 1 for afterhours::window_manager::ProvidesAvailableWindowResolutions (7)
[INFO] Registered singleton 2 for afterhours::ui::UIContext<InputAction> (8)
[INFO] Registered singleton 2 for afterhours::ui::FontManager (9)
[INFO] Registered singleton 2 for afterhours::ui::TextMeasureCache (10)
[INFO] Registered singleton 2 for afterhours::ui::UIEntityMappingCache (11)
[INFO] Registered singleton 2 for afterhours::ui::DragGroupState (12)
[INFO]   Preload+fonts: 0 ms
[INFO] Registered singleton 6 for afterhours::modal::ModalRoot (28)
[INFO] Registered singleton 7 for afterhours::ui::TooltipState (29)
[INFO]   Systems registration: 0 ms
[INFO] Startup time: 178 ms (from graphics::run to app_init done)
[INFO] [Validation] No UI violations detected
[INFO] git: 102 ms (waited 0 ms for lock): git ls-files
[INFO] git: 109 ms (waited 0 ms for lock): git status
[INFO] refresh: status ready at 110 ms
[INFO] git: 221 ms (waited 0 ms for lock): git log
[INFO] commits loaded: 1 commits, 223 ms after refresh requested, 471 ms since process start
[INFO] git: 229 ms (waited 0 ms for lock): git diff
[INFO] refresh: diff ready at 332 ms
[INFO] git: 263 ms (waited 0 ms for lock): git branch
[INFO] refresh: branches ready at 376 ms
[INFO] git: 225 ms (waited 0 ms for lock): git diff
[INFO] refresh: done in 447 ms
[WARN] Layout wrap: 'commit_heading' in parent 'main_content' - NoWrap set but would overflow (child_size=60.0, offset=0.0, container=0.0)
[WARN] Layout overflow: 'commit_heading' extends outside parent 'main_content' bounds (child_rel=[0.0,0.0], child_size=[0.0,60.0], child_end=[0.0,60.0], parent_size=[0.0,0.0], gap=0.0, start_offset=0.0)
[WARN] Layout wrap: 'commit_sticky_revision' in parent 'commit_heading' - NoWrap set but would overflow (child_size=88.0, offset=0.0, container=0.0)
[WARN] Layout overflow: 'commit_sticky_revision' extends outside parent 'commit_heading' bounds (child_rel=[0.0,0.0], child_size=[88.0,52.0], child_end=[88.0,52.0], parent_size=[0.0,52.0], gap=0.0, start_offset=0.0)
[WARN] Layout wrap: 'commit_find_host' in parent 'main_content' - NoWrap set but would overflow (child_size=72.0, offset=60.0, container=0.0)
[WARN] Layout overflow: 'commit_find_host' extends outside parent 'main_content' bounds (child_rel=[0.0,60.0], child_size=[0.0,72.0], child_end=[0.0,132.0], parent_size=[0.0,0.0], gap=0.0, start_offset=0.0)
[WARN] Layout wrap: 'commit_detail_scroll' in parent 'main_content' - NoWrap set but would overflow (child_size=0.0, offset=132.0, container=0.0)
[WARN] Layout overflow: 'commit_detail_scroll' extends outside parent 'main_content' bounds (child_rel=[0.0,132.0], child_size=[0.0,0.0], child_end=[0.0,132.0], parent_size=[0.0,0.0], gap=0.0, start_offset=0.0)
[WARN] Layout wrap: 'commit_relative_date' in parent 'commit_meta_compact' - NoWrap set but would overflow (child_size=54.0, offset=6.0, container=0.0)
[WARN] Layout overflow: 'commit_relative_date' extends outside parent 'commit_meta_compact' bounds (child_rel=[6.0,2.0], child_size=[54.0,28.0], child_end=[60.0,30.0], parent_size=[0.0,32.0], gap=6.0, start_offset=0.0)
[WARN] Layout wrap: 'commit_short_hash' in parent 'commit_meta_compact' - NoWrap set but would overflow (child_size=84.0, offset=66.0, container=0.0)
[WARN] Layout overflow: 'commit_short_hash' extends outside parent 'commit_meta_compact' bounds (child_rel=[66.0,2.0], child_size=[84.0,28.0], child_end=[150.0,30.0], parent_size=[0.0,32.0], gap=6.0, start_offset=0.0)
[WARN] Layout wrap: 'commit_meta_toggle' in parent 'commit_meta_compact' - NoWrap set but would overflow (child_size=80.0, offset=156.0, container=0.0)
[WARN] Layout overflow: 'commit_meta_toggle' extends outside parent 'commit_meta_compact' bounds (child_rel=[156.0,2.0], child_size=[80.0,28.0], child_end=[236.0,30.0], parent_size=[0.0,32.0], gap=6.0, start_offset=0.0)
[INFO] git: 145 ms (waited 0 ms for lock): git rev-parse
[INFO] git: 147 ms (waited 0 ms for lock): git show
[INFO] git: 123 ms (waited 0 ms for lock): git show
[INFO] git: 123 ms (waited 0 ms for lock): git rev-parse
[INFO] git: 90 ms (waited 0 ms for lock): git ls-tree
[INFO] git: 125 ms (waited 0 ms for lock): git rev-parse
[INFO] git: 119 ms (waited 0 ms for lock): git rev-parse
[INFO] git: 32 ms (waited 0 ms for lock): git ls-tree
[INFO] git: 34 ms (waited 0 ms for lock): git ls-tree
[INFO] git: 135 ms (waited 0 ms for lock): git rev-parse
[INFO] git: 148 ms (waited 0 ms for lock): git grep
[INFO] git: 111 ms (waited 0 ms for lock): git rev-parse
[INFO] git: 104 ms (waited 0 ms for lock): git rev-parse
[INFO] commit patch cache hit for babae6b59e9a088c526de7ec1d2f8731f1111ce3
[INFO] git: 26 ms (waited 0 ms for lock): git ls-tree
[INFO] git: 95 ms (waited 0 ms for lock): git rev-parse
[INFO] git: 115 ms (waited 0 ms for lock): git rev-parse
[INFO] git: 108 ms (waited 0 ms for lock): git rev-parse
[INFO] bench_frames: 120 frames, 228 entities: avg 2.31 ms  p50 2.33  p99 3.52  max 4.30
[INFO]     0.63 ms/frame  afterhours::ui::UIPluginRenderBridge<InputAction>
[INFO]     0.56 ms/frame  ecs::MainContentSystem
[INFO]     0.21 ms/frame  afterhours::ui::UIPluginPostUpdateBridge<InputAction>
[INFO]     0.14 ms/frame  ecs::SidebarSystem
[INFO]     0.07 ms/frame  ecs::TabSyncSystem
[INFO]     0.05 ms/frame  afterhours::ui::validation::ValidateComponentContrast
[INFO]     0.02 ms/frame  ecs::MenuBarSystem
[INFO]     0.01 ms/frame  ecs::StatusBarSystem
[INFO] expect_p99_below: 3.52ms <= 20.00ms (PASS)
[INFO] E2E finished in 1.97 seconds
