[INFO] Process start to main: 51 ms
[INFO] Registered singleton 0 for afterhours::files::ProvidesResourcePaths (0)
[INFO] Settings loaded from /Users/gabeochoa/Library/Application Support/floatinghotel/settings.json
[INFO] Pre-graphics init: 7 ms
[INFO]   Window+GPU init: 210 ms
[INFO] Registered singleton 1 for afterhours::input::InputCollector (1)
[INFO] Registered singleton 1 for afterhours::input::ProvidesMaxGamepadID (2)
[INFO] Registered singleton 1 for afterhours::input::ProvidesInputMapping (3)
[INFO] Registered singleton 1 for afterhours::input::ProvidesInputConfig (4)
[WARN] try_load_gamepad_mappings: no backend configured
[INFO] Registered singleton 1 for afterhours::window_manager::ProvidesTargetFPS (5)
[INFO] Registered singleton 1 for afterhours::window_manager::ProvidesCurrentResolution (6)
[INFO] Registered singleton 1 for afterhours::window_manager::ProvidesAvailableWindowResolutions (7)
[INFO] Registered singleton 2 for afterhours::ui::UIContext<InputAction> (8)
[INFO] Registered singleton 2 for afterhours::ui::FontManager (9)
[INFO] Registered singleton 2 for afterhours::ui::TextMeasureCache (10)
[INFO] Registered singleton 2 for afterhours::ui::UIEntityMappingCache (11)
[INFO] Registered singleton 2 for afterhours::ui::DragGroupState (12)
[INFO]   Preload+fonts: 2 ms
[INFO] Registered singleton 6 for afterhours::modal::ModalRoot (28)
[INFO] Registered singleton 7 for afterhours::ui::TooltipState (29)
[INFO]   Systems registration: 0 ms
[INFO] Startup time: 212 ms (from graphics::run to app_init done)
[INFO] [Validation] No UI violations detected
[INFO] git: 279 ms (waited 0 ms for lock): git ls-files
[INFO] git: 284 ms (waited 0 ms for lock): git status
[INFO] refresh: status ready at 284 ms
[INFO] git: 291 ms (waited 0 ms for lock): git log
[INFO] commits loaded: 2 commits, 292 ms after refresh requested, 578 ms since process start
[INFO] git: 152 ms (waited 0 ms for lock): git diff
[INFO] refresh: diff ready at 433 ms
[INFO] git: 154 ms (waited 0 ms for lock): git branch
[INFO] refresh: branches ready at 440 ms
[INFO] git: 183 ms (waited 0 ms for lock): git diff
[INFO] refresh: done in 476 ms
[WARN] Layout wrap: 'commit_heading' in parent 'main_content' - NoWrap set but would overflow (child_size=84.0, offset=0.0, container=0.0)
[WARN] Layout overflow: 'commit_heading' extends outside parent 'main_content' bounds (child_rel=[0.0,0.0], child_size=[0.0,84.0], child_end=[0.0,84.0], parent_size=[0.0,0.0], gap=0.0, start_offset=0.0)
[WARN] Layout wrap: 'commit_sticky_revision' in parent 'commit_heading' - NoWrap set but would overflow (child_size=123.2, offset=0.0, container=0.0)
[WARN] Layout overflow: 'commit_sticky_revision' extends outside parent 'commit_heading' bounds (child_rel=[0.0,0.0], child_size=[123.2,72.8], child_end=[123.2,72.8], parent_size=[0.0,72.8], gap=0.0, start_offset=0.0)
[WARN] Layout wrap: 'commit_find_host' in parent 'main_content' - NoWrap set but would overflow (child_size=100.8, offset=84.0, container=0.0)
[WARN] Layout overflow: 'commit_find_host' extends outside parent 'main_content' bounds (child_rel=[0.0,84.0], child_size=[0.0,100.8], child_end=[0.0,184.8], parent_size=[0.0,0.0], gap=0.0, start_offset=0.0)
[WARN] Layout wrap: 'commit_detail_scroll' in parent 'main_content' - NoWrap set but would overflow (child_size=0.0, offset=184.8, container=0.0)
[WARN] Layout overflow: 'commit_detail_scroll' extends outside parent 'main_content' bounds (child_rel=[0.0,184.8], child_size=[0.0,0.0], child_end=[0.0,184.8], parent_size=[0.0,0.0], gap=0.0, start_offset=0.0)
[WARN] Layout wrap: 'commit_relative_date' in parent 'commit_meta_compact' - NoWrap set but would overflow (child_size=83.8, offset=8.4, container=0.0)
[WARN] Layout overflow: 'commit_relative_date' extends outside parent 'commit_meta_compact' bounds (child_rel=[8.4,2.8], child_size=[83.8,39.2], child_end=[92.2,42.0], parent_size=[0.0,44.8], gap=8.4, start_offset=0.0)
[WARN] Layout wrap: 'commit_short_hash' in parent 'commit_meta_compact' - NoWrap set but would overflow (child_size=117.6, offset=100.6, container=0.0)
[WARN] Layout overflow: 'commit_short_hash' extends outside parent 'commit_meta_compact' bounds (child_rel=[100.6,2.8], child_size=[117.6,39.2], child_end=[218.2,42.0], parent_size=[0.0,44.8], gap=8.4, start_offset=0.0)
[WARN] Layout wrap: 'commit_meta_toggle' in parent 'commit_meta_compact' - NoWrap set but would overflow (child_size=112.0, offset=226.6, container=0.0)
[WARN] Layout overflow: 'commit_meta_toggle' extends outside parent 'commit_meta_compact' bounds (child_rel=[226.6,2.8], child_size=[112.0,39.2], child_end=[338.6,42.0], parent_size=[0.0,44.8], gap=8.4, start_offset=0.0)
[INFO] git: 139 ms (waited 0 ms for lock): git rev-parse
[INFO] git: 156 ms (waited 0 ms for lock): git show
[INFO] git: 179 ms (waited 0 ms for lock): git show
[INFO] git: 179 ms (waited 0 ms for lock): git rev-parse
[INFO] git: 122 ms (waited 0 ms for lock): git rev-parse
[INFO] git: 143 ms (waited 0 ms for lock): git rev-parse
[INFO] git: 101 ms (waited 0 ms for lock): git rev-parse
[INFO] git: 136 ms (waited 0 ms for lock): git grep
[INFO] git: 129 ms (waited 0 ms for lock): git rev-parse
[INFO] git: 126 ms (waited 0 ms for lock): git cat-file
[INFO] git: 244 ms (waited 0 ms for lock): git ls-tree
[INFO] git: 156 ms (waited 0 ms for lock): git cat-file
[INFO] git: 149 ms (waited 0 ms for lock): git rev-parse
[INFO] git: 147 ms (waited 0 ms for lock): git grep
[INFO] git: 194 ms (waited 0 ms for lock): git rev-parse
[INFO] git: 212 ms (waited 0 ms for lock): git cat-file
[INFO] git: 186 ms (waited 0 ms for lock): git ls-tree
[INFO] git: 191 ms (waited 0 ms for lock): git cat-file
[INFO] git: 255 ms (waited 0 ms for lock): git rev-parse
[INFO] commit patch cache hit for 0a1e7af8f3f25338f20f4463fd8fcd04ecf1054d
[INFO] git: 187 ms (waited 0 ms for lock): git grep
[WARN] Layout wrap: 'recent_path' in parent 'recent_repo_.' - NoWrap set but would overflow (child_size=16.8, offset=19.6, container=31.1)
[WARN] Layout overflow: 'recent_path' extends outside parent 'recent_repo_.' bounds (child_rel=[0.0,19.6], child_size=[323.1,16.8], child_end=[323.1,36.4], parent_size=[323.1,31.1], gap=0.0, start_offset=0.0)
[WARN] Layout wrap: 'recent_path' in parent 'recent_repo_afterhours' - NoWrap set but would overflow (child_size=16.8, offset=19.6, container=31.1)
[WARN] Layout overflow: 'recent_path' extends outside parent 'recent_repo_afterhours' bounds (child_rel=[0.0,19.6], child_size=[323.1,16.8], child_end=[323.1,36.4], parent_size=[323.1,31.1], gap=0.0, start_offset=0.0)
[WARN] Layout wrap: 'recent_path' in parent 'recent_repo_floatinghotel_test_repo' - NoWrap set but would overflow (child_size=16.8, offset=19.6, container=31.1)
[WARN] Layout overflow: 'recent_path' extends outside parent 'recent_repo_floatinghotel_test_repo' bounds (child_rel=[0.0,19.6], child_size=[323.1,16.8], child_end=[323.1,36.4], parent_size=[323.1,31.1], gap=0.0, start_offset=0.0)
[WARN] Layout wrap: 'recent_path' in parent 'recent_repo_fixture_repo' - NoWrap set but would overflow (child_size=16.8, offset=19.6, container=31.1)
[WARN] Layout overflow: 'recent_path' extends outside parent 'recent_repo_fixture_repo' bounds (child_rel=[0.0,19.6], child_size=[323.1,16.8], child_end=[323.1,36.4], parent_size=[323.1,31.1], gap=0.0, start_offset=0.0)
[WARN] Layout wrap: 'recent_path' in parent 'recent_repo_.' - NoWrap set but would overflow (child_size=16.8, offset=19.6, container=31.1)
[WARN] Layout overflow: 'recent_path' extends outside parent 'recent_repo_.' bounds (child_rel=[0.0,19.6], child_size=[323.1,16.8], child_end=[323.1,36.4], parent_size=[323.1,31.1], gap=0.0, start_offset=0.0)
[WARN] Layout wrap: 'recent_path' in parent 'recent_repo_floatinghotel' - NoWrap set but would overflow (child_size=16.8, offset=19.6, container=31.1)
[WARN] Layout overflow: 'recent_path' extends outside parent 'recent_repo_floatinghotel' bounds (child_rel=[0.0,19.6], child_size=[323.1,16.8], child_end=[323.1,36.4], parent_size=[323.1,31.1], gap=0.0, start_offset=0.0)
[WARN] Layout wrap: 'recent_path' in parent 'recent_repo_.' - NoWrap set but would overflow (child_size=16.8, offset=19.6, container=31.1)
[WARN] Layout overflow: 'recent_path' extends outside parent 'recent_repo_.' bounds (child_rel=[0.0,19.6], child_size=[323.1,16.8], child_end=[323.1,36.4], parent_size=[323.1,31.1], gap=0.0, start_offset=0.0)
[WARN] Layout wrap: 'recent_path' in parent 'recent_repo_fhclone' - NoWrap set but would overflow (child_size=16.8, offset=19.6, container=31.1)
[WARN] Layout overflow: 'recent_path' extends outside parent 'recent_repo_fhclone' bounds (child_rel=[0.0,19.6], child_size=[323.1,16.8], child_end=[323.1,36.4], parent_size=[323.1,31.1], gap=0.0, start_offset=0.0)
[WARN] Layout wrap: 'recent_path' in parent 'recent_repo_.' - NoWrap set but would overflow (child_size=16.8, offset=19.6, container=31.1)
[WARN] Layout overflow: 'recent_path' extends outside parent 'recent_repo_.' bounds (child_rel=[0.0,19.6], child_size=[323.1,16.8], child_end=[323.1,36.4], parent_size=[323.1,31.1], gap=0.0, start_offset=0.0)
[WARN] Layout wrap: 'recent_path' in parent 'recent_repo_.' - NoWrap set but would overflow (child_size=16.8, offset=19.6, container=31.1)
[WARN] Layout overflow: 'recent_path' extends outside parent 'recent_repo_.' bounds (child_rel=[0.0,19.6], child_size=[323.1,16.8], child_end=[323.1,36.4], parent_size=[323.1,31.1], gap=0.0, start_offset=0.0)
[WARN] Layout wrap: 'recent_path' in parent 'recent_repo_afterhours' - NoWrap set but would overflow (child_size=16.8, offset=19.6, container=31.1)
[WARN] Layout overflow: 'recent_path' extends outside parent 'recent_repo_afterhours' bounds (child_rel=[0.0,19.6], child_size=[323.1,16.8], child_end=[323.1,36.4], parent_size=[323.1,31.1], gap=0.0, start_offset=0.0)
[WARN] Layout wrap: 'recent_path' in parent 'recent_repo_floatinghotel_test_repo' - NoWrap set but would overflow (child_size=16.8, offset=19.6, container=31.1)
[WARN] Layout overflow: 'recent_path' extends outside parent 'recent_repo_floatinghotel_test_repo' bounds (child_rel=[0.0,19.6], child_size=[323.1,16.8], child_end=[323.1,36.4], parent_size=[323.1,31.1], gap=0.0, start_offset=0.0)
[WARN] Layout wrap: 'recent_path' in parent 'recent_repo_fixture_repo' - NoWrap set but would overflow (child_size=16.8, offset=19.6, container=31.1)
[WARN] Layout overflow: 'recent_path' extends outside parent 'recent_repo_fixture_repo' bounds (child_rel=[0.0,19.6], child_size=[323.1,16.8], child_end=[323.1,36.4], parent_size=[323.1,31.1], gap=0.0, start_offset=0.0)
[WARN] Layout wrap: 'recent_path' in parent 'recent_repo_.' - NoWrap set but would overflow (child_size=16.8, offset=19.6, container=31.1)
[WARN] Layout overflow: 'recent_path' extends outside parent 'recent_repo_.' bounds (child_rel=[0.0,19.6], child_size=[323.1,16.8], child_end=[323.1,36.4], parent_size=[323.1,31.1], gap=0.0, start_offset=0.0)
[WARN] Layout wrap: 'recent_path' in parent 'recent_repo_floatinghotel' - NoWrap set but would overflow (child_size=16.8, offset=19.6, container=31.1)
[WARN] Layout overflow: 'recent_path' extends outside parent 'recent_repo_floatinghotel' bounds (child_rel=[0.0,19.6], child_size=[323.1,16.8], child_end=[323.1,36.4], parent_size=[323.1,31.1], gap=0.0, start_offset=0.0)
[WARN] Layout wrap: 'recent_path' in parent 'recent_repo_.' - NoWrap set but would overflow (child_size=16.8, offset=19.6, container=31.1)
[WARN] Layout overflow: 'recent_path' extends outside parent 'recent_repo_.' bounds (child_rel=[0.0,19.6], child_size=[323.1,16.8], child_end=[323.1,36.4], parent_size=[323.1,31.1], gap=0.0, start_offset=0.0)
[WARN] Layout wrap: 'recent_path' in parent 'recent_repo_fhclone' - NoWrap set but would overflow (child_size=16.8, offset=19.6, container=31.1)
[WARN] Layout overflow: 'recent_path' extends outside parent 'recent_repo_fhclone' bounds (child_rel=[0.0,19.6], child_size=[323.1,16.8], child_end=[323.1,36.4], parent_size=[323.1,31.1], gap=0.0, start_offset=0.0)
[WARN] Layout wrap: 'recent_path' in parent 'recent_repo_.' - NoWrap set but would overflow (child_size=16.8, offset=19.6, container=31.1)
[WARN] Layout overflow: 'recent_path' extends outside parent 'recent_repo_.' bounds (child_rel=[0.0,19.6], child_size=[323.1,16.8], child_end=[323.1,36.4], parent_size=[323.1,31.1], gap=0.0, start_offset=0.0)
[WARN] Layout wrap: 'recent_path' in parent 'recent_repo_.' - NoWrap set but would overflow (child_size=16.8, offset=19.6, container=31.1)
[WARN] Layout overflow: 'recent_path' extends outside parent 'recent_repo_.' bounds (child_rel=[0.0,19.6], child_size=[323.1,16.8], child_end=[323.1,36.4], parent_size=[323.1,31.1], gap=0.0, start_offset=0.0)
[WARN] Layout wrap: 'recent_path' in parent 'recent_repo_afterhours' - NoWrap set but would overflow (child_size=16.8, offset=19.6, container=31.1)
[WARN] Layout overflow: 'recent_path' extends outside parent 'recent_repo_afterhours' bounds (child_rel=[0.0,19.6], child_size=[323.1,16.8], child_end=[323.1,36.4], parent_size=[323.1,31.1], gap=0.0, start_offset=0.0)
[WARN] Layout wrap: 'recent_path' in parent 'recent_repo_floatinghotel_test_repo' - NoWrap set but would overflow (child_size=16.8, offset=19.6, container=31.1)
[WARN] Layout overflow: 'recent_path' extends outside parent 'recent_repo_floatinghotel_test_repo' bounds (child_rel=[0.0,19.6], child_size=[323.1,16.8], child_end=[323.1,36.4], parent_size=[323.1,31.1], gap=0.0, start_offset=0.0)
[WARN] Layout wrap: 'recent_path' in parent 'recent_repo_fixture_repo' - NoWrap set but would overflow (child_size=16.8, offset=19.6, container=31.1)
[WARN] Layout overflow: 'recent_path' extends outside parent 'recent_repo_fixture_repo' bounds (child_rel=[0.0,19.6], child_size=[323.1,16.8], child_end=[323.1,36.4], parent_size=[323.1,31.1], gap=0.0, start_offset=0.0)
[WARN] Layout wrap: 'recent_path' in parent 'recent_repo_.' - NoWrap set but would overflow (child_size=16.8, offset=19.6, container=31.1)
[WARN] Layout overflow: 'recent_path' extends outside parent 'recent_repo_.' bounds (child_rel=[0.0,19.6], child_size=[323.1,16.8], child_end=[323.1,36.4], parent_size=[323.1,31.1], gap=0.0, start_offset=0.0)
[WARN] Layout wrap: 'recent_path' in parent 'recent_repo_floatinghotel' - NoWrap set but would overflow (child_size=16.8, offset=19.6, container=31.1)
[WARN] Layout overflow: 'recent_path' extends outside parent 'recent_repo_floatinghotel' bounds (child_rel=[0.0,19.6], child_size=[323.1,16.8], child_end=[323.1,36.4], parent_size=[323.1,31.1], gap=0.0, start_offset=0.0)
[WARN] Layout wrap: 'recent_path' in parent 'recent_repo_.' - NoWrap set but would overflow (child_size=16.8, offset=19.6, container=31.1)
[WARN] Layout overflow: 'recent_path' extends outside parent 'recent_repo_.' bounds (child_rel=[0.0,19.6], child_size=[323.1,16.8], child_end=[323.1,36.4], parent_size=[323.1,31.1], gap=0.0, start_offset=0.0)
[WARN] Layout wrap: 'recent_path' in parent 'recent_repo_fhclone' - NoWrap set but would overflow (child_size=16.8, offset=19.6, container=31.1)
[WARN] Layout overflow: 'recent_path' extends outside parent 'recent_repo_fhclone' bounds (child_rel=[0.0,19.6], child_size=[323.1,16.8], child_end=[323.1,36.4], parent_size=[323.1,31.1], gap=0.0, start_offset=0.0)
[WARN] Layout wrap: 'recent_path' in parent 'recent_repo_.' - NoWrap set but would overflow (child_size=16.8, offset=19.6, container=31.1)
[WARN] Layout overflow: 'recent_path' extends outside parent 'recent_repo_.' bounds (child_rel=[0.0,19.6], child_size=[323.1,16.8], child_end=[323.1,36.4], parent_size=[323.1,31.1], gap=0.0, start_offset=0.0)
[WARN] Layout wrap: 'recent_path' in parent 'recent_repo_.' - NoWrap set but would overflow (child_size=16.8, offset=19.6, container=31.1)
[WARN] Layout overflow: 'recent_path' extends outside parent 'recent_repo_.' bounds (child_rel=[0.0,19.6], child_size=[323.1,16.8], child_end=[323.1,36.4], parent_size=[323.1,31.1], gap=0.0, start_offset=0.0)
[WARN] Layout wrap: 'recent_path' in parent 'recent_repo_afterhours' - NoWrap set but would overflow (child_size=16.8, offset=19.6, container=31.1)
[WARN] Layout overflow: 'recent_path' extends outside parent 'recent_repo_afterhours' bounds (child_rel=[0.0,19.6], child_size=[323.1,16.8], child_end=[323.1,36.4], parent_size=[323.1,31.1], gap=0.0, start_offset=0.0)
[WARN] Layout wrap: 'recent_path' in parent 'recent_repo_floatinghotel_test_repo' - NoWrap set but would overflow (child_size=16.8, offset=19.6, container=31.1)
[WARN] Layout overflow: 'recent_path' extends outside parent 'recent_repo_floatinghotel_test_repo' bounds (child_rel=[0.0,19.6], child_size=[323.1,16.8], child_end=[323.1,36.4], parent_size=[323.1,31.1], gap=0.0, start_offset=0.0)
[WARN] Layout wrap: 'recent_path' in parent 'recent_repo_fixture_repo' - NoWrap set but would overflow (child_size=16.8, offset=19.6, container=31.1)
[WARN] Layout overflow: 'recent_path' extends outside parent 'recent_repo_fixture_repo' bounds (child_rel=[0.0,19.6], child_size=[323.1,16.8], child_end=[323.1,36.4], parent_size=[323.1,31.1], gap=0.0, start_offset=0.0)
[WARN] Layout wrap: 'recent_path' in parent 'recent_repo_.' - NoWrap set but would overflow (child_size=16.8, offset=19.6, container=31.1)
[WARN] Layout overflow: 'recent_path' extends outside parent 'recent_repo_.' bounds (child_rel=[0.0,19.6], child_size=[323.1,16.8], child_end=[323.1,36.4], parent_size=[323.1,31.1], gap=0.0, start_offset=0.0)
[WARN] Layout wrap: 'recent_path' in parent 'recent_repo_floatinghotel' - NoWrap set but would overflow (child_size=16.8, offset=19.6, container=31.1)
[WARN] Layout overflow: 'recent_path' extends outside parent 'recent_repo_floatinghotel' bounds (child_rel=[0.0,19.6], child_size=[323.1,16.8], child_end=[323.1,36.4], parent_size=[323.1,31.1], gap=0.0, start_offset=0.0)
[WARN] Layout wrap: 'recent_path' in parent 'recent_repo_.' - NoWrap set but would overflow (child_size=16.8, offset=19.6, container=31.1)
[WARN] Layout overflow: 'recent_path' extends outside parent 'recent_repo_.' bounds (child_rel=[0.0,19.6], child_size=[323.1,16.8], child_end=[323.1,36.4], parent_size=[323.1,31.1], gap=0.0, start_offset=0.0)
[WARN] Layout wrap: 'recent_path' in parent 'recent_repo_fhclone' - NoWrap set but would overflow (child_size=16.8, offset=19.6, container=31.1)
[WARN] Layout overflow: 'recent_path' extends outside parent 'recent_repo_fhclone' bounds (child_rel=[0.0,19.6], child_size=[323.1,16.8], child_end=[323.1,36.4], parent_size=[323.1,31.1], gap=0.0, start_offset=0.0)
[WARN] Layout wrap: 'recent_path' in parent 'recent_repo_.' - NoWrap set but would overflow (child_size=16.8, offset=19.6, container=31.1)
[WARN] Layout overflow: 'recent_path' extends outside parent 'recent_repo_.' bounds (child_rel=[0.0,19.6], child_size=[323.1,16.8], child_end=[323.1,36.4], parent_size=[323.1,31.1], gap=0.0, start_offset=0.0)
[WARN] Layout wrap: 'recent_path' in parent 'recent_repo_.' - NoWrap set but would overflow (child_size=16.8, offset=19.6, container=31.1)
[WARN] Layout overflow: 'recent_path' extends outside parent 'recent_repo_.' bounds (child_rel=[0.0,19.6], child_size=[323.1,16.8], child_end=[323.1,36.4], parent_size=[323.1,31.1], gap=0.0, start_offset=0.0)
[WARN] Layout wrap: 'recent_path' in parent 'recent_repo_afterhours' - NoWrap set but would overflow (child_size=16.8, offset=19.6, container=31.1)
[WARN] Layout overflow: 'recent_path' extends outside parent 'recent_repo_afterhours' bounds (child_rel=[0.0,19.6], child_size=[323.1,16.8], child_end=[323.1,36.4], parent_size=[323.1,31.1], gap=0.0, start_offset=0.0)
[WARN] Layout wrap: 'recent_path' in parent 'recent_repo_floatinghotel_test_repo' - NoWrap set but would overflow (child_size=16.8, offset=19.6, container=31.1)
[WARN] Layout overflow: 'recent_path' extends outside parent 'recent_repo_floatinghotel_test_repo' bounds (child_rel=[0.0,19.6], child_size=[323.1,16.8], child_end=[323.1,36.4], parent_size=[323.1,31.1], gap=0.0, start_offset=0.0)
[WARN] Layout wrap: 'recent_path' in parent 'recent_repo_fixture_repo' - NoWrap set but would overflow (child_size=16.8, offset=19.6, container=31.1)
[WARN] Layout overflow: 'recent_path' extends outside parent 'recent_repo_fixture_repo' bounds (child_rel=[0.0,19.6], child_size=[323.1,16.8], child_end=[323.1,36.4], parent_size=[323.1,31.1], gap=0.0, start_offset=0.0)
[WARN] Layout wrap: 'recent_path' in parent 'recent_repo_.' - NoWrap set but would overflow (child_size=16.8, offset=19.6, container=31.1)
[WARN] Layout overflow: 'recent_path' extends outside parent 'recent_repo_.' bounds (child_rel=[0.0,19.6], child_size=[323.1,16.8], child_end=[323.1,36.4], parent_size=[323.1,31.1], gap=0.0, start_offset=0.0)
[WARN] Layout wrap: 'recent_path' in parent 'recent_repo_floatinghotel' - NoWrap set but would overflow (child_size=16.8, offset=19.6, container=31.1)
[WARN] Layout overflow: 'recent_path' extends outside parent 'recent_repo_floatinghotel' bounds (child_rel=[0.0,19.6], child_size=[323.1,16.8], child_end=[323.1,36.4], parent_size=[323.1,31.1], gap=0.0, start_offset=0.0)
[WARN] Layout wrap: 'recent_path' in parent 'recent_repo_.' - NoWrap set but would overflow (child_size=16.8, offset=19.6, container=31.1)
[WARN] Layout overflow: 'recent_path' extends outside parent 'recent_repo_.' bounds (child_rel=[0.0,19.6], child_size=[323.1,16.8], child_end=[323.1,36.4], parent_size=[323.1,31.1], gap=0.0, start_offset=0.0)
[WARN] Layout wrap: 'recent_path' in parent 'recent_repo_fhclone' - NoWrap set but would overflow (child_size=16.8, offset=19.6, container=31.1)
[WARN] Layout overflow: 'recent_path' extends outside parent 'recent_repo_fhclone' bounds (child_rel=[0.0,19.6], child_size=[323.1,16.8], child_end=[323.1,36.4], parent_size=[323.1,31.1], gap=0.0, start_offset=0.0)
[WARN] Layout wrap: 'recent_path' in parent 'recent_repo_.' - NoWrap set but would overflow (child_size=16.8, offset=19.6, container=31.1)
[WARN] Layout overflow: 'recent_path' extends outside parent 'recent_repo_.' bounds (child_rel=[0.0,19.6], child_size=[323.1,16.8], child_end=[323.1,36.4], parent_size=[323.1,31.1], gap=0.0, start_offset=0.0)
[WARN] Layout wrap: 'recent_path' in parent 'recent_repo_.' - NoWrap set but would overflow (child_size=16.8, offset=19.6, container=31.1)
[WARN] Layout overflow: 'recent_path' extends outside parent 'recent_repo_.' bounds (child_rel=[0.0,19.6], child_size=[323.1,16.8], child_end=[323.1,36.4], parent_size=[323.1,31.1], gap=0.0, start_offset=0.0)
[WARN] Layout wrap: 'recent_path' in parent 'recent_repo_afterhours' - NoWrap set but would overflow (child_size=16.8, offset=19.6, container=31.1)
[WARN] Layout overflow: 'recent_path' extends outside parent 'recent_repo_afterhours' bounds (child_rel=[0.0,19.6], child_size=[323.1,16.8], child_end=[323.1,36.4], parent_size=[323.1,31.1], gap=0.0, start_offset=0.0)
[WARN] Layout wrap: 'recent_path' in parent 'recent_repo_floatinghotel_test_repo' - NoWrap set but would overflow (child_size=16.8, offset=19.6, container=31.1)
[WARN] Layout overflow: 'recent_path' extends outside parent 'recent_repo_floatinghotel_test_repo' bounds (child_rel=[0.0,19.6], child_size=[323.1,16.8], child_end=[323.1,36.4], parent_size=[323.1,31.1], gap=0.0, start_offset=0.0)
[WARN] Layout wrap: 'recent_path' in parent 'recent_repo_fixture_repo' - NoWrap set but would overflow (child_size=16.8, offset=19.6, container=31.1)
[WARN] Layout overflow: 'recent_path' extends outside parent 'recent_repo_fixture_repo' bounds (child_rel=[0.0,19.6], child_size=[323.1,16.8], child_end=[323.1,36.4], parent_size=[323.1,31.1], gap=0.0, start_offset=0.0)
[WARN] Layout wrap: 'recent_path' in parent 'recent_repo_.' - NoWrap set but would overflow (child_size=16.8, offset=19.6, container=31.1)
[WARN] Layout overflow: 'recent_path' extends outside parent 'recent_repo_.' bounds (child_rel=[0.0,19.6], child_size=[323.1,16.8], child_end=[323.1,36.4], parent_size=[323.1,31.1], gap=0.0, start_offset=0.0)
[WARN] Layout wrap: 'recent_path' in parent 'recent_repo_floatinghotel' - NoWrap set but would overflow (child_size=16.8, offset=19.6, container=31.1)
[WARN] Layout overflow: 'recent_path' extends outside parent 'recent_repo_floatinghotel' bounds (child_rel=[0.0,19.6], child_size=[323.1,16.8], child_end=[323.1,36.4], parent_size=[323.1,31.1], gap=0.0, start_offset=0.0)
[WARN] Layout wrap: 'recent_path' in parent 'recent_repo_.' - NoWrap set but would overflow (child_size=16.8, offset=19.6, container=31.1)
[WARN] Layout overflow: 'recent_path' extends outside parent 'recent_repo_.' bounds (child_rel=[0.0,19.6], child_size=[323.1,16.8], child_end=[323.1,36.4], parent_size=[323.1,31.1], gap=0.0, start_offset=0.0)
[WARN] Layout wrap: 'recent_path' in parent 'recent_repo_fhclone' - NoWrap set but would overflow (child_size=16.8, offset=19.6, container=31.1)
[WARN] Layout overflow: 'recent_path' extends outside parent 'recent_repo_fhclone' bounds (child_rel=[0.0,19.6], child_size=[323.1,16.8], child_end=[323.1,36.4], parent_size=[323.1,31.1], gap=0.0, start_offset=0.0)
[WARN] Layout wrap: 'recent_path' in parent 'recent_repo_.' - NoWrap set but would overflow (child_size=16.8, offset=19.6, container=31.1)
[WARN] Layout overflow: 'recent_path' extends outside parent 'recent_repo_.' bounds (child_rel=[0.0,19.6], child_size=[323.1,16.8], child_end=[323.1,36.4], parent_size=[323.1,31.1], gap=0.0, start_offset=0.0)
[WARN] Layout wrap: 'recent_path' in parent 'recent_repo_.' - NoWrap set but would overflow (child_size=16.8, offset=19.6, container=31.1)
[WARN] Layout overflow: 'recent_path' extends outside parent 'recent_repo_.' bounds (child_rel=[0.0,19.6], child_size=[323.1,16.8], child_end=[323.1,36.4], parent_size=[323.1,31.1], gap=0.0, start_offset=0.0)
[WARN] Layout wrap: 'recent_path' in parent 'recent_repo_afterhours' - NoWrap set but would overflow (child_size=16.8, offset=19.6, container=31.1)
[WARN] Layout overflow: 'recent_path' extends outside parent 'recent_repo_afterhours' bounds (child_rel=[0.0,19.6], child_size=[323.1,16.8], child_end=[323.1,36.4], parent_size=[323.1,31.1], gap=0.0, start_offset=0.0)
[WARN] Layout wrap: 'recent_path' in parent 'recent_repo_floatinghotel_test_repo' - NoWrap set but would overflow (child_size=16.8, offset=19.6, container=31.1)
[WARN] Layout overflow: 'recent_path' extends outside parent 'recent_repo_floatinghotel_test_repo' bounds (child_rel=[0.0,19.6], child_size=[323.1,16.8], child_end=[323.1,36.4], parent_size=[323.1,31.1], gap=0.0, start_offset=0.0)
[WARN] Layout wrap: 'recent_path' in parent 'recent_repo_fixture_repo' - NoWrap set but would overflow (child_size=16.8, offset=19.6, container=31.1)
[WARN] Layout overflow: 'recent_path' extends outside parent 'recent_repo_fixture_repo' bounds (child_rel=[0.0,19.6], child_size=[323.1,16.8], child_end=[323.1,36.4], parent_size=[323.1,31.1], gap=0.0, start_offset=0.0)
[WARN] Layout wrap: 'recent_path' in parent 'recent_repo_.' - NoWrap set but would overflow (child_size=16.8, offset=19.6, container=31.1)
[WARN] Layout overflow: 'recent_path' extends outside parent 'recent_repo_.' bounds (child_rel=[0.0,19.6], child_size=[323.1,16.8], child_end=[323.1,36.4], parent_size=[323.1,31.1], gap=0.0, start_offset=0.0)
[WARN] Layout wrap: 'recent_path' in parent 'recent_repo_floatinghotel' - NoWrap set but would overflow (child_size=16.8, offset=19.6, container=31.1)
[WARN] Layout overflow: 'recent_path' extends outside parent 'recent_repo_floatinghotel' bounds (child_rel=[0.0,19.6], child_size=[323.1,16.8], child_end=[323.1,36.4], parent_size=[323.1,31.1], gap=0.0, start_offset=0.0)
[WARN] Layout wrap: 'recent_path' in parent 'recent_repo_.' - NoWrap set but would overflow (child_size=16.8, offset=19.6, container=31.1)
[WARN] Layout overflow: 'recent_path' extends outside parent 'recent_repo_.' bounds (child_rel=[0.0,19.6], child_size=[323.1,16.8], child_end=[323.1,36.4], parent_size=[323.1,31.1], gap=0.0, start_offset=0.0)
[WARN] Layout wrap: 'recent_path' in parent 'recent_repo_fhclone' - NoWrap set but would overflow (child_size=16.8, offset=19.6, container=31.1)
[WARN] Layout overflow: 'recent_path' extends outside parent 'recent_repo_fhclone' bounds (child_rel=[0.0,19.6], child_size=[323.1,16.8], child_end=[323.1,36.4], parent_size=[323.1,31.1], gap=0.0, start_offset=0.0)
[WARN] Layout wrap: 'recent_path' in parent 'recent_repo_.' - NoWrap set but would overflow (child_size=16.8, offset=19.6, container=31.1)
[WARN] Layout overflow: 'recent_path' extends outside parent 'recent_repo_.' bounds (child_rel=[0.0,19.6], child_size=[323.1,16.8], child_end=[323.1,36.4], parent_size=[323.1,31.1], gap=0.0, start_offset=0.0)
[WARN] Layout wrap: 'recent_path' in parent 'recent_repo_.' - NoWrap set but would overflow (child_size=16.8, offset=19.6, container=31.1)
[WARN] Layout overflow: 'recent_path' extends outside parent 'recent_repo_.' bounds (child_rel=[0.0,19.6], child_size=[323.1,16.8], child_end=[323.1,36.4], parent_size=[323.1,31.1], gap=0.0, start_offset=0.0)
[WARN] Layout wrap: 'recent_path' in parent 'recent_repo_afterhours' - NoWrap set but would overflow (child_size=16.8, offset=19.6, container=31.1)
[WARN] Layout overflow: 'recent_path' extends outside parent 'recent_repo_afterhours' bounds (child_rel=[0.0,19.6], child_size=[323.1,16.8], child_end=[323.1,36.4], parent_size=[323.1,31.1], gap=0.0, start_offset=0.0)
[WARN] Layout wrap: 'recent_path' in parent 'recent_repo_floatinghotel_test_repo' - NoWrap set but would overflow (child_size=16.8, offset=19.6, container=31.1)
[WARN] Layout overflow: 'recent_path' extends outside parent 'recent_repo_floatinghotel_test_repo' bounds (child_rel=[0.0,19.6], child_size=[323.1,16.8], child_end=[323.1,36.4], parent_size=[323.1,31.1], gap=0.0, start_offset=0.0)
[WARN] Layout wrap: 'recent_path' in parent 'recent_repo_fixture_repo' - NoWrap set but would overflow (child_size=16.8, offset=19.6, container=31.1)
[WARN] Layout overflow: 'recent_path' extends outside parent 'recent_repo_fixture_repo' bounds (child_rel=[0.0,19.6], child_size=[323.1,16.8], child_end=[323.1,36.4], parent_size=[323.1,31.1], gap=0.0, start_offset=0.0)
[WARN] Layout wrap: 'recent_path' in parent 'recent_repo_.' - NoWrap set but would overflow (child_size=16.8, offset=19.6, container=31.1)
[WARN] Layout overflow: 'recent_path' extends outside parent 'recent_repo_.' bounds (child_rel=[0.0,19.6], child_size=[323.1,16.8], child_end=[323.1,36.4], parent_size=[323.1,31.1], gap=0.0, start_offset=0.0)
[WARN] Layout wrap: 'recent_path' in parent 'recent_repo_floatinghotel' - NoWrap set but would overflow (child_size=16.8, offset=19.6, container=31.1)
[WARN] Layout overflow: 'recent_path' extends outside parent 'recent_repo_floatinghotel' bounds (child_rel=[0.0,19.6], child_size=[323.1,16.8], child_end=[323.1,36.4], parent_size=[323.1,31.1], gap=0.0, start_offset=0.0)
[WARN] Layout wrap: 'recent_path' in parent 'recent_repo_.' - NoWrap set but would overflow (child_size=16.8, offset=19.6, container=31.1)
[WARN] Layout overflow: 'recent_path' extends outside parent 'recent_repo_.' bounds (child_rel=[0.0,19.6], child_size=[323.1,16.8], child_end=[323.1,36.4], parent_size=[323.1,31.1], gap=0.0, start_offset=0.0)
[WARN] Layout wrap: 'recent_path' in parent 'recent_repo_fhclone' - NoWrap set but would overflow (child_size=16.8, offset=19.6, container=31.1)
[WARN] Layout overflow: 'recent_path' extends outside parent 'recent_repo_fhclone' bounds (child_rel=[0.0,19.6], child_size=[323.1,16.8], child_end=[323.1,36.4], parent_size=[323.1,31.1], gap=0.0, start_offset=0.0)
[WARN] Layout wrap: 'recent_path' in parent 'recent_repo_.' - NoWrap set but would overflow (child_size=16.8, offset=19.6, container=31.1)
[WARN] Layout overflow: 'recent_path' extends outside parent 'recent_repo_.' bounds (child_rel=[0.0,19.6], child_size=[323.1,16.8], child_end=[323.1,36.4], parent_size=[323.1,31.1], gap=0.0, start_offset=0.0)
[WARN] Layout wrap: 'recent_path' in parent 'recent_repo_.' - NoWrap set but would overflow (child_size=16.8, offset=19.6, container=31.1)
[WARN] Layout overflow: 'recent_path' extends outside parent 'recent_repo_.' bounds (child_rel=[0.0,19.6], child_size=[323.1,16.8], child_end=[323.1,36.4], parent_size=[323.1,31.1], gap=0.0, start_offset=0.0)
[WARN] Layout wrap: 'recent_path' in parent 'recent_repo_afterhours' - NoWrap set but would overflow (child_size=16.8, offset=19.6, container=31.1)
[WARN] Layout overflow: 'recent_path' extends outside parent 'recent_repo_afterhours' bounds (child_rel=[0.0,19.6], child_size=[323.1,16.8], child_end=[323.1,36.4], parent_size=[323.1,31.1], gap=0.0, start_offset=0.0)
[WARN] Layout wrap: 'recent_path' in parent 'recent_repo_floatinghotel_test_repo' - NoWrap set but would overflow (child_size=16.8, offset=19.6, container=31.1)
[WARN] Layout overflow: 'recent_path' extends outside parent 'recent_repo_floatinghotel_test_repo' bounds (child_rel=[0.0,19.6], child_size=[323.1,16.8], child_end=[323.1,36.4], parent_size=[323.1,31.1], gap=0.0, start_offset=0.0)
[WARN] Layout wrap: 'recent_path' in parent 'recent_repo_fixture_repo' - NoWrap set but would overflow (child_size=16.8, offset=19.6, container=31.1)
[WARN] Layout overflow: 'recent_path' extends outside parent 'recent_repo_fixture_repo' bounds (child_rel=[0.0,19.6], child_size=[323.1,16.8], child_end=[323.1,36.4], parent_size=[323.1,31.1], gap=0.0, start_offset=0.0)
[WARN] Layout wrap: 'recent_path' in parent 'recent_repo_.' - NoWrap set but would overflow (child_size=16.8, offset=19.6, container=31.1)
[WARN] Layout overflow: 'recent_path' extends outside parent 'recent_repo_.' bounds (child_rel=[0.0,19.6], child_size=[323.1,16.8], child_end=[323.1,36.4], parent_size=[323.1,31.1], gap=0.0, start_offset=0.0)
[WARN] Layout wrap: 'recent_path' in parent 'recent_repo_floatinghotel' - NoWrap set but would overflow (child_size=16.8, offset=19.6, container=31.1)
[WARN] Layout overflow: 'recent_path' extends outside parent 'recent_repo_floatinghotel' bounds (child_rel=[0.0,19.6], child_size=[323.1,16.8], child_end=[323.1,36.4], parent_size=[323.1,31.1], gap=0.0, start_offset=0.0)
[WARN] Layout wrap: 'recent_path' in parent 'recent_repo_.' - NoWrap set but would overflow (child_size=16.8, offset=19.6, container=31.1)
[WARN] Layout overflow: 'recent_path' extends outside parent 'recent_repo_.' bounds (child_rel=[0.0,19.6], child_size=[323.1,16.8], child_end=[323.1,36.4], parent_size=[323.1,31.1], gap=0.0, start_offset=0.0)
[WARN] Layout wrap: 'recent_path' in parent 'recent_repo_fhclone' - NoWrap set but would overflow (child_size=16.8, offset=19.6, container=31.1)
[WARN] Layout overflow: 'recent_path' extends outside parent 'recent_repo_fhclone' bounds (child_rel=[0.0,19.6], child_size=[323.1,16.8], child_end=[323.1,36.4], parent_size=[323.1,31.1], gap=0.0, start_offset=0.0)
[WARN] Layout wrap: 'recent_path' in parent 'recent_repo_.' - NoWrap set but would overflow (child_size=16.8, offset=19.6, container=31.1)
[WARN] Layout overflow: 'recent_path' extends outside parent 'recent_repo_.' bounds (child_rel=[0.0,19.6], child_size=[323.1,16.8], child_end=[323.1,36.4], parent_size=[323.1,31.1], gap=0.0, start_offset=0.0)
[WARN] Layout wrap: 'recent_path' in parent 'recent_repo_.' - NoWrap set but would overflow (child_size=16.8, offset=19.6, container=31.1)
[WARN] Layout overflow: 'recent_path' extends outside parent 'recent_repo_.' bounds (child_rel=[0.0,19.6], child_size=[323.1,16.8], child_end=[323.1,36.4], parent_size=[323.1,31.1], gap=0.0, start_offset=0.0)
[WARN] Layout wrap: 'recent_path' in parent 'recent_repo_afterhours' - NoWrap set but would overflow (child_size=16.8, offset=19.6, container=31.1)
[WARN] Layout overflow: 'recent_path' extends outside parent 'recent_repo_afterhours' bounds (child_rel=[0.0,19.6], child_size=[323.1,16.8], child_end=[323.1,36.4], parent_size=[323.1,31.1], gap=0.0, start_offset=0.0)
[WARN] Layout wrap: 'recent_path' in parent 'recent_repo_floatinghotel_test_repo' - NoWrap set but would overflow (child_size=16.8, offset=19.6, container=31.1)
[WARN] Layout overflow: 'recent_path' extends outside parent 'recent_repo_floatinghotel_test_repo' bounds (child_rel=[0.0,19.6], child_size=[323.1,16.8], child_end=[323.1,36.4], parent_size=[323.1,31.1], gap=0.0, start_offset=0.0)
[WARN] Layout wrap: 'recent_path' in parent 'recent_repo_fixture_repo' - NoWrap set but would overflow (child_size=16.8, offset=19.6, container=31.1)
[WARN] Layout overflow: 'recent_path' extends outside parent 'recent_repo_fixture_repo' bounds (child_rel=[0.0,19.6], child_size=[323.1,16.8], child_end=[323.1,36.4], parent_size=[323.1,31.1], gap=0.0, start_offset=0.0)
[WARN] Layout wrap: 'recent_path' in parent 'recent_repo_.' - NoWrap set but would overflow (child_size=16.8, offset=19.6, container=31.1)
[WARN] Layout overflow: 'recent_path' extends outside parent 'recent_repo_.' bounds (child_rel=[0.0,19.6], child_size=[323.1,16.8], child_end=[323.1,36.4], parent_size=[323.1,31.1], gap=0.0, start_offset=0.0)
[WARN] Layout wrap: 'recent_path' in parent 'recent_repo_floatinghotel' - NoWrap set but would overflow (child_size=16.8, offset=19.6, container=31.1)
[WARN] Layout overflow: 'recent_path' extends outside parent 'recent_repo_floatinghotel' bounds (child_rel=[0.0,19.6], child_size=[323.1,16.8], child_end=[323.1,36.4], parent_size=[323.1,31.1], gap=0.0, start_offset=0.0)
[WARN] Layout wrap: 'recent_path' in parent 'recent_repo_.' - NoWrap set but would overflow (child_size=16.8, offset=19.6, container=31.1)
[WARN] Layout overflow: 'recent_path' extends outside parent 'recent_repo_.' bounds (child_rel=[0.0,19.6], child_size=[323.1,16.8], child_end=[323.1,36.4], parent_size=[323.1,31.1], gap=0.0, start_offset=0.0)
[WARN] Layout wrap: 'recent_path' in parent 'recent_repo_fhclone' - NoWrap set but would overflow (child_size=16.8, offset=19.6, container=31.1)
[WARN] Layout overflow: 'recent_path' extends outside parent 'recent_repo_fhclone' bounds (child_rel=[0.0,19.6], child_size=[323.1,16.8], child_end=[323.1,36.4], parent_size=[323.1,31.1], gap=0.0, start_offset=0.0)
[WARN] Layout wrap: 'recent_path' in parent 'recent_repo_.' - NoWrap set but would overflow (child_size=16.8, offset=19.6, container=31.1)
[WARN] Layout overflow: 'recent_path' extends outside parent 'recent_repo_.' bounds (child_rel=[0.0,19.6], child_size=[323.1,16.8], child_end=[323.1,36.4], parent_size=[323.1,31.1], gap=0.0, start_offset=0.0)
[WARN] Layout wrap: 'recent_path' in parent 'recent_repo_.' - NoWrap set but would overflow (child_size=16.8, offset=19.6, container=31.1)
[WARN] Layout overflow: 'recent_path' extends outside parent 'recent_repo_.' bounds (child_rel=[0.0,19.6], child_size=[323.1,16.8], child_end=[323.1,36.4], parent_size=[323.1,31.1], gap=0.0, start_offset=0.0)
[WARN] Layout wrap: 'recent_path' in parent 'recent_repo_afterhours' - NoWrap set but would overflow (child_size=16.8, offset=19.6, container=31.1)
[WARN] Layout overflow: 'recent_path' extends outside parent 'recent_repo_afterhours' bounds (child_rel=[0.0,19.6], child_size=[323.1,16.8], child_end=[323.1,36.4], parent_size=[323.1,31.1], gap=0.0, start_offset=0.0)
[WARN] Layout wrap: 'recent_path' in parent 'recent_repo_floatinghotel_test_repo' - NoWrap set but would overflow (child_size=16.8, offset=19.6, container=31.1)
[WARN] Layout overflow: 'recent_path' extends outside parent 'recent_repo_floatinghotel_test_repo' bounds (child_rel=[0.0,19.6], child_size=[323.1,16.8], child_end=[323.1,36.4], parent_size=[323.1,31.1], gap=0.0, start_offset=0.0)
[WARN] Layout wrap: 'recent_path' in parent 'recent_repo_fixture_repo' - NoWrap set but would overflow (child_size=16.8, offset=19.6, container=31.1)
[WARN] Layout overflow: 'recent_path' extends outside parent 'recent_repo_fixture_repo' bounds (child_rel=[0.0,19.6], child_size=[323.1,16.8], child_end=[323.1,36.4], parent_size=[323.1,31.1], gap=0.0, start_offset=0.0)
[WARN] Layout wrap: 'recent_path' in parent 'recent_repo_.' - NoWrap set but would overflow (child_size=16.8, offset=19.6, container=31.1)
[WARN] Layout overflow: 'recent_path' extends outside parent 'recent_repo_.' bounds (child_rel=[0.0,19.6], child_size=[323.1,16.8], child_end=[323.1,36.4], parent_size=[323.1,31.1], gap=0.0, start_offset=0.0)
[WARN] Layout wrap: 'recent_path' in parent 'recent_repo_floatinghotel' - NoWrap set but would overflow (child_size=16.8, offset=19.6, container=31.1)
[WARN] Layout overflow: 'recent_path' extends outside parent 'recent_repo_floatinghotel' bounds (child_rel=[0.0,19.6], child_size=[323.1,16.8], child_end=[323.1,36.4], parent_size=[323.1,31.1], gap=0.0, start_offset=0.0)
[WARN] Layout wrap: 'recent_path' in parent 'recent_repo_.' - NoWrap set but would overflow (child_size=16.8, offset=19.6, container=31.1)
[WARN] Layout overflow: 'recent_path' extends outside parent 'recent_repo_.' bounds (child_rel=[0.0,19.6], child_size=[323.1,16.8], child_end=[323.1,36.4], parent_size=[323.1,31.1], gap=0.0, start_offset=0.0)
[WARN] Layout wrap: 'recent_path' in parent 'recent_repo_fhclone' - NoWrap set but would overflow (child_size=16.8, offset=19.6, container=31.1)
[WARN] Layout overflow: 'recent_path' extends outside parent 'recent_repo_fhclone' bounds (child_rel=[0.0,19.6], child_size=[323.1,16.8], child_end=[323.1,36.4], parent_size=[323.1,31.1], gap=0.0, start_offset=0.0)
[WARN] Layout wrap: 'recent_path' in parent 'recent_repo_.' - NoWrap set but would overflow (child_size=16.8, offset=19.6, container=31.1)
[WARN] Layout overflow: 'recent_path' extends outside parent 'recent_repo_.' bounds (child_rel=[0.0,19.6], child_size=[323.1,16.8], child_end=[323.1,36.4], parent_size=[323.1,31.1], gap=0.0, start_offset=0.0)
[WARN] Layout wrap: 'recent_path' in parent 'recent_repo_.' - NoWrap set but would overflow (child_size=16.8, offset=19.6, container=31.1)
[WARN] Layout overflow: 'recent_path' extends outside parent 'recent_repo_.' bounds (child_rel=[0.0,19.6], child_size=[323.1,16.8], child_end=[323.1,36.4], parent_size=[323.1,31.1], gap=0.0, start_offset=0.0)
[WARN] Layout wrap: 'recent_path' in parent 'recent_repo_afterhours' - NoWrap set but would overflow (child_size=16.8, offset=19.6, container=31.1)
[WARN] Layout overflow: 'recent_path' extends outside parent 'recent_repo_afterhours' bounds (child_rel=[0.0,19.6], child_size=[323.1,16.8], child_end=[323.1,36.4], parent_size=[323.1,31.1], gap=0.0, start_offset=0.0)
[WARN] Layout wrap: 'recent_path' in parent 'recent_repo_floatinghotel_test_repo' - NoWrap set but would overflow (child_size=16.8, offset=19.6, container=31.1)
[WARN] Layout overflow: 'recent_path' extends outside parent 'recent_repo_floatinghotel_test_repo' bounds (child_rel=[0.0,19.6], child_size=[323.1,16.8], child_end=[323.1,36.4], parent_size=[323.1,31.1], gap=0.0, start_offset=0.0)
[WARN] Layout wrap: 'recent_path' in parent 'recent_repo_fixture_repo' - NoWrap set but would overflow (child_size=16.8, offset=19.6, container=31.1)
[WARN] Layout overflow: 'recent_path' extends outside parent 'recent_repo_fixture_repo' bounds (child_rel=[0.0,19.6], child_size=[323.1,16.8], child_end=[323.1,36.4], parent_size=[323.1,31.1], gap=0.0, start_offset=0.0)
[WARN] Layout wrap: 'recent_path' in parent 'recent_repo_.' - NoWrap set but would overflow (child_size=16.8, offset=19.6, container=31.1)
[WARN] Layout overflow: 'recent_path' extends outside parent 'recent_repo_.' bounds (child_rel=[0.0,19.6], child_size=[323.1,16.8], child_end=[323.1,36.4], parent_size=[323.1,31.1], gap=0.0, start_offset=0.0)
[WARN] Layout wrap: 'recent_path' in parent 'recent_repo_floatinghotel' - NoWrap set but would overflow (child_size=16.8, offset=19.6, container=31.1)
[WARN] Layout overflow: 'recent_path' extends outside parent 'recent_repo_floatinghotel' bounds (child_rel=[0.0,19.6], child_size=[323.1,16.8], child_end=[323.1,36.4], parent_size=[323.1,31.1], gap=0.0, start_offset=0.0)
[WARN] Layout wrap: 'recent_path' in parent 'recent_repo_.' - NoWrap set but would overflow (child_size=16.8, offset=19.6, container=31.1)
[WARN] Layout overflow: 'recent_path' extends outside parent 'recent_repo_.' bounds (child_rel=[0.0,19.6], child_size=[323.1,16.8], child_end=[323.1,36.4], parent_size=[323.1,31.1], gap=0.0, start_offset=0.0)
[WARN] Layout wrap: 'recent_path' in parent 'recent_repo_fhclone' - NoWrap set but would overflow (child_size=16.8, offset=19.6, container=31.1)
[WARN] Layout overflow: 'recent_path' extends outside parent 'recent_repo_fhclone' bounds (child_rel=[0.0,19.6], child_size=[323.1,16.8], child_end=[323.1,36.4], parent_size=[323.1,31.1], gap=0.0, start_offset=0.0)
[WARN] Layout wrap: 'recent_path' in parent 'recent_repo_.' - NoWrap set but would overflow (child_size=16.8, offset=19.6, container=31.1)
[WARN] Layout overflow: 'recent_path' extends outside parent 'recent_repo_.' bounds (child_rel=[0.0,19.6], child_size=[323.1,16.8], child_end=[323.1,36.4], parent_size=[323.1,31.1], gap=0.0, start_offset=0.0)
[WARN] Layout wrap: 'recent_path' in parent 'recent_repo_.' - NoWrap set but would overflow (child_size=16.8, offset=19.6, container=31.1)
[WARN] Layout overflow: 'recent_path' extends outside parent 'recent_repo_.' bounds (child_rel=[0.0,19.6], child_size=[323.1,16.8], child_end=[323.1,36.4], parent_size=[323.1,31.1], gap=0.0, start_offset=0.0)
[WARN] Layout wrap: 'recent_path' in parent 'recent_repo_afterhours' - NoWrap set but would overflow (child_size=16.8, offset=19.6, container=31.1)
[WARN] Layout overflow: 'recent_path' extends outside parent 'recent_repo_afterhours' bounds (child_rel=[0.0,19.6], child_size=[323.1,16.8], child_end=[323.1,36.4], parent_size=[323.1,31.1], gap=0.0, start_offset=0.0)
[WARN] Layout wrap: 'recent_path' in parent 'recent_repo_floatinghotel_test_repo' - NoWrap set but would overflow (child_size=16.8, offset=19.6, container=31.1)
[WARN] Layout overflow: 'recent_path' extends outside parent 'recent_repo_floatinghotel_test_repo' bounds (child_rel=[0.0,19.6], child_size=[323.1,16.8], child_end=[323.1,36.4], parent_size=[323.1,31.1], gap=0.0, start_offset=0.0)
[WARN] Layout wrap: 'recent_path' in parent 'recent_repo_fixture_repo' - NoWrap set but would overflow (child_size=16.8, offset=19.6, container=31.1)
[WARN] Layout overflow: 'recent_path' extends outside parent 'recent_repo_fixture_repo' bounds (child_rel=[0.0,19.6], child_size=[323.1,16.8], child_end=[323.1,36.4], parent_size=[323.1,31.1], gap=0.0, start_offset=0.0)
[WARN] Layout wrap: 'recent_path' in parent 'recent_repo_.' - NoWrap set but would overflow (child_size=16.8, offset=19.6, container=31.1)
[WARN] Layout overflow: 'recent_path' extends outside parent 'recent_repo_.' bounds (child_rel=[0.0,19.6], child_size=[323.1,16.8], child_end=[323.1,36.4], parent_size=[323.1,31.1], gap=0.0, start_offset=0.0)
[WARN] Layout wrap: 'recent_path' in parent 'recent_repo_floatinghotel' - NoWrap set but would overflow (child_size=16.8, offset=19.6, container=31.1)
[WARN] Layout overflow: 'recent_path' extends outside parent 'recent_repo_floatinghotel' bounds (child_rel=[0.0,19.6], child_size=[323.1,16.8], child_end=[323.1,36.4], parent_size=[323.1,31.1], gap=0.0, start_offset=0.0)
[WARN] Layout wrap: 'recent_path' in parent 'recent_repo_.' - NoWrap set but would overflow (child_size=16.8, offset=19.6, container=31.1)
[WARN] Layout overflow: 'recent_path' extends outside parent 'recent_repo_.' bounds (child_rel=[0.0,19.6], child_size=[323.1,16.8], child_end=[323.1,36.4], parent_size=[323.1,31.1], gap=0.0, start_offset=0.0)
[WARN] Layout wrap: 'recent_path' in parent 'recent_repo_fhclone' - NoWrap set but would overflow (child_size=16.8, offset=19.6, container=31.1)
[WARN] Layout overflow: 'recent_path' extends outside parent 'recent_repo_fhclone' bounds (child_rel=[0.0,19.6], child_size=[323.1,16.8], child_end=[323.1,36.4], parent_size=[323.1,31.1], gap=0.0, start_offset=0.0)
[WARN] Layout wrap: 'recent_path' in parent 'recent_repo_.' - NoWrap set but would overflow (child_size=16.8, offset=19.6, container=31.1)
[WARN] Layout overflow: 'recent_path' extends outside parent 'recent_repo_.' bounds (child_rel=[0.0,19.6], child_size=[323.1,16.8], child_end=[323.1,36.4], parent_size=[323.1,31.1], gap=0.0, start_offset=0.0)
[WARN] Layout wrap: 'recent_path' in parent 'recent_repo_.' - NoWrap set but would overflow (child_size=16.8, offset=19.6, container=31.1)
[WARN] Layout overflow: 'recent_path' extends outside parent 'recent_repo_.' bounds (child_rel=[0.0,19.6], child_size=[323.1,16.8], child_end=[323.1,36.4], parent_size=[323.1,31.1], gap=0.0, start_offset=0.0)
[WARN] Layout wrap: 'recent_path' in parent 'recent_repo_afterhours' - NoWrap set but would overflow (child_size=16.8, offset=19.6, container=31.1)
[WARN] Layout overflow: 'recent_path' extends outside parent 'recent_repo_afterhours' bounds (child_rel=[0.0,19.6], child_size=[323.1,16.8], child_end=[323.1,36.4], parent_size=[323.1,31.1], gap=0.0, start_offset=0.0)
[WARN] Layout wrap: 'recent_path' in parent 'recent_repo_floatinghotel_test_repo' - NoWrap set but would overflow (child_size=16.8, offset=19.6, container=31.1)
[WARN] Layout overflow: 'recent_path' extends outside parent 'recent_repo_floatinghotel_test_repo' bounds (child_rel=[0.0,19.6], child_size=[323.1,16.8], child_end=[323.1,36.4], parent_size=[323.1,31.1], gap=0.0, start_offset=0.0)
[WARN] Layout wrap: 'recent_path' in parent 'recent_repo_fixture_repo' - NoWrap set but would overflow (child_size=16.8, offset=19.6, container=31.1)
[WARN] Layout overflow: 'recent_path' extends outside parent 'recent_repo_fixture_repo' bounds (child_rel=[0.0,19.6], child_size=[323.1,16.8], child_end=[323.1,36.4], parent_size=[323.1,31.1], gap=0.0, start_offset=0.0)
[WARN] Layout wrap: 'recent_path' in parent 'recent_repo_.' - NoWrap set but would overflow (child_size=16.8, offset=19.6, container=31.1)
[WARN] Layout overflow: 'recent_path' extends outside parent 'recent_repo_.' bounds (child_rel=[0.0,19.6], child_size=[323.1,16.8], child_end=[323.1,36.4], parent_size=[323.1,31.1], gap=0.0, start_offset=0.0)
[WARN] Layout wrap: 'recent_path' in parent 'recent_repo_floatinghotel' - NoWrap set but would overflow (child_size=16.8, offset=19.6, container=31.1)
[WARN] Layout overflow: 'recent_path' extends outside parent 'recent_repo_floatinghotel' bounds (child_rel=[0.0,19.6], child_size=[323.1,16.8], child_end=[323.1,36.4], parent_size=[323.1,31.1], gap=0.0, start_offset=0.0)
[WARN] Layout wrap: 'recent_path' in parent 'recent_repo_.' - NoWrap set but would overflow (child_size=16.8, offset=19.6, container=31.1)
[WARN] Layout overflow: 'recent_path' extends outside parent 'recent_repo_.' bounds (child_rel=[0.0,19.6], child_size=[323.1,16.8], child_end=[323.1,36.4], parent_size=[323.1,31.1], gap=0.0, start_offset=0.0)
[WARN] Layout wrap: 'recent_path' in parent 'recent_repo_fhclone' - NoWrap set but would overflow (child_size=16.8, offset=19.6, container=31.1)
[WARN] Layout overflow: 'recent_path' extends outside parent 'recent_repo_fhclone' bounds (child_rel=[0.0,19.6], child_size=[323.1,16.8], child_end=[323.1,36.4], parent_size=[323.1,31.1], gap=0.0, start_offset=0.0)
[WARN] Layout wrap: 'recent_path' in parent 'recent_repo_.' - NoWrap set but would overflow (child_size=16.8, offset=19.6, container=31.1)
[WARN] Layout overflow: 'recent_path' extends outside parent 'recent_repo_.' bounds (child_rel=[0.0,19.6], child_size=[323.1,16.8], child_end=[323.1,36.4], parent_size=[323.1,31.1], gap=0.0, start_offset=0.0)
[WARN] Layout wrap: 'recent_path' in parent 'recent_repo_.' - NoWrap set but would overflow (child_size=16.8, offset=19.6, container=31.1)
[WARN] Layout overflow: 'recent_path' extends outside parent 'recent_repo_.' bounds (child_rel=[0.0,19.6], child_size=[323.1,16.8], child_end=[323.1,36.4], parent_size=[323.1,31.1], gap=0.0, start_offset=0.0)
[WARN] Layout wrap: 'recent_path' in parent 'recent_repo_afterhours' - NoWrap set but would overflow (child_size=16.8, offset=19.6, container=31.1)
[WARN] Layout overflow: 'recent_path' extends outside parent 'recent_repo_afterhours' bounds (child_rel=[0.0,19.6], child_size=[323.1,16.8], child_end=[323.1,36.4], parent_size=[323.1,31.1], gap=0.0, start_offset=0.0)
[WARN] Layout wrap: 'recent_path' in parent 'recent_repo_floatinghotel_test_repo' - NoWrap set but would overflow (child_size=16.8, offset=19.6, container=31.1)
[WARN] Layout overflow: 'recent_path' extends outside parent 'recent_repo_floatinghotel_test_repo' bounds (child_rel=[0.0,19.6], child_size=[323.1,16.8], child_end=[323.1,36.4], parent_size=[323.1,31.1], gap=0.0, start_offset=0.0)
[WARN] Layout wrap: 'recent_path' in parent 'recent_repo_fixture_repo' - NoWrap set but would overflow (child_size=16.8, offset=19.6, container=31.1)
[WARN] Layout overflow: 'recent_path' extends outside parent 'recent_repo_fixture_repo' bounds (child_rel=[0.0,19.6], child_size=[323.1,16.8], child_end=[323.1,36.4], parent_size=[323.1,31.1], gap=0.0, start_offset=0.0)
[WARN] Layout wrap: 'recent_path' in parent 'recent_repo_.' - NoWrap set but would overflow (child_size=16.8, offset=19.6, container=31.1)
[WARN] Layout overflow: 'recent_path' extends outside parent 'recent_repo_.' bounds (child_rel=[0.0,19.6], child_size=[323.1,16.8], child_end=[323.1,36.4], parent_size=[323.1,31.1], gap=0.0, start_offset=0.0)
[WARN] Layout wrap: 'recent_path' in parent 'recent_repo_floatinghotel' - NoWrap set but would overflow (child_size=16.8, offset=19.6, container=31.1)
[WARN] Layout overflow: 'recent_path' extends outside parent 'recent_repo_floatinghotel' bounds (child_rel=[0.0,19.6], child_size=[323.1,16.8], child_end=[323.1,36.4], parent_size=[323.1,31.1], gap=0.0, start_offset=0.0)
[WARN] Layout wrap: 'recent_path' in parent 'recent_repo_.' - NoWrap set but would overflow (child_size=16.8, offset=19.6, container=31.1)
[WARN] Layout overflow: 'recent_path' extends outside parent 'recent_repo_.' bounds (child_rel=[0.0,19.6], child_size=[323.1,16.8], child_end=[323.1,36.4], parent_size=[323.1,31.1], gap=0.0, start_offset=0.0)
[WARN] Layout wrap: 'recent_path' in parent 'recent_repo_fhclone' - NoWrap set but would overflow (child_size=16.8, offset=19.6, container=31.1)
[WARN] Layout overflow: 'recent_path' extends outside parent 'recent_repo_fhclone' bounds (child_rel=[0.0,19.6], child_size=[323.1,16.8], child_end=[323.1,36.4], parent_size=[323.1,31.1], gap=0.0, start_offset=0.0)
[WARN] Layout wrap: 'recent_path' in parent 'recent_repo_.' - NoWrap set but would overflow (child_size=16.8, offset=19.6, container=31.1)
[WARN] Layout overflow: 'recent_path' extends outside parent 'recent_repo_.' bounds (child_rel=[0.0,19.6], child_size=[323.1,16.8], child_end=[323.1,36.4], parent_size=[323.1,31.1], gap=0.0, start_offset=0.0)
[WARN] Layout wrap: 'recent_path' in parent 'recent_repo_.' - NoWrap set but would overflow (child_size=16.8, offset=19.6, container=31.1)
[WARN] Layout overflow: 'recent_path' extends outside parent 'recent_repo_.' bounds (child_rel=[0.0,19.6], child_size=[323.1,16.8], child_end=[323.1,36.4], parent_size=[323.1,31.1], gap=0.0, start_offset=0.0)
[WARN] Layout wrap: 'recent_path' in parent 'recent_repo_afterhours' - NoWrap set but would overflow (child_size=16.8, offset=19.6, container=31.1)
[WARN] Layout overflow: 'recent_path' extends outside parent 'recent_repo_afterhours' bounds (child_rel=[0.0,19.6], child_size=[323.1,16.8], child_end=[323.1,36.4], parent_size=[323.1,31.1], gap=0.0, start_offset=0.0)
[WARN] Layout wrap: 'recent_path' in parent 'recent_repo_floatinghotel_test_repo' - NoWrap set but would overflow (child_size=16.8, offset=19.6, container=31.1)
[WARN] Layout overflow: 'recent_path' extends outside parent 'recent_repo_floatinghotel_test_repo' bounds (child_rel=[0.0,19.6], child_size=[323.1,16.8], child_end=[323.1,36.4], parent_size=[323.1,31.1], gap=0.0, start_offset=0.0)
[WARN] Layout wrap: 'recent_path' in parent 'recent_repo_fixture_repo' - NoWrap set but would overflow (child_size=16.8, offset=19.6, container=31.1)
[WARN] Layout overflow: 'recent_path' extends outside parent 'recent_repo_fixture_repo' bounds (child_rel=[0.0,19.6], child_size=[323.1,16.8], child_end=[323.1,36.4], parent_size=[323.1,31.1], gap=0.0, start_offset=0.0)
[WARN] Layout wrap: 'recent_path' in parent 'recent_repo_.' - NoWrap set but would overflow (child_size=16.8, offset=19.6, container=31.1)
[WARN] Layout overflow: 'recent_path' extends outside parent 'recent_repo_.' bounds (child_rel=[0.0,19.6], child_size=[323.1,16.8], child_end=[323.1,36.4], parent_size=[323.1,31.1], gap=0.0, start_offset=0.0)
[WARN] Layout wrap: 'recent_path' in parent 'recent_repo_floatinghotel' - NoWrap set but would overflow (child_size=16.8, offset=19.6, container=31.1)
[WARN] Layout overflow: 'recent_path' extends outside parent 'recent_repo_floatinghotel' bounds (child_rel=[0.0,19.6], child_size=[323.1,16.8], child_end=[323.1,36.4], parent_size=[323.1,31.1], gap=0.0, start_offset=0.0)
[WARN] Layout wrap: 'recent_path' in parent 'recent_repo_.' - NoWrap set but would overflow (child_size=16.8, offset=19.6, container=31.1)
[WARN] Layout overflow: 'recent_path' extends outside parent 'recent_repo_.' bounds (child_rel=[0.0,19.6], child_size=[323.1,16.8], child_end=[323.1,36.4], parent_size=[323.1,31.1], gap=0.0, start_offset=0.0)
[WARN] Layout wrap: 'recent_path' in parent 'recent_repo_fhclone' - NoWrap set but would overflow (child_size=16.8, offset=19.6, container=31.1)
[WARN] Layout overflow: 'recent_path' extends outside parent 'recent_repo_fhclone' bounds (child_rel=[0.0,19.6], child_size=[323.1,16.8], child_end=[323.1,36.4], parent_size=[323.1,31.1], gap=0.0, start_offset=0.0)
[WARN] Layout wrap: 'recent_path' in parent 'recent_repo_.' - NoWrap set but would overflow (child_size=16.8, offset=19.6, container=31.1)
[WARN] Layout overflow: 'recent_path' extends outside parent 'recent_repo_.' bounds (child_rel=[0.0,19.6], child_size=[323.1,16.8], child_end=[323.1,36.4], parent_size=[323.1,31.1], gap=0.0, start_offset=0.0)
[WARN] Layout wrap: 'recent_path' in parent 'recent_repo_.' - NoWrap set but would overflow (child_size=16.8, offset=19.6, container=31.1)
[WARN] Layout overflow: 'recent_path' extends outside parent 'recent_repo_.' bounds (child_rel=[0.0,19.6], child_size=[323.1,16.8], child_end=[323.1,36.4], parent_size=[323.1,31.1], gap=0.0, start_offset=0.0)
[WARN] Layout wrap: 'recent_path' in parent 'recent_repo_afterhours' - NoWrap set but would overflow (child_size=16.8, offset=19.6, container=31.1)
[WARN] Layout overflow: 'recent_path' extends outside parent 'recent_repo_afterhours' bounds (child_rel=[0.0,19.6], child_size=[323.1,16.8], child_end=[323.1,36.4], parent_size=[323.1,31.1], gap=0.0, start_offset=0.0)
[WARN] Layout wrap: 'recent_path' in parent 'recent_repo_floatinghotel_test_repo' - NoWrap set but would overflow (child_size=16.8, offset=19.6, container=31.1)
[WARN] Layout overflow: 'recent_path' extends outside parent 'recent_repo_floatinghotel_test_repo' bounds (child_rel=[0.0,19.6], child_size=[323.1,16.8], child_end=[323.1,36.4], parent_size=[323.1,31.1], gap=0.0, start_offset=0.0)
[WARN] Layout wrap: 'recent_path' in parent 'recent_repo_fixture_repo' - NoWrap set but would overflow (child_size=16.8, offset=19.6, container=31.1)
[WARN] Layout overflow: 'recent_path' extends outside parent 'recent_repo_fixture_repo' bounds (child_rel=[0.0,19.6], child_size=[323.1,16.8], child_end=[323.1,36.4], parent_size=[323.1,31.1], gap=0.0, start_offset=0.0)
[WARN] Layout wrap: 'recent_path' in parent 'recent_repo_.' - NoWrap set but would overflow (child_size=16.8, offset=19.6, container=31.1)
[WARN] Layout overflow: 'recent_path' extends outside parent 'recent_repo_.' bounds (child_rel=[0.0,19.6], child_size=[323.1,16.8], child_end=[323.1,36.4], parent_size=[323.1,31.1], gap=0.0, start_offset=0.0)
[WARN] Layout wrap: 'recent_path' in parent 'recent_repo_floatinghotel' - NoWrap set but would overflow (child_size=16.8, offset=19.6, container=31.1)
[WARN] Layout overflow: 'recent_path' extends outside parent 'recent_repo_floatinghotel' bounds (child_rel=[0.0,19.6], child_size=[323.1,16.8], child_end=[323.1,36.4], parent_size=[323.1,31.1], gap=0.0, start_offset=0.0)
[WARN] Layout wrap: 'recent_path' in parent 'recent_repo_.' - NoWrap set but would overflow (child_size=16.8, offset=19.6, container=31.1)
[WARN] Layout overflow: 'recent_path' extends outside parent 'recent_repo_.' bounds (child_rel=[0.0,19.6], child_size=[323.1,16.8], child_end=[323.1,36.4], parent_size=[323.1,31.1], gap=0.0, start_offset=0.0)
[WARN] Layout wrap: 'recent_path' in parent 'recent_repo_fhclone' - NoWrap set but would overflow (child_size=16.8, offset=19.6, container=31.1)
[WARN] Layout overflow: 'recent_path' extends outside parent 'recent_repo_fhclone' bounds (child_rel=[0.0,19.6], child_size=[323.1,16.8], child_end=[323.1,36.4], parent_size=[323.1,31.1], gap=0.0, start_offset=0.0)
[WARN] Layout wrap: 'recent_path' in parent 'recent_repo_.' - NoWrap set but would overflow (child_size=16.8, offset=19.6, container=31.1)
[WARN] Layout overflow: 'recent_path' extends outside parent 'recent_repo_.' bounds (child_rel=[0.0,19.6], child_size=[323.1,16.8], child_end=[323.1,36.4], parent_size=[323.1,31.1], gap=0.0, start_offset=0.0)
[WARN] Layout wrap: 'recent_path' in parent 'recent_repo_.' - NoWrap set but would overflow (child_size=16.8, offset=19.6, container=31.1)
[WARN] Layout overflow: 'recent_path' extends outside parent 'recent_repo_.' bounds (child_rel=[0.0,19.6], child_size=[323.1,16.8], child_end=[323.1,36.4], parent_size=[323.1,31.1], gap=0.0, start_offset=0.0)
[WARN] Layout wrap: 'recent_path' in parent 'recent_repo_afterhours' - NoWrap set but would overflow (child_size=16.8, offset=19.6, container=31.1)
[WARN] Layout overflow: 'recent_path' extends outside parent 'recent_repo_afterhours' bounds (child_rel=[0.0,19.6], child_size=[323.1,16.8], child_end=[323.1,36.4], parent_size=[323.1,31.1], gap=0.0, start_offset=0.0)
[WARN] Layout wrap: 'recent_path' in parent 'recent_repo_floatinghotel_test_repo' - NoWrap set but would overflow (child_size=16.8, offset=19.6, container=31.1)
[WARN] Layout overflow: 'recent_path' extends outside parent 'recent_repo_floatinghotel_test_repo' bounds (child_rel=[0.0,19.6], child_size=[323.1,16.8], child_end=[323.1,36.4], parent_size=[323.1,31.1], gap=0.0, start_offset=0.0)
[WARN] Layout wrap: 'recent_path' in parent 'recent_repo_fixture_repo' - NoWrap set but would overflow (child_size=16.8, offset=19.6, container=31.1)
[WARN] Layout overflow: 'recent_path' extends outside parent 'recent_repo_fixture_repo' bounds (child_rel=[0.0,19.6], child_size=[323.1,16.8], child_end=[323.1,36.4], parent_size=[323.1,31.1], gap=0.0, start_offset=0.0)
[WARN] Layout wrap: 'recent_path' in parent 'recent_repo_.' - NoWrap set but would overflow (child_size=16.8, offset=19.6, container=31.1)
[WARN] Layout overflow: 'recent_path' extends outside parent 'recent_repo_.' bounds (child_rel=[0.0,19.6], child_size=[323.1,16.8], child_end=[323.1,36.4], parent_size=[323.1,31.1], gap=0.0, start_offset=0.0)
[WARN] Layout wrap: 'recent_path' in parent 'recent_repo_floatinghotel' - NoWrap set but would overflow (child_size=16.8, offset=19.6, container=31.1)
[WARN] Layout overflow: 'recent_path' extends outside parent 'recent_repo_floatinghotel' bounds (child_rel=[0.0,19.6], child_size=[323.1,16.8], child_end=[323.1,36.4], parent_size=[323.1,31.1], gap=0.0, start_offset=0.0)
[WARN] Layout wrap: 'recent_path' in parent 'recent_repo_.' - NoWrap set but would overflow (child_size=16.8, offset=19.6, container=31.1)
[WARN] Layout overflow: 'recent_path' extends outside parent 'recent_repo_.' bounds (child_rel=[0.0,19.6], child_size=[323.1,16.8], child_end=[323.1,36.4], parent_size=[323.1,31.1], gap=0.0, start_offset=0.0)
[WARN] Layout wrap: 'recent_path' in parent 'recent_repo_fhclone' - NoWrap set but would overflow (child_size=16.8, offset=19.6, container=31.1)
[WARN] Layout overflow: 'recent_path' extends outside parent 'recent_repo_fhclone' bounds (child_rel=[0.0,19.6], child_size=[323.1,16.8], child_end=[323.1,36.4], parent_size=[323.1,31.1], gap=0.0, start_offset=0.0)
[WARN] Layout wrap: 'recent_path' in parent 'recent_repo_.' - NoWrap set but would overflow (child_size=16.8, offset=19.6, container=31.1)
[WARN] Layout overflow: 'recent_path' extends outside parent 'recent_repo_.' bounds (child_rel=[0.0,19.6], child_size=[323.1,16.8], child_end=[323.1,36.4], parent_size=[323.1,31.1], gap=0.0, start_offset=0.0)
[WARN] Layout wrap: 'recent_path' in parent 'recent_repo_.' - NoWrap set but would overflow (child_size=16.8, offset=19.6, container=31.1)
[WARN] Layout overflow: 'recent_path' extends outside parent 'recent_repo_.' bounds (child_rel=[0.0,19.6], child_size=[323.1,16.8], child_end=[323.1,36.4], parent_size=[323.1,31.1], gap=0.0, start_offset=0.0)
[WARN] Layout wrap: 'recent_path' in parent 'recent_repo_afterhours' - NoWrap set but would overflow (child_size=16.8, offset=19.6, container=31.1)
[WARN] Layout overflow: 'recent_path' extends outside parent 'recent_repo_afterhours' bounds (child_rel=[0.0,19.6], child_size=[323.1,16.8], child_end=[323.1,36.4], parent_size=[323.1,31.1], gap=0.0, start_offset=0.0)
[WARN] Layout wrap: 'recent_path' in parent 'recent_repo_floatinghotel_test_repo' - NoWrap set but would overflow (child_size=16.8, offset=19.6, container=31.1)
[WARN] Layout overflow: 'recent_path' extends outside parent 'recent_repo_floatinghotel_test_repo' bounds (child_rel=[0.0,19.6], child_size=[323.1,16.8], child_end=[323.1,36.4], parent_size=[323.1,31.1], gap=0.0, start_offset=0.0)
[WARN] Layout wrap: 'recent_path' in parent 'recent_repo_fixture_repo' - NoWrap set but would overflow (child_size=16.8, offset=19.6, container=31.1)
[WARN] Layout overflow: 'recent_path' extends outside parent 'recent_repo_fixture_repo' bounds (child_rel=[0.0,19.6], child_size=[323.1,16.8], child_end=[323.1,36.4], parent_size=[323.1,31.1], gap=0.0, start_offset=0.0)
[WARN] Layout wrap: 'recent_path' in parent 'recent_repo_.' - NoWrap set but would overflow (child_size=16.8, offset=19.6, container=31.1)
[WARN] Layout overflow: 'recent_path' extends outside parent 'recent_repo_.' bounds (child_rel=[0.0,19.6], child_size=[323.1,16.8], child_end=[323.1,36.4], parent_size=[323.1,31.1], gap=0.0, start_offset=0.0)
[WARN] Layout wrap: 'recent_path' in parent 'recent_repo_floatinghotel' - NoWrap set but would overflow (child_size=16.8, offset=19.6, container=31.1)
[WARN] Layout overflow: 'recent_path' extends outside parent 'recent_repo_floatinghotel' bounds (child_rel=[0.0,19.6], child_size=[323.1,16.8], child_end=[323.1,36.4], parent_size=[323.1,31.1], gap=0.0, start_offset=0.0)
[WARN] Layout wrap: 'recent_path' in parent 'recent_repo_.' - NoWrap set but would overflow (child_size=16.8, offset=19.6, container=31.1)
[WARN] Layout overflow: 'recent_path' extends outside parent 'recent_repo_.' bounds (child_rel=[0.0,19.6], child_size=[323.1,16.8], child_end=[323.1,36.4], parent_size=[323.1,31.1], gap=0.0, start_offset=0.0)
[WARN] Layout wrap: 'recent_path' in parent 'recent_repo_fhclone' - NoWrap set but would overflow (child_size=16.8, offset=19.6, container=31.1)
[WARN] Layout overflow: 'recent_path' extends outside parent 'recent_repo_fhclone' bounds (child_rel=[0.0,19.6], child_size=[323.1,16.8], child_end=[323.1,36.4], parent_size=[323.1,31.1], gap=0.0, start_offset=0.0)
[WARN] Layout wrap: 'recent_path' in parent 'recent_repo_.' - NoWrap set but would overflow (child_size=16.8, offset=19.6, container=31.1)
[WARN] Layout overflow: 'recent_path' extends outside parent 'recent_repo_.' bounds (child_rel=[0.0,19.6], child_size=[323.1,16.8], child_end=[323.1,36.4], parent_size=[323.1,31.1], gap=0.0, start_offset=0.0)
[WARN] Layout wrap: 'recent_path' in parent 'recent_repo_.' - NoWrap set but would overflow (child_size=16.8, offset=19.6, container=31.1)
[WARN] Layout overflow: 'recent_path' extends outside parent 'recent_repo_.' bounds (child_rel=[0.0,19.6], child_size=[323.1,16.8], child_end=[323.1,36.4], parent_size=[323.1,31.1], gap=0.0, start_offset=0.0)
[WARN] Layout wrap: 'recent_path' in parent 'recent_repo_afterhours' - NoWrap set but would overflow (child_size=16.8, offset=19.6, container=31.1)
[WARN] Layout overflow: 'recent_path' extends outside parent 'recent_repo_afterhours' bounds (child_rel=[0.0,19.6], child_size=[323.1,16.8], child_end=[323.1,36.4], parent_size=[323.1,31.1], gap=0.0, start_offset=0.0)
[WARN] Layout wrap: 'recent_path' in parent 'recent_repo_floatinghotel_test_repo' - NoWrap set but would overflow (child_size=16.8, offset=19.6, container=31.1)
[WARN] Layout overflow: 'recent_path' extends outside parent 'recent_repo_floatinghotel_test_repo' bounds (child_rel=[0.0,19.6], child_size=[323.1,16.8], child_end=[323.1,36.4], parent_size=[323.1,31.1], gap=0.0, start_offset=0.0)
[WARN] Layout wrap: 'recent_path' in parent 'recent_repo_fixture_repo' - NoWrap set but would overflow (child_size=16.8, offset=19.6, container=31.1)
[WARN] Layout overflow: 'recent_path' extends outside parent 'recent_repo_fixture_repo' bounds (child_rel=[0.0,19.6], child_size=[323.1,16.8], child_end=[323.1,36.4], parent_size=[323.1,31.1], gap=0.0, start_offset=0.0)
[WARN] Layout wrap: 'recent_path' in parent 'recent_repo_.' - NoWrap set but would overflow (child_size=16.8, offset=19.6, container=31.1)
[WARN] Layout overflow: 'recent_path' extends outside parent 'recent_repo_.' bounds (child_rel=[0.0,19.6], child_size=[323.1,16.8], child_end=[323.1,36.4], parent_size=[323.1,31.1], gap=0.0, start_offset=0.0)
[WARN] Layout wrap: 'recent_path' in parent 'recent_repo_floatinghotel' - NoWrap set but would overflow (child_size=16.8, offset=19.6, container=31.1)
[WARN] Layout overflow: 'recent_path' extends outside parent 'recent_repo_floatinghotel' bounds (child_rel=[0.0,19.6], child_size=[323.1,16.8], child_end=[323.1,36.4], parent_size=[323.1,31.1], gap=0.0, start_offset=0.0)
[WARN] Layout wrap: 'recent_path' in parent 'recent_repo_.' - NoWrap set but would overflow (child_size=16.8, offset=19.6, container=31.1)
[WARN] Layout overflow: 'recent_path' extends outside parent 'recent_repo_.' bounds (child_rel=[0.0,19.6], child_size=[323.1,16.8], child_end=[323.1,36.4], parent_size=[323.1,31.1], gap=0.0, start_offset=0.0)
[WARN] Layout wrap: 'recent_path' in parent 'recent_repo_fhclone' - NoWrap set but would overflow (child_size=16.8, offset=19.6, container=31.1)
[WARN] Layout overflow: 'recent_path' extends outside parent 'recent_repo_fhclone' bounds (child_rel=[0.0,19.6], child_size=[323.1,16.8], child_end=[323.1,36.4], parent_size=[323.1,31.1], gap=0.0, start_offset=0.0)
[WARN] Layout wrap: 'recent_path' in parent 'recent_repo_.' - NoWrap set but would overflow (child_size=16.8, offset=19.6, container=31.1)
[WARN] Layout overflow: 'recent_path' extends outside parent 'recent_repo_.' bounds (child_rel=[0.0,19.6], child_size=[323.1,16.8], child_end=[323.1,36.4], parent_size=[323.1,31.1], gap=0.0, start_offset=0.0)
[WARN] Layout wrap: 'recent_path' in parent 'recent_repo_.' - NoWrap set but would overflow (child_size=16.8, offset=19.6, container=31.1)
[WARN] Layout overflow: 'recent_path' extends outside parent 'recent_repo_.' bounds (child_rel=[0.0,19.6], child_size=[323.1,16.8], child_end=[323.1,36.4], parent_size=[323.1,31.1], gap=0.0, start_offset=0.0)
[WARN] Layout wrap: 'recent_path' in parent 'recent_repo_afterhours' - NoWrap set but would overflow (child_size=16.8, offset=19.6, container=31.1)
[WARN] Layout overflow: 'recent_path' extends outside parent 'recent_repo_afterhours' bounds (child_rel=[0.0,19.6], child_size=[323.1,16.8], child_end=[323.1,36.4], parent_size=[323.1,31.1], gap=0.0, start_offset=0.0)
[WARN] Layout wrap: 'recent_path' in parent 'recent_repo_floatinghotel_test_repo' - NoWrap set but would overflow (child_size=16.8, offset=19.6, container=31.1)
[WARN] Layout overflow: 'recent_path' extends outside parent 'recent_repo_floatinghotel_test_repo' bounds (child_rel=[0.0,19.6], child_size=[323.1,16.8], child_end=[323.1,36.4], parent_size=[323.1,31.1], gap=0.0, start_offset=0.0)
[WARN] Layout wrap: 'recent_path' in parent 'recent_repo_fixture_repo' - NoWrap set but would overflow (child_size=16.8, offset=19.6, container=31.1)
[WARN] Layout overflow: 'recent_path' extends outside parent 'recent_repo_fixture_repo' bounds (child_rel=[0.0,19.6], child_size=[323.1,16.8], child_end=[323.1,36.4], parent_size=[323.1,31.1], gap=0.0, start_offset=0.0)
[WARN] Layout wrap: 'recent_path' in parent 'recent_repo_.' - NoWrap set but would overflow (child_size=16.8, offset=19.6, container=31.1)
[WARN] Layout overflow: 'recent_path' extends outside parent 'recent_repo_.' bounds (child_rel=[0.0,19.6], child_size=[323.1,16.8], child_end=[323.1,36.4], parent_size=[323.1,31.1], gap=0.0, start_offset=0.0)
[WARN] Layout wrap: 'recent_path' in parent 'recent_repo_floatinghotel' - NoWrap set but would overflow (child_size=16.8, offset=19.6, container=31.1)
[WARN] Layout overflow: 'recent_path' extends outside parent 'recent_repo_floatinghotel' bounds (child_rel=[0.0,19.6], child_size=[323.1,16.8], child_end=[323.1,36.4], parent_size=[323.1,31.1], gap=0.0, start_offset=0.0)
[WARN] Layout wrap: 'recent_path' in parent 'recent_repo_.' - NoWrap set but would overflow (child_size=16.8, offset=19.6, container=31.1)
[WARN] Layout overflow: 'recent_path' extends outside parent 'recent_repo_.' bounds (child_rel=[0.0,19.6], child_size=[323.1,16.8], child_end=[323.1,36.4], parent_size=[323.1,31.1], gap=0.0, start_offset=0.0)
[WARN] Layout wrap: 'recent_path' in parent 'recent_repo_fhclone' - NoWrap set but would overflow (child_size=16.8, offset=19.6, container=31.1)
[WARN] Layout overflow: 'recent_path' extends outside parent 'recent_repo_fhclone' bounds (child_rel=[0.0,19.6], child_size=[323.1,16.8], child_end=[323.1,36.4], parent_size=[323.1,31.1], gap=0.0, start_offset=0.0)
[WARN] Layout wrap: 'recent_path' in parent 'recent_repo_.' - NoWrap set but would overflow (child_size=16.8, offset=19.6, container=31.1)
[WARN] Layout overflow: 'recent_path' extends outside parent 'recent_repo_.' bounds (child_rel=[0.0,19.6], child_size=[323.1,16.8], child_end=[323.1,36.4], parent_size=[323.1,31.1], gap=0.0, start_offset=0.0)
[WARN] Layout wrap: 'recent_path' in parent 'recent_repo_.' - NoWrap set but would overflow (child_size=16.8, offset=19.6, container=31.1)
[WARN] Layout overflow: 'recent_path' extends outside parent 'recent_repo_.' bounds (child_rel=[0.0,19.6], child_size=[323.1,16.8], child_end=[323.1,36.4], parent_size=[323.1,31.1], gap=0.0, start_offset=0.0)
[WARN] Layout wrap: 'recent_path' in parent 'recent_repo_afterhours' - NoWrap set but would overflow (child_size=16.8, offset=19.6, container=31.1)
[WARN] Layout overflow: 'recent_path' extends outside parent 'recent_repo_afterhours' bounds (child_rel=[0.0,19.6], child_size=[323.1,16.8], child_end=[323.1,36.4], parent_size=[323.1,31.1], gap=0.0, start_offset=0.0)
[WARN] Layout wrap: 'recent_path' in parent 'recent_repo_floatinghotel_test_repo' - NoWrap set but would overflow (child_size=16.8, offset=19.6, container=31.1)
[WARN] Layout overflow: 'recent_path' extends outside parent 'recent_repo_floatinghotel_test_repo' bounds (child_rel=[0.0,19.6], child_size=[323.1,16.8], child_end=[323.1,36.4], parent_size=[323.1,31.1], gap=0.0, start_offset=0.0)
[WARN] Layout wrap: 'recent_path' in parent 'recent_repo_fixture_repo' - NoWrap set but would overflow (child_size=16.8, offset=19.6, container=31.1)
[WARN] Layout overflow: 'recent_path' extends outside parent 'recent_repo_fixture_repo' bounds (child_rel=[0.0,19.6], child_size=[323.1,16.8], child_end=[323.1,36.4], parent_size=[323.1,31.1], gap=0.0, start_offset=0.0)
[WARN] Layout wrap: 'recent_path' in parent 'recent_repo_.' - NoWrap set but would overflow (child_size=16.8, offset=19.6, container=31.1)
[WARN] Layout overflow: 'recent_path' extends outside parent 'recent_repo_.' bounds (child_rel=[0.0,19.6], child_size=[323.1,16.8], child_end=[323.1,36.4], parent_size=[323.1,31.1], gap=0.0, start_offset=0.0)
[WARN] Layout wrap: 'recent_path' in parent 'recent_repo_floatinghotel' - NoWrap set but would overflow (child_size=16.8, offset=19.6, container=31.1)
[WARN] Layout overflow: 'recent_path' extends outside parent 'recent_repo_floatinghotel' bounds (child_rel=[0.0,19.6], child_size=[323.1,16.8], child_end=[323.1,36.4], parent_size=[323.1,31.1], gap=0.0, start_offset=0.0)
[WARN] Layout wrap: 'recent_path' in parent 'recent_repo_.' - NoWrap set but would overflow (child_size=16.8, offset=19.6, container=31.1)
[WARN] Layout overflow: 'recent_path' extends outside parent 'recent_repo_.' bounds (child_rel=[0.0,19.6], child_size=[323.1,16.8], child_end=[323.1,36.4], parent_size=[323.1,31.1], gap=0.0, start_offset=0.0)
[WARN] Layout wrap: 'recent_path' in parent 'recent_repo_fhclone' - NoWrap set but would overflow (child_size=16.8, offset=19.6, container=31.1)
[WARN] Layout overflow: 'recent_path' extends outside parent 'recent_repo_fhclone' bounds (child_rel=[0.0,19.6], child_size=[323.1,16.8], child_end=[323.1,36.4], parent_size=[323.1,31.1], gap=0.0, start_offset=0.0)
[WARN] Layout wrap: 'recent_path' in parent 'recent_repo_.' - NoWrap set but would overflow (child_size=16.8, offset=19.6, container=31.1)
[WARN] Layout overflow: 'recent_path' extends outside parent 'recent_repo_.' bounds (child_rel=[0.0,19.6], child_size=[323.1,16.8], child_end=[323.1,36.4], parent_size=[323.1,31.1], gap=0.0, start_offset=0.0)
[WARN] Layout wrap: 'recent_path' in parent 'recent_repo_.' - NoWrap set but would overflow (child_size=16.8, offset=19.6, container=31.1)
[WARN] Layout overflow: 'recent_path' extends outside parent 'recent_repo_.' bounds (child_rel=[0.0,19.6], child_size=[323.1,16.8], child_end=[323.1,36.4], parent_size=[323.1,31.1], gap=0.0, start_offset=0.0)
[WARN] Layout wrap: 'recent_path' in parent 'recent_repo_afterhours' - NoWrap set but would overflow (child_size=16.8, offset=19.6, container=31.1)
[WARN] Layout overflow: 'recent_path' extends outside parent 'recent_repo_afterhours' bounds (child_rel=[0.0,19.6], child_size=[323.1,16.8], child_end=[323.1,36.4], parent_size=[323.1,31.1], gap=0.0, start_offset=0.0)
[WARN] Layout wrap: 'recent_path' in parent 'recent_repo_floatinghotel_test_repo' - NoWrap set but would overflow (child_size=16.8, offset=19.6, container=31.1)
[WARN] Layout overflow: 'recent_path' extends outside parent 'recent_repo_floatinghotel_test_repo' bounds (child_rel=[0.0,19.6], child_size=[323.1,16.8], child_end=[323.1,36.4], parent_size=[323.1,31.1], gap=0.0, start_offset=0.0)
[WARN] Layout wrap: 'recent_path' in parent 'recent_repo_fixture_repo' - NoWrap set but would overflow (child_size=16.8, offset=19.6, container=31.1)
[WARN] Layout overflow: 'recent_path' extends outside parent 'recent_repo_fixture_repo' bounds (child_rel=[0.0,19.6], child_size=[323.1,16.8], child_end=[323.1,36.4], parent_size=[323.1,31.1], gap=0.0, start_offset=0.0)
[WARN] Layout wrap: 'recent_path' in parent 'recent_repo_.' - NoWrap set but would overflow (child_size=16.8, offset=19.6, container=31.1)
[WARN] Layout overflow: 'recent_path' extends outside parent 'recent_repo_.' bounds (child_rel=[0.0,19.6], child_size=[323.1,16.8], child_end=[323.1,36.4], parent_size=[323.1,31.1], gap=0.0, start_offset=0.0)
[WARN] Layout wrap: 'recent_path' in parent 'recent_repo_floatinghotel' - NoWrap set but would overflow (child_size=16.8, offset=19.6, container=31.1)
[WARN] Layout overflow: 'recent_path' extends outside parent 'recent_repo_floatinghotel' bounds (child_rel=[0.0,19.6], child_size=[323.1,16.8], child_end=[323.1,36.4], parent_size=[323.1,31.1], gap=0.0, start_offset=0.0)
[WARN] Layout wrap: 'recent_path' in parent 'recent_repo_.' - NoWrap set but would overflow (child_size=16.8, offset=19.6, container=31.1)
[WARN] Layout overflow: 'recent_path' extends outside parent 'recent_repo_.' bounds (child_rel=[0.0,19.6], child_size=[323.1,16.8], child_end=[323.1,36.4], parent_size=[323.1,31.1], gap=0.0, start_offset=0.0)
[WARN] Layout wrap: 'recent_path' in parent 'recent_repo_fhclone' - NoWrap set but would overflow (child_size=16.8, offset=19.6, container=31.1)
[WARN] Layout overflow: 'recent_path' extends outside parent 'recent_repo_fhclone' bounds (child_rel=[0.0,19.6], child_size=[323.1,16.8], child_end=[323.1,36.4], parent_size=[323.1,31.1], gap=0.0, start_offset=0.0)
[WARN] Layout wrap: 'recent_path' in parent 'recent_repo_.' - NoWrap set but would overflow (child_size=16.8, offset=19.6, container=31.1)
[WARN] Layout overflow: 'recent_path' extends outside parent 'recent_repo_.' bounds (child_rel=[0.0,19.6], child_size=[323.1,16.8], child_end=[323.1,36.4], parent_size=[323.1,31.1], gap=0.0, start_offset=0.0)
[WARN] Layout wrap: 'recent_path' in parent 'recent_repo_.' - NoWrap set but would overflow (child_size=16.8, offset=19.6, container=31.1)
[WARN] Layout overflow: 'recent_path' extends outside parent 'recent_repo_.' bounds (child_rel=[0.0,19.6], child_size=[323.1,16.8], child_end=[323.1,36.4], parent_size=[323.1,31.1], gap=0.0, start_offset=0.0)
[WARN] Layout wrap: 'recent_path' in parent 'recent_repo_afterhours' - NoWrap set but would overflow (child_size=16.8, offset=19.6, container=31.1)
[WARN] Layout overflow: 'recent_path' extends outside parent 'recent_repo_afterhours' bounds (child_rel=[0.0,19.6], child_size=[323.1,16.8], child_end=[323.1,36.4], parent_size=[323.1,31.1], gap=0.0, start_offset=0.0)
[WARN] Layout wrap: 'recent_path' in parent 'recent_repo_floatinghotel_test_repo' - NoWrap set but would overflow (child_size=16.8, offset=19.6, container=31.1)
[WARN] Layout overflow: 'recent_path' extends outside parent 'recent_repo_floatinghotel_test_repo' bounds (child_rel=[0.0,19.6], child_size=[323.1,16.8], child_end=[323.1,36.4], parent_size=[323.1,31.1], gap=0.0, start_offset=0.0)
[WARN] Layout wrap: 'recent_path' in parent 'recent_repo_fixture_repo' - NoWrap set but would overflow (child_size=16.8, offset=19.6, container=31.1)
[WARN] Layout overflow: 'recent_path' extends outside parent 'recent_repo_fixture_repo' bounds (child_rel=[0.0,19.6], child_size=[323.1,16.8], child_end=[323.1,36.4], parent_size=[323.1,31.1], gap=0.0, start_offset=0.0)
[WARN] Layout wrap: 'recent_path' in parent 'recent_repo_.' - NoWrap set but would overflow (child_size=16.8, offset=19.6, container=31.1)
[WARN] Layout overflow: 'recent_path' extends outside parent 'recent_repo_.' bounds (child_rel=[0.0,19.6], child_size=[323.1,16.8], child_end=[323.1,36.4], parent_size=[323.1,31.1], gap=0.0, start_offset=0.0)
[WARN] Layout wrap: 'recent_path' in parent 'recent_repo_floatinghotel' - NoWrap set but would overflow (child_size=16.8, offset=19.6, container=31.1)
[WARN] Layout overflow: 'recent_path' extends outside parent 'recent_repo_floatinghotel' bounds (child_rel=[0.0,19.6], child_size=[323.1,16.8], child_end=[323.1,36.4], parent_size=[323.1,31.1], gap=0.0, start_offset=0.0)
[WARN] Layout wrap: 'recent_path' in parent 'recent_repo_.' - NoWrap set but would overflow (child_size=16.8, offset=19.6, container=31.1)
[WARN] Layout overflow: 'recent_path' extends outside parent 'recent_repo_.' bounds (child_rel=[0.0,19.6], child_size=[323.1,16.8], child_end=[323.1,36.4], parent_size=[323.1,31.1], gap=0.0, start_offset=0.0)
[WARN] Layout wrap: 'recent_path' in parent 'recent_repo_fhclone' - NoWrap set but would overflow (child_size=16.8, offset=19.6, container=31.1)
[WARN] Layout overflow: 'recent_path' extends outside parent 'recent_repo_fhclone' bounds (child_rel=[0.0,19.6], child_size=[323.1,16.8], child_end=[323.1,36.4], parent_size=[323.1,31.1], gap=0.0, start_offset=0.0)
[WARN] Layout wrap: 'recent_path' in parent 'recent_repo_.' - NoWrap set but would overflow (child_size=16.8, offset=19.6, container=31.1)
[WARN] Layout overflow: 'recent_path' extends outside parent 'recent_repo_.' bounds (child_rel=[0.0,19.6], child_size=[323.1,16.8], child_end=[323.1,36.4], parent_size=[323.1,31.1], gap=0.0, start_offset=0.0)
[WARN] Layout wrap: 'recent_path' in parent 'recent_repo_.' - NoWrap set but would overflow (child_size=16.8, offset=19.6, container=31.1)
[WARN] Layout overflow: 'recent_path' extends outside parent 'recent_repo_.' bounds (child_rel=[0.0,19.6], child_size=[323.1,16.8], child_end=[323.1,36.4], parent_size=[323.1,31.1], gap=0.0, start_offset=0.0)
[WARN] Layout wrap: 'recent_path' in parent 'recent_repo_afterhours' - NoWrap set but would overflow (child_size=16.8, offset=19.6, container=31.1)
[WARN] Layout overflow: 'recent_path' extends outside parent 'recent_repo_afterhours' bounds (child_rel=[0.0,19.6], child_size=[323.1,16.8], child_end=[323.1,36.4], parent_size=[323.1,31.1], gap=0.0, start_offset=0.0)
[WARN] Layout wrap: 'recent_path' in parent 'recent_repo_floatinghotel_test_repo' - NoWrap set but would overflow (child_size=16.8, offset=19.6, container=31.1)
[WARN] Layout overflow: 'recent_path' extends outside parent 'recent_repo_floatinghotel_test_repo' bounds (child_rel=[0.0,19.6], child_size=[323.1,16.8], child_end=[323.1,36.4], parent_size=[323.1,31.1], gap=0.0, start_offset=0.0)
[WARN] Layout wrap: 'recent_path' in parent 'recent_repo_fixture_repo' - NoWrap set but would overflow (child_size=16.8, offset=19.6, container=31.1)
[WARN] Layout overflow: 'recent_path' extends outside parent 'recent_repo_fixture_repo' bounds (child_rel=[0.0,19.6], child_size=[323.1,16.8], child_end=[323.1,36.4], parent_size=[323.1,31.1], gap=0.0, start_offset=0.0)
[WARN] Layout wrap: 'recent_path' in parent 'recent_repo_.' - NoWrap set but would overflow (child_size=16.8, offset=19.6, container=31.1)
[WARN] Layout overflow: 'recent_path' extends outside parent 'recent_repo_.' bounds (child_rel=[0.0,19.6], child_size=[323.1,16.8], child_end=[323.1,36.4], parent_size=[323.1,31.1], gap=0.0, start_offset=0.0)
[WARN] Layout wrap: 'recent_path' in parent 'recent_repo_floatinghotel' - NoWrap set but would overflow (child_size=16.8, offset=19.6, container=31.1)
[WARN] Layout overflow: 'recent_path' extends outside parent 'recent_repo_floatinghotel' bounds (child_rel=[0.0,19.6], child_size=[323.1,16.8], child_end=[323.1,36.4], parent_size=[323.1,31.1], gap=0.0, start_offset=0.0)
[WARN] Layout wrap: 'recent_path' in parent 'recent_repo_.' - NoWrap set but would overflow (child_size=16.8, offset=19.6, container=31.1)
[WARN] Layout overflow: 'recent_path' extends outside parent 'recent_repo_.' bounds (child_rel=[0.0,19.6], child_size=[323.1,16.8], child_end=[323.1,36.4], parent_size=[323.1,31.1], gap=0.0, start_offset=0.0)
[WARN] Layout wrap: 'recent_path' in parent 'recent_repo_fhclone' - NoWrap set but would overflow (child_size=16.8, offset=19.6, container=31.1)
[WARN] Layout overflow: 'recent_path' extends outside parent 'recent_repo_fhclone' bounds (child_rel=[0.0,19.6], child_size=[323.1,16.8], child_end=[323.1,36.4], parent_size=[323.1,31.1], gap=0.0, start_offset=0.0)
[WARN] Layout wrap: 'recent_path' in parent 'recent_repo_.' - NoWrap set but would overflow (child_size=16.8, offset=19.6, container=31.1)
[WARN] Layout overflow: 'recent_path' extends outside parent 'recent_repo_.' bounds (child_rel=[0.0,19.6], child_size=[323.1,16.8], child_end=[323.1,36.4], parent_size=[323.1,31.1], gap=0.0, start_offset=0.0)
[WARN] Layout wrap: 'recent_path' in parent 'recent_repo_.' - NoWrap set but would overflow (child_size=16.8, offset=19.6, container=31.1)
[WARN] Layout overflow: 'recent_path' extends outside parent 'recent_repo_.' bounds (child_rel=[0.0,19.6], child_size=[323.1,16.8], child_end=[323.1,36.4], parent_size=[323.1,31.1], gap=0.0, start_offset=0.0)
[WARN] Layout wrap: 'recent_path' in parent 'recent_repo_afterhours' - NoWrap set but would overflow (child_size=16.8, offset=19.6, container=31.1)
[WARN] Layout overflow: 'recent_path' extends outside parent 'recent_repo_afterhours' bounds (child_rel=[0.0,19.6], child_size=[323.1,16.8], child_end=[323.1,36.4], parent_size=[323.1,31.1], gap=0.0, start_offset=0.0)
[WARN] Layout wrap: 'recent_path' in parent 'recent_repo_floatinghotel_test_repo' - NoWrap set but would overflow (child_size=16.8, offset=19.6, container=31.1)
[WARN] Layout overflow: 'recent_path' extends outside parent 'recent_repo_floatinghotel_test_repo' bounds (child_rel=[0.0,19.6], child_size=[323.1,16.8], child_end=[323.1,36.4], parent_size=[323.1,31.1], gap=0.0, start_offset=0.0)
[WARN] Layout wrap: 'recent_path' in parent 'recent_repo_fixture_repo' - NoWrap set but would overflow (child_size=16.8, offset=19.6, container=31.1)
[WARN] Layout overflow: 'recent_path' extends outside parent 'recent_repo_fixture_repo' bounds (child_rel=[0.0,19.6], child_size=[323.1,16.8], child_end=[323.1,36.4], parent_size=[323.1,31.1], gap=0.0, start_offset=0.0)
[WARN] Layout wrap: 'recent_path' in parent 'recent_repo_.' - NoWrap set but would overflow (child_size=16.8, offset=19.6, container=31.1)
[WARN] Layout overflow: 'recent_path' extends outside parent 'recent_repo_.' bounds (child_rel=[0.0,19.6], child_size=[323.1,16.8], child_end=[323.1,36.4], parent_size=[323.1,31.1], gap=0.0, start_offset=0.0)
[WARN] Layout wrap: 'recent_path' in parent 'recent_repo_floatinghotel' - NoWrap set but would overflow (child_size=16.8, offset=19.6, container=31.1)
[WARN] Layout overflow: 'recent_path' extends outside parent 'recent_repo_floatinghotel' bounds (child_rel=[0.0,19.6], child_size=[323.1,16.8], child_end=[323.1,36.4], parent_size=[323.1,31.1], gap=0.0, start_offset=0.0)
[WARN] Layout wrap: 'recent_path' in parent 'recent_repo_.' - NoWrap set but would overflow (child_size=16.8, offset=19.6, container=31.1)
[WARN] Layout overflow: 'recent_path' extends outside parent 'recent_repo_.' bounds (child_rel=[0.0,19.6], child_size=[323.1,16.8], child_end=[323.1,36.4], parent_size=[323.1,31.1], gap=0.0, start_offset=0.0)
[WARN] Layout wrap: 'recent_path' in parent 'recent_repo_fhclone' - NoWrap set but would overflow (child_size=16.8, offset=19.6, container=31.1)
[WARN] Layout overflow: 'recent_path' extends outside parent 'recent_repo_fhclone' bounds (child_rel=[0.0,19.6], child_size=[323.1,16.8], child_end=[323.1,36.4], parent_size=[323.1,31.1], gap=0.0, start_offset=0.0)
[WARN] Layout wrap: 'recent_path' in parent 'recent_repo_.' - NoWrap set but would overflow (child_size=16.8, offset=19.6, container=31.1)
[WARN] Layout overflow: 'recent_path' extends outside parent 'recent_repo_.' bounds (child_rel=[0.0,19.6], child_size=[323.1,16.8], child_end=[323.1,36.4], parent_size=[323.1,31.1], gap=0.0, start_offset=0.0)
[WARN] Layout wrap: 'recent_path' in parent 'recent_repo_.' - NoWrap set but would overflow (child_size=16.8, offset=19.6, container=31.1)
[WARN] Layout overflow: 'recent_path' extends outside parent 'recent_repo_.' bounds (child_rel=[0.0,19.6], child_size=[323.1,16.8], child_end=[323.1,36.4], parent_size=[323.1,31.1], gap=0.0, start_offset=0.0)
[WARN] Layout wrap: 'recent_path' in parent 'recent_repo_afterhours' - NoWrap set but would overflow (child_size=16.8, offset=19.6, container=31.1)
[WARN] Layout overflow: 'recent_path' extends outside parent 'recent_repo_afterhours' bounds (child_rel=[0.0,19.6], child_size=[323.1,16.8], child_end=[323.1,36.4], parent_size=[323.1,31.1], gap=0.0, start_offset=0.0)
[WARN] Layout wrap: 'recent_path' in parent 'recent_repo_floatinghotel_test_repo' - NoWrap set but would overflow (child_size=16.8, offset=19.6, container=31.1)
[WARN] Layout overflow: 'recent_path' extends outside parent 'recent_repo_floatinghotel_test_repo' bounds (child_rel=[0.0,19.6], child_size=[323.1,16.8], child_end=[323.1,36.4], parent_size=[323.1,31.1], gap=0.0, start_offset=0.0)
[WARN] Layout wrap: 'recent_path' in parent 'recent_repo_fixture_repo' - NoWrap set but would overflow (child_size=16.8, offset=19.6, container=31.1)
[WARN] Layout overflow: 'recent_path' extends outside parent 'recent_repo_fixture_repo' bounds (child_rel=[0.0,19.6], child_size=[323.1,16.8], child_end=[323.1,36.4], parent_size=[323.1,31.1], gap=0.0, start_offset=0.0)
[WARN] Layout wrap: 'recent_path' in parent 'recent_repo_.' - NoWrap set but would overflow (child_size=16.8, offset=19.6, container=31.1)
[WARN] Layout overflow: 'recent_path' extends outside parent 'recent_repo_.' bounds (child_rel=[0.0,19.6], child_size=[323.1,16.8], child_end=[323.1,36.4], parent_size=[323.1,31.1], gap=0.0, start_offset=0.0)
[WARN] Layout wrap: 'recent_path' in parent 'recent_repo_floatinghotel' - NoWrap set but would overflow (child_size=16.8, offset=19.6, container=31.1)
[WARN] Layout overflow: 'recent_path' extends outside parent 'recent_repo_floatinghotel' bounds (child_rel=[0.0,19.6], child_size=[323.1,16.8], child_end=[323.1,36.4], parent_size=[323.1,31.1], gap=0.0, start_offset=0.0)
[WARN] Layout wrap: 'recent_path' in parent 'recent_repo_.' - NoWrap set but would overflow (child_size=16.8, offset=19.6, container=31.1)
[WARN] Layout overflow: 'recent_path' extends outside parent 'recent_repo_.' bounds (child_rel=[0.0,19.6], child_size=[323.1,16.8], child_end=[323.1,36.4], parent_size=[323.1,31.1], gap=0.0, start_offset=0.0)
[WARN] Layout wrap: 'recent_path' in parent 'recent_repo_fhclone' - NoWrap set but would overflow (child_size=16.8, offset=19.6, container=31.1)
[WARN] Layout overflow: 'recent_path' extends outside parent 'recent_repo_fhclone' bounds (child_rel=[0.0,19.6], child_size=[323.1,16.8], child_end=[323.1,36.4], parent_size=[323.1,31.1], gap=0.0, start_offset=0.0)
[WARN] Layout wrap: 'recent_path' in parent 'recent_repo_.' - NoWrap set but would overflow (child_size=16.8, offset=19.6, container=31.1)
[WARN] Layout overflow: 'recent_path' extends outside parent 'recent_repo_.' bounds (child_rel=[0.0,19.6], child_size=[323.1,16.8], child_end=[323.1,36.4], parent_size=[323.1,31.1], gap=0.0, start_offset=0.0)
[WARN] Layout wrap: 'recent_path' in parent 'recent_repo_.' - NoWrap set but would overflow (child_size=16.8, offset=19.6, container=31.1)
[WARN] Layout overflow: 'recent_path' extends outside parent 'recent_repo_.' bounds (child_rel=[0.0,19.6], child_size=[323.1,16.8], child_end=[323.1,36.4], parent_size=[323.1,31.1], gap=0.0, start_offset=0.0)
[WARN] Layout wrap: 'recent_path' in parent 'recent_repo_afterhours' - NoWrap set but would overflow (child_size=16.8, offset=19.6, container=31.1)
[WARN] Layout overflow: 'recent_path' extends outside parent 'recent_repo_afterhours' bounds (child_rel=[0.0,19.6], child_size=[323.1,16.8], child_end=[323.1,36.4], parent_size=[323.1,31.1], gap=0.0, start_offset=0.0)
[WARN] Layout wrap: 'recent_path' in parent 'recent_repo_floatinghotel_test_repo' - NoWrap set but would overflow (child_size=16.8, offset=19.6, container=31.1)
[WARN] Layout overflow: 'recent_path' extends outside parent 'recent_repo_floatinghotel_test_repo' bounds (child_rel=[0.0,19.6], child_size=[323.1,16.8], child_end=[323.1,36.4], parent_size=[323.1,31.1], gap=0.0, start_offset=0.0)
[WARN] Layout wrap: 'recent_path' in parent 'recent_repo_fixture_repo' - NoWrap set but would overflow (child_size=16.8, offset=19.6, container=31.1)
[WARN] Layout overflow: 'recent_path' extends outside parent 'recent_repo_fixture_repo' bounds (child_rel=[0.0,19.6], child_size=[323.1,16.8], child_end=[323.1,36.4], parent_size=[323.1,31.1], gap=0.0, start_offset=0.0)
[WARN] Layout wrap: 'recent_path' in parent 'recent_repo_.' - NoWrap set but would overflow (child_size=16.8, offset=19.6, container=31.1)
[WARN] Layout overflow: 'recent_path' extends outside parent 'recent_repo_.' bounds (child_rel=[0.0,19.6], child_size=[323.1,16.8], child_end=[323.1,36.4], parent_size=[323.1,31.1], gap=0.0, start_offset=0.0)
[WARN] Layout wrap: 'recent_path' in parent 'recent_repo_floatinghotel' - NoWrap set but would overflow (child_size=16.8, offset=19.6, container=31.1)
[WARN] Layout overflow: 'recent_path' extends outside parent 'recent_repo_floatinghotel' bounds (child_rel=[0.0,19.6], child_size=[323.1,16.8], child_end=[323.1,36.4], parent_size=[323.1,31.1], gap=0.0, start_offset=0.0)
[WARN] Layout wrap: 'recent_path' in parent 'recent_repo_.' - NoWrap set but would overflow (child_size=16.8, offset=19.6, container=31.1)
[WARN] Layout overflow: 'recent_path' extends outside parent 'recent_repo_.' bounds (child_rel=[0.0,19.6], child_size=[323.1,16.8], child_end=[323.1,36.4], parent_size=[323.1,31.1], gap=0.0, start_offset=0.0)
[WARN] Layout wrap: 'recent_path' in parent 'recent_repo_fhclone' - NoWrap set but would overflow (child_size=16.8, offset=19.6, container=31.1)
[WARN] Layout overflow: 'recent_path' extends outside parent 'recent_repo_fhclone' bounds (child_rel=[0.0,19.6], child_size=[323.1,16.8], child_end=[323.1,36.4], parent_size=[323.1,31.1], gap=0.0, start_offset=0.0)
[WARN] Layout wrap: 'recent_path' in parent 'recent_repo_.' - NoWrap set but would overflow (child_size=16.8, offset=19.6, container=31.1)
[WARN] Layout overflow: 'recent_path' extends outside parent 'recent_repo_.' bounds (child_rel=[0.0,19.6], child_size=[323.1,16.8], child_end=[323.1,36.4], parent_size=[323.1,31.1], gap=0.0, start_offset=0.0)
[INFO] bench_frames: 120 frames, 138 entities: avg 1.91 ms  p50 1.73  p99 3.98  max 7.14
[INFO]     0.43 ms/frame  afterhours::ui::UIPluginRenderBridge<InputAction>
[INFO]     0.35 ms/frame  ecs::MainContentSystem
[INFO]     0.16 ms/frame  afterhours::ui::UIPluginPostUpdateBridge<InputAction>
[INFO]     0.10 ms/frame  ecs::SidebarSystem
[INFO]     0.08 ms/frame  ecs::TabSyncSystem
[INFO]     0.03 ms/frame  afterhours::ui::validation::ValidateComponentContrast
[INFO]     0.03 ms/frame  ecs::MenuBarSystem
[INFO]     0.02 ms/frame  ui::RenderWrappedTooltip<InputAction>
[INFO] expect_p99_below: 3.98ms <= 20.00ms (PASS)
[INFO] E2E finished in 2.13 seconds
