[INFO] Process start to main: 49 ms
[INFO] Registered singleton 0 for afterhours::files::ProvidesResourcePaths (0)
[INFO] Settings loaded from /Users/gabeochoa/Library/Application Support/floatinghotel/settings.json
[INFO] Pre-graphics init: 88 ms
[INFO]   Window+GPU init: 1328 ms
[INFO] Registered singleton 1 for afterhours::input::InputCollector (1)
[INFO] Registered singleton 1 for afterhours::input::ProvidesMaxGamepadID (2)
[INFO] Registered singleton 1 for afterhours::input::ProvidesInputMapping (3)
[INFO] Registered singleton 1 for afterhours::input::ProvidesInputConfig (4)
[WARN] try_load_gamepad_mappings: no backend configured
[INFO] Registered singleton 1 for afterhours::window_manager::ProvidesTargetFPS (5)
[INFO] Registered singleton 1 for afterhours::window_manager::ProvidesCurrentResolution (6)
[INFO] Registered singleton 1 for afterhours::window_manager::ProvidesAvailableWindowResolutions (7)
[INFO] Registered singleton 2 for afterhours::ui::UIContext<InputAction> (8)
[INFO] Registered singleton 2 for afterhours::ui::FontManager (9)
[INFO] Registered singleton 2 for afterhours::ui::TextMeasureCache (10)
[INFO] Registered singleton 2 for afterhours::ui::UIEntityMappingCache (11)
[INFO] Registered singleton 2 for afterhours::ui::DragGroupState (12)
[INFO]   Preload+fonts: 2 ms
[INFO] Registered singleton 6 for afterhours::modal::ModalRoot (28)
[INFO] Registered singleton 7 for afterhours::ui::TooltipState (29)
[INFO]   Systems registration: 0 ms
[INFO] Startup time: 1332 ms (from graphics::run to app_init done)
[INFO] [Validation] No UI violations detected
[INFO] git: 739 ms (waited 0 ms for lock): git ls-files
[INFO] git: 822 ms (waited 0 ms for lock): git status
[INFO] refresh: status ready at 823 ms
[INFO] git: 838 ms (waited 0 ms for lock): git log
[INFO] commits loaded: 1 commits, 846 ms after refresh requested, 2339 ms since process start
[INFO] git: 329 ms (waited 0 ms for lock): git diff
[INFO] refresh: diff ready at 1071 ms
[INFO] git: 247 ms (waited 0 ms for lock): git diff
[INFO] git: 264 ms (waited 0 ms for lock): git branch
[INFO] refresh: branches ready at 1089 ms
[INFO] refresh: done in 1089 ms
[INFO] git: 123 ms (waited 0 ms for lock): git rev-parse
[INFO] git: 286 ms (waited 0 ms for lock): git show
[INFO] git: 212 ms (waited 0 ms for lock): git show
[INFO] git: 257 ms (waited 0 ms for lock): git rev-parse
[INFO] git: 246 ms (waited 0 ms for lock): git ls-tree
[INFO] git: 293 ms (waited 0 ms for lock): git rev-parse
[INFO] git: 158 ms (waited 0 ms for lock): git rev-parse
[INFO] git: 171 ms (waited 0 ms for lock): git rev-parse
[INFO] git: 179 ms (waited 0 ms for lock): git cat-file
[INFO] git: 235 ms (waited 0 ms for lock): git ls-tree
[INFO] git: 188 ms (waited 0 ms for lock): git cat-file
[INFO] git: 300 ms (waited 0 ms for lock): git ls-tree
[INFO] bench_frames: 120 frames, 316 entities: avg 2.89 ms  p50 2.84  p99 5.82  max 7.23
[INFO]     0.60 ms/frame  afterhours::ui::UIPluginRenderBridge<InputAction>
[INFO]     0.56 ms/frame  ecs::SidebarSystem
[INFO]     0.36 ms/frame  afterhours::ui::UIPluginPostUpdateBridge<InputAction>
[INFO]     0.26 ms/frame  ecs::MainContentSystem
[INFO]     0.09 ms/frame  ecs::TabSyncSystem
[INFO]     0.05 ms/frame  afterhours::ui::validation::ValidateComponentContrast
[INFO]     0.04 ms/frame  afterhours::ui::validation::ValidateMinFontSize
[INFO]     0.04 ms/frame  ecs::TabBarSystem
[INFO] expect_p99_below: 5.82ms <= 20.00ms (PASS)
[INFO] E2E finished in 1.87 seconds
