[INFO] Process start to main: 44 ms
[INFO] Registered singleton 0 for afterhours::files::ProvidesResourcePaths (0)
[INFO] Settings loaded from /Users/gabeochoa/p/floatinghotel/output/step29-fixed-restore_tabs/140/settings/settings.json
[INFO] Pre-graphics init: 99 ms
[INFO]   Window+GPU init: 242 ms
[INFO] Registered singleton 1 for afterhours::input::InputCollector (1)
[INFO] Registered singleton 1 for afterhours::input::ProvidesMaxGamepadID (2)
[INFO] Registered singleton 1 for afterhours::input::ProvidesInputMapping (3)
[INFO] Registered singleton 1 for afterhours::input::ProvidesInputConfig (4)
[WARN] try_load_gamepad_mappings: no backend configured
[INFO] Registered singleton 1 for afterhours::window_manager::ProvidesTargetFPS (5)
[INFO] Registered singleton 1 for afterhours::window_manager::ProvidesCurrentResolution (6)
[INFO] Registered singleton 1 for afterhours::window_manager::ProvidesAvailableWindowResolutions (7)
[INFO] Registered singleton 2 for afterhours::ui::UIContext<InputAction> (8)
[INFO] Registered singleton 2 for afterhours::ui::FontManager (9)
[INFO] Registered singleton 2 for afterhours::ui::TextMeasureCache (10)
[INFO] Registered singleton 2 for afterhours::ui::UIEntityMappingCache (11)
[INFO] Registered singleton 2 for afterhours::ui::DragGroupState (12)
[INFO]   Preload+fonts: 2 ms
[INFO] Registered singleton 6 for afterhours::modal::ModalRoot (28)
[INFO] Registered singleton 7 for afterhours::ui::TooltipState (29)
[INFO]   Systems registration: 0 ms
[INFO] Startup time: 245 ms (from graphics::run to app_init done)
[INFO] [Validation] No UI violations detected
[INFO] git: 621 ms (waited 0 ms for lock): git ls-files
[INFO] git: 671 ms (waited 0 ms for lock): git status
[INFO] refresh: status ready at 672 ms
[INFO] git: 724 ms (waited 0 ms for lock): git log
[INFO] commits loaded: 2 commits, 725 ms after refresh requested, 1134 ms since process start
[INFO] git: 184 ms (waited 0 ms for lock): git diff
[INFO] refresh: diff ready at 808 ms
[INFO] git: 163 ms (waited 0 ms for lock): git branch
[INFO] refresh: branches ready at 836 ms
[INFO] git: 123 ms (waited 0 ms for lock): git diff
[INFO] refresh: done in 848 ms
[INFO] git: 126 ms (waited 0 ms for lock): git rev-parse
[INFO] git: 158 ms (waited 0 ms for lock): git cat-file
[INFO] git: 268 ms (waited 0 ms for lock): git ls-tree
[INFO] git: 554 ms (waited 0 ms for lock): git cat-file
[INFO] git: 284 ms (waited 0 ms for lock): git rev-parse
[INFO] git: 182 ms (waited 0 ms for lock): git rev-parse
[INFO] git: 145 ms (waited 0 ms for lock): git rev-parse
[INFO] git: 153 ms (waited 0 ms for lock): git rev-parse
[INFO] git: 182 ms (waited 0 ms for lock): git show
[INFO] git: 159 ms (waited 0 ms for lock): git show
[INFO] bench_frames: 120 frames, 280 entities: avg 5.57 ms  p50 5.46  p99 8.99  max 9.45
[INFO]     3.50 ms/frame  ecs::MainContentSystem
[INFO]     0.64 ms/frame  afterhours::ui::UIPluginRenderBridge<InputAction>
[INFO]     0.28 ms/frame  afterhours::ui::UIPluginPostUpdateBridge<InputAction>
[INFO]     0.20 ms/frame  ecs::SidebarSystem
[INFO]     0.09 ms/frame  ecs::TabSyncSystem
[INFO]     0.06 ms/frame  afterhours::ui::validation::ValidateComponentContrast
[INFO]     0.04 ms/frame  afterhours::testing::ui_commands::HandleDumpUICommand
[INFO]     0.03 ms/frame  ecs::MenuBarSystem
[INFO] expect_p99_below: 8.99ms <= 20.00ms (PASS)
[INFO] E2E finished in 0.62 seconds
