[INFO] Process start to main: 35 ms
[INFO] Registered singleton 0 for afterhours::files::ProvidesResourcePaths (0)
[INFO] Settings loaded from /Users/gabeochoa/p/floatinghotel/output/step29-fixed-restore_tabs/200/settings/settings.json
[INFO] Pre-graphics init: 32 ms
[INFO]   Window+GPU init: 179 ms
[INFO] Registered singleton 1 for afterhours::input::InputCollector (1)
[INFO] Registered singleton 1 for afterhours::input::ProvidesMaxGamepadID (2)
[INFO] Registered singleton 1 for afterhours::input::ProvidesInputMapping (3)
[INFO] Registered singleton 1 for afterhours::input::ProvidesInputConfig (4)
[WARN] try_load_gamepad_mappings: no backend configured
[INFO] Registered singleton 1 for afterhours::window_manager::ProvidesTargetFPS (5)
[INFO] Registered singleton 1 for afterhours::window_manager::ProvidesCurrentResolution (6)
[INFO] Registered singleton 1 for afterhours::window_manager::ProvidesAvailableWindowResolutions (7)
[INFO] Registered singleton 2 for afterhours::ui::UIContext<InputAction> (8)
[INFO] Registered singleton 2 for afterhours::ui::FontManager (9)
[INFO] Registered singleton 2 for afterhours::ui::TextMeasureCache (10)
[INFO] Registered singleton 2 for afterhours::ui::UIEntityMappingCache (11)
[INFO] Registered singleton 2 for afterhours::ui::DragGroupState (12)
[INFO]   Preload+fonts: 0 ms
[INFO] Registered singleton 6 for afterhours::modal::ModalRoot (28)
[INFO] Registered singleton 7 for afterhours::ui::TooltipState (29)
[INFO]   Systems registration: 0 ms
[INFO] Startup time: 180 ms (from graphics::run to app_init done)
[INFO] [Validation] No UI violations detected
[INFO] git: 287 ms (waited 0 ms for lock): git ls-files
[INFO] git: 324 ms (waited 0 ms for lock): git status
[INFO] refresh: status ready at 327 ms
[INFO] git: 342 ms (waited 0 ms for lock): git log
[INFO] commits loaded: 2 commits, 342 ms after refresh requested, 604 ms since process start
[INFO] git: 167 ms (waited 0 ms for lock): git diff
[INFO] refresh: diff ready at 455 ms
[INFO] git: 138 ms (waited 0 ms for lock): git branch
[INFO] refresh: branches ready at 465 ms
[INFO] git: 139 ms (waited 0 ms for lock): git diff
[INFO] refresh: done in 482 ms
[INFO] git: 148 ms (waited 0 ms for lock): git rev-parse
[INFO] git: 148 ms (waited 0 ms for lock): git cat-file
[INFO] git: 188 ms (waited 0 ms for lock): git ls-tree
[INFO] git: 176 ms (waited 0 ms for lock): git cat-file
[INFO] git: 133 ms (waited 0 ms for lock): git rev-parse
[INFO] git: 111 ms (waited 0 ms for lock): git rev-parse
[INFO] git: 125 ms (waited 0 ms for lock): git rev-parse
[INFO] git: 133 ms (waited 0 ms for lock): git rev-parse
[INFO] git: 241 ms (waited 0 ms for lock): git show
[INFO] git: 147 ms (waited 0 ms for lock): git show
[INFO] bench_frames: 120 frames, 251 entities: avg 6.20 ms  p50 5.86  p99 15.13  max 27.09
[INFO]     3.97 ms/frame  ecs::MainContentSystem
[INFO]     0.60 ms/frame  afterhours::ui::UIPluginRenderBridge<InputAction>
[INFO]     0.33 ms/frame  afterhours::ui::UIPluginPostUpdateBridge<InputAction>
[INFO]     0.23 ms/frame  ecs::SidebarSystem
[INFO]     0.14 ms/frame  ecs::TabSyncSystem
[INFO]     0.07 ms/frame  afterhours::ui::validation::ValidateComponentContrast
[INFO]     0.04 ms/frame  ecs::MenuBarSystem
[INFO]     0.03 ms/frame  ecs::StatusBarSystem
[INFO] expect_p99_below: 15.13ms <= 20.00ms (PASS)
[INFO] E2E finished in 0.72 seconds
