[INFO] Process start to main: 41 ms
[INFO] Registered singleton 0 for afterhours::files::ProvidesResourcePaths (0)
[INFO] Settings loaded from /Users/gabeochoa/Library/Application Support/floatinghotel/settings.json
[INFO] Pre-graphics init: 44 ms
[INFO]   Window+GPU init: 168 ms
[INFO] Registered singleton 1 for afterhours::input::InputCollector (1)
[INFO] Registered singleton 1 for afterhours::input::ProvidesMaxGamepadID (2)
[INFO] Registered singleton 1 for afterhours::input::ProvidesInputMapping (3)
[INFO] Registered singleton 1 for afterhours::input::ProvidesInputConfig (4)
[WARN] try_load_gamepad_mappings: no backend configured
[INFO] Registered singleton 1 for afterhours::window_manager::ProvidesTargetFPS (5)
[INFO] Registered singleton 1 for afterhours::window_manager::ProvidesCurrentResolution (6)
[INFO] Registered singleton 1 for afterhours::window_manager::ProvidesAvailableWindowResolutions (7)
[INFO] Registered singleton 2 for afterhours::ui::UIContext<InputAction> (8)
[INFO] Registered singleton 2 for afterhours::ui::FontManager (9)
[INFO] Registered singleton 2 for afterhours::ui::TextMeasureCache (10)
[INFO] Registered singleton 2 for afterhours::ui::UIEntityMappingCache (11)
[INFO] Registered singleton 2 for afterhours::ui::DragGroupState (12)
[INFO]   Preload+fonts: 3 ms
[INFO] Registered singleton 6 for afterhours::modal::ModalRoot (28)
[INFO] Registered singleton 7 for afterhours::ui::TooltipState (29)
[INFO]   Systems registration: 0 ms
[INFO] Startup time: 172 ms (from graphics::run to app_init done)
[INFO] [Validation] No UI violations detected
[INFO] git: 1091 ms (waited 0 ms for lock): git ls-files
[INFO] git: 1519 ms (waited 0 ms for lock): git status
[INFO] refresh: status ready at 1520 ms
[INFO] git: 2250 ms (waited 0 ms for lock): git log
[INFO] commits loaded: 2 commits, 2254 ms after refresh requested, 2529 ms since process start
[INFO] git: 1335 ms (waited 0 ms for lock): git diff
[INFO] refresh: diff ready at 2427 ms
[INFO] git: 1011 ms (waited 0 ms for lock): git branch
[INFO] refresh: branches ready at 2532 ms
[INFO] git: 490 ms (waited 0 ms for lock): git diff
[INFO] refresh: done in 2743 ms
[WARN] Layout wrap: 'commit_heading' in parent 'main_content' - NoWrap set but would overflow (child_size=60.0, offset=0.0, container=0.0)
[WARN] Layout overflow: 'commit_heading' extends outside parent 'main_content' bounds (child_rel=[0.0,0.0], child_size=[0.0,60.0], child_end=[0.0,60.0], parent_size=[0.0,0.0], gap=0.0, start_offset=0.0)
[WARN] Layout wrap: 'commit_sticky_revision' in parent 'commit_heading' - NoWrap set but would overflow (child_size=88.0, offset=0.0, container=0.0)
[WARN] Layout overflow: 'commit_sticky_revision' extends outside parent 'commit_heading' bounds (child_rel=[0.0,0.0], child_size=[88.0,52.0], child_end=[88.0,52.0], parent_size=[0.0,52.0], gap=0.0, start_offset=0.0)
[WARN] Layout wrap: 'commit_find_host' in parent 'main_content' - NoWrap set but would overflow (child_size=72.0, offset=60.0, container=0.0)
[WARN] Layout overflow: 'commit_find_host' extends outside parent 'main_content' bounds (child_rel=[0.0,60.0], child_size=[0.0,72.0], child_end=[0.0,132.0], parent_size=[0.0,0.0], gap=0.0, start_offset=0.0)
[WARN] Layout wrap: 'commit_detail_scroll' in parent 'main_content' - NoWrap set but would overflow (child_size=0.0, offset=132.0, container=0.0)
[WARN] Layout overflow: 'commit_detail_scroll' extends outside parent 'main_content' bounds (child_rel=[0.0,132.0], child_size=[0.0,0.0], child_end=[0.0,132.0], parent_size=[0.0,0.0], gap=0.0, start_offset=0.0)
[WARN] Layout wrap: 'commit_relative_date' in parent 'commit_meta_compact' - NoWrap set but would overflow (child_size=54.0, offset=6.0, container=0.0)
[WARN] Layout overflow: 'commit_relative_date' extends outside parent 'commit_meta_compact' bounds (child_rel=[6.0,2.0], child_size=[54.0,28.0], child_end=[60.0,30.0], parent_size=[0.0,32.0], gap=6.0, start_offset=0.0)
[WARN] Layout wrap: 'commit_short_hash' in parent 'commit_meta_compact' - NoWrap set but would overflow (child_size=84.0, offset=66.0, container=0.0)
[WARN] Layout overflow: 'commit_short_hash' extends outside parent 'commit_meta_compact' bounds (child_rel=[66.0,2.0], child_size=[84.0,28.0], child_end=[150.0,30.0], parent_size=[0.0,32.0], gap=6.0, start_offset=0.0)
[WARN] Layout wrap: 'commit_meta_toggle' in parent 'commit_meta_compact' - NoWrap set but would overflow (child_size=80.0, offset=156.0, container=0.0)
[WARN] Layout overflow: 'commit_meta_toggle' extends outside parent 'commit_meta_compact' bounds (child_rel=[156.0,2.0], child_size=[80.0,28.0], child_end=[236.0,30.0], parent_size=[0.0,32.0], gap=6.0, start_offset=0.0)
[INFO] git: 378 ms (waited 0 ms for lock): git rev-parse
[INFO] git: 355 ms (waited 0 ms for lock): git show
[INFO] git: 279 ms (waited 0 ms for lock): git show
[INFO] git: 275 ms (waited 0 ms for lock): git rev-parse
[INFO] git: 280 ms (waited 0 ms for lock): git rev-parse
[INFO] git: 364 ms (waited 0 ms for lock): git rev-parse
[INFO] git: 995 ms (waited 0 ms for lock): git ls-tree
[INFO] git: 116 ms (waited 0 ms for lock): git ls-tree
[INFO] git: 853 ms (waited 0 ms for lock): git ls-tree
[INFO] git: 268 ms (waited 0 ms for lock): git rev-parse
[INFO] git: 288 ms (waited 1 ms for lock): git cat-file
[INFO] git: 272 ms (waited 0 ms for lock): git ls-tree
[INFO] git: 301 ms (waited 0 ms for lock): git cat-file
[INFO] git: 272 ms (waited 0 ms for lock): git rev-parse
[INFO] commit patch cache hit for f825752a3d127d5f8e6f10581ab524d56f03e773
[INFO] git: 35 ms (waited 0 ms for lock): git ls-tree
[INFO] git: 330 ms (waited 0 ms for lock): git rev-parse
[INFO] git: 296 ms (waited 0 ms for lock): git rev-parse
[INFO] git: 354 ms (waited 0 ms for lock): git rev-parse
[INFO] git: 329 ms (waited 0 ms for lock): git ls-files
[INFO] git: 257 ms (waited 0 ms for lock): git rev-parse
[INFO] git: 298 ms (waited 0 ms for lock): git cat-file
[INFO] git: 263 ms (waited 0 ms for lock): git ls-files
[INFO] git: 185 ms (waited 0 ms for lock): git cat-file
[INFO] git: 37 ms (waited 0 ms for lock): git ls-files
[INFO] git: 237 ms (waited 0 ms for lock): git rev-parse
[INFO] commit patch cache hit for f825752a3d127d5f8e6f10581ab524d56f03e773
[INFO] git: 320 ms (waited 0 ms for lock): git rev-parse
[INFO] git: 337 ms (waited 0 ms for lock): git rev-parse
[INFO] git: 260 ms (waited 0 ms for lock): git rev-parse
[INFO] git: 931 ms (waited 0 ms for lock): git ls-tree
[INFO] git: 207 ms (waited 0 ms for lock): git rev-parse
[INFO] git: 262 ms (waited 0 ms for lock): git cat-file
[INFO] git: 247 ms (waited 0 ms for lock): git ls-tree
[INFO] git: 229 ms (waited 0 ms for lock): git cat-file
[INFO] git: 30 ms (waited 0 ms for lock): git ls-tree
[INFO] bench_frames: 120 frames, 181 entities: avg 2.20 ms  p50 1.84  p99 8.03  max 10.99
[INFO]     0.45 ms/frame  afterhours::ui::UIPluginRenderBridge<InputAction>
[INFO]     0.31 ms/frame  afterhours::ui::UIPluginPostUpdateBridge<InputAction>
[INFO]     0.23 ms/frame  ecs::MainContentSystem
[INFO]     0.22 ms/frame  ecs::SidebarSystem
[INFO]     0.09 ms/frame  ecs::TabSyncSystem
[INFO]     0.03 ms/frame  afterhours::ui::validation::ValidateComponentContrast
[INFO]     0.02 ms/frame  ecs::MenuBarSystem
[INFO]     0.02 ms/frame  ecs::TabBarSystem
[INFO] expect_p99_below: 8.03ms <= 20.00ms (PASS)
[INFO] E2E finished in 2.05 seconds
