[INFO] Process start to main: 55 ms
[INFO] Registered singleton 0 for afterhours::files::ProvidesResourcePaths (0)
[INFO] Settings loaded from /Users/gabeochoa/Library/Application Support/floatinghotel/settings.json
[INFO] Pre-graphics init: 157 ms
[INFO]   Window+GPU init: 131 ms
[INFO] Registered singleton 1 for afterhours::input::InputCollector (1)
[INFO] Registered singleton 1 for afterhours::input::ProvidesMaxGamepadID (2)
[INFO] Registered singleton 1 for afterhours::input::ProvidesInputMapping (3)
[INFO] Registered singleton 1 for afterhours::input::ProvidesInputConfig (4)
[WARN] try_load_gamepad_mappings: no backend configured
[INFO] Registered singleton 1 for afterhours::window_manager::ProvidesTargetFPS (5)
[INFO] Registered singleton 1 for afterhours::window_manager::ProvidesCurrentResolution (6)
[INFO] Registered singleton 1 for afterhours::window_manager::ProvidesAvailableWindowResolutions (7)
[INFO] Registered singleton 2 for afterhours::ui::UIContext<InputAction> (8)
[INFO] Registered singleton 2 for afterhours::ui::FontManager (9)
[INFO] Registered singleton 2 for afterhours::ui::TextMeasureCache (10)
[INFO] Registered singleton 2 for afterhours::ui::UIEntityMappingCache (11)
[INFO] Registered singleton 2 for afterhours::ui::DragGroupState (12)
[INFO]   Preload+fonts: 1 ms
[INFO] Registered singleton 6 for afterhours::modal::ModalRoot (28)
[INFO] Registered singleton 7 for afterhours::ui::TooltipState (29)
[INFO]   Systems registration: 0 ms
[INFO] Startup time: 133 ms (from graphics::run to app_init done)
[INFO] [Validation] No UI violations detected
[INFO] git: 120 ms (waited 0 ms for lock): git status
[INFO] refresh: status ready at 121 ms
[INFO] git: 141 ms (waited 0 ms for lock): git ls-files
[INFO] git: 158 ms (waited 0 ms for lock): git log
[INFO] commits loaded: 1 commits, 158 ms after refresh requested, 507 ms since process start
[INFO] git: 141 ms (waited 0 ms for lock): git branch
[INFO] refresh: branches ready at 284 ms
[INFO] git: 163 ms (waited 0 ms for lock): git diff
[INFO] refresh: diff ready at 285 ms
[INFO] git: 273 ms (waited 0 ms for lock): git diff
[INFO] refresh: done in 432 ms
[INFO] git: 153 ms (waited 0 ms for lock): git grep
[INFO] git: 141 ms (waited 0 ms for lock): git grep
[INFO] git: 148 ms (waited 0 ms for lock): git grep
[INFO] E2E finished in 0.52 seconds
