[INFO] Process start to main: 50 ms
[INFO] Registered singleton 0 for afterhours::files::ProvidesResourcePaths (0)
[INFO] Settings loaded from /Users/gabeochoa/Library/Application Support/floatinghotel/settings.json
[INFO] Pre-graphics init: 70 ms
[INFO]   Window+GPU init: 368 ms
[INFO] Registered singleton 1 for afterhours::input::InputCollector (1)
[INFO] Registered singleton 1 for afterhours::input::ProvidesMaxGamepadID (2)
[INFO] Registered singleton 1 for afterhours::input::ProvidesInputMapping (3)
[INFO] Registered singleton 1 for afterhours::input::ProvidesInputConfig (4)
[WARN] try_load_gamepad_mappings: no backend configured
[INFO] Registered singleton 1 for afterhours::window_manager::ProvidesTargetFPS (5)
[INFO] Registered singleton 1 for afterhours::window_manager::ProvidesCurrentResolution (6)
[INFO] Registered singleton 1 for afterhours::window_manager::ProvidesAvailableWindowResolutions (7)
[INFO] Registered singleton 2 for afterhours::ui::UIContext<InputAction> (8)
[INFO] Registered singleton 2 for afterhours::ui::FontManager (9)
[INFO] Registered singleton 2 for afterhours::ui::TextMeasureCache (10)
[INFO] Registered singleton 2 for afterhours::ui::UIEntityMappingCache (11)
[INFO] Registered singleton 2 for afterhours::ui::DragGroupState (12)
[INFO]   Preload+fonts: 2 ms
[INFO] Registered singleton 6 for afterhours::modal::ModalRoot (28)
[INFO] Registered singleton 7 for afterhours::ui::TooltipState (29)
[INFO]   Systems registration: 0 ms
[INFO] Startup time: 371 ms (from graphics::run to app_init done)
[INFO] [Validation] No UI violations detected
[INFO] git: 280 ms (waited 0 ms for lock): git ls-files
[INFO] git: 318 ms (waited 0 ms for lock): git status
[INFO] refresh: status ready at 319 ms
[INFO] git: 325 ms (waited 0 ms for lock): git log
[INFO] commits loaded: 1 commits, 328 ms after refresh requested, 841 ms since process start
[INFO] git: 195 ms (waited 0 ms for lock): git diff
[INFO] refresh: diff ready at 477 ms
[INFO] git: 216 ms (waited 0 ms for lock): git branch
[INFO] refresh: branches ready at 541 ms
[INFO] git: 216 ms (waited 0 ms for lock): git diff
[INFO] refresh: done in 547 ms
[INFO] git: 163 ms (waited 0 ms for lock): git rev-parse
[INFO] git: 467 ms (waited 0 ms for lock): git show
[INFO] git: 198 ms (waited 0 ms for lock): git show
[INFO] git: 159 ms (waited 0 ms for lock): git rev-parse
[INFO] git: 184 ms (waited 0 ms for lock): git ls-tree
[INFO] git: 161 ms (waited 0 ms for lock): git rev-parse
[INFO] git: 153 ms (waited 0 ms for lock): git rev-parse
[INFO] git: 164 ms (waited 0 ms for lock): git rev-parse
[INFO] git: 151 ms (waited 0 ms for lock): git cat-file
[INFO] git: 180 ms (waited 0 ms for lock): git ls-tree
[INFO] git: 181 ms (waited 0 ms for lock): git cat-file
[INFO] git: 185 ms (waited 0 ms for lock): git ls-tree
[INFO] bench_frames: 120 frames, 267 entities: avg 2.67 ms  p50 2.55  p99 4.76  max 5.11
[INFO]     0.55 ms/frame  afterhours::ui::UIPluginRenderBridge<InputAction>
[INFO]     0.47 ms/frame  ecs::SidebarSystem
[INFO]     0.34 ms/frame  afterhours::ui::UIPluginPostUpdateBridge<InputAction>
[INFO]     0.26 ms/frame  ecs::MainContentSystem
[INFO]     0.09 ms/frame  ecs::TabSyncSystem
[INFO]     0.05 ms/frame  afterhours::ui::validation::ValidateComponentContrast
[INFO]     0.03 ms/frame  ecs::MenuBarSystem
[INFO]     0.03 ms/frame  afterhours::ui::UIPluginPreUpdateBridge<InputAction>
[INFO] expect_p99_below: 4.76ms <= 20.00ms (PASS)
[INFO] E2E finished in 1.93 seconds
