[INFO] Process start to main: 81 ms
[INFO] Registered singleton 0 for afterhours::files::ProvidesResourcePaths (0)
[INFO] Settings loaded from /Users/gabeochoa/Library/Application Support/floatinghotel/settings.json
[INFO] Pre-graphics init: 71 ms
[INFO]   Window+GPU init: 439 ms
[INFO] Registered singleton 1 for afterhours::input::InputCollector (1)
[INFO] Registered singleton 1 for afterhours::input::ProvidesMaxGamepadID (2)
[INFO] Registered singleton 1 for afterhours::input::ProvidesInputMapping (3)
[INFO] Registered singleton 1 for afterhours::input::ProvidesInputConfig (4)
[WARN] try_load_gamepad_mappings: no backend configured
[INFO] Registered singleton 1 for afterhours::window_manager::ProvidesTargetFPS (5)
[INFO] Registered singleton 1 for afterhours::window_manager::ProvidesCurrentResolution (6)
[INFO] Registered singleton 1 for afterhours::window_manager::ProvidesAvailableWindowResolutions (7)
[INFO] Registered singleton 2 for afterhours::ui::UIContext<InputAction> (8)
[INFO] Registered singleton 2 for afterhours::ui::FontManager (9)
[INFO] Registered singleton 2 for afterhours::ui::TextMeasureCache (10)
[INFO] Registered singleton 2 for afterhours::ui::UIEntityMappingCache (11)
[INFO] Registered singleton 2 for afterhours::ui::DragGroupState (12)
[INFO]   Preload+fonts: 7 ms
[INFO] Registered singleton 6 for afterhours::modal::ModalRoot (28)
[INFO] Registered singleton 7 for afterhours::ui::TooltipState (29)
[INFO]   Systems registration: 0 ms
[INFO] Startup time: 446 ms (from graphics::run to app_init done)
[INFO] git: 561 ms (waited 0 ms for lock): git ls-files
[INFO] git: 845 ms (waited 0 ms for lock): git log
[INFO] git: 154 ms (waited 0 ms for lock): git branch
[INFO] git: 1164 ms (waited 0 ms for lock): git status
[INFO] git: 616 ms (waited 0 ms for lock): git diff
[INFO] git: 183 ms (waited 0 ms for lock): git diff
[INFO] make_test_repo: switching from '/Users/gabeochoa/p/wm_afterhours/.' to '/tmp/floatinghotel_test_repo'
[INFO] git: 157 ms (waited 0 ms for lock): git status
[INFO] git: 179 ms (waited 0 ms for lock): git log
[INFO] git: 147 ms (waited 0 ms for lock): git diff
[INFO] git: 106 ms (waited 0 ms for lock): git diff
[INFO] git: 122 ms (waited 0 ms for lock): git ls-files
[INFO] git: 92 ms (waited 0 ms for lock): git branch
[INFO] git: 102 ms (waited 0 ms for lock): git rev-parse
[INFO] make_test_repo: done, path=/tmp/floatinghotel_test_repo
[WARN] Layout wrap: 'empty_icon' in parent 'empty_state' - NoWrap set but would overflow (child_size=50.7, offset=0.0, container=0.0)
[WARN] Layout overflow: 'empty_icon' extends outside parent 'empty_state' bounds (child_rel=[-3.5,0.0], child_size=[7.0,50.7], child_end=[3.5,50.7], parent_size=[0.0,0.0], gap=0.0, start_offset=0.0)
[WARN] Layout wrap: 'empty_hint_1' in parent 'empty_state' - NoWrap set but would overflow (child_size=23.0, offset=50.7, container=0.0)
[WARN] Layout overflow: 'empty_hint_1' extends outside parent 'empty_state' bounds (child_rel=[-73.2,50.7], child_size=[146.4,23.0], child_end=[73.2,73.7], parent_size=[0.0,0.0], gap=0.0, start_offset=0.0)
[WARN] Layout wrap: 'empty_hint_2' in parent 'empty_state' - NoWrap set but would overflow (child_size=18.7, offset=73.7, container=0.0)
[WARN] Layout overflow: 'empty_hint_2' extends outside parent 'empty_state' bounds (child_rel=[-50.2,73.7], child_size=[100.4,18.7], child_end=[50.2,92.4], parent_size=[0.0,0.0], gap=0.0, start_offset=0.0)
[WARN] Layout wrap: 'empty_shortcuts' in parent 'empty_state' - NoWrap set but would overflow (child_size=32.7, offset=92.4, container=0.0)
[WARN] Layout overflow: 'empty_shortcuts' extends outside parent 'empty_state' bounds (child_rel=[-118.2,92.4], child_size=[236.4,32.7], child_end=[118.2,125.1], parent_size=[0.0,0.0], gap=0.0, start_offset=0.0)
[INFO] [Validation] No UI violations detected
[WARN] Layout wrap: 'commit_heading' in parent 'main_content' - NoWrap set but would overflow (child_size=60.0, offset=0.0, container=0.0)
[WARN] Layout overflow: 'commit_heading' extends outside parent 'main_content' bounds (child_rel=[0.0,0.0], child_size=[0.0,60.0], child_end=[0.0,60.0], parent_size=[0.0,0.0], gap=0.0, start_offset=0.0)
[WARN] Layout wrap: 'commit_sticky_revision' in parent 'commit_heading' - NoWrap set but would overflow (child_size=88.0, offset=0.0, container=0.0)
[WARN] Layout overflow: 'commit_sticky_revision' extends outside parent 'commit_heading' bounds (child_rel=[0.0,0.0], child_size=[88.0,52.0], child_end=[88.0,52.0], parent_size=[0.0,52.0], gap=0.0, start_offset=0.0)
[WARN] Layout wrap: 'commit_find_host' in parent 'main_content' - NoWrap set but would overflow (child_size=72.0, offset=60.0, container=0.0)
[WARN] Layout overflow: 'commit_find_host' extends outside parent 'main_content' bounds (child_rel=[0.0,60.0], child_size=[0.0,72.0], child_end=[0.0,132.0], parent_size=[0.0,0.0], gap=0.0, start_offset=0.0)
[WARN] Layout wrap: 'commit_detail_scroll' in parent 'main_content' - NoWrap set but would overflow (child_size=0.0, offset=132.0, container=0.0)
[WARN] Layout overflow: 'commit_detail_scroll' extends outside parent 'main_content' bounds (child_rel=[0.0,132.0], child_size=[0.0,0.0], child_end=[0.0,132.0], parent_size=[0.0,0.0], gap=0.0, start_offset=0.0)
[WARN] Layout wrap: 'commit_relative_date' in parent 'commit_meta_compact' - NoWrap set but would overflow (child_size=55.0, offset=6.0, container=0.0)
[WARN] Layout overflow: 'commit_relative_date' extends outside parent 'commit_meta_compact' bounds (child_rel=[6.0,2.0], child_size=[55.0,28.0], child_end=[61.0,30.0], parent_size=[0.0,32.0], gap=6.0, start_offset=0.0)
[WARN] Layout wrap: 'commit_short_hash' in parent 'commit_meta_compact' - NoWrap set but would overflow (child_size=84.0, offset=67.0, container=0.0)
[WARN] Layout overflow: 'commit_short_hash' extends outside parent 'commit_meta_compact' bounds (child_rel=[67.0,2.0], child_size=[84.0,28.0], child_end=[151.0,30.0], parent_size=[0.0,32.0], gap=6.0, start_offset=0.0)
[WARN] Layout wrap: 'commit_meta_toggle' in parent 'commit_meta_compact' - NoWrap set but would overflow (child_size=80.0, offset=157.0, container=0.0)
[WARN] Layout overflow: 'commit_meta_toggle' extends outside parent 'commit_meta_compact' bounds (child_rel=[157.0,2.0], child_size=[80.0,28.0], child_end=[237.0,30.0], parent_size=[0.0,32.0], gap=6.0, start_offset=0.0)
[INFO] git: 106 ms (waited 0 ms for lock): git rev-parse
[INFO] git: 180 ms (waited 0 ms for lock): git show
[INFO] git: 191 ms (waited 0 ms for lock): git show
[INFO] git: 162 ms (waited 0 ms for lock): git rev-parse
[INFO] git: 207 ms (waited 0 ms for lock): git rev-parse
[INFO] git: 249 ms (waited 0 ms for lock): git rev-parse
[INFO] git: 130 ms (waited 0 ms for lock): git rev-parse
[INFO] git: 215 ms (waited 0 ms for lock): git show
[INFO] git: 177 ms (waited 0 ms for lock): git show
[INFO] git: 152 ms (waited 0 ms for lock): git rev-parse
[INFO] git: 162 ms (waited 0 ms for lock): git rev-parse
[INFO] git: 307 ms (waited 0 ms for lock): git rev-parse
[INFO] git: 226 ms (waited 1 ms for lock): git rev-parse
[INFO] git: 185 ms (waited 0 ms for lock): git cat-file
[INFO] git: 181 ms (waited 0 ms for lock): git ls-tree
[INFO] git: 171 ms (waited 0 ms for lock): git cat-file
[INFO] git: 157 ms (waited 0 ms for lock): git ls-tree
[INFO] bench_frames: 120 frames, 299 entities: avg 2.75 ms  p50 2.53  p99 5.34  max 12.78
[INFO]     0.65 ms/frame  afterhours::ui::UIPluginRenderBridge<InputAction>
[INFO]     0.50 ms/frame  ecs::SidebarSystem
[INFO]     0.31 ms/frame  afterhours::ui::UIPluginPostUpdateBridge<InputAction>
[INFO]     0.21 ms/frame  ecs::MainContentSystem
[INFO]     0.07 ms/frame  ecs::TabSyncSystem
[INFO]     0.03 ms/frame  afterhours::ui::validation::ValidateComponentContrast
[INFO]     0.03 ms/frame  ecs::MenuBarSystem
[INFO]     0.02 ms/frame  afterhours::ui::UIPluginPreUpdateBridge<InputAction>
[INFO] expect_p99_below: 5.34ms <= 20.00ms (PASS)
[INFO] E2E finished in 1.15 seconds
