[INFO] Process start to main: 49 ms
[INFO] Registered singleton 0 for afterhours::files::ProvidesResourcePaths (0)
[INFO] Settings loaded from /Users/gabeochoa/Library/Application Support/floatinghotel/settings.json
[INFO] Pre-graphics init: 29 ms
[INFO]   Window+GPU init: 163 ms
[INFO] Registered singleton 1 for afterhours::input::InputCollector (1)
[INFO] Registered singleton 1 for afterhours::input::ProvidesMaxGamepadID (2)
[INFO] Registered singleton 1 for afterhours::input::ProvidesInputMapping (3)
[INFO] Registered singleton 1 for afterhours::input::ProvidesInputConfig (4)
[WARN] try_load_gamepad_mappings: no backend configured
[INFO] Registered singleton 1 for afterhours::window_manager::ProvidesTargetFPS (5)
[INFO] Registered singleton 1 for afterhours::window_manager::ProvidesCurrentResolution (6)
[INFO] Registered singleton 1 for afterhours::window_manager::ProvidesAvailableWindowResolutions (7)
[INFO] Registered singleton 2 for afterhours::ui::UIContext<InputAction> (8)
[INFO] Registered singleton 2 for afterhours::ui::FontManager (9)
[INFO] Registered singleton 2 for afterhours::ui::TextMeasureCache (10)
[INFO] Registered singleton 2 for afterhours::ui::UIEntityMappingCache (11)
[INFO] Registered singleton 2 for afterhours::ui::DragGroupState (12)
[INFO]   Preload+fonts: 0 ms
[INFO] Registered singleton 6 for afterhours::modal::ModalRoot (28)
[INFO] Registered singleton 7 for afterhours::ui::TooltipState (29)
[INFO]   Systems registration: 0 ms
[INFO] Startup time: 164 ms (from graphics::run to app_init done)
[INFO] [Validation] No UI violations detected
[INFO] git: 145 ms (waited 0 ms for lock): git status
[INFO] refresh: status ready at 146 ms
[INFO] git: 180 ms (waited 0 ms for lock): git ls-files
[INFO] git: 657 ms (waited 0 ms for lock): git log
[INFO] commits loaded: 3 commits, 657 ms after refresh requested, 923 ms since process start
[INFO] git: 514 ms (waited 0 ms for lock): git diff
[INFO] refresh: diff ready at 662 ms
[INFO] git: 503 ms (waited 0 ms for lock): git branch
[INFO] refresh: branches ready at 684 ms
[INFO] git: 301 ms (waited 0 ms for lock): git diff
[INFO] refresh: done in 959 ms
[INFO] git: 150 ms (waited 0 ms for lock): git rev-parse
[INFO] git: 138 ms (waited 0 ms for lock): git rev-parse
[INFO] git: 145 ms (waited 0 ms for lock): git diff
[INFO] git: 115 ms (waited 0 ms for lock): git rev-parse
[INFO] git: 127 ms (waited 0 ms for lock): git rev-parse
[INFO] git: 152 ms (waited 0 ms for lock): git rev-parse
[INFO] git: 159 ms (waited 0 ms for lock): git cat-file
[INFO] git: 150 ms (waited 0 ms for lock): git ls-tree
[INFO] git: 210 ms (waited 0 ms for lock): git rev-parse
[INFO] git: 150 ms (waited 0 ms for lock): git cat-file
[INFO] git: 191 ms (waited 0 ms for lock): git rev-parse
[INFO] git: 212 ms (waited 0 ms for lock): git grep
[INFO] git: 329 ms (waited 0 ms for lock): git rev-parse
[INFO] git: 238 ms (waited 0 ms for lock): git grep
[INFO] git: 137 ms (waited 0 ms for lock): git rev-parse
[INFO] git: 208 ms (waited 0 ms for lock): git cat-file
[INFO] git: 168 ms (waited 0 ms for lock): git ls-tree
[INFO] git: 143 ms (waited 0 ms for lock): git cat-file
[INFO] git: 114 ms (waited 0 ms for lock): git rev-parse
[INFO] git: 112 ms (waited 0 ms for lock): git rev-parse
[INFO] git: 124 ms (waited 0 ms for lock): git rev-parse
[INFO] git: 148 ms (waited 0 ms for lock): git rev-parse
[INFO] git: 219 ms (waited 0 ms for lock): git rev-parse
[INFO] git: 174 ms (waited 0 ms for lock): git diff
[INFO] git: 374 ms (waited 0 ms for lock): git rev-parse
[INFO] git: 281 ms (waited 0 ms for lock): git rev-parse
[INFO] git: 203 ms (waited 0 ms for lock): git rev-parse
[INFO] bench_frames: 120 frames, 204 entities: avg 1.95 ms  p50 1.99  p99 2.87  max 3.55
[INFO]     0.50 ms/frame  afterhours::ui::UIPluginRenderBridge<InputAction>
[INFO]     0.37 ms/frame  ecs::MainContentSystem
[INFO]     0.20 ms/frame  afterhours::ui::UIPluginPostUpdateBridge<InputAction>
[INFO]     0.13 ms/frame  ecs::SidebarSystem
[INFO]     0.08 ms/frame  ecs::TabSyncSystem
[INFO]     0.03 ms/frame  afterhours::ui::validation::ValidateComponentContrast
[INFO]     0.03 ms/frame  ecs::MenuBarSystem
[INFO]     0.02 ms/frame  ecs::TabBarSystem
[INFO] expect_p99_below: 2.87ms <= 20.00ms (PASS)
[INFO] E2E finished in 0.88 seconds
