[INFO] Process start to main: 44 ms
[INFO] Registered singleton 0 for afterhours::files::ProvidesResourcePaths (0)
[INFO] Settings loaded from /Users/gabeochoa/Library/Application Support/floatinghotel/settings.json
[INFO] Pre-graphics init: 60 ms
[INFO]   Window+GPU init: 155 ms
[INFO] Registered singleton 1 for afterhours::input::InputCollector (1)
[INFO] Registered singleton 1 for afterhours::input::ProvidesMaxGamepadID (2)
[INFO] Registered singleton 1 for afterhours::input::ProvidesInputMapping (3)
[INFO] Registered singleton 1 for afterhours::input::ProvidesInputConfig (4)
[WARN] try_load_gamepad_mappings: no backend configured
[INFO] Registered singleton 1 for afterhours::window_manager::ProvidesTargetFPS (5)
[INFO] Registered singleton 1 for afterhours::window_manager::ProvidesCurrentResolution (6)
[INFO] Registered singleton 1 for afterhours::window_manager::ProvidesAvailableWindowResolutions (7)
[INFO] Registered singleton 2 for afterhours::ui::UIContext<InputAction> (8)
[INFO] Registered singleton 2 for afterhours::ui::FontManager (9)
[INFO] Registered singleton 2 for afterhours::ui::TextMeasureCache (10)
[INFO] Registered singleton 2 for afterhours::ui::UIEntityMappingCache (11)
[INFO] Registered singleton 2 for afterhours::ui::DragGroupState (12)
[INFO]   Preload+fonts: 2 ms
[INFO] Registered singleton 6 for afterhours::modal::ModalRoot (28)
[INFO] Registered singleton 7 for afterhours::ui::TooltipState (29)
[INFO]   Systems registration: 0 ms
[INFO] Startup time: 157 ms (from graphics::run to app_init done)
[INFO] [Validation] No UI violations detected
[INFO] git: 292 ms (waited 0 ms for lock): git ls-files
[INFO] git: 347 ms (waited 0 ms for lock): git log
[INFO] commits loaded: 3 commits, 348 ms after refresh requested, 629 ms since process start
[INFO] git: 351 ms (waited 0 ms for lock): git status
[INFO] refresh: status ready at 353 ms
[INFO] git: 294 ms (waited 0 ms for lock): git diff
[INFO] refresh: diff ready at 587 ms
[INFO] git: 340 ms (waited 0 ms for lock): git branch
[INFO] refresh: branches ready at 689 ms
[INFO] git: 360 ms (waited 0 ms for lock): git diff
[INFO] refresh: done in 713 ms
[INFO] git: 133 ms (waited 0 ms for lock): git rev-parse
[INFO] git: 148 ms (waited 0 ms for lock): git rev-parse
[INFO] git: 160 ms (waited 0 ms for lock): git diff
[INFO] git: 120 ms (waited 0 ms for lock): git rev-parse
[INFO] git: 161 ms (waited 0 ms for lock): git rev-parse
[INFO] git: 189 ms (waited 0 ms for lock): git rev-parse
[INFO] git: 166 ms (waited 0 ms for lock): git cat-file
[INFO] git: 172 ms (waited 0 ms for lock): git rev-parse
[INFO] git: 164 ms (waited 0 ms for lock): git ls-tree
[INFO] git: 163 ms (waited 0 ms for lock): git cat-file
[INFO] git: 117 ms (waited 0 ms for lock): git rev-parse
[INFO] git: 116 ms (waited 0 ms for lock): git grep
[INFO] git: 138 ms (waited 0 ms for lock): git rev-parse
[INFO] git: 131 ms (waited 0 ms for lock): git grep
[INFO] git: 89 ms (waited 0 ms for lock): git rev-parse
[INFO] git: 124 ms (waited 0 ms for lock): git cat-file
[INFO] git: 121 ms (waited 0 ms for lock): git ls-tree
[INFO] git: 113 ms (waited 0 ms for lock): git cat-file
[INFO] git: 117 ms (waited 0 ms for lock): git rev-parse
[INFO] git: 101 ms (waited 0 ms for lock): git rev-parse
[INFO] git: 124 ms (waited 0 ms for lock): git rev-parse
[INFO] git: 116 ms (waited 0 ms for lock): git rev-parse
[INFO] git: 136 ms (waited 0 ms for lock): git rev-parse
[INFO] git: 121 ms (waited 0 ms for lock): git diff
[INFO] git: 127 ms (waited 0 ms for lock): git rev-parse
[INFO] git: 121 ms (waited 0 ms for lock): git rev-parse
[INFO] git: 130 ms (waited 0 ms for lock): git rev-parse
[INFO] bench_frames: 120 frames, 203 entities: avg 1.49 ms  p50 1.39  p99 3.75  max 4.80
[INFO]     0.42 ms/frame  afterhours::ui::UIPluginRenderBridge<InputAction>
[INFO]     0.28 ms/frame  ecs::MainContentSystem
[INFO]     0.15 ms/frame  afterhours::ui::UIPluginPostUpdateBridge<InputAction>
[INFO]     0.10 ms/frame  ecs::SidebarSystem
[INFO]     0.05 ms/frame  ecs::TabSyncSystem
[INFO]     0.03 ms/frame  afterhours::ui::validation::ValidateComponentContrast
[INFO]     0.01 ms/frame  ecs::MenuBarSystem
[INFO]     0.01 ms/frame  ecs::StatusBarSystem
[INFO] expect_p99_below: 3.75ms <= 20.00ms (PASS)
[INFO] E2E finished in 0.88 seconds
