[INFO] Process start to main: 84 ms
[INFO] Registered singleton 0 for afterhours::files::ProvidesResourcePaths (0)
[INFO] Settings loaded from /Users/gabeochoa/Library/Application Support/floatinghotel/settings.json
[INFO] Pre-graphics init: 25 ms
[INFO]   Window+GPU init: 117 ms
[INFO] Registered singleton 1 for afterhours::input::InputCollector (1)
[INFO] Registered singleton 1 for afterhours::input::ProvidesMaxGamepadID (2)
[INFO] Registered singleton 1 for afterhours::input::ProvidesInputMapping (3)
[INFO] Registered singleton 1 for afterhours::input::ProvidesInputConfig (4)
[WARN] try_load_gamepad_mappings: no backend configured
[INFO] Registered singleton 1 for afterhours::window_manager::ProvidesTargetFPS (5)
[INFO] Registered singleton 1 for afterhours::window_manager::ProvidesCurrentResolution (6)
[INFO] Registered singleton 1 for afterhours::window_manager::ProvidesAvailableWindowResolutions (7)
[INFO] Registered singleton 2 for afterhours::ui::UIContext<InputAction> (8)
[INFO] Registered singleton 2 for afterhours::ui::FontManager (9)
[INFO] Registered singleton 2 for afterhours::ui::TextMeasureCache (10)
[INFO] Registered singleton 2 for afterhours::ui::UIEntityMappingCache (11)
[INFO] Registered singleton 2 for afterhours::ui::DragGroupState (12)
[INFO]   Preload+fonts: 2 ms
[INFO] Registered singleton 6 for afterhours::modal::ModalRoot (28)
[INFO] Registered singleton 7 for afterhours::ui::TooltipState (29)
[INFO]   Systems registration: 1 ms
[INFO] Startup time: 120 ms (from graphics::run to app_init done)
[INFO] [Validation] No UI violations detected
[INFO] git: 121 ms (waited 0 ms for lock): git ls-files
[INFO] git: 190 ms (waited 0 ms for lock): git status
[INFO] refresh: status ready at 191 ms
[INFO] git: 155 ms (waited 0 ms for lock): git diff
[INFO] refresh: diff ready at 277 ms
[INFO] git: 154 ms (waited 0 ms for lock): git branch
[INFO] refresh: branches ready at 346 ms
[INFO] git: 108 ms (waited 0 ms for lock): git diff
[INFO] git: 427 ms (waited 0 ms for lock): git log
[INFO] commits loaded: 100 commits, 427 ms after refresh requested, 670 ms since process start
[INFO] refresh: done in 427 ms
[WARN] Layout wrap: 'commit_heading' in parent 'main_content' - NoWrap set but would overflow (child_size=60.0, offset=0.0, container=0.0)
[WARN] Layout overflow: 'commit_heading' extends outside parent 'main_content' bounds (child_rel=[0.0,0.0], child_size=[0.0,60.0], child_end=[0.0,60.0], parent_size=[0.0,0.0], gap=0.0, start_offset=0.0)
[WARN] Layout wrap: 'commit_sticky_revision' in parent 'commit_heading' - NoWrap set but would overflow (child_size=88.0, offset=0.0, container=0.0)
[WARN] Layout overflow: 'commit_sticky_revision' extends outside parent 'commit_heading' bounds (child_rel=[0.0,0.0], child_size=[88.0,52.0], child_end=[88.0,52.0], parent_size=[0.0,52.0], gap=0.0, start_offset=0.0)
[WARN] Layout wrap: 'commit_find_host' in parent 'main_content' - NoWrap set but would overflow (child_size=72.0, offset=60.0, container=0.0)
[WARN] Layout overflow: 'commit_find_host' extends outside parent 'main_content' bounds (child_rel=[0.0,60.0], child_size=[0.0,72.0], child_end=[0.0,132.0], parent_size=[0.0,0.0], gap=0.0, start_offset=0.0)
[WARN] Layout wrap: 'commit_detail_scroll' in parent 'main_content' - NoWrap set but would overflow (child_size=0.0, offset=132.0, container=0.0)
[WARN] Layout overflow: 'commit_detail_scroll' extends outside parent 'main_content' bounds (child_rel=[0.0,132.0], child_size=[0.0,0.0], child_end=[0.0,132.0], parent_size=[0.0,0.0], gap=0.0, start_offset=0.0)
[WARN] Layout wrap: 'commit_relative_date' in parent 'commit_meta_compact' - NoWrap set but would overflow (child_size=65.0, offset=6.0, container=0.0)
[WARN] Layout overflow: 'commit_relative_date' extends outside parent 'commit_meta_compact' bounds (child_rel=[6.0,2.0], child_size=[65.0,28.0], child_end=[71.0,30.0], parent_size=[0.0,32.0], gap=6.0, start_offset=0.0)
[WARN] Layout wrap: 'commit_short_hash' in parent 'commit_meta_compact' - NoWrap set but would overflow (child_size=84.0, offset=77.0, container=0.0)
[WARN] Layout overflow: 'commit_short_hash' extends outside parent 'commit_meta_compact' bounds (child_rel=[77.0,2.0], child_size=[84.0,28.0], child_end=[161.0,30.0], parent_size=[0.0,32.0], gap=6.0, start_offset=0.0)
[WARN] Layout wrap: 'commit_meta_toggle' in parent 'commit_meta_compact' - NoWrap set but would overflow (child_size=80.0, offset=167.0, container=0.0)
[WARN] Layout overflow: 'commit_meta_toggle' extends outside parent 'commit_meta_compact' bounds (child_rel=[167.0,2.0], child_size=[80.0,28.0], child_end=[247.0,30.0], parent_size=[0.0,32.0], gap=6.0, start_offset=0.0)
[INFO] git: 84 ms (waited 0 ms for lock): git rev-parse
[INFO] git: 223 ms (waited 0 ms for lock): git show
[INFO] git: 134 ms (waited 0 ms for lock): git show
[INFO] git: 100 ms (waited 0 ms for lock): git rev-parse
[INFO] git: 104 ms (waited 0 ms for lock): git rev-parse
[INFO] git: 111 ms (waited 0 ms for lock): git rev-parse
[INFO] git: 130 ms (waited 0 ms for lock): git rev-parse
[INFO] git: 183 ms (waited 0 ms for lock): git cat-file
[INFO] git: 221 ms (waited 0 ms for lock): git cat-file
[INFO] git: 283 ms (waited 0 ms for lock): git cat-file
[INFO] git: 318 ms (waited 0 ms for lock): git rev-parse
[INFO] git: 162 ms (waited 0 ms for lock): git cat-file
[INFO] git: 142 ms (waited 0 ms for lock): git cat-file
[INFO] git: 80 ms (waited 0 ms for lock): git rev-parse
[INFO] git: 159 ms (waited 0 ms for lock): git rev-parse
[INFO] git: 221 ms (waited 0 ms for lock): git cat-file
[INFO] git: 163 ms (waited 0 ms for lock): git rev-parse
[INFO] E2E finished in 0.57 seconds
