[INFO] Process start to main: 42 ms
[INFO] Registered singleton 0 for afterhours::files::ProvidesResourcePaths (0)
[INFO] Settings loaded from /Users/gabeochoa/p/floatinghotel/output/step29-fixed-restore_tabs/100/settings/settings.json
[INFO] Pre-graphics init: 29 ms
[INFO]   Window+GPU init: 189 ms
[INFO] Registered singleton 1 for afterhours::input::InputCollector (1)
[INFO] Registered singleton 1 for afterhours::input::ProvidesMaxGamepadID (2)
[INFO] Registered singleton 1 for afterhours::input::ProvidesInputMapping (3)
[INFO] Registered singleton 1 for afterhours::input::ProvidesInputConfig (4)
[WARN] try_load_gamepad_mappings: no backend configured
[INFO] Registered singleton 1 for afterhours::window_manager::ProvidesTargetFPS (5)
[INFO] Registered singleton 1 for afterhours::window_manager::ProvidesCurrentResolution (6)
[INFO] Registered singleton 1 for afterhours::window_manager::ProvidesAvailableWindowResolutions (7)
[INFO] Registered singleton 2 for afterhours::ui::UIContext<InputAction> (8)
[INFO] Registered singleton 2 for afterhours::ui::FontManager (9)
[INFO] Registered singleton 2 for afterhours::ui::TextMeasureCache (10)
[INFO] Registered singleton 2 for afterhours::ui::UIEntityMappingCache (11)
[INFO] Registered singleton 2 for afterhours::ui::DragGroupState (12)
[INFO]   Preload+fonts: 0 ms
[INFO] Registered singleton 6 for afterhours::modal::ModalRoot (28)
[INFO] Registered singleton 7 for afterhours::ui::TooltipState (29)
[INFO]   Systems registration: 0 ms
[INFO] Startup time: 190 ms (from graphics::run to app_init done)
[INFO] [Validation] No UI violations detected
[INFO] git: 232 ms (waited 0 ms for lock): git ls-files
[INFO] git: 248 ms (waited 0 ms for lock): git status
[INFO] refresh: status ready at 250 ms
[INFO] git: 261 ms (waited 0 ms for lock): git log
[INFO] commits loaded: 2 commits, 262 ms after refresh requested, 540 ms since process start
[INFO] git: 132 ms (waited 0 ms for lock): git branch
[INFO] refresh: branches ready at 383 ms
[INFO] git: 139 ms (waited 0 ms for lock): git diff
[INFO] git: 196 ms (waited 0 ms for lock): git diff
[INFO] refresh: diff ready at 430 ms
[INFO] refresh: done in 431 ms
[INFO] git: 186 ms (waited 0 ms for lock): git rev-parse
[INFO] git: 136 ms (waited 0 ms for lock): git rev-parse
[INFO] git: 164 ms (waited 0 ms for lock): git cat-file
[INFO] git: 181 ms (waited 0 ms for lock): git ls-tree
[INFO] git: 224 ms (waited 0 ms for lock): git cat-file
[INFO] git: 137 ms (waited 0 ms for lock): git rev-parse
[INFO] E2E finished in 0.18 seconds
[INFO] git: 45 ms (waited 0 ms for lock): git rev-parse
