[INFO] Process start to main: 37 ms
[INFO] Registered singleton 0 for afterhours::files::ProvidesResourcePaths (0)
[INFO] Settings loaded from /Users/gabeochoa/Library/Application Support/floatinghotel/settings.json
[INFO] Pre-graphics init: 28 ms
[INFO]   Window+GPU init: 177 ms
[INFO] Registered singleton 1 for afterhours::input::InputCollector (1)
[INFO] Registered singleton 1 for afterhours::input::ProvidesMaxGamepadID (2)
[INFO] Registered singleton 1 for afterhours::input::ProvidesInputMapping (3)
[INFO] Registered singleton 1 for afterhours::input::ProvidesInputConfig (4)
[WARN] try_load_gamepad_mappings: no backend configured
[INFO] Registered singleton 1 for afterhours::window_manager::ProvidesTargetFPS (5)
[INFO] Registered singleton 1 for afterhours::window_manager::ProvidesCurrentResolution (6)
[INFO] Registered singleton 1 for afterhours::window_manager::ProvidesAvailableWindowResolutions (7)
[INFO] Registered singleton 2 for afterhours::ui::UIContext<InputAction> (8)
[INFO] Registered singleton 2 for afterhours::ui::FontManager (9)
[INFO] Registered singleton 2 for afterhours::ui::TextMeasureCache (10)
[INFO] Registered singleton 2 for afterhours::ui::UIEntityMappingCache (11)
[INFO] Registered singleton 2 for afterhours::ui::DragGroupState (12)
[INFO]   Preload+fonts: 0 ms
[INFO] Registered singleton 6 for afterhours::modal::ModalRoot (28)
[INFO] Registered singleton 7 for afterhours::ui::TooltipState (29)
[INFO]   Systems registration: 0 ms
[INFO] Startup time: 179 ms (from graphics::run to app_init done)
[INFO] [Validation] No UI violations detected
[INFO] git: 212 ms (waited 0 ms for lock): git log
[INFO] commits loaded: 2 commits, 214 ms after refresh requested, 476 ms since process start
[INFO] git: 216 ms (waited 0 ms for lock): git status
[INFO] refresh: status ready at 217 ms
[INFO] git: 312 ms (waited 0 ms for lock): git ls-files
[INFO] git: 279 ms (waited 0 ms for lock): git diff
[INFO] refresh: diff ready at 492 ms
[INFO] git: 201 ms (waited 0 ms for lock): git diff
[INFO] git: 307 ms (waited 0 ms for lock): git branch
[INFO] refresh: branches ready at 525 ms
[INFO] refresh: done in 525 ms
[WARN] Layout wrap: 'commit_heading' in parent 'main_content' - NoWrap set but would overflow (child_size=120.0, offset=0.0, container=0.0)
[WARN] Layout overflow: 'commit_heading' extends outside parent 'main_content' bounds (child_rel=[0.0,0.0], child_size=[0.0,120.0], child_end=[0.0,120.0], parent_size=[0.0,0.0], gap=0.0, start_offset=0.0)
[WARN] Layout wrap: 'commit_sticky_revision' in parent 'commit_heading' - NoWrap set but would overflow (child_size=176.0, offset=0.0, container=0.0)
[WARN] Layout overflow: 'commit_sticky_revision' extends outside parent 'commit_heading' bounds (child_rel=[0.0,0.0], child_size=[176.0,104.0], child_end=[176.0,104.0], parent_size=[0.0,104.0], gap=0.0, start_offset=0.0)
[WARN] Layout wrap: 'commit_find_host' in parent 'main_content' - NoWrap set but would overflow (child_size=144.0, offset=120.0, container=0.0)
[WARN] Layout overflow: 'commit_find_host' extends outside parent 'main_content' bounds (child_rel=[0.0,120.0], child_size=[0.0,144.0], child_end=[0.0,264.0], parent_size=[0.0,0.0], gap=0.0, start_offset=0.0)
[WARN] Layout wrap: 'commit_detail_scroll' in parent 'main_content' - NoWrap set but would overflow (child_size=0.0, offset=264.0, container=0.0)
[WARN] Layout overflow: 'commit_detail_scroll' extends outside parent 'main_content' bounds (child_rel=[0.0,264.0], child_size=[0.0,0.0], child_end=[0.0,264.0], parent_size=[0.0,0.0], gap=0.0, start_offset=0.0)
[WARN] Layout wrap: 'commit_relative_date' in parent 'commit_meta_compact' - NoWrap set but would overflow (child_size=120.0, offset=12.0, container=0.0)
[WARN] Layout overflow: 'commit_relative_date' extends outside parent 'commit_meta_compact' bounds (child_rel=[12.0,4.0], child_size=[120.0,56.0], child_end=[132.0,60.0], parent_size=[0.0,64.0], gap=12.0, start_offset=0.0)
[WARN] Layout wrap: 'commit_short_hash' in parent 'commit_meta_compact' - NoWrap set but would overflow (child_size=168.0, offset=144.0, container=0.0)
[WARN] Layout overflow: 'commit_short_hash' extends outside parent 'commit_meta_compact' bounds (child_rel=[144.0,4.0], child_size=[168.0,56.0], child_end=[312.0,60.0], parent_size=[0.0,64.0], gap=12.0, start_offset=0.0)
[WARN] Layout wrap: 'commit_meta_toggle' in parent 'commit_meta_compact' - NoWrap set but would overflow (child_size=160.0, offset=324.0, container=0.0)
[WARN] Layout overflow: 'commit_meta_toggle' extends outside parent 'commit_meta_compact' bounds (child_rel=[324.0,4.0], child_size=[160.0,56.0], child_end=[484.0,60.0], parent_size=[0.0,64.0], gap=12.0, start_offset=0.0)
[INFO] git: 156 ms (waited 0 ms for lock): git rev-parse
[INFO] git: 155 ms (waited 0 ms for lock): git show
[INFO] git: 153 ms (waited 0 ms for lock): git show
[INFO] git: 172 ms (waited 0 ms for lock): git rev-parse
[INFO] git: 115 ms (waited 0 ms for lock): git rev-parse
[INFO] git: 143 ms (waited 0 ms for lock): git rev-parse
[INFO] git: 119 ms (waited 0 ms for lock): git rev-parse
[INFO] git: 90 ms (waited 0 ms for lock): git grep
[INFO] git: 154 ms (waited 0 ms for lock): git rev-parse
[INFO] git: 108 ms (waited 0 ms for lock): git cat-file
[INFO] git: 137 ms (waited 0 ms for lock): git ls-tree
[INFO] git: 170 ms (waited 0 ms for lock): git cat-file
[INFO] git: 142 ms (waited 0 ms for lock): git rev-parse
[INFO] git: 190 ms (waited 0 ms for lock): git grep
[INFO] git: 198 ms (waited 0 ms for lock): git rev-parse
[INFO] git: 140 ms (waited 0 ms for lock): git cat-file
[INFO] git: 231 ms (waited 0 ms for lock): git ls-tree
[INFO] blob page cache hit for 329f7c17b2312f4b429659971c934331117d2718
[INFO] git: 156 ms (waited 0 ms for lock): git rev-parse
[INFO] commit patch cache hit for 3ef0c5e45ec65ee87b75922daddac5f8904a9a0b
[INFO] git: 111 ms (waited 0 ms for lock): git grep
[WARN] Layout wrap: 'recent_path' in parent 'recent_repo_.' - NoWrap set but would overflow (child_size=24.0, offset=28.0, container=31.1)
[WARN] Layout overflow: 'recent_path' extends outside parent 'recent_repo_.' bounds (child_rel=[0.0,28.0], child_size=[323.1,24.0], child_end=[323.1,52.0], parent_size=[323.1,31.1], gap=0.0, start_offset=0.0)
[WARN] Layout wrap: 'recent_path' in parent 'recent_repo_afterhours' - NoWrap set but would overflow (child_size=24.0, offset=28.0, container=31.1)
[WARN] Layout overflow: 'recent_path' extends outside parent 'recent_repo_afterhours' bounds (child_rel=[0.0,28.0], child_size=[323.1,24.0], child_end=[323.1,52.0], parent_size=[323.1,31.1], gap=0.0, start_offset=0.0)
[WARN] Layout wrap: 'recent_path' in parent 'recent_repo_floatinghotel_test_repo' - NoWrap set but would overflow (child_size=24.0, offset=28.0, container=31.1)
[WARN] Layout overflow: 'recent_path' extends outside parent 'recent_repo_floatinghotel_test_repo' bounds (child_rel=[0.0,28.0], child_size=[323.1,24.0], child_end=[323.1,52.0], parent_size=[323.1,31.1], gap=0.0, start_offset=0.0)
[WARN] Layout wrap: 'recent_path' in parent 'recent_repo_fixture_repo' - NoWrap set but would overflow (child_size=24.0, offset=28.0, container=31.1)
[WARN] Layout overflow: 'recent_path' extends outside parent 'recent_repo_fixture_repo' bounds (child_rel=[0.0,28.0], child_size=[323.1,24.0], child_end=[323.1,52.0], parent_size=[323.1,31.1], gap=0.0, start_offset=0.0)
[WARN] Layout wrap: 'recent_path' in parent 'recent_repo_.' - NoWrap set but would overflow (child_size=24.0, offset=28.0, container=31.1)
[WARN] Layout overflow: 'recent_path' extends outside parent 'recent_repo_.' bounds (child_rel=[0.0,28.0], child_size=[323.1,24.0], child_end=[323.1,52.0], parent_size=[323.1,31.1], gap=0.0, start_offset=0.0)
[WARN] Layout wrap: 'recent_path' in parent 'recent_repo_floatinghotel' - NoWrap set but would overflow (child_size=24.0, offset=28.0, container=31.1)
[WARN] Layout overflow: 'recent_path' extends outside parent 'recent_repo_floatinghotel' bounds (child_rel=[0.0,28.0], child_size=[323.1,24.0], child_end=[323.1,52.0], parent_size=[323.1,31.1], gap=0.0, start_offset=0.0)
[WARN] Layout wrap: 'recent_path' in parent 'recent_repo_.' - NoWrap set but would overflow (child_size=24.0, offset=28.0, container=31.1)
[WARN] Layout overflow: 'recent_path' extends outside parent 'recent_repo_.' bounds (child_rel=[0.0,28.0], child_size=[323.1,24.0], child_end=[323.1,52.0], parent_size=[323.1,31.1], gap=0.0, start_offset=0.0)
[WARN] Layout wrap: 'recent_path' in parent 'recent_repo_fhclone' - NoWrap set but would overflow (child_size=24.0, offset=28.0, container=31.1)
[WARN] Layout overflow: 'recent_path' extends outside parent 'recent_repo_fhclone' bounds (child_rel=[0.0,28.0], child_size=[323.1,24.0], child_end=[323.1,52.0], parent_size=[323.1,31.1], gap=0.0, start_offset=0.0)
[WARN] Layout wrap: 'recent_path' in parent 'recent_repo_.' - NoWrap set but would overflow (child_size=24.0, offset=28.0, container=31.1)
[WARN] Layout overflow: 'recent_path' extends outside parent 'recent_repo_.' bounds (child_rel=[0.0,28.0], child_size=[323.1,24.0], child_end=[323.1,52.0], parent_size=[323.1,31.1], gap=0.0, start_offset=0.0)
[WARN] Layout wrap: 'recent_path' in parent 'recent_repo_.' - NoWrap set but would overflow (child_size=24.0, offset=28.0, container=31.1)
[WARN] Layout overflow: 'recent_path' extends outside parent 'recent_repo_.' bounds (child_rel=[0.0,28.0], child_size=[323.1,24.0], child_end=[323.1,52.0], parent_size=[323.1,31.1], gap=0.0, start_offset=0.0)
[WARN] Layout wrap: 'recent_path' in parent 'recent_repo_afterhours' - NoWrap set but would overflow (child_size=24.0, offset=28.0, container=31.1)
[WARN] Layout overflow: 'recent_path' extends outside parent 'recent_repo_afterhours' bounds (child_rel=[0.0,28.0], child_size=[323.1,24.0], child_end=[323.1,52.0], parent_size=[323.1,31.1], gap=0.0, start_offset=0.0)
[WARN] Layout wrap: 'recent_path' in parent 'recent_repo_floatinghotel_test_repo' - NoWrap set but would overflow (child_size=24.0, offset=28.0, container=31.1)
[WARN] Layout overflow: 'recent_path' extends outside parent 'recent_repo_floatinghotel_test_repo' bounds (child_rel=[0.0,28.0], child_size=[323.1,24.0], child_end=[323.1,52.0], parent_size=[323.1,31.1], gap=0.0, start_offset=0.0)
[WARN] Layout wrap: 'recent_path' in parent 'recent_repo_fixture_repo' - NoWrap set but would overflow (child_size=24.0, offset=28.0, container=31.1)
[WARN] Layout overflow: 'recent_path' extends outside parent 'recent_repo_fixture_repo' bounds (child_rel=[0.0,28.0], child_size=[323.1,24.0], child_end=[323.1,52.0], parent_size=[323.1,31.1], gap=0.0, start_offset=0.0)
[WARN] Layout wrap: 'recent_path' in parent 'recent_repo_.' - NoWrap set but would overflow (child_size=24.0, offset=28.0, container=31.1)
[WARN] Layout overflow: 'recent_path' extends outside parent 'recent_repo_.' bounds (child_rel=[0.0,28.0], child_size=[323.1,24.0], child_end=[323.1,52.0], parent_size=[323.1,31.1], gap=0.0, start_offset=0.0)
[WARN] Layout wrap: 'recent_path' in parent 'recent_repo_floatinghotel' - NoWrap set but would overflow (child_size=24.0, offset=28.0, container=31.1)
[WARN] Layout overflow: 'recent_path' extends outside parent 'recent_repo_floatinghotel' bounds (child_rel=[0.0,28.0], child_size=[323.1,24.0], child_end=[323.1,52.0], parent_size=[323.1,31.1], gap=0.0, start_offset=0.0)
[WARN] Layout wrap: 'recent_path' in parent 'recent_repo_.' - NoWrap set but would overflow (child_size=24.0, offset=28.0, container=31.1)
[WARN] Layout overflow: 'recent_path' extends outside parent 'recent_repo_.' bounds (child_rel=[0.0,28.0], child_size=[323.1,24.0], child_end=[323.1,52.0], parent_size=[323.1,31.1], gap=0.0, start_offset=0.0)
[WARN] Layout wrap: 'recent_path' in parent 'recent_repo_fhclone' - NoWrap set but would overflow (child_size=24.0, offset=28.0, container=31.1)
[WARN] Layout overflow: 'recent_path' extends outside parent 'recent_repo_fhclone' bounds (child_rel=[0.0,28.0], child_size=[323.1,24.0], child_end=[323.1,52.0], parent_size=[323.1,31.1], gap=0.0, start_offset=0.0)
[WARN] Layout wrap: 'recent_path' in parent 'recent_repo_.' - NoWrap set but would overflow (child_size=24.0, offset=28.0, container=31.1)
[WARN] Layout overflow: 'recent_path' extends outside parent 'recent_repo_.' bounds (child_rel=[0.0,28.0], child_size=[323.1,24.0], child_end=[323.1,52.0], parent_size=[323.1,31.1], gap=0.0, start_offset=0.0)
[WARN] Layout wrap: 'recent_path' in parent 'recent_repo_.' - NoWrap set but would overflow (child_size=24.0, offset=28.0, container=31.1)
[WARN] Layout overflow: 'recent_path' extends outside parent 'recent_repo_.' bounds (child_rel=[0.0,28.0], child_size=[323.1,24.0], child_end=[323.1,52.0], parent_size=[323.1,31.1], gap=0.0, start_offset=0.0)
[WARN] Layout wrap: 'recent_path' in parent 'recent_repo_afterhours' - NoWrap set but would overflow (child_size=24.0, offset=28.0, container=31.1)
[WARN] Layout overflow: 'recent_path' extends outside parent 'recent_repo_afterhours' bounds (child_rel=[0.0,28.0], child_size=[323.1,24.0], child_end=[323.1,52.0], parent_size=[323.1,31.1], gap=0.0, start_offset=0.0)
[WARN] Layout wrap: 'recent_path' in parent 'recent_repo_floatinghotel_test_repo' - NoWrap set but would overflow (child_size=24.0, offset=28.0, container=31.1)
[WARN] Layout overflow: 'recent_path' extends outside parent 'recent_repo_floatinghotel_test_repo' bounds (child_rel=[0.0,28.0], child_size=[323.1,24.0], child_end=[323.1,52.0], parent_size=[323.1,31.1], gap=0.0, start_offset=0.0)
[WARN] Layout wrap: 'recent_path' in parent 'recent_repo_fixture_repo' - NoWrap set but would overflow (child_size=24.0, offset=28.0, container=31.1)
[WARN] Layout overflow: 'recent_path' extends outside parent 'recent_repo_fixture_repo' bounds (child_rel=[0.0,28.0], child_size=[323.1,24.0], child_end=[323.1,52.0], parent_size=[323.1,31.1], gap=0.0, start_offset=0.0)
[WARN] Layout wrap: 'recent_path' in parent 'recent_repo_.' - NoWrap set but would overflow (child_size=24.0, offset=28.0, container=31.1)
[WARN] Layout overflow: 'recent_path' extends outside parent 'recent_repo_.' bounds (child_rel=[0.0,28.0], child_size=[323.1,24.0], child_end=[323.1,52.0], parent_size=[323.1,31.1], gap=0.0, start_offset=0.0)
[WARN] Layout wrap: 'recent_path' in parent 'recent_repo_floatinghotel' - NoWrap set but would overflow (child_size=24.0, offset=28.0, container=31.1)
[WARN] Layout overflow: 'recent_path' extends outside parent 'recent_repo_floatinghotel' bounds (child_rel=[0.0,28.0], child_size=[323.1,24.0], child_end=[323.1,52.0], parent_size=[323.1,31.1], gap=0.0, start_offset=0.0)
[WARN] Layout wrap: 'recent_path' in parent 'recent_repo_.' - NoWrap set but would overflow (child_size=24.0, offset=28.0, container=31.1)
[WARN] Layout overflow: 'recent_path' extends outside parent 'recent_repo_.' bounds (child_rel=[0.0,28.0], child_size=[323.1,24.0], child_end=[323.1,52.0], parent_size=[323.1,31.1], gap=0.0, start_offset=0.0)
[WARN] Layout wrap: 'recent_path' in parent 'recent_repo_fhclone' - NoWrap set but would overflow (child_size=24.0, offset=28.0, container=31.1)
[WARN] Layout overflow: 'recent_path' extends outside parent 'recent_repo_fhclone' bounds (child_rel=[0.0,28.0], child_size=[323.1,24.0], child_end=[323.1,52.0], parent_size=[323.1,31.1], gap=0.0, start_offset=0.0)
[WARN] Layout wrap: 'recent_path' in parent 'recent_repo_.' - NoWrap set but would overflow (child_size=24.0, offset=28.0, container=31.1)
[WARN] Layout overflow: 'recent_path' extends outside parent 'recent_repo_.' bounds (child_rel=[0.0,28.0], child_size=[323.1,24.0], child_end=[323.1,52.0], parent_size=[323.1,31.1], gap=0.0, start_offset=0.0)
[WARN] Layout wrap: 'recent_path' in parent 'recent_repo_.' - NoWrap set but would overflow (child_size=24.0, offset=28.0, container=31.1)
[WARN] Layout overflow: 'recent_path' extends outside parent 'recent_repo_.' bounds (child_rel=[0.0,28.0], child_size=[323.1,24.0], child_end=[323.1,52.0], parent_size=[323.1,31.1], gap=0.0, start_offset=0.0)
[WARN] Layout wrap: 'recent_path' in parent 'recent_repo_afterhours' - NoWrap set but would overflow (child_size=24.0, offset=28.0, container=31.1)
[WARN] Layout overflow: 'recent_path' extends outside parent 'recent_repo_afterhours' bounds (child_rel=[0.0,28.0], child_size=[323.1,24.0], child_end=[323.1,52.0], parent_size=[323.1,31.1], gap=0.0, start_offset=0.0)
[WARN] Layout wrap: 'recent_path' in parent 'recent_repo_floatinghotel_test_repo' - NoWrap set but would overflow (child_size=24.0, offset=28.0, container=31.1)
[WARN] Layout overflow: 'recent_path' extends outside parent 'recent_repo_floatinghotel_test_repo' bounds (child_rel=[0.0,28.0], child_size=[323.1,24.0], child_end=[323.1,52.0], parent_size=[323.1,31.1], gap=0.0, start_offset=0.0)
[WARN] Layout wrap: 'recent_path' in parent 'recent_repo_fixture_repo' - NoWrap set but would overflow (child_size=24.0, offset=28.0, container=31.1)
[WARN] Layout overflow: 'recent_path' extends outside parent 'recent_repo_fixture_repo' bounds (child_rel=[0.0,28.0], child_size=[323.1,24.0], child_end=[323.1,52.0], parent_size=[323.1,31.1], gap=0.0, start_offset=0.0)
[WARN] Layout wrap: 'recent_path' in parent 'recent_repo_.' - NoWrap set but would overflow (child_size=24.0, offset=28.0, container=31.1)
[WARN] Layout overflow: 'recent_path' extends outside parent 'recent_repo_.' bounds (child_rel=[0.0,28.0], child_size=[323.1,24.0], child_end=[323.1,52.0], parent_size=[323.1,31.1], gap=0.0, start_offset=0.0)
[WARN] Layout wrap: 'recent_path' in parent 'recent_repo_floatinghotel' - NoWrap set but would overflow (child_size=24.0, offset=28.0, container=31.1)
[WARN] Layout overflow: 'recent_path' extends outside parent 'recent_repo_floatinghotel' bounds (child_rel=[0.0,28.0], child_size=[323.1,24.0], child_end=[323.1,52.0], parent_size=[323.1,31.1], gap=0.0, start_offset=0.0)
[WARN] Layout wrap: 'recent_path' in parent 'recent_repo_.' - NoWrap set but would overflow (child_size=24.0, offset=28.0, container=31.1)
[WARN] Layout overflow: 'recent_path' extends outside parent 'recent_repo_.' bounds (child_rel=[0.0,28.0], child_size=[323.1,24.0], child_end=[323.1,52.0], parent_size=[323.1,31.1], gap=0.0, start_offset=0.0)
[WARN] Layout wrap: 'recent_path' in parent 'recent_repo_fhclone' - NoWrap set but would overflow (child_size=24.0, offset=28.0, container=31.1)
[WARN] Layout overflow: 'recent_path' extends outside parent 'recent_repo_fhclone' bounds (child_rel=[0.0,28.0], child_size=[323.1,24.0], child_end=[323.1,52.0], parent_size=[323.1,31.1], gap=0.0, start_offset=0.0)
[WARN] Layout wrap: 'recent_path' in parent 'recent_repo_.' - NoWrap set but would overflow (child_size=24.0, offset=28.0, container=31.1)
[WARN] Layout overflow: 'recent_path' extends outside parent 'recent_repo_.' bounds (child_rel=[0.0,28.0], child_size=[323.1,24.0], child_end=[323.1,52.0], parent_size=[323.1,31.1], gap=0.0, start_offset=0.0)
[WARN] Layout wrap: 'recent_path' in parent 'recent_repo_.' - NoWrap set but would overflow (child_size=24.0, offset=28.0, container=31.1)
[WARN] Layout overflow: 'recent_path' extends outside parent 'recent_repo_.' bounds (child_rel=[0.0,28.0], child_size=[323.1,24.0], child_end=[323.1,52.0], parent_size=[323.1,31.1], gap=0.0, start_offset=0.0)
[WARN] Layout wrap: 'recent_path' in parent 'recent_repo_afterhours' - NoWrap set but would overflow (child_size=24.0, offset=28.0, container=31.1)
[WARN] Layout overflow: 'recent_path' extends outside parent 'recent_repo_afterhours' bounds (child_rel=[0.0,28.0], child_size=[323.1,24.0], child_end=[323.1,52.0], parent_size=[323.1,31.1], gap=0.0, start_offset=0.0)
[WARN] Layout wrap: 'recent_path' in parent 'recent_repo_floatinghotel_test_repo' - NoWrap set but would overflow (child_size=24.0, offset=28.0, container=31.1)
[WARN] Layout overflow: 'recent_path' extends outside parent 'recent_repo_floatinghotel_test_repo' bounds (child_rel=[0.0,28.0], child_size=[323.1,24.0], child_end=[323.1,52.0], parent_size=[323.1,31.1], gap=0.0, start_offset=0.0)
[WARN] Layout wrap: 'recent_path' in parent 'recent_repo_fixture_repo' - NoWrap set but would overflow (child_size=24.0, offset=28.0, container=31.1)
[WARN] Layout overflow: 'recent_path' extends outside parent 'recent_repo_fixture_repo' bounds (child_rel=[0.0,28.0], child_size=[323.1,24.0], child_end=[323.1,52.0], parent_size=[323.1,31.1], gap=0.0, start_offset=0.0)
[WARN] Layout wrap: 'recent_path' in parent 'recent_repo_.' - NoWrap set but would overflow (child_size=24.0, offset=28.0, container=31.1)
[WARN] Layout overflow: 'recent_path' extends outside parent 'recent_repo_.' bounds (child_rel=[0.0,28.0], child_size=[323.1,24.0], child_end=[323.1,52.0], parent_size=[323.1,31.1], gap=0.0, start_offset=0.0)
[WARN] Layout wrap: 'recent_path' in parent 'recent_repo_floatinghotel' - NoWrap set but would overflow (child_size=24.0, offset=28.0, container=31.1)
[WARN] Layout overflow: 'recent_path' extends outside parent 'recent_repo_floatinghotel' bounds (child_rel=[0.0,28.0], child_size=[323.1,24.0], child_end=[323.1,52.0], parent_size=[323.1,31.1], gap=0.0, start_offset=0.0)
[WARN] Layout wrap: 'recent_path' in parent 'recent_repo_.' - NoWrap set but would overflow (child_size=24.0, offset=28.0, container=31.1)
[WARN] Layout overflow: 'recent_path' extends outside parent 'recent_repo_.' bounds (child_rel=[0.0,28.0], child_size=[323.1,24.0], child_end=[323.1,52.0], parent_size=[323.1,31.1], gap=0.0, start_offset=0.0)
[WARN] Layout wrap: 'recent_path' in parent 'recent_repo_fhclone' - NoWrap set but would overflow (child_size=24.0, offset=28.0, container=31.1)
[WARN] Layout overflow: 'recent_path' extends outside parent 'recent_repo_fhclone' bounds (child_rel=[0.0,28.0], child_size=[323.1,24.0], child_end=[323.1,52.0], parent_size=[323.1,31.1], gap=0.0, start_offset=0.0)
[WARN] Layout wrap: 'recent_path' in parent 'recent_repo_.' - NoWrap set but would overflow (child_size=24.0, offset=28.0, container=31.1)
[WARN] Layout overflow: 'recent_path' extends outside parent 'recent_repo_.' bounds (child_rel=[0.0,28.0], child_size=[323.1,24.0], child_end=[323.1,52.0], parent_size=[323.1,31.1], gap=0.0, start_offset=0.0)
[WARN] Layout wrap: 'recent_path' in parent 'recent_repo_.' - NoWrap set but would overflow (child_size=24.0, offset=28.0, container=31.1)
[WARN] Layout overflow: 'recent_path' extends outside parent 'recent_repo_.' bounds (child_rel=[0.0,28.0], child_size=[323.1,24.0], child_end=[323.1,52.0], parent_size=[323.1,31.1], gap=0.0, start_offset=0.0)
[WARN] Layout wrap: 'recent_path' in parent 'recent_repo_afterhours' - NoWrap set but would overflow (child_size=24.0, offset=28.0, container=31.1)
[WARN] Layout overflow: 'recent_path' extends outside parent 'recent_repo_afterhours' bounds (child_rel=[0.0,28.0], child_size=[323.1,24.0], child_end=[323.1,52.0], parent_size=[323.1,31.1], gap=0.0, start_offset=0.0)
[WARN] Layout wrap: 'recent_path' in parent 'recent_repo_floatinghotel_test_repo' - NoWrap set but would overflow (child_size=24.0, offset=28.0, container=31.1)
[WARN] Layout overflow: 'recent_path' extends outside parent 'recent_repo_floatinghotel_test_repo' bounds (child_rel=[0.0,28.0], child_size=[323.1,24.0], child_end=[323.1,52.0], parent_size=[323.1,31.1], gap=0.0, start_offset=0.0)
[WARN] Layout wrap: 'recent_path' in parent 'recent_repo_fixture_repo' - NoWrap set but would overflow (child_size=24.0, offset=28.0, container=31.1)
[WARN] Layout overflow: 'recent_path' extends outside parent 'recent_repo_fixture_repo' bounds (child_rel=[0.0,28.0], child_size=[323.1,24.0], child_end=[323.1,52.0], parent_size=[323.1,31.1], gap=0.0, start_offset=0.0)
[WARN] Layout wrap: 'recent_path' in parent 'recent_repo_.' - NoWrap set but would overflow (child_size=24.0, offset=28.0, container=31.1)
[WARN] Layout overflow: 'recent_path' extends outside parent 'recent_repo_.' bounds (child_rel=[0.0,28.0], child_size=[323.1,24.0], child_end=[323.1,52.0], parent_size=[323.1,31.1], gap=0.0, start_offset=0.0)
[WARN] Layout wrap: 'recent_path' in parent 'recent_repo_floatinghotel' - NoWrap set but would overflow (child_size=24.0, offset=28.0, container=31.1)
[WARN] Layout overflow: 'recent_path' extends outside parent 'recent_repo_floatinghotel' bounds (child_rel=[0.0,28.0], child_size=[323.1,24.0], child_end=[323.1,52.0], parent_size=[323.1,31.1], gap=0.0, start_offset=0.0)
[WARN] Layout wrap: 'recent_path' in parent 'recent_repo_.' - NoWrap set but would overflow (child_size=24.0, offset=28.0, container=31.1)
[WARN] Layout overflow: 'recent_path' extends outside parent 'recent_repo_.' bounds (child_rel=[0.0,28.0], child_size=[323.1,24.0], child_end=[323.1,52.0], parent_size=[323.1,31.1], gap=0.0, start_offset=0.0)
[WARN] Layout wrap: 'recent_path' in parent 'recent_repo_fhclone' - NoWrap set but would overflow (child_size=24.0, offset=28.0, container=31.1)
[WARN] Layout overflow: 'recent_path' extends outside parent 'recent_repo_fhclone' bounds (child_rel=[0.0,28.0], child_size=[323.1,24.0], child_end=[323.1,52.0], parent_size=[323.1,31.1], gap=0.0, start_offset=0.0)
[WARN] Layout wrap: 'recent_path' in parent 'recent_repo_.' - NoWrap set but would overflow (child_size=24.0, offset=28.0, container=31.1)
[WARN] Layout overflow: 'recent_path' extends outside parent 'recent_repo_.' bounds (child_rel=[0.0,28.0], child_size=[323.1,24.0], child_end=[323.1,52.0], parent_size=[323.1,31.1], gap=0.0, start_offset=0.0)
[WARN] Layout wrap: 'recent_path' in parent 'recent_repo_.' - NoWrap set but would overflow (child_size=24.0, offset=28.0, container=31.1)
[WARN] Layout overflow: 'recent_path' extends outside parent 'recent_repo_.' bounds (child_rel=[0.0,28.0], child_size=[323.1,24.0], child_end=[323.1,52.0], parent_size=[323.1,31.1], gap=0.0, start_offset=0.0)
[WARN] Layout wrap: 'recent_path' in parent 'recent_repo_afterhours' - NoWrap set but would overflow (child_size=24.0, offset=28.0, container=31.1)
[WARN] Layout overflow: 'recent_path' extends outside parent 'recent_repo_afterhours' bounds (child_rel=[0.0,28.0], child_size=[323.1,24.0], child_end=[323.1,52.0], parent_size=[323.1,31.1], gap=0.0, start_offset=0.0)
[WARN] Layout wrap: 'recent_path' in parent 'recent_repo_floatinghotel_test_repo' - NoWrap set but would overflow (child_size=24.0, offset=28.0, container=31.1)
[WARN] Layout overflow: 'recent_path' extends outside parent 'recent_repo_floatinghotel_test_repo' bounds (child_rel=[0.0,28.0], child_size=[323.1,24.0], child_end=[323.1,52.0], parent_size=[323.1,31.1], gap=0.0, start_offset=0.0)
[WARN] Layout wrap: 'recent_path' in parent 'recent_repo_fixture_repo' - NoWrap set but would overflow (child_size=24.0, offset=28.0, container=31.1)
[WARN] Layout overflow: 'recent_path' extends outside parent 'recent_repo_fixture_repo' bounds (child_rel=[0.0,28.0], child_size=[323.1,24.0], child_end=[323.1,52.0], parent_size=[323.1,31.1], gap=0.0, start_offset=0.0)
[WARN] Layout wrap: 'recent_path' in parent 'recent_repo_.' - NoWrap set but would overflow (child_size=24.0, offset=28.0, container=31.1)
[WARN] Layout overflow: 'recent_path' extends outside parent 'recent_repo_.' bounds (child_rel=[0.0,28.0], child_size=[323.1,24.0], child_end=[323.1,52.0], parent_size=[323.1,31.1], gap=0.0, start_offset=0.0)
[WARN] Layout wrap: 'recent_path' in parent 'recent_repo_floatinghotel' - NoWrap set but would overflow (child_size=24.0, offset=28.0, container=31.1)
[WARN] Layout overflow: 'recent_path' extends outside parent 'recent_repo_floatinghotel' bounds (child_rel=[0.0,28.0], child_size=[323.1,24.0], child_end=[323.1,52.0], parent_size=[323.1,31.1], gap=0.0, start_offset=0.0)
[WARN] Layout wrap: 'recent_path' in parent 'recent_repo_.' - NoWrap set but would overflow (child_size=24.0, offset=28.0, container=31.1)
[WARN] Layout overflow: 'recent_path' extends outside parent 'recent_repo_.' bounds (child_rel=[0.0,28.0], child_size=[323.1,24.0], child_end=[323.1,52.0], parent_size=[323.1,31.1], gap=0.0, start_offset=0.0)
[WARN] Layout wrap: 'recent_path' in parent 'recent_repo_fhclone' - NoWrap set but would overflow (child_size=24.0, offset=28.0, container=31.1)
[WARN] Layout overflow: 'recent_path' extends outside parent 'recent_repo_fhclone' bounds (child_rel=[0.0,28.0], child_size=[323.1,24.0], child_end=[323.1,52.0], parent_size=[323.1,31.1], gap=0.0, start_offset=0.0)
[WARN] Layout wrap: 'recent_path' in parent 'recent_repo_.' - NoWrap set but would overflow (child_size=24.0, offset=28.0, container=31.1)
[WARN] Layout overflow: 'recent_path' extends outside parent 'recent_repo_.' bounds (child_rel=[0.0,28.0], child_size=[323.1,24.0], child_end=[323.1,52.0], parent_size=[323.1,31.1], gap=0.0, start_offset=0.0)
[WARN] Layout wrap: 'recent_path' in parent 'recent_repo_.' - NoWrap set but would overflow (child_size=24.0, offset=28.0, container=31.1)
[WARN] Layout overflow: 'recent_path' extends outside parent 'recent_repo_.' bounds (child_rel=[0.0,28.0], child_size=[323.1,24.0], child_end=[323.1,52.0], parent_size=[323.1,31.1], gap=0.0, start_offset=0.0)
[WARN] Layout wrap: 'recent_path' in parent 'recent_repo_afterhours' - NoWrap set but would overflow (child_size=24.0, offset=28.0, container=31.1)
[WARN] Layout overflow: 'recent_path' extends outside parent 'recent_repo_afterhours' bounds (child_rel=[0.0,28.0], child_size=[323.1,24.0], child_end=[323.1,52.0], parent_size=[323.1,31.1], gap=0.0, start_offset=0.0)
[WARN] Layout wrap: 'recent_path' in parent 'recent_repo_floatinghotel_test_repo' - NoWrap set but would overflow (child_size=24.0, offset=28.0, container=31.1)
[WARN] Layout overflow: 'recent_path' extends outside parent 'recent_repo_floatinghotel_test_repo' bounds (child_rel=[0.0,28.0], child_size=[323.1,24.0], child_end=[323.1,52.0], parent_size=[323.1,31.1], gap=0.0, start_offset=0.0)
[WARN] Layout wrap: 'recent_path' in parent 'recent_repo_fixture_repo' - NoWrap set but would overflow (child_size=24.0, offset=28.0, container=31.1)
[WARN] Layout overflow: 'recent_path' extends outside parent 'recent_repo_fixture_repo' bounds (child_rel=[0.0,28.0], child_size=[323.1,24.0], child_end=[323.1,52.0], parent_size=[323.1,31.1], gap=0.0, start_offset=0.0)
[WARN] Layout wrap: 'recent_path' in parent 'recent_repo_.' - NoWrap set but would overflow (child_size=24.0, offset=28.0, container=31.1)
[WARN] Layout overflow: 'recent_path' extends outside parent 'recent_repo_.' bounds (child_rel=[0.0,28.0], child_size=[323.1,24.0], child_end=[323.1,52.0], parent_size=[323.1,31.1], gap=0.0, start_offset=0.0)
[WARN] Layout wrap: 'recent_path' in parent 'recent_repo_floatinghotel' - NoWrap set but would overflow (child_size=24.0, offset=28.0, container=31.1)
[WARN] Layout overflow: 'recent_path' extends outside parent 'recent_repo_floatinghotel' bounds (child_rel=[0.0,28.0], child_size=[323.1,24.0], child_end=[323.1,52.0], parent_size=[323.1,31.1], gap=0.0, start_offset=0.0)
[WARN] Layout wrap: 'recent_path' in parent 'recent_repo_.' - NoWrap set but would overflow (child_size=24.0, offset=28.0, container=31.1)
[WARN] Layout overflow: 'recent_path' extends outside parent 'recent_repo_.' bounds (child_rel=[0.0,28.0], child_size=[323.1,24.0], child_end=[323.1,52.0], parent_size=[323.1,31.1], gap=0.0, start_offset=0.0)
[WARN] Layout wrap: 'recent_path' in parent 'recent_repo_fhclone' - NoWrap set but would overflow (child_size=24.0, offset=28.0, container=31.1)
[WARN] Layout overflow: 'recent_path' extends outside parent 'recent_repo_fhclone' bounds (child_rel=[0.0,28.0], child_size=[323.1,24.0], child_end=[323.1,52.0], parent_size=[323.1,31.1], gap=0.0, start_offset=0.0)
[WARN] Layout wrap: 'recent_path' in parent 'recent_repo_.' - NoWrap set but would overflow (child_size=24.0, offset=28.0, container=31.1)
[WARN] Layout overflow: 'recent_path' extends outside parent 'recent_repo_.' bounds (child_rel=[0.0,28.0], child_size=[323.1,24.0], child_end=[323.1,52.0], parent_size=[323.1,31.1], gap=0.0, start_offset=0.0)
[WARN] Layout wrap: 'recent_path' in parent 'recent_repo_.' - NoWrap set but would overflow (child_size=24.0, offset=28.0, container=31.1)
[WARN] Layout overflow: 'recent_path' extends outside parent 'recent_repo_.' bounds (child_rel=[0.0,28.0], child_size=[323.1,24.0], child_end=[323.1,52.0], parent_size=[323.1,31.1], gap=0.0, start_offset=0.0)
[WARN] Layout wrap: 'recent_path' in parent 'recent_repo_afterhours' - NoWrap set but would overflow (child_size=24.0, offset=28.0, container=31.1)
[WARN] Layout overflow: 'recent_path' extends outside parent 'recent_repo_afterhours' bounds (child_rel=[0.0,28.0], child_size=[323.1,24.0], child_end=[323.1,52.0], parent_size=[323.1,31.1], gap=0.0, start_offset=0.0)
[WARN] Layout wrap: 'recent_path' in parent 'recent_repo_floatinghotel_test_repo' - NoWrap set but would overflow (child_size=24.0, offset=28.0, container=31.1)
[WARN] Layout overflow: 'recent_path' extends outside parent 'recent_repo_floatinghotel_test_repo' bounds (child_rel=[0.0,28.0], child_size=[323.1,24.0], child_end=[323.1,52.0], parent_size=[323.1,31.1], gap=0.0, start_offset=0.0)
[WARN] Layout wrap: 'recent_path' in parent 'recent_repo_fixture_repo' - NoWrap set but would overflow (child_size=24.0, offset=28.0, container=31.1)
[WARN] Layout overflow: 'recent_path' extends outside parent 'recent_repo_fixture_repo' bounds (child_rel=[0.0,28.0], child_size=[323.1,24.0], child_end=[323.1,52.0], parent_size=[323.1,31.1], gap=0.0, start_offset=0.0)
[WARN] Layout wrap: 'recent_path' in parent 'recent_repo_.' - NoWrap set but would overflow (child_size=24.0, offset=28.0, container=31.1)
[WARN] Layout overflow: 'recent_path' extends outside parent 'recent_repo_.' bounds (child_rel=[0.0,28.0], child_size=[323.1,24.0], child_end=[323.1,52.0], parent_size=[323.1,31.1], gap=0.0, start_offset=0.0)
[WARN] Layout wrap: 'recent_path' in parent 'recent_repo_floatinghotel' - NoWrap set but would overflow (child_size=24.0, offset=28.0, container=31.1)
[WARN] Layout overflow: 'recent_path' extends outside parent 'recent_repo_floatinghotel' bounds (child_rel=[0.0,28.0], child_size=[323.1,24.0], child_end=[323.1,52.0], parent_size=[323.1,31.1], gap=0.0, start_offset=0.0)
[WARN] Layout wrap: 'recent_path' in parent 'recent_repo_.' - NoWrap set but would overflow (child_size=24.0, offset=28.0, container=31.1)
[WARN] Layout overflow: 'recent_path' extends outside parent 'recent_repo_.' bounds (child_rel=[0.0,28.0], child_size=[323.1,24.0], child_end=[323.1,52.0], parent_size=[323.1,31.1], gap=0.0, start_offset=0.0)
[WARN] Layout wrap: 'recent_path' in parent 'recent_repo_fhclone' - NoWrap set but would overflow (child_size=24.0, offset=28.0, container=31.1)
[WARN] Layout overflow: 'recent_path' extends outside parent 'recent_repo_fhclone' bounds (child_rel=[0.0,28.0], child_size=[323.1,24.0], child_end=[323.1,52.0], parent_size=[323.1,31.1], gap=0.0, start_offset=0.0)
[WARN] Layout wrap: 'recent_path' in parent 'recent_repo_.' - NoWrap set but would overflow (child_size=24.0, offset=28.0, container=31.1)
[WARN] Layout overflow: 'recent_path' extends outside parent 'recent_repo_.' bounds (child_rel=[0.0,28.0], child_size=[323.1,24.0], child_end=[323.1,52.0], parent_size=[323.1,31.1], gap=0.0, start_offset=0.0)
[WARN] Layout wrap: 'recent_path' in parent 'recent_repo_.' - NoWrap set but would overflow (child_size=24.0, offset=28.0, container=31.1)
[WARN] Layout overflow: 'recent_path' extends outside parent 'recent_repo_.' bounds (child_rel=[0.0,28.0], child_size=[323.1,24.0], child_end=[323.1,52.0], parent_size=[323.1,31.1], gap=0.0, start_offset=0.0)
[WARN] Layout wrap: 'recent_path' in parent 'recent_repo_afterhours' - NoWrap set but would overflow (child_size=24.0, offset=28.0, container=31.1)
[WARN] Layout overflow: 'recent_path' extends outside parent 'recent_repo_afterhours' bounds (child_rel=[0.0,28.0], child_size=[323.1,24.0], child_end=[323.1,52.0], parent_size=[323.1,31.1], gap=0.0, start_offset=0.0)
[WARN] Layout wrap: 'recent_path' in parent 'recent_repo_floatinghotel_test_repo' - NoWrap set but would overflow (child_size=24.0, offset=28.0, container=31.1)
[WARN] Layout overflow: 'recent_path' extends outside parent 'recent_repo_floatinghotel_test_repo' bounds (child_rel=[0.0,28.0], child_size=[323.1,24.0], child_end=[323.1,52.0], parent_size=[323.1,31.1], gap=0.0, start_offset=0.0)
[WARN] Layout wrap: 'recent_path' in parent 'recent_repo_fixture_repo' - NoWrap set but would overflow (child_size=24.0, offset=28.0, container=31.1)
[WARN] Layout overflow: 'recent_path' extends outside parent 'recent_repo_fixture_repo' bounds (child_rel=[0.0,28.0], child_size=[323.1,24.0], child_end=[323.1,52.0], parent_size=[323.1,31.1], gap=0.0, start_offset=0.0)
[WARN] Layout wrap: 'recent_path' in parent 'recent_repo_.' - NoWrap set but would overflow (child_size=24.0, offset=28.0, container=31.1)
[WARN] Layout overflow: 'recent_path' extends outside parent 'recent_repo_.' bounds (child_rel=[0.0,28.0], child_size=[323.1,24.0], child_end=[323.1,52.0], parent_size=[323.1,31.1], gap=0.0, start_offset=0.0)
[WARN] Layout wrap: 'recent_path' in parent 'recent_repo_floatinghotel' - NoWrap set but would overflow (child_size=24.0, offset=28.0, container=31.1)
[WARN] Layout overflow: 'recent_path' extends outside parent 'recent_repo_floatinghotel' bounds (child_rel=[0.0,28.0], child_size=[323.1,24.0], child_end=[323.1,52.0], parent_size=[323.1,31.1], gap=0.0, start_offset=0.0)
[WARN] Layout wrap: 'recent_path' in parent 'recent_repo_.' - NoWrap set but would overflow (child_size=24.0, offset=28.0, container=31.1)
[WARN] Layout overflow: 'recent_path' extends outside parent 'recent_repo_.' bounds (child_rel=[0.0,28.0], child_size=[323.1,24.0], child_end=[323.1,52.0], parent_size=[323.1,31.1], gap=0.0, start_offset=0.0)
[WARN] Layout wrap: 'recent_path' in parent 'recent_repo_fhclone' - NoWrap set but would overflow (child_size=24.0, offset=28.0, container=31.1)
[WARN] Layout overflow: 'recent_path' extends outside parent 'recent_repo_fhclone' bounds (child_rel=[0.0,28.0], child_size=[323.1,24.0], child_end=[323.1,52.0], parent_size=[323.1,31.1], gap=0.0, start_offset=0.0)
[WARN] Layout wrap: 'recent_path' in parent 'recent_repo_.' - NoWrap set but would overflow (child_size=24.0, offset=28.0, container=31.1)
[WARN] Layout overflow: 'recent_path' extends outside parent 'recent_repo_.' bounds (child_rel=[0.0,28.0], child_size=[323.1,24.0], child_end=[323.1,52.0], parent_size=[323.1,31.1], gap=0.0, start_offset=0.0)
[WARN] Layout wrap: 'recent_path' in parent 'recent_repo_.' - NoWrap set but would overflow (child_size=24.0, offset=28.0, container=31.1)
[WARN] Layout overflow: 'recent_path' extends outside parent 'recent_repo_.' bounds (child_rel=[0.0,28.0], child_size=[323.1,24.0], child_end=[323.1,52.0], parent_size=[323.1,31.1], gap=0.0, start_offset=0.0)
[WARN] Layout wrap: 'recent_path' in parent 'recent_repo_afterhours' - NoWrap set but would overflow (child_size=24.0, offset=28.0, container=31.1)
[WARN] Layout overflow: 'recent_path' extends outside parent 'recent_repo_afterhours' bounds (child_rel=[0.0,28.0], child_size=[323.1,24.0], child_end=[323.1,52.0], parent_size=[323.1,31.1], gap=0.0, start_offset=0.0)
[WARN] Layout wrap: 'recent_path' in parent 'recent_repo_floatinghotel_test_repo' - NoWrap set but would overflow (child_size=24.0, offset=28.0, container=31.1)
[WARN] Layout overflow: 'recent_path' extends outside parent 'recent_repo_floatinghotel_test_repo' bounds (child_rel=[0.0,28.0], child_size=[323.1,24.0], child_end=[323.1,52.0], parent_size=[323.1,31.1], gap=0.0, start_offset=0.0)
[WARN] Layout wrap: 'recent_path' in parent 'recent_repo_fixture_repo' - NoWrap set but would overflow (child_size=24.0, offset=28.0, container=31.1)
[WARN] Layout overflow: 'recent_path' extends outside parent 'recent_repo_fixture_repo' bounds (child_rel=[0.0,28.0], child_size=[323.1,24.0], child_end=[323.1,52.0], parent_size=[323.1,31.1], gap=0.0, start_offset=0.0)
[WARN] Layout wrap: 'recent_path' in parent 'recent_repo_.' - NoWrap set but would overflow (child_size=24.0, offset=28.0, container=31.1)
[WARN] Layout overflow: 'recent_path' extends outside parent 'recent_repo_.' bounds (child_rel=[0.0,28.0], child_size=[323.1,24.0], child_end=[323.1,52.0], parent_size=[323.1,31.1], gap=0.0, start_offset=0.0)
[WARN] Layout wrap: 'recent_path' in parent 'recent_repo_floatinghotel' - NoWrap set but would overflow (child_size=24.0, offset=28.0, container=31.1)
[WARN] Layout overflow: 'recent_path' extends outside parent 'recent_repo_floatinghotel' bounds (child_rel=[0.0,28.0], child_size=[323.1,24.0], child_end=[323.1,52.0], parent_size=[323.1,31.1], gap=0.0, start_offset=0.0)
[WARN] Layout wrap: 'recent_path' in parent 'recent_repo_.' - NoWrap set but would overflow (child_size=24.0, offset=28.0, container=31.1)
[WARN] Layout overflow: 'recent_path' extends outside parent 'recent_repo_.' bounds (child_rel=[0.0,28.0], child_size=[323.1,24.0], child_end=[323.1,52.0], parent_size=[323.1,31.1], gap=0.0, start_offset=0.0)
[WARN] Layout wrap: 'recent_path' in parent 'recent_repo_fhclone' - NoWrap set but would overflow (child_size=24.0, offset=28.0, container=31.1)
[WARN] Layout overflow: 'recent_path' extends outside parent 'recent_repo_fhclone' bounds (child_rel=[0.0,28.0], child_size=[323.1,24.0], child_end=[323.1,52.0], parent_size=[323.1,31.1], gap=0.0, start_offset=0.0)
[WARN] Layout wrap: 'recent_path' in parent 'recent_repo_.' - NoWrap set but would overflow (child_size=24.0, offset=28.0, container=31.1)
[WARN] Layout overflow: 'recent_path' extends outside parent 'recent_repo_.' bounds (child_rel=[0.0,28.0], child_size=[323.1,24.0], child_end=[323.1,52.0], parent_size=[323.1,31.1], gap=0.0, start_offset=0.0)
[WARN] Layout wrap: 'recent_path' in parent 'recent_repo_.' - NoWrap set but would overflow (child_size=24.0, offset=28.0, container=31.1)
[WARN] Layout overflow: 'recent_path' extends outside parent 'recent_repo_.' bounds (child_rel=[0.0,28.0], child_size=[323.1,24.0], child_end=[323.1,52.0], parent_size=[323.1,31.1], gap=0.0, start_offset=0.0)
[WARN] Layout wrap: 'recent_path' in parent 'recent_repo_afterhours' - NoWrap set but would overflow (child_size=24.0, offset=28.0, container=31.1)
[WARN] Layout overflow: 'recent_path' extends outside parent 'recent_repo_afterhours' bounds (child_rel=[0.0,28.0], child_size=[323.1,24.0], child_end=[323.1,52.0], parent_size=[323.1,31.1], gap=0.0, start_offset=0.0)
[WARN] Layout wrap: 'recent_path' in parent 'recent_repo_floatinghotel_test_repo' - NoWrap set but would overflow (child_size=24.0, offset=28.0, container=31.1)
[WARN] Layout overflow: 'recent_path' extends outside parent 'recent_repo_floatinghotel_test_repo' bounds (child_rel=[0.0,28.0], child_size=[323.1,24.0], child_end=[323.1,52.0], parent_size=[323.1,31.1], gap=0.0, start_offset=0.0)
[WARN] Layout wrap: 'recent_path' in parent 'recent_repo_fixture_repo' - NoWrap set but would overflow (child_size=24.0, offset=28.0, container=31.1)
[WARN] Layout overflow: 'recent_path' extends outside parent 'recent_repo_fixture_repo' bounds (child_rel=[0.0,28.0], child_size=[323.1,24.0], child_end=[323.1,52.0], parent_size=[323.1,31.1], gap=0.0, start_offset=0.0)
[WARN] Layout wrap: 'recent_path' in parent 'recent_repo_.' - NoWrap set but would overflow (child_size=24.0, offset=28.0, container=31.1)
[WARN] Layout overflow: 'recent_path' extends outside parent 'recent_repo_.' bounds (child_rel=[0.0,28.0], child_size=[323.1,24.0], child_end=[323.1,52.0], parent_size=[323.1,31.1], gap=0.0, start_offset=0.0)
[WARN] Layout wrap: 'recent_path' in parent 'recent_repo_floatinghotel' - NoWrap set but would overflow (child_size=24.0, offset=28.0, container=31.1)
[WARN] Layout overflow: 'recent_path' extends outside parent 'recent_repo_floatinghotel' bounds (child_rel=[0.0,28.0], child_size=[323.1,24.0], child_end=[323.1,52.0], parent_size=[323.1,31.1], gap=0.0, start_offset=0.0)
[WARN] Layout wrap: 'recent_path' in parent 'recent_repo_.' - NoWrap set but would overflow (child_size=24.0, offset=28.0, container=31.1)
[WARN] Layout overflow: 'recent_path' extends outside parent 'recent_repo_.' bounds (child_rel=[0.0,28.0], child_size=[323.1,24.0], child_end=[323.1,52.0], parent_size=[323.1,31.1], gap=0.0, start_offset=0.0)
[WARN] Layout wrap: 'recent_path' in parent 'recent_repo_fhclone' - NoWrap set but would overflow (child_size=24.0, offset=28.0, container=31.1)
[WARN] Layout overflow: 'recent_path' extends outside parent 'recent_repo_fhclone' bounds (child_rel=[0.0,28.0], child_size=[323.1,24.0], child_end=[323.1,52.0], parent_size=[323.1,31.1], gap=0.0, start_offset=0.0)
[WARN] Layout wrap: 'recent_path' in parent 'recent_repo_.' - NoWrap set but would overflow (child_size=24.0, offset=28.0, container=31.1)
[WARN] Layout overflow: 'recent_path' extends outside parent 'recent_repo_.' bounds (child_rel=[0.0,28.0], child_size=[323.1,24.0], child_end=[323.1,52.0], parent_size=[323.1,31.1], gap=0.0, start_offset=0.0)
[WARN] Layout wrap: 'recent_path' in parent 'recent_repo_.' - NoWrap set but would overflow (child_size=24.0, offset=28.0, container=31.1)
[WARN] Layout overflow: 'recent_path' extends outside parent 'recent_repo_.' bounds (child_rel=[0.0,28.0], child_size=[323.1,24.0], child_end=[323.1,52.0], parent_size=[323.1,31.1], gap=0.0, start_offset=0.0)
[WARN] Layout wrap: 'recent_path' in parent 'recent_repo_afterhours' - NoWrap set but would overflow (child_size=24.0, offset=28.0, container=31.1)
[WARN] Layout overflow: 'recent_path' extends outside parent 'recent_repo_afterhours' bounds (child_rel=[0.0,28.0], child_size=[323.1,24.0], child_end=[323.1,52.0], parent_size=[323.1,31.1], gap=0.0, start_offset=0.0)
[WARN] Layout wrap: 'recent_path' in parent 'recent_repo_floatinghotel_test_repo' - NoWrap set but would overflow (child_size=24.0, offset=28.0, container=31.1)
[WARN] Layout overflow: 'recent_path' extends outside parent 'recent_repo_floatinghotel_test_repo' bounds (child_rel=[0.0,28.0], child_size=[323.1,24.0], child_end=[323.1,52.0], parent_size=[323.1,31.1], gap=0.0, start_offset=0.0)
[WARN] Layout wrap: 'recent_path' in parent 'recent_repo_fixture_repo' - NoWrap set but would overflow (child_size=24.0, offset=28.0, container=31.1)
[WARN] Layout overflow: 'recent_path' extends outside parent 'recent_repo_fixture_repo' bounds (child_rel=[0.0,28.0], child_size=[323.1,24.0], child_end=[323.1,52.0], parent_size=[323.1,31.1], gap=0.0, start_offset=0.0)
[WARN] Layout wrap: 'recent_path' in parent 'recent_repo_.' - NoWrap set but would overflow (child_size=24.0, offset=28.0, container=31.1)
[WARN] Layout overflow: 'recent_path' extends outside parent 'recent_repo_.' bounds (child_rel=[0.0,28.0], child_size=[323.1,24.0], child_end=[323.1,52.0], parent_size=[323.1,31.1], gap=0.0, start_offset=0.0)
[WARN] Layout wrap: 'recent_path' in parent 'recent_repo_floatinghotel' - NoWrap set but would overflow (child_size=24.0, offset=28.0, container=31.1)
[WARN] Layout overflow: 'recent_path' extends outside parent 'recent_repo_floatinghotel' bounds (child_rel=[0.0,28.0], child_size=[323.1,24.0], child_end=[323.1,52.0], parent_size=[323.1,31.1], gap=0.0, start_offset=0.0)
[WARN] Layout wrap: 'recent_path' in parent 'recent_repo_.' - NoWrap set but would overflow (child_size=24.0, offset=28.0, container=31.1)
[WARN] Layout overflow: 'recent_path' extends outside parent 'recent_repo_.' bounds (child_rel=[0.0,28.0], child_size=[323.1,24.0], child_end=[323.1,52.0], parent_size=[323.1,31.1], gap=0.0, start_offset=0.0)
[WARN] Layout wrap: 'recent_path' in parent 'recent_repo_fhclone' - NoWrap set but would overflow (child_size=24.0, offset=28.0, container=31.1)
[WARN] Layout overflow: 'recent_path' extends outside parent 'recent_repo_fhclone' bounds (child_rel=[0.0,28.0], child_size=[323.1,24.0], child_end=[323.1,52.0], parent_size=[323.1,31.1], gap=0.0, start_offset=0.0)
[WARN] Layout wrap: 'recent_path' in parent 'recent_repo_.' - NoWrap set but would overflow (child_size=24.0, offset=28.0, container=31.1)
[WARN] Layout overflow: 'recent_path' extends outside parent 'recent_repo_.' bounds (child_rel=[0.0,28.0], child_size=[323.1,24.0], child_end=[323.1,52.0], parent_size=[323.1,31.1], gap=0.0, start_offset=0.0)
[WARN] Layout wrap: 'recent_path' in parent 'recent_repo_.' - NoWrap set but would overflow (child_size=24.0, offset=28.0, container=31.1)
[WARN] Layout overflow: 'recent_path' extends outside parent 'recent_repo_.' bounds (child_rel=[0.0,28.0], child_size=[323.1,24.0], child_end=[323.1,52.0], parent_size=[323.1,31.1], gap=0.0, start_offset=0.0)
[WARN] Layout wrap: 'recent_path' in parent 'recent_repo_afterhours' - NoWrap set but would overflow (child_size=24.0, offset=28.0, container=31.1)
[WARN] Layout overflow: 'recent_path' extends outside parent 'recent_repo_afterhours' bounds (child_rel=[0.0,28.0], child_size=[323.1,24.0], child_end=[323.1,52.0], parent_size=[323.1,31.1], gap=0.0, start_offset=0.0)
[WARN] Layout wrap: 'recent_path' in parent 'recent_repo_floatinghotel_test_repo' - NoWrap set but would overflow (child_size=24.0, offset=28.0, container=31.1)
[WARN] Layout overflow: 'recent_path' extends outside parent 'recent_repo_floatinghotel_test_repo' bounds (child_rel=[0.0,28.0], child_size=[323.1,24.0], child_end=[323.1,52.0], parent_size=[323.1,31.1], gap=0.0, start_offset=0.0)
[WARN] Layout wrap: 'recent_path' in parent 'recent_repo_fixture_repo' - NoWrap set but would overflow (child_size=24.0, offset=28.0, container=31.1)
[WARN] Layout overflow: 'recent_path' extends outside parent 'recent_repo_fixture_repo' bounds (child_rel=[0.0,28.0], child_size=[323.1,24.0], child_end=[323.1,52.0], parent_size=[323.1,31.1], gap=0.0, start_offset=0.0)
[WARN] Layout wrap: 'recent_path' in parent 'recent_repo_.' - NoWrap set but would overflow (child_size=24.0, offset=28.0, container=31.1)
[WARN] Layout overflow: 'recent_path' extends outside parent 'recent_repo_.' bounds (child_rel=[0.0,28.0], child_size=[323.1,24.0], child_end=[323.1,52.0], parent_size=[323.1,31.1], gap=0.0, start_offset=0.0)
[WARN] Layout wrap: 'recent_path' in parent 'recent_repo_floatinghotel' - NoWrap set but would overflow (child_size=24.0, offset=28.0, container=31.1)
[WARN] Layout overflow: 'recent_path' extends outside parent 'recent_repo_floatinghotel' bounds (child_rel=[0.0,28.0], child_size=[323.1,24.0], child_end=[323.1,52.0], parent_size=[323.1,31.1], gap=0.0, start_offset=0.0)
[WARN] Layout wrap: 'recent_path' in parent 'recent_repo_.' - NoWrap set but would overflow (child_size=24.0, offset=28.0, container=31.1)
[WARN] Layout overflow: 'recent_path' extends outside parent 'recent_repo_.' bounds (child_rel=[0.0,28.0], child_size=[323.1,24.0], child_end=[323.1,52.0], parent_size=[323.1,31.1], gap=0.0, start_offset=0.0)
[WARN] Layout wrap: 'recent_path' in parent 'recent_repo_fhclone' - NoWrap set but would overflow (child_size=24.0, offset=28.0, container=31.1)
[WARN] Layout overflow: 'recent_path' extends outside parent 'recent_repo_fhclone' bounds (child_rel=[0.0,28.0], child_size=[323.1,24.0], child_end=[323.1,52.0], parent_size=[323.1,31.1], gap=0.0, start_offset=0.0)
[WARN] Layout wrap: 'recent_path' in parent 'recent_repo_.' - NoWrap set but would overflow (child_size=24.0, offset=28.0, container=31.1)
[WARN] Layout overflow: 'recent_path' extends outside parent 'recent_repo_.' bounds (child_rel=[0.0,28.0], child_size=[323.1,24.0], child_end=[323.1,52.0], parent_size=[323.1,31.1], gap=0.0, start_offset=0.0)
[WARN] Layout wrap: 'recent_path' in parent 'recent_repo_.' - NoWrap set but would overflow (child_size=24.0, offset=28.0, container=31.1)
[WARN] Layout overflow: 'recent_path' extends outside parent 'recent_repo_.' bounds (child_rel=[0.0,28.0], child_size=[323.1,24.0], child_end=[323.1,52.0], parent_size=[323.1,31.1], gap=0.0, start_offset=0.0)
[WARN] Layout wrap: 'recent_path' in parent 'recent_repo_afterhours' - NoWrap set but would overflow (child_size=24.0, offset=28.0, container=31.1)
[WARN] Layout overflow: 'recent_path' extends outside parent 'recent_repo_afterhours' bounds (child_rel=[0.0,28.0], child_size=[323.1,24.0], child_end=[323.1,52.0], parent_size=[323.1,31.1], gap=0.0, start_offset=0.0)
[WARN] Layout wrap: 'recent_path' in parent 'recent_repo_floatinghotel_test_repo' - NoWrap set but would overflow (child_size=24.0, offset=28.0, container=31.1)
[WARN] Layout overflow: 'recent_path' extends outside parent 'recent_repo_floatinghotel_test_repo' bounds (child_rel=[0.0,28.0], child_size=[323.1,24.0], child_end=[323.1,52.0], parent_size=[323.1,31.1], gap=0.0, start_offset=0.0)
[WARN] Layout wrap: 'recent_path' in parent 'recent_repo_fixture_repo' - NoWrap set but would overflow (child_size=24.0, offset=28.0, container=31.1)
[WARN] Layout overflow: 'recent_path' extends outside parent 'recent_repo_fixture_repo' bounds (child_rel=[0.0,28.0], child_size=[323.1,24.0], child_end=[323.1,52.0], parent_size=[323.1,31.1], gap=0.0, start_offset=0.0)
[WARN] Layout wrap: 'recent_path' in parent 'recent_repo_.' - NoWrap set but would overflow (child_size=24.0, offset=28.0, container=31.1)
[WARN] Layout overflow: 'recent_path' extends outside parent 'recent_repo_.' bounds (child_rel=[0.0,28.0], child_size=[323.1,24.0], child_end=[323.1,52.0], parent_size=[323.1,31.1], gap=0.0, start_offset=0.0)
[WARN] Layout wrap: 'recent_path' in parent 'recent_repo_floatinghotel' - NoWrap set but would overflow (child_size=24.0, offset=28.0, container=31.1)
[WARN] Layout overflow: 'recent_path' extends outside parent 'recent_repo_floatinghotel' bounds (child_rel=[0.0,28.0], child_size=[323.1,24.0], child_end=[323.1,52.0], parent_size=[323.1,31.1], gap=0.0, start_offset=0.0)
[WARN] Layout wrap: 'recent_path' in parent 'recent_repo_.' - NoWrap set but would overflow (child_size=24.0, offset=28.0, container=31.1)
[WARN] Layout overflow: 'recent_path' extends outside parent 'recent_repo_.' bounds (child_rel=[0.0,28.0], child_size=[323.1,24.0], child_end=[323.1,52.0], parent_size=[323.1,31.1], gap=0.0, start_offset=0.0)
[WARN] Layout wrap: 'recent_path' in parent 'recent_repo_fhclone' - NoWrap set but would overflow (child_size=24.0, offset=28.0, container=31.1)
[WARN] Layout overflow: 'recent_path' extends outside parent 'recent_repo_fhclone' bounds (child_rel=[0.0,28.0], child_size=[323.1,24.0], child_end=[323.1,52.0], parent_size=[323.1,31.1], gap=0.0, start_offset=0.0)
[WARN] Layout wrap: 'recent_path' in parent 'recent_repo_.' - NoWrap set but would overflow (child_size=24.0, offset=28.0, container=31.1)
[WARN] Layout overflow: 'recent_path' extends outside parent 'recent_repo_.' bounds (child_rel=[0.0,28.0], child_size=[323.1,24.0], child_end=[323.1,52.0], parent_size=[323.1,31.1], gap=0.0, start_offset=0.0)
[WARN] Layout wrap: 'recent_path' in parent 'recent_repo_.' - NoWrap set but would overflow (child_size=24.0, offset=28.0, container=31.1)
[WARN] Layout overflow: 'recent_path' extends outside parent 'recent_repo_.' bounds (child_rel=[0.0,28.0], child_size=[323.1,24.0], child_end=[323.1,52.0], parent_size=[323.1,31.1], gap=0.0, start_offset=0.0)
[WARN] Layout wrap: 'recent_path' in parent 'recent_repo_afterhours' - NoWrap set but would overflow (child_size=24.0, offset=28.0, container=31.1)
[WARN] Layout overflow: 'recent_path' extends outside parent 'recent_repo_afterhours' bounds (child_rel=[0.0,28.0], child_size=[323.1,24.0], child_end=[323.1,52.0], parent_size=[323.1,31.1], gap=0.0, start_offset=0.0)
[WARN] Layout wrap: 'recent_path' in parent 'recent_repo_floatinghotel_test_repo' - NoWrap set but would overflow (child_size=24.0, offset=28.0, container=31.1)
[WARN] Layout overflow: 'recent_path' extends outside parent 'recent_repo_floatinghotel_test_repo' bounds (child_rel=[0.0,28.0], child_size=[323.1,24.0], child_end=[323.1,52.0], parent_size=[323.1,31.1], gap=0.0, start_offset=0.0)
[WARN] Layout wrap: 'recent_path' in parent 'recent_repo_fixture_repo' - NoWrap set but would overflow (child_size=24.0, offset=28.0, container=31.1)
[WARN] Layout overflow: 'recent_path' extends outside parent 'recent_repo_fixture_repo' bounds (child_rel=[0.0,28.0], child_size=[323.1,24.0], child_end=[323.1,52.0], parent_size=[323.1,31.1], gap=0.0, start_offset=0.0)
[WARN] Layout wrap: 'recent_path' in parent 'recent_repo_.' - NoWrap set but would overflow (child_size=24.0, offset=28.0, container=31.1)
[WARN] Layout overflow: 'recent_path' extends outside parent 'recent_repo_.' bounds (child_rel=[0.0,28.0], child_size=[323.1,24.0], child_end=[323.1,52.0], parent_size=[323.1,31.1], gap=0.0, start_offset=0.0)
[WARN] Layout wrap: 'recent_path' in parent 'recent_repo_floatinghotel' - NoWrap set but would overflow (child_size=24.0, offset=28.0, container=31.1)
[WARN] Layout overflow: 'recent_path' extends outside parent 'recent_repo_floatinghotel' bounds (child_rel=[0.0,28.0], child_size=[323.1,24.0], child_end=[323.1,52.0], parent_size=[323.1,31.1], gap=0.0, start_offset=0.0)
[WARN] Layout wrap: 'recent_path' in parent 'recent_repo_.' - NoWrap set but would overflow (child_size=24.0, offset=28.0, container=31.1)
[WARN] Layout overflow: 'recent_path' extends outside parent 'recent_repo_.' bounds (child_rel=[0.0,28.0], child_size=[323.1,24.0], child_end=[323.1,52.0], parent_size=[323.1,31.1], gap=0.0, start_offset=0.0)
[WARN] Layout wrap: 'recent_path' in parent 'recent_repo_fhclone' - NoWrap set but would overflow (child_size=24.0, offset=28.0, container=31.1)
[WARN] Layout overflow: 'recent_path' extends outside parent 'recent_repo_fhclone' bounds (child_rel=[0.0,28.0], child_size=[323.1,24.0], child_end=[323.1,52.0], parent_size=[323.1,31.1], gap=0.0, start_offset=0.0)
[WARN] Layout wrap: 'recent_path' in parent 'recent_repo_.' - NoWrap set but would overflow (child_size=24.0, offset=28.0, container=31.1)
[WARN] Layout overflow: 'recent_path' extends outside parent 'recent_repo_.' bounds (child_rel=[0.0,28.0], child_size=[323.1,24.0], child_end=[323.1,52.0], parent_size=[323.1,31.1], gap=0.0, start_offset=0.0)
[WARN] Layout wrap: 'recent_path' in parent 'recent_repo_.' - NoWrap set but would overflow (child_size=24.0, offset=28.0, container=31.1)
[WARN] Layout overflow: 'recent_path' extends outside parent 'recent_repo_.' bounds (child_rel=[0.0,28.0], child_size=[323.1,24.0], child_end=[323.1,52.0], parent_size=[323.1,31.1], gap=0.0, start_offset=0.0)
[WARN] Layout wrap: 'recent_path' in parent 'recent_repo_afterhours' - NoWrap set but would overflow (child_size=24.0, offset=28.0, container=31.1)
[WARN] Layout overflow: 'recent_path' extends outside parent 'recent_repo_afterhours' bounds (child_rel=[0.0,28.0], child_size=[323.1,24.0], child_end=[323.1,52.0], parent_size=[323.1,31.1], gap=0.0, start_offset=0.0)
[WARN] Layout wrap: 'recent_path' in parent 'recent_repo_floatinghotel_test_repo' - NoWrap set but would overflow (child_size=24.0, offset=28.0, container=31.1)
[WARN] Layout overflow: 'recent_path' extends outside parent 'recent_repo_floatinghotel_test_repo' bounds (child_rel=[0.0,28.0], child_size=[323.1,24.0], child_end=[323.1,52.0], parent_size=[323.1,31.1], gap=0.0, start_offset=0.0)
[WARN] Layout wrap: 'recent_path' in parent 'recent_repo_fixture_repo' - NoWrap set but would overflow (child_size=24.0, offset=28.0, container=31.1)
[WARN] Layout overflow: 'recent_path' extends outside parent 'recent_repo_fixture_repo' bounds (child_rel=[0.0,28.0], child_size=[323.1,24.0], child_end=[323.1,52.0], parent_size=[323.1,31.1], gap=0.0, start_offset=0.0)
[WARN] Layout wrap: 'recent_path' in parent 'recent_repo_.' - NoWrap set but would overflow (child_size=24.0, offset=28.0, container=31.1)
[WARN] Layout overflow: 'recent_path' extends outside parent 'recent_repo_.' bounds (child_rel=[0.0,28.0], child_size=[323.1,24.0], child_end=[323.1,52.0], parent_size=[323.1,31.1], gap=0.0, start_offset=0.0)
[WARN] Layout wrap: 'recent_path' in parent 'recent_repo_floatinghotel' - NoWrap set but would overflow (child_size=24.0, offset=28.0, container=31.1)
[WARN] Layout overflow: 'recent_path' extends outside parent 'recent_repo_floatinghotel' bounds (child_rel=[0.0,28.0], child_size=[323.1,24.0], child_end=[323.1,52.0], parent_size=[323.1,31.1], gap=0.0, start_offset=0.0)
[WARN] Layout wrap: 'recent_path' in parent 'recent_repo_.' - NoWrap set but would overflow (child_size=24.0, offset=28.0, container=31.1)
[WARN] Layout overflow: 'recent_path' extends outside parent 'recent_repo_.' bounds (child_rel=[0.0,28.0], child_size=[323.1,24.0], child_end=[323.1,52.0], parent_size=[323.1,31.1], gap=0.0, start_offset=0.0)
[WARN] Layout wrap: 'recent_path' in parent 'recent_repo_fhclone' - NoWrap set but would overflow (child_size=24.0, offset=28.0, container=31.1)
[WARN] Layout overflow: 'recent_path' extends outside parent 'recent_repo_fhclone' bounds (child_rel=[0.0,28.0], child_size=[323.1,24.0], child_end=[323.1,52.0], parent_size=[323.1,31.1], gap=0.0, start_offset=0.0)
[WARN] Layout wrap: 'recent_path' in parent 'recent_repo_.' - NoWrap set but would overflow (child_size=24.0, offset=28.0, container=31.1)
[WARN] Layout overflow: 'recent_path' extends outside parent 'recent_repo_.' bounds (child_rel=[0.0,28.0], child_size=[323.1,24.0], child_end=[323.1,52.0], parent_size=[323.1,31.1], gap=0.0, start_offset=0.0)
[WARN] Layout wrap: 'recent_path' in parent 'recent_repo_.' - NoWrap set but would overflow (child_size=24.0, offset=28.0, container=31.1)
[WARN] Layout overflow: 'recent_path' extends outside parent 'recent_repo_.' bounds (child_rel=[0.0,28.0], child_size=[323.1,24.0], child_end=[323.1,52.0], parent_size=[323.1,31.1], gap=0.0, start_offset=0.0)
[WARN] Layout wrap: 'recent_path' in parent 'recent_repo_afterhours' - NoWrap set but would overflow (child_size=24.0, offset=28.0, container=31.1)
[WARN] Layout overflow: 'recent_path' extends outside parent 'recent_repo_afterhours' bounds (child_rel=[0.0,28.0], child_size=[323.1,24.0], child_end=[323.1,52.0], parent_size=[323.1,31.1], gap=0.0, start_offset=0.0)
[WARN] Layout wrap: 'recent_path' in parent 'recent_repo_floatinghotel_test_repo' - NoWrap set but would overflow (child_size=24.0, offset=28.0, container=31.1)
[WARN] Layout overflow: 'recent_path' extends outside parent 'recent_repo_floatinghotel_test_repo' bounds (child_rel=[0.0,28.0], child_size=[323.1,24.0], child_end=[323.1,52.0], parent_size=[323.1,31.1], gap=0.0, start_offset=0.0)
[WARN] Layout wrap: 'recent_path' in parent 'recent_repo_fixture_repo' - NoWrap set but would overflow (child_size=24.0, offset=28.0, container=31.1)
[WARN] Layout overflow: 'recent_path' extends outside parent 'recent_repo_fixture_repo' bounds (child_rel=[0.0,28.0], child_size=[323.1,24.0], child_end=[323.1,52.0], parent_size=[323.1,31.1], gap=0.0, start_offset=0.0)
[WARN] Layout wrap: 'recent_path' in parent 'recent_repo_.' - NoWrap set but would overflow (child_size=24.0, offset=28.0, container=31.1)
[WARN] Layout overflow: 'recent_path' extends outside parent 'recent_repo_.' bounds (child_rel=[0.0,28.0], child_size=[323.1,24.0], child_end=[323.1,52.0], parent_size=[323.1,31.1], gap=0.0, start_offset=0.0)
[WARN] Layout wrap: 'recent_path' in parent 'recent_repo_floatinghotel' - NoWrap set but would overflow (child_size=24.0, offset=28.0, container=31.1)
[WARN] Layout overflow: 'recent_path' extends outside parent 'recent_repo_floatinghotel' bounds (child_rel=[0.0,28.0], child_size=[323.1,24.0], child_end=[323.1,52.0], parent_size=[323.1,31.1], gap=0.0, start_offset=0.0)
[WARN] Layout wrap: 'recent_path' in parent 'recent_repo_.' - NoWrap set but would overflow (child_size=24.0, offset=28.0, container=31.1)
[WARN] Layout overflow: 'recent_path' extends outside parent 'recent_repo_.' bounds (child_rel=[0.0,28.0], child_size=[323.1,24.0], child_end=[323.1,52.0], parent_size=[323.1,31.1], gap=0.0, start_offset=0.0)
[WARN] Layout wrap: 'recent_path' in parent 'recent_repo_fhclone' - NoWrap set but would overflow (child_size=24.0, offset=28.0, container=31.1)
[WARN] Layout overflow: 'recent_path' extends outside parent 'recent_repo_fhclone' bounds (child_rel=[0.0,28.0], child_size=[323.1,24.0], child_end=[323.1,52.0], parent_size=[323.1,31.1], gap=0.0, start_offset=0.0)
[WARN] Layout wrap: 'recent_path' in parent 'recent_repo_.' - NoWrap set but would overflow (child_size=24.0, offset=28.0, container=31.1)
[WARN] Layout overflow: 'recent_path' extends outside parent 'recent_repo_.' bounds (child_rel=[0.0,28.0], child_size=[323.1,24.0], child_end=[323.1,52.0], parent_size=[323.1,31.1], gap=0.0, start_offset=0.0)
[WARN] Layout wrap: 'recent_path' in parent 'recent_repo_.' - NoWrap set but would overflow (child_size=24.0, offset=28.0, container=31.1)
[WARN] Layout overflow: 'recent_path' extends outside parent 'recent_repo_.' bounds (child_rel=[0.0,28.0], child_size=[323.1,24.0], child_end=[323.1,52.0], parent_size=[323.1,31.1], gap=0.0, start_offset=0.0)
[WARN] Layout wrap: 'recent_path' in parent 'recent_repo_afterhours' - NoWrap set but would overflow (child_size=24.0, offset=28.0, container=31.1)
[WARN] Layout overflow: 'recent_path' extends outside parent 'recent_repo_afterhours' bounds (child_rel=[0.0,28.0], child_size=[323.1,24.0], child_end=[323.1,52.0], parent_size=[323.1,31.1], gap=0.0, start_offset=0.0)
[WARN] Layout wrap: 'recent_path' in parent 'recent_repo_floatinghotel_test_repo' - NoWrap set but would overflow (child_size=24.0, offset=28.0, container=31.1)
[WARN] Layout overflow: 'recent_path' extends outside parent 'recent_repo_floatinghotel_test_repo' bounds (child_rel=[0.0,28.0], child_size=[323.1,24.0], child_end=[323.1,52.0], parent_size=[323.1,31.1], gap=0.0, start_offset=0.0)
[WARN] Layout wrap: 'recent_path' in parent 'recent_repo_fixture_repo' - NoWrap set but would overflow (child_size=24.0, offset=28.0, container=31.1)
[WARN] Layout overflow: 'recent_path' extends outside parent 'recent_repo_fixture_repo' bounds (child_rel=[0.0,28.0], child_size=[323.1,24.0], child_end=[323.1,52.0], parent_size=[323.1,31.1], gap=0.0, start_offset=0.0)
[WARN] Layout wrap: 'recent_path' in parent 'recent_repo_.' - NoWrap set but would overflow (child_size=24.0, offset=28.0, container=31.1)
[WARN] Layout overflow: 'recent_path' extends outside parent 'recent_repo_.' bounds (child_rel=[0.0,28.0], child_size=[323.1,24.0], child_end=[323.1,52.0], parent_size=[323.1,31.1], gap=0.0, start_offset=0.0)
[WARN] Layout wrap: 'recent_path' in parent 'recent_repo_floatinghotel' - NoWrap set but would overflow (child_size=24.0, offset=28.0, container=31.1)
[WARN] Layout overflow: 'recent_path' extends outside parent 'recent_repo_floatinghotel' bounds (child_rel=[0.0,28.0], child_size=[323.1,24.0], child_end=[323.1,52.0], parent_size=[323.1,31.1], gap=0.0, start_offset=0.0)
[WARN] Layout wrap: 'recent_path' in parent 'recent_repo_.' - NoWrap set but would overflow (child_size=24.0, offset=28.0, container=31.1)
[WARN] Layout overflow: 'recent_path' extends outside parent 'recent_repo_.' bounds (child_rel=[0.0,28.0], child_size=[323.1,24.0], child_end=[323.1,52.0], parent_size=[323.1,31.1], gap=0.0, start_offset=0.0)
[WARN] Layout wrap: 'recent_path' in parent 'recent_repo_fhclone' - NoWrap set but would overflow (child_size=24.0, offset=28.0, container=31.1)
[WARN] Layout overflow: 'recent_path' extends outside parent 'recent_repo_fhclone' bounds (child_rel=[0.0,28.0], child_size=[323.1,24.0], child_end=[323.1,52.0], parent_size=[323.1,31.1], gap=0.0, start_offset=0.0)
[WARN] Layout wrap: 'recent_path' in parent 'recent_repo_.' - NoWrap set but would overflow (child_size=24.0, offset=28.0, container=31.1)
[WARN] Layout overflow: 'recent_path' extends outside parent 'recent_repo_.' bounds (child_rel=[0.0,28.0], child_size=[323.1,24.0], child_end=[323.1,52.0], parent_size=[323.1,31.1], gap=0.0, start_offset=0.0)
[WARN] Layout wrap: 'recent_path' in parent 'recent_repo_.' - NoWrap set but would overflow (child_size=24.0, offset=28.0, container=31.1)
[WARN] Layout overflow: 'recent_path' extends outside parent 'recent_repo_.' bounds (child_rel=[0.0,28.0], child_size=[323.1,24.0], child_end=[323.1,52.0], parent_size=[323.1,31.1], gap=0.0, start_offset=0.0)
[WARN] Layout wrap: 'recent_path' in parent 'recent_repo_afterhours' - NoWrap set but would overflow (child_size=24.0, offset=28.0, container=31.1)
[WARN] Layout overflow: 'recent_path' extends outside parent 'recent_repo_afterhours' bounds (child_rel=[0.0,28.0], child_size=[323.1,24.0], child_end=[323.1,52.0], parent_size=[323.1,31.1], gap=0.0, start_offset=0.0)
[WARN] Layout wrap: 'recent_path' in parent 'recent_repo_floatinghotel_test_repo' - NoWrap set but would overflow (child_size=24.0, offset=28.0, container=31.1)
[WARN] Layout overflow: 'recent_path' extends outside parent 'recent_repo_floatinghotel_test_repo' bounds (child_rel=[0.0,28.0], child_size=[323.1,24.0], child_end=[323.1,52.0], parent_size=[323.1,31.1], gap=0.0, start_offset=0.0)
[WARN] Layout wrap: 'recent_path' in parent 'recent_repo_fixture_repo' - NoWrap set but would overflow (child_size=24.0, offset=28.0, container=31.1)
[WARN] Layout overflow: 'recent_path' extends outside parent 'recent_repo_fixture_repo' bounds (child_rel=[0.0,28.0], child_size=[323.1,24.0], child_end=[323.1,52.0], parent_size=[323.1,31.1], gap=0.0, start_offset=0.0)
[WARN] Layout wrap: 'recent_path' in parent 'recent_repo_.' - NoWrap set but would overflow (child_size=24.0, offset=28.0, container=31.1)
[WARN] Layout overflow: 'recent_path' extends outside parent 'recent_repo_.' bounds (child_rel=[0.0,28.0], child_size=[323.1,24.0], child_end=[323.1,52.0], parent_size=[323.1,31.1], gap=0.0, start_offset=0.0)
[WARN] Layout wrap: 'recent_path' in parent 'recent_repo_floatinghotel' - NoWrap set but would overflow (child_size=24.0, offset=28.0, container=31.1)
[WARN] Layout overflow: 'recent_path' extends outside parent 'recent_repo_floatinghotel' bounds (child_rel=[0.0,28.0], child_size=[323.1,24.0], child_end=[323.1,52.0], parent_size=[323.1,31.1], gap=0.0, start_offset=0.0)
[WARN] Layout wrap: 'recent_path' in parent 'recent_repo_.' - NoWrap set but would overflow (child_size=24.0, offset=28.0, container=31.1)
[WARN] Layout overflow: 'recent_path' extends outside parent 'recent_repo_.' bounds (child_rel=[0.0,28.0], child_size=[323.1,24.0], child_end=[323.1,52.0], parent_size=[323.1,31.1], gap=0.0, start_offset=0.0)
[WARN] Layout wrap: 'recent_path' in parent 'recent_repo_fhclone' - NoWrap set but would overflow (child_size=24.0, offset=28.0, container=31.1)
[WARN] Layout overflow: 'recent_path' extends outside parent 'recent_repo_fhclone' bounds (child_rel=[0.0,28.0], child_size=[323.1,24.0], child_end=[323.1,52.0], parent_size=[323.1,31.1], gap=0.0, start_offset=0.0)
[WARN] Layout wrap: 'recent_path' in parent 'recent_repo_.' - NoWrap set but would overflow (child_size=24.0, offset=28.0, container=31.1)
[WARN] Layout overflow: 'recent_path' extends outside parent 'recent_repo_.' bounds (child_rel=[0.0,28.0], child_size=[323.1,24.0], child_end=[323.1,52.0], parent_size=[323.1,31.1], gap=0.0, start_offset=0.0)
[WARN] Layout wrap: 'recent_path' in parent 'recent_repo_.' - NoWrap set but would overflow (child_size=24.0, offset=28.0, container=31.1)
[WARN] Layout overflow: 'recent_path' extends outside parent 'recent_repo_.' bounds (child_rel=[0.0,28.0], child_size=[323.1,24.0], child_end=[323.1,52.0], parent_size=[323.1,31.1], gap=0.0, start_offset=0.0)
[WARN] Layout wrap: 'recent_path' in parent 'recent_repo_afterhours' - NoWrap set but would overflow (child_size=24.0, offset=28.0, container=31.1)
[WARN] Layout overflow: 'recent_path' extends outside parent 'recent_repo_afterhours' bounds (child_rel=[0.0,28.0], child_size=[323.1,24.0], child_end=[323.1,52.0], parent_size=[323.1,31.1], gap=0.0, start_offset=0.0)
[WARN] Layout wrap: 'recent_path' in parent 'recent_repo_floatinghotel_test_repo' - NoWrap set but would overflow (child_size=24.0, offset=28.0, container=31.1)
[WARN] Layout overflow: 'recent_path' extends outside parent 'recent_repo_floatinghotel_test_repo' bounds (child_rel=[0.0,28.0], child_size=[323.1,24.0], child_end=[323.1,52.0], parent_size=[323.1,31.1], gap=0.0, start_offset=0.0)
[WARN] Layout wrap: 'recent_path' in parent 'recent_repo_fixture_repo' - NoWrap set but would overflow (child_size=24.0, offset=28.0, container=31.1)
[WARN] Layout overflow: 'recent_path' extends outside parent 'recent_repo_fixture_repo' bounds (child_rel=[0.0,28.0], child_size=[323.1,24.0], child_end=[323.1,52.0], parent_size=[323.1,31.1], gap=0.0, start_offset=0.0)
[WARN] Layout wrap: 'recent_path' in parent 'recent_repo_.' - NoWrap set but would overflow (child_size=24.0, offset=28.0, container=31.1)
[WARN] Layout overflow: 'recent_path' extends outside parent 'recent_repo_.' bounds (child_rel=[0.0,28.0], child_size=[323.1,24.0], child_end=[323.1,52.0], parent_size=[323.1,31.1], gap=0.0, start_offset=0.0)
[WARN] Layout wrap: 'recent_path' in parent 'recent_repo_floatinghotel' - NoWrap set but would overflow (child_size=24.0, offset=28.0, container=31.1)
[WARN] Layout overflow: 'recent_path' extends outside parent 'recent_repo_floatinghotel' bounds (child_rel=[0.0,28.0], child_size=[323.1,24.0], child_end=[323.1,52.0], parent_size=[323.1,31.1], gap=0.0, start_offset=0.0)
[WARN] Layout wrap: 'recent_path' in parent 'recent_repo_.' - NoWrap set but would overflow (child_size=24.0, offset=28.0, container=31.1)
[WARN] Layout overflow: 'recent_path' extends outside parent 'recent_repo_.' bounds (child_rel=[0.0,28.0], child_size=[323.1,24.0], child_end=[323.1,52.0], parent_size=[323.1,31.1], gap=0.0, start_offset=0.0)
[WARN] Layout wrap: 'recent_path' in parent 'recent_repo_fhclone' - NoWrap set but would overflow (child_size=24.0, offset=28.0, container=31.1)
[WARN] Layout overflow: 'recent_path' extends outside parent 'recent_repo_fhclone' bounds (child_rel=[0.0,28.0], child_size=[323.1,24.0], child_end=[323.1,52.0], parent_size=[323.1,31.1], gap=0.0, start_offset=0.0)
[WARN] Layout wrap: 'recent_path' in parent 'recent_repo_.' - NoWrap set but would overflow (child_size=24.0, offset=28.0, container=31.1)
[WARN] Layout overflow: 'recent_path' extends outside parent 'recent_repo_.' bounds (child_rel=[0.0,28.0], child_size=[323.1,24.0], child_end=[323.1,52.0], parent_size=[323.1,31.1], gap=0.0, start_offset=0.0)
[WARN] Layout wrap: 'recent_path' in parent 'recent_repo_.' - NoWrap set but would overflow (child_size=24.0, offset=28.0, container=31.1)
[WARN] Layout overflow: 'recent_path' extends outside parent 'recent_repo_.' bounds (child_rel=[0.0,28.0], child_size=[323.1,24.0], child_end=[323.1,52.0], parent_size=[323.1,31.1], gap=0.0, start_offset=0.0)
[WARN] Layout wrap: 'recent_path' in parent 'recent_repo_afterhours' - NoWrap set but would overflow (child_size=24.0, offset=28.0, container=31.1)
[WARN] Layout overflow: 'recent_path' extends outside parent 'recent_repo_afterhours' bounds (child_rel=[0.0,28.0], child_size=[323.1,24.0], child_end=[323.1,52.0], parent_size=[323.1,31.1], gap=0.0, start_offset=0.0)
[WARN] Layout wrap: 'recent_path' in parent 'recent_repo_floatinghotel_test_repo' - NoWrap set but would overflow (child_size=24.0, offset=28.0, container=31.1)
[WARN] Layout overflow: 'recent_path' extends outside parent 'recent_repo_floatinghotel_test_repo' bounds (child_rel=[0.0,28.0], child_size=[323.1,24.0], child_end=[323.1,52.0], parent_size=[323.1,31.1], gap=0.0, start_offset=0.0)
[WARN] Layout wrap: 'recent_path' in parent 'recent_repo_fixture_repo' - NoWrap set but would overflow (child_size=24.0, offset=28.0, container=31.1)
[WARN] Layout overflow: 'recent_path' extends outside parent 'recent_repo_fixture_repo' bounds (child_rel=[0.0,28.0], child_size=[323.1,24.0], child_end=[323.1,52.0], parent_size=[323.1,31.1], gap=0.0, start_offset=0.0)
[WARN] Layout wrap: 'recent_path' in parent 'recent_repo_.' - NoWrap set but would overflow (child_size=24.0, offset=28.0, container=31.1)
[WARN] Layout overflow: 'recent_path' extends outside parent 'recent_repo_.' bounds (child_rel=[0.0,28.0], child_size=[323.1,24.0], child_end=[323.1,52.0], parent_size=[323.1,31.1], gap=0.0, start_offset=0.0)
[WARN] Layout wrap: 'recent_path' in parent 'recent_repo_floatinghotel' - NoWrap set but would overflow (child_size=24.0, offset=28.0, container=31.1)
[WARN] Layout overflow: 'recent_path' extends outside parent 'recent_repo_floatinghotel' bounds (child_rel=[0.0,28.0], child_size=[323.1,24.0], child_end=[323.1,52.0], parent_size=[323.1,31.1], gap=0.0, start_offset=0.0)
[WARN] Layout wrap: 'recent_path' in parent 'recent_repo_.' - NoWrap set but would overflow (child_size=24.0, offset=28.0, container=31.1)
[WARN] Layout overflow: 'recent_path' extends outside parent 'recent_repo_.' bounds (child_rel=[0.0,28.0], child_size=[323.1,24.0], child_end=[323.1,52.0], parent_size=[323.1,31.1], gap=0.0, start_offset=0.0)
[WARN] Layout wrap: 'recent_path' in parent 'recent_repo_fhclone' - NoWrap set but would overflow (child_size=24.0, offset=28.0, container=31.1)
[WARN] Layout overflow: 'recent_path' extends outside parent 'recent_repo_fhclone' bounds (child_rel=[0.0,28.0], child_size=[323.1,24.0], child_end=[323.1,52.0], parent_size=[323.1,31.1], gap=0.0, start_offset=0.0)
[WARN] Layout wrap: 'recent_path' in parent 'recent_repo_.' - NoWrap set but would overflow (child_size=24.0, offset=28.0, container=31.1)
[WARN] Layout overflow: 'recent_path' extends outside parent 'recent_repo_.' bounds (child_rel=[0.0,28.0], child_size=[323.1,24.0], child_end=[323.1,52.0], parent_size=[323.1,31.1], gap=0.0, start_offset=0.0)
[WARN] Layout wrap: 'recent_path' in parent 'recent_repo_.' - NoWrap set but would overflow (child_size=24.0, offset=28.0, container=31.1)
[WARN] Layout overflow: 'recent_path' extends outside parent 'recent_repo_.' bounds (child_rel=[0.0,28.0], child_size=[323.1,24.0], child_end=[323.1,52.0], parent_size=[323.1,31.1], gap=0.0, start_offset=0.0)
[WARN] Layout wrap: 'recent_path' in parent 'recent_repo_afterhours' - NoWrap set but would overflow (child_size=24.0, offset=28.0, container=31.1)
[WARN] Layout overflow: 'recent_path' extends outside parent 'recent_repo_afterhours' bounds (child_rel=[0.0,28.0], child_size=[323.1,24.0], child_end=[323.1,52.0], parent_size=[323.1,31.1], gap=0.0, start_offset=0.0)
[WARN] Layout wrap: 'recent_path' in parent 'recent_repo_floatinghotel_test_repo' - NoWrap set but would overflow (child_size=24.0, offset=28.0, container=31.1)
[WARN] Layout overflow: 'recent_path' extends outside parent 'recent_repo_floatinghotel_test_repo' bounds (child_rel=[0.0,28.0], child_size=[323.1,24.0], child_end=[323.1,52.0], parent_size=[323.1,31.1], gap=0.0, start_offset=0.0)
[WARN] Layout wrap: 'recent_path' in parent 'recent_repo_fixture_repo' - NoWrap set but would overflow (child_size=24.0, offset=28.0, container=31.1)
[WARN] Layout overflow: 'recent_path' extends outside parent 'recent_repo_fixture_repo' bounds (child_rel=[0.0,28.0], child_size=[323.1,24.0], child_end=[323.1,52.0], parent_size=[323.1,31.1], gap=0.0, start_offset=0.0)
[WARN] Layout wrap: 'recent_path' in parent 'recent_repo_.' - NoWrap set but would overflow (child_size=24.0, offset=28.0, container=31.1)
[WARN] Layout overflow: 'recent_path' extends outside parent 'recent_repo_.' bounds (child_rel=[0.0,28.0], child_size=[323.1,24.0], child_end=[323.1,52.0], parent_size=[323.1,31.1], gap=0.0, start_offset=0.0)
[WARN] Layout wrap: 'recent_path' in parent 'recent_repo_floatinghotel' - NoWrap set but would overflow (child_size=24.0, offset=28.0, container=31.1)
[WARN] Layout overflow: 'recent_path' extends outside parent 'recent_repo_floatinghotel' bounds (child_rel=[0.0,28.0], child_size=[323.1,24.0], child_end=[323.1,52.0], parent_size=[323.1,31.1], gap=0.0, start_offset=0.0)
[WARN] Layout wrap: 'recent_path' in parent 'recent_repo_.' - NoWrap set but would overflow (child_size=24.0, offset=28.0, container=31.1)
[WARN] Layout overflow: 'recent_path' extends outside parent 'recent_repo_.' bounds (child_rel=[0.0,28.0], child_size=[323.1,24.0], child_end=[323.1,52.0], parent_size=[323.1,31.1], gap=0.0, start_offset=0.0)
[WARN] Layout wrap: 'recent_path' in parent 'recent_repo_fhclone' - NoWrap set but would overflow (child_size=24.0, offset=28.0, container=31.1)
[WARN] Layout overflow: 'recent_path' extends outside parent 'recent_repo_fhclone' bounds (child_rel=[0.0,28.0], child_size=[323.1,24.0], child_end=[323.1,52.0], parent_size=[323.1,31.1], gap=0.0, start_offset=0.0)
[WARN] Layout wrap: 'recent_path' in parent 'recent_repo_.' - NoWrap set but would overflow (child_size=24.0, offset=28.0, container=31.1)
[WARN] Layout overflow: 'recent_path' extends outside parent 'recent_repo_.' bounds (child_rel=[0.0,28.0], child_size=[323.1,24.0], child_end=[323.1,52.0], parent_size=[323.1,31.1], gap=0.0, start_offset=0.0)
[WARN] Layout wrap: 'recent_path' in parent 'recent_repo_.' - NoWrap set but would overflow (child_size=24.0, offset=28.0, container=31.1)
[WARN] Layout overflow: 'recent_path' extends outside parent 'recent_repo_.' bounds (child_rel=[0.0,28.0], child_size=[323.1,24.0], child_end=[323.1,52.0], parent_size=[323.1,31.1], gap=0.0, start_offset=0.0)
[WARN] Layout wrap: 'recent_path' in parent 'recent_repo_afterhours' - NoWrap set but would overflow (child_size=24.0, offset=28.0, container=31.1)
[WARN] Layout overflow: 'recent_path' extends outside parent 'recent_repo_afterhours' bounds (child_rel=[0.0,28.0], child_size=[323.1,24.0], child_end=[323.1,52.0], parent_size=[323.1,31.1], gap=0.0, start_offset=0.0)
[WARN] Layout wrap: 'recent_path' in parent 'recent_repo_floatinghotel_test_repo' - NoWrap set but would overflow (child_size=24.0, offset=28.0, container=31.1)
[WARN] Layout overflow: 'recent_path' extends outside parent 'recent_repo_floatinghotel_test_repo' bounds (child_rel=[0.0,28.0], child_size=[323.1,24.0], child_end=[323.1,52.0], parent_size=[323.1,31.1], gap=0.0, start_offset=0.0)
[WARN] Layout wrap: 'recent_path' in parent 'recent_repo_fixture_repo' - NoWrap set but would overflow (child_size=24.0, offset=28.0, container=31.1)
[WARN] Layout overflow: 'recent_path' extends outside parent 'recent_repo_fixture_repo' bounds (child_rel=[0.0,28.0], child_size=[323.1,24.0], child_end=[323.1,52.0], parent_size=[323.1,31.1], gap=0.0, start_offset=0.0)
[WARN] Layout wrap: 'recent_path' in parent 'recent_repo_.' - NoWrap set but would overflow (child_size=24.0, offset=28.0, container=31.1)
[WARN] Layout overflow: 'recent_path' extends outside parent 'recent_repo_.' bounds (child_rel=[0.0,28.0], child_size=[323.1,24.0], child_end=[323.1,52.0], parent_size=[323.1,31.1], gap=0.0, start_offset=0.0)
[WARN] Layout wrap: 'recent_path' in parent 'recent_repo_floatinghotel' - NoWrap set but would overflow (child_size=24.0, offset=28.0, container=31.1)
[WARN] Layout overflow: 'recent_path' extends outside parent 'recent_repo_floatinghotel' bounds (child_rel=[0.0,28.0], child_size=[323.1,24.0], child_end=[323.1,52.0], parent_size=[323.1,31.1], gap=0.0, start_offset=0.0)
[WARN] Layout wrap: 'recent_path' in parent 'recent_repo_.' - NoWrap set but would overflow (child_size=24.0, offset=28.0, container=31.1)
[WARN] Layout overflow: 'recent_path' extends outside parent 'recent_repo_.' bounds (child_rel=[0.0,28.0], child_size=[323.1,24.0], child_end=[323.1,52.0], parent_size=[323.1,31.1], gap=0.0, start_offset=0.0)
[WARN] Layout wrap: 'recent_path' in parent 'recent_repo_fhclone' - NoWrap set but would overflow (child_size=24.0, offset=28.0, container=31.1)
[WARN] Layout overflow: 'recent_path' extends outside parent 'recent_repo_fhclone' bounds (child_rel=[0.0,28.0], child_size=[323.1,24.0], child_end=[323.1,52.0], parent_size=[323.1,31.1], gap=0.0, start_offset=0.0)
[WARN] Layout wrap: 'recent_path' in parent 'recent_repo_.' - NoWrap set but would overflow (child_size=24.0, offset=28.0, container=31.1)
[WARN] Layout overflow: 'recent_path' extends outside parent 'recent_repo_.' bounds (child_rel=[0.0,28.0], child_size=[323.1,24.0], child_end=[323.1,52.0], parent_size=[323.1,31.1], gap=0.0, start_offset=0.0)
[WARN] Layout wrap: 'recent_path' in parent 'recent_repo_.' - NoWrap set but would overflow (child_size=24.0, offset=28.0, container=31.1)
[WARN] Layout overflow: 'recent_path' extends outside parent 'recent_repo_.' bounds (child_rel=[0.0,28.0], child_size=[323.1,24.0], child_end=[323.1,52.0], parent_size=[323.1,31.1], gap=0.0, start_offset=0.0)
[WARN] Layout wrap: 'recent_path' in parent 'recent_repo_afterhours' - NoWrap set but would overflow (child_size=24.0, offset=28.0, container=31.1)
[WARN] Layout overflow: 'recent_path' extends outside parent 'recent_repo_afterhours' bounds (child_rel=[0.0,28.0], child_size=[323.1,24.0], child_end=[323.1,52.0], parent_size=[323.1,31.1], gap=0.0, start_offset=0.0)
[WARN] Layout wrap: 'recent_path' in parent 'recent_repo_floatinghotel_test_repo' - NoWrap set but would overflow (child_size=24.0, offset=28.0, container=31.1)
[WARN] Layout overflow: 'recent_path' extends outside parent 'recent_repo_floatinghotel_test_repo' bounds (child_rel=[0.0,28.0], child_size=[323.1,24.0], child_end=[323.1,52.0], parent_size=[323.1,31.1], gap=0.0, start_offset=0.0)
[WARN] Layout wrap: 'recent_path' in parent 'recent_repo_fixture_repo' - NoWrap set but would overflow (child_size=24.0, offset=28.0, container=31.1)
[WARN] Layout overflow: 'recent_path' extends outside parent 'recent_repo_fixture_repo' bounds (child_rel=[0.0,28.0], child_size=[323.1,24.0], child_end=[323.1,52.0], parent_size=[323.1,31.1], gap=0.0, start_offset=0.0)
[WARN] Layout wrap: 'recent_path' in parent 'recent_repo_.' - NoWrap set but would overflow (child_size=24.0, offset=28.0, container=31.1)
[WARN] Layout overflow: 'recent_path' extends outside parent 'recent_repo_.' bounds (child_rel=[0.0,28.0], child_size=[323.1,24.0], child_end=[323.1,52.0], parent_size=[323.1,31.1], gap=0.0, start_offset=0.0)
[WARN] Layout wrap: 'recent_path' in parent 'recent_repo_floatinghotel' - NoWrap set but would overflow (child_size=24.0, offset=28.0, container=31.1)
[WARN] Layout overflow: 'recent_path' extends outside parent 'recent_repo_floatinghotel' bounds (child_rel=[0.0,28.0], child_size=[323.1,24.0], child_end=[323.1,52.0], parent_size=[323.1,31.1], gap=0.0, start_offset=0.0)
[WARN] Layout wrap: 'recent_path' in parent 'recent_repo_.' - NoWrap set but would overflow (child_size=24.0, offset=28.0, container=31.1)
[WARN] Layout overflow: 'recent_path' extends outside parent 'recent_repo_.' bounds (child_rel=[0.0,28.0], child_size=[323.1,24.0], child_end=[323.1,52.0], parent_size=[323.1,31.1], gap=0.0, start_offset=0.0)
[WARN] Layout wrap: 'recent_path' in parent 'recent_repo_fhclone' - NoWrap set but would overflow (child_size=24.0, offset=28.0, container=31.1)
[WARN] Layout overflow: 'recent_path' extends outside parent 'recent_repo_fhclone' bounds (child_rel=[0.0,28.0], child_size=[323.1,24.0], child_end=[323.1,52.0], parent_size=[323.1,31.1], gap=0.0, start_offset=0.0)
[WARN] Layout wrap: 'recent_path' in parent 'recent_repo_.' - NoWrap set but would overflow (child_size=24.0, offset=28.0, container=31.1)
[WARN] Layout overflow: 'recent_path' extends outside parent 'recent_repo_.' bounds (child_rel=[0.0,28.0], child_size=[323.1,24.0], child_end=[323.1,52.0], parent_size=[323.1,31.1], gap=0.0, start_offset=0.0)
[WARN] Layout wrap: 'recent_path' in parent 'recent_repo_.' - NoWrap set but would overflow (child_size=24.0, offset=28.0, container=31.1)
[WARN] Layout overflow: 'recent_path' extends outside parent 'recent_repo_.' bounds (child_rel=[0.0,28.0], child_size=[323.1,24.0], child_end=[323.1,52.0], parent_size=[323.1,31.1], gap=0.0, start_offset=0.0)
[WARN] Layout wrap: 'recent_path' in parent 'recent_repo_afterhours' - NoWrap set but would overflow (child_size=24.0, offset=28.0, container=31.1)
[WARN] Layout overflow: 'recent_path' extends outside parent 'recent_repo_afterhours' bounds (child_rel=[0.0,28.0], child_size=[323.1,24.0], child_end=[323.1,52.0], parent_size=[323.1,31.1], gap=0.0, start_offset=0.0)
[WARN] Layout wrap: 'recent_path' in parent 'recent_repo_floatinghotel_test_repo' - NoWrap set but would overflow (child_size=24.0, offset=28.0, container=31.1)
[WARN] Layout overflow: 'recent_path' extends outside parent 'recent_repo_floatinghotel_test_repo' bounds (child_rel=[0.0,28.0], child_size=[323.1,24.0], child_end=[323.1,52.0], parent_size=[323.1,31.1], gap=0.0, start_offset=0.0)
[WARN] Layout wrap: 'recent_path' in parent 'recent_repo_fixture_repo' - NoWrap set but would overflow (child_size=24.0, offset=28.0, container=31.1)
[WARN] Layout overflow: 'recent_path' extends outside parent 'recent_repo_fixture_repo' bounds (child_rel=[0.0,28.0], child_size=[323.1,24.0], child_end=[323.1,52.0], parent_size=[323.1,31.1], gap=0.0, start_offset=0.0)
[WARN] Layout wrap: 'recent_path' in parent 'recent_repo_.' - NoWrap set but would overflow (child_size=24.0, offset=28.0, container=31.1)
[WARN] Layout overflow: 'recent_path' extends outside parent 'recent_repo_.' bounds (child_rel=[0.0,28.0], child_size=[323.1,24.0], child_end=[323.1,52.0], parent_size=[323.1,31.1], gap=0.0, start_offset=0.0)
[WARN] Layout wrap: 'recent_path' in parent 'recent_repo_floatinghotel' - NoWrap set but would overflow (child_size=24.0, offset=28.0, container=31.1)
[WARN] Layout overflow: 'recent_path' extends outside parent 'recent_repo_floatinghotel' bounds (child_rel=[0.0,28.0], child_size=[323.1,24.0], child_end=[323.1,52.0], parent_size=[323.1,31.1], gap=0.0, start_offset=0.0)
[WARN] Layout wrap: 'recent_path' in parent 'recent_repo_.' - NoWrap set but would overflow (child_size=24.0, offset=28.0, container=31.1)
[WARN] Layout overflow: 'recent_path' extends outside parent 'recent_repo_.' bounds (child_rel=[0.0,28.0], child_size=[323.1,24.0], child_end=[323.1,52.0], parent_size=[323.1,31.1], gap=0.0, start_offset=0.0)
[WARN] Layout wrap: 'recent_path' in parent 'recent_repo_fhclone' - NoWrap set but would overflow (child_size=24.0, offset=28.0, container=31.1)
[WARN] Layout overflow: 'recent_path' extends outside parent 'recent_repo_fhclone' bounds (child_rel=[0.0,28.0], child_size=[323.1,24.0], child_end=[323.1,52.0], parent_size=[323.1,31.1], gap=0.0, start_offset=0.0)
[WARN] Layout wrap: 'recent_path' in parent 'recent_repo_.' - NoWrap set but would overflow (child_size=24.0, offset=28.0, container=31.1)
[WARN] Layout overflow: 'recent_path' extends outside parent 'recent_repo_.' bounds (child_rel=[0.0,28.0], child_size=[323.1,24.0], child_end=[323.1,52.0], parent_size=[323.1,31.1], gap=0.0, start_offset=0.0)
[WARN] Layout wrap: 'recent_path' in parent 'recent_repo_.' - NoWrap set but would overflow (child_size=24.0, offset=28.0, container=31.1)
[WARN] Layout overflow: 'recent_path' extends outside parent 'recent_repo_.' bounds (child_rel=[0.0,28.0], child_size=[323.1,24.0], child_end=[323.1,52.0], parent_size=[323.1,31.1], gap=0.0, start_offset=0.0)
[WARN] Layout wrap: 'recent_path' in parent 'recent_repo_afterhours' - NoWrap set but would overflow (child_size=24.0, offset=28.0, container=31.1)
[WARN] Layout overflow: 'recent_path' extends outside parent 'recent_repo_afterhours' bounds (child_rel=[0.0,28.0], child_size=[323.1,24.0], child_end=[323.1,52.0], parent_size=[323.1,31.1], gap=0.0, start_offset=0.0)
[WARN] Layout wrap: 'recent_path' in parent 'recent_repo_floatinghotel_test_repo' - NoWrap set but would overflow (child_size=24.0, offset=28.0, container=31.1)
[WARN] Layout overflow: 'recent_path' extends outside parent 'recent_repo_floatinghotel_test_repo' bounds (child_rel=[0.0,28.0], child_size=[323.1,24.0], child_end=[323.1,52.0], parent_size=[323.1,31.1], gap=0.0, start_offset=0.0)
[WARN] Layout wrap: 'recent_path' in parent 'recent_repo_fixture_repo' - NoWrap set but would overflow (child_size=24.0, offset=28.0, container=31.1)
[WARN] Layout overflow: 'recent_path' extends outside parent 'recent_repo_fixture_repo' bounds (child_rel=[0.0,28.0], child_size=[323.1,24.0], child_end=[323.1,52.0], parent_size=[323.1,31.1], gap=0.0, start_offset=0.0)
[WARN] Layout wrap: 'recent_path' in parent 'recent_repo_.' - NoWrap set but would overflow (child_size=24.0, offset=28.0, container=31.1)
[WARN] Layout overflow: 'recent_path' extends outside parent 'recent_repo_.' bounds (child_rel=[0.0,28.0], child_size=[323.1,24.0], child_end=[323.1,52.0], parent_size=[323.1,31.1], gap=0.0, start_offset=0.0)
[WARN] Layout wrap: 'recent_path' in parent 'recent_repo_floatinghotel' - NoWrap set but would overflow (child_size=24.0, offset=28.0, container=31.1)
[WARN] Layout overflow: 'recent_path' extends outside parent 'recent_repo_floatinghotel' bounds (child_rel=[0.0,28.0], child_size=[323.1,24.0], child_end=[323.1,52.0], parent_size=[323.1,31.1], gap=0.0, start_offset=0.0)
[WARN] Layout wrap: 'recent_path' in parent 'recent_repo_.' - NoWrap set but would overflow (child_size=24.0, offset=28.0, container=31.1)
[WARN] Layout overflow: 'recent_path' extends outside parent 'recent_repo_.' bounds (child_rel=[0.0,28.0], child_size=[323.1,24.0], child_end=[323.1,52.0], parent_size=[323.1,31.1], gap=0.0, start_offset=0.0)
[WARN] Layout wrap: 'recent_path' in parent 'recent_repo_fhclone' - NoWrap set but would overflow (child_size=24.0, offset=28.0, container=31.1)
[WARN] Layout overflow: 'recent_path' extends outside parent 'recent_repo_fhclone' bounds (child_rel=[0.0,28.0], child_size=[323.1,24.0], child_end=[323.1,52.0], parent_size=[323.1,31.1], gap=0.0, start_offset=0.0)
[WARN] Layout wrap: 'recent_path' in parent 'recent_repo_.' - NoWrap set but would overflow (child_size=24.0, offset=28.0, container=31.1)
[WARN] Layout overflow: 'recent_path' extends outside parent 'recent_repo_.' bounds (child_rel=[0.0,28.0], child_size=[323.1,24.0], child_end=[323.1,52.0], parent_size=[323.1,31.1], gap=0.0, start_offset=0.0)
[WARN] Layout wrap: 'recent_path' in parent 'recent_repo_.' - NoWrap set but would overflow (child_size=24.0, offset=28.0, container=31.1)
[WARN] Layout overflow: 'recent_path' extends outside parent 'recent_repo_.' bounds (child_rel=[0.0,28.0], child_size=[323.1,24.0], child_end=[323.1,52.0], parent_size=[323.1,31.1], gap=0.0, start_offset=0.0)
[WARN] Layout wrap: 'recent_path' in parent 'recent_repo_afterhours' - NoWrap set but would overflow (child_size=24.0, offset=28.0, container=31.1)
[WARN] Layout overflow: 'recent_path' extends outside parent 'recent_repo_afterhours' bounds (child_rel=[0.0,28.0], child_size=[323.1,24.0], child_end=[323.1,52.0], parent_size=[323.1,31.1], gap=0.0, start_offset=0.0)
[WARN] Layout wrap: 'recent_path' in parent 'recent_repo_floatinghotel_test_repo' - NoWrap set but would overflow (child_size=24.0, offset=28.0, container=31.1)
[WARN] Layout overflow: 'recent_path' extends outside parent 'recent_repo_floatinghotel_test_repo' bounds (child_rel=[0.0,28.0], child_size=[323.1,24.0], child_end=[323.1,52.0], parent_size=[323.1,31.1], gap=0.0, start_offset=0.0)
[WARN] Layout wrap: 'recent_path' in parent 'recent_repo_fixture_repo' - NoWrap set but would overflow (child_size=24.0, offset=28.0, container=31.1)
[WARN] Layout overflow: 'recent_path' extends outside parent 'recent_repo_fixture_repo' bounds (child_rel=[0.0,28.0], child_size=[323.1,24.0], child_end=[323.1,52.0], parent_size=[323.1,31.1], gap=0.0, start_offset=0.0)
[WARN] Layout wrap: 'recent_path' in parent 'recent_repo_.' - NoWrap set but would overflow (child_size=24.0, offset=28.0, container=31.1)
[WARN] Layout overflow: 'recent_path' extends outside parent 'recent_repo_.' bounds (child_rel=[0.0,28.0], child_size=[323.1,24.0], child_end=[323.1,52.0], parent_size=[323.1,31.1], gap=0.0, start_offset=0.0)
[WARN] Layout wrap: 'recent_path' in parent 'recent_repo_floatinghotel' - NoWrap set but would overflow (child_size=24.0, offset=28.0, container=31.1)
[WARN] Layout overflow: 'recent_path' extends outside parent 'recent_repo_floatinghotel' bounds (child_rel=[0.0,28.0], child_size=[323.1,24.0], child_end=[323.1,52.0], parent_size=[323.1,31.1], gap=0.0, start_offset=0.0)
[WARN] Layout wrap: 'recent_path' in parent 'recent_repo_.' - NoWrap set but would overflow (child_size=24.0, offset=28.0, container=31.1)
[WARN] Layout overflow: 'recent_path' extends outside parent 'recent_repo_.' bounds (child_rel=[0.0,28.0], child_size=[323.1,24.0], child_end=[323.1,52.0], parent_size=[323.1,31.1], gap=0.0, start_offset=0.0)
[WARN] Layout wrap: 'recent_path' in parent 'recent_repo_fhclone' - NoWrap set but would overflow (child_size=24.0, offset=28.0, container=31.1)
[WARN] Layout overflow: 'recent_path' extends outside parent 'recent_repo_fhclone' bounds (child_rel=[0.0,28.0], child_size=[323.1,24.0], child_end=[323.1,52.0], parent_size=[323.1,31.1], gap=0.0, start_offset=0.0)
[WARN] Layout wrap: 'recent_path' in parent 'recent_repo_.' - NoWrap set but would overflow (child_size=24.0, offset=28.0, container=31.1)
[WARN] Layout overflow: 'recent_path' extends outside parent 'recent_repo_.' bounds (child_rel=[0.0,28.0], child_size=[323.1,24.0], child_end=[323.1,52.0], parent_size=[323.1,31.1], gap=0.0, start_offset=0.0)
[INFO] bench_frames: 120 frames, 113 entities: avg 1.53 ms  p50 1.48  p99 3.19  max 3.95
[INFO]     0.32 ms/frame  afterhours::ui::UIPluginRenderBridge<InputAction>
[INFO]     0.30 ms/frame  ecs::MainContentSystem
[INFO]     0.14 ms/frame  afterhours::ui::UIPluginPostUpdateBridge<InputAction>
[INFO]     0.08 ms/frame  ecs::TabSyncSystem
[INFO]     0.07 ms/frame  ecs::SidebarSystem
[INFO]     0.04 ms/frame  ecs::MenuBarSystem
[INFO]     0.02 ms/frame  afterhours::ui::validation::ValidateComponentContrast
[INFO]     0.02 ms/frame  ui::RenderWrappedTooltip<InputAction>
[INFO] expect_p99_below: 3.19ms <= 20.00ms (PASS)
[INFO] E2E finished in 2.23 seconds
