[INFO] Process start to main: 23 ms
[INFO] Registered singleton 0 for afterhours::files::ProvidesResourcePaths (0)
[INFO] Settings loaded from /Users/gabeochoa/Library/Application Support/floatinghotel/settings.json
[INFO] Pre-graphics init: 8 ms
[INFO]   Window+GPU init: 106 ms
[INFO] Registered singleton 1 for afterhours::input::InputCollector (1)
[INFO] Registered singleton 1 for afterhours::input::ProvidesMaxGamepadID (2)
[INFO] Registered singleton 1 for afterhours::input::ProvidesInputMapping (3)
[INFO] Registered singleton 1 for afterhours::input::ProvidesInputConfig (4)
[WARN] try_load_gamepad_mappings: no backend configured
[INFO] Registered singleton 1 for afterhours::window_manager::ProvidesTargetFPS (5)
[INFO] Registered singleton 1 for afterhours::window_manager::ProvidesCurrentResolution (6)
[INFO] Registered singleton 1 for afterhours::window_manager::ProvidesAvailableWindowResolutions (7)
[INFO] Registered singleton 2 for afterhours::ui::UIContext<InputAction> (8)
[INFO] Registered singleton 2 for afterhours::ui::FontManager (9)
[INFO] Registered singleton 2 for afterhours::ui::TextMeasureCache (10)
[INFO] Registered singleton 2 for afterhours::ui::UIEntityMappingCache (11)
[INFO] Registered singleton 2 for afterhours::ui::DragGroupState (12)
[INFO]   Preload+fonts: 0 ms
[INFO] Registered singleton 6 for afterhours::modal::ModalRoot (28)
[INFO] Registered singleton 7 for afterhours::ui::TooltipState (29)
[INFO]   Systems registration: 0 ms
[INFO] Startup time: 107 ms (from graphics::run to app_init done)
[INFO] [Validation] No UI violations detected
[INFO] git: 575 ms (waited 0 ms for lock): git ls-files
[INFO] git: 585 ms (waited 0 ms for lock): git log
[INFO] commits loaded: 2 commits, 586 ms after refresh requested, 737 ms since process start
[INFO] git: 588 ms (waited 0 ms for lock): git status
[INFO] refresh: status ready at 595 ms
[INFO] git: 245 ms (waited 0 ms for lock): git branch
[INFO] refresh: branches ready at 832 ms
[INFO] git: 269 ms (waited 0 ms for lock): git diff
[INFO] git: 256 ms (waited 0 ms for lock): git diff
[INFO] refresh: diff ready at 846 ms
[INFO] refresh: done in 846 ms
[INFO] Reading restore a.cpp line 80 column 5 fraction 0.15 target 114.59998 viewport 868 content 13684.767
[INFO] Reading restore a.cpp line 500 column 9 fraction 0.15 target 10969.004 viewport 868 content 13684.779
[INFO] Reading restore a.cpp line 600 column 20 fraction 0.15 target 12816.752 viewport 868 content 13684.752
[INFO] Reading restore a.cpp line 500 column 9 fraction 0.15 target 10968.978 viewport 868 content 13684.751
[INFO] Reading restore a.cpp line 200 column 300 fraction 0.15 target 3212.2034 viewport 868 content 13684.822
[INFO] Reading restore large.cpp line 4200 column 2 fraction 0.15 target 114.60001 viewport 868 content 20750.258
[INFO] Reading restore large.cpp line 1 column 1 fraction 0.15 target 0 viewport 868 content 104927.13
[INFO] Reading restore large.cpp line 4200 column 2 fraction 0.15 target 114.60001 viewport 868 content 20750.256
[INFO] git: 168 ms (waited 0 ms for lock): git rev-parse
[INFO] git: 209 ms (waited 0 ms for lock): git show
[INFO] git: 223 ms (waited 0 ms for lock): git show
[INFO] git: 213 ms (waited 0 ms for lock): git rev-parse
[INFO] git: 240 ms (waited 2 ms for lock): git ls-tree
[INFO] git: 235 ms (waited 0 ms for lock): git rev-parse
[INFO] git: 209 ms (waited 0 ms for lock): git rev-parse
[INFO] git: 219 ms (waited 0 ms for lock): git rev-parse
[INFO] git: 45 ms (waited 0 ms for lock): git cat-file
[INFO] git: 207 ms (waited 0 ms for lock): git rev-parse
[INFO] git: 176 ms (waited 0 ms for lock): git cat-file
[INFO] git: 182 ms (waited 0 ms for lock): git ls-tree
[INFO] git: 722 ms (waited 0 ms for lock): git cat-file
[INFO] git: 191 ms (waited 0 ms for lock): git rev-parse
[INFO] git: 190 ms (waited 0 ms for lock): git cat-file
[INFO] git: 267 ms (waited 0 ms for lock): git ls-tree
[INFO] git: 754 ms (waited 0 ms for lock): git cat-file
[INFO] Reading restore a.cpp line 90 column 3 fraction 0.15 target 114.60001 viewport 868 content 13428.768
[INFO] git: 292 ms (waited 0 ms for lock): git rev-parse
[INFO] commit patch cache hit for 3d06afa78f63015d459dea1715d0d6e9e5a99134
[INFO] Reading restore a.cpp line 1 column 1 fraction 0.14336284 target 3.2186508e-06 viewport 904 content 146669.8
[INFO] Reading restore a.cpp line 400 column 7 fraction 0.15 target 10310.814 viewport 904 content 146669.86
[INFO] Reading restore a.cpp line 1 column 1 fraction 0.14336284 target 3.2186508e-06 viewport 904 content 146669.8
[INFO] git: 202 ms (waited 0 ms for lock): git rev-parse
[INFO] git: 208 ms (waited 0 ms for lock): git show
[INFO] git: 204 ms (waited 0 ms for lock): git show
[INFO] Reading restore gone.cpp line 90 column 4 fraction 0.15 target 1853.5999 viewport 904 content 2757.5999
[INFO] git: 177 ms (waited 0 ms for lock): git rev-parse
[INFO] git: 169 ms (waited 0 ms for lock): git rev-parse
[INFO] git: 196 ms (waited 0 ms for lock): git rev-parse
[INFO] Reading restore gone.cpp line 90 column 4 fraction 0.15 target 2153.6013 viewport 604 content 2757.6013
[INFO] Reading restore gone.cpp line 90 column 4 fraction 0.15 target 1853.6013 viewport 904 content 2757.6013
[INFO] bench_frames: 120 frames, 256 entities: avg 1.73 ms  p50 1.44  p99 3.83  max 6.02
[INFO]     0.53 ms/frame  afterhours::ui::UIPluginRenderBridge<InputAction>
[INFO]     0.46 ms/frame  ecs::MainContentSystem
[INFO]     0.14 ms/frame  afterhours::ui::UIPluginPostUpdateBridge<InputAction>
[INFO]     0.10 ms/frame  ecs::SidebarSystem
[INFO]     0.03 ms/frame  afterhours::ui::validation::ValidateComponentContrast
[INFO]     0.03 ms/frame  ecs::TabSyncSystem
[INFO]     0.01 ms/frame  ecs::MenuBarSystem
[INFO]     0.01 ms/frame  HandleIdlePacingCommands
[INFO] expect_p99_below: 3.83ms <= 20.00ms (PASS)
[INFO] E2E finished in 4.30 seconds
