[INFO] Process start to main: 580 ms
[INFO] Registered singleton 0 for afterhours::files::ProvidesResourcePaths (0)
[INFO] Settings loaded from /Users/gabeochoa/Library/Application Support/floatinghotel/settings.json
[INFO] Pre-graphics init: 14 ms
[INFO]   Window+GPU init: 353 ms
[INFO] Registered singleton 1 for afterhours::input::InputCollector (1)
[INFO] Registered singleton 1 for afterhours::input::ProvidesMaxGamepadID (2)
[INFO] Registered singleton 1 for afterhours::input::ProvidesInputMapping (3)
[INFO] Registered singleton 1 for afterhours::input::ProvidesInputConfig (4)
[WARN] try_load_gamepad_mappings: no backend configured
[INFO] Registered singleton 1 for afterhours::window_manager::ProvidesTargetFPS (5)
[INFO] Registered singleton 1 for afterhours::window_manager::ProvidesCurrentResolution (6)
[INFO] Registered singleton 1 for afterhours::window_manager::ProvidesAvailableWindowResolutions (7)
[INFO] Registered singleton 2 for afterhours::ui::UIContext<InputAction> (8)
[INFO] Registered singleton 2 for afterhours::ui::FontManager (9)
[INFO] Registered singleton 2 for afterhours::ui::TextMeasureCache (10)
[INFO] Registered singleton 2 for afterhours::ui::UIEntityMappingCache (11)
[INFO] Registered singleton 2 for afterhours::ui::DragGroupState (12)
[INFO]   Preload+fonts: 3 ms
[INFO] Registered singleton 6 for afterhours::modal::ModalRoot (28)
[INFO] Registered singleton 7 for afterhours::ui::TooltipState (29)
[INFO]   Systems registration: 0 ms
[INFO] Startup time: 357 ms (from graphics::run to app_init done)
[INFO] [Validation] No UI violations detected
[INFO] git: 98 ms (waited 0 ms for lock): git status
[INFO] git: 99 ms (waited 0 ms for lock): git ls-files
[INFO] refresh: status ready at 99 ms
[INFO] git: 113 ms (waited 0 ms for lock): git log
[INFO] commits loaded: 3 commits, 113 ms after refresh requested, 1085 ms since process start
[INFO] git: 157 ms (waited 0 ms for lock): git branch
[INFO] refresh: branches ready at 260 ms
[INFO] git: 165 ms (waited 0 ms for lock): git diff
[INFO] refresh: diff ready at 265 ms
[INFO] git: 160 ms (waited 0 ms for lock): git diff
[INFO] refresh: done in 274 ms
[INFO] git: 89 ms (waited 0 ms for lock): git rev-parse
[INFO] git: 119 ms (waited 0 ms for lock): git rev-parse
[INFO] git: 124 ms (waited 0 ms for lock): git diff
[INFO] git: 123 ms (waited 0 ms for lock): git rev-parse
[INFO] git: 99 ms (waited 0 ms for lock): git rev-parse
[INFO] git: 149 ms (waited 0 ms for lock): git rev-parse
[INFO] git: 100 ms (waited 0 ms for lock): git rev-parse
[INFO] git: 115 ms (waited 0 ms for lock): git cat-file
[INFO] git: 116 ms (waited 0 ms for lock): git ls-tree
[INFO] git: 108 ms (waited 0 ms for lock): git cat-file
[INFO] git: 186 ms (waited 0 ms for lock): git rev-parse
[INFO] git: 128 ms (waited 0 ms for lock): git grep
[INFO] git: 159 ms (waited 0 ms for lock): git rev-parse
[INFO] git: 175 ms (waited 0 ms for lock): git grep
[INFO] git: 107 ms (waited 0 ms for lock): git rev-parse
[INFO] git: 140 ms (waited 0 ms for lock): git cat-file
[INFO] git: 170 ms (waited 0 ms for lock): git ls-tree
[INFO] git: 116 ms (waited 0 ms for lock): git cat-file
[INFO] git: 140 ms (waited 0 ms for lock): git rev-parse
[INFO] git: 88 ms (waited 0 ms for lock): git rev-parse
[INFO] git: 115 ms (waited 0 ms for lock): git rev-parse
[INFO] git: 152 ms (waited 0 ms for lock): git rev-parse
[INFO] git: 152 ms (waited 0 ms for lock): git rev-parse
[INFO] git: 136 ms (waited 0 ms for lock): git diff
[INFO] git: 139 ms (waited 0 ms for lock): git rev-parse
[INFO] git: 133 ms (waited 0 ms for lock): git rev-parse
[INFO] git: 122 ms (waited 0 ms for lock): git rev-parse
[INFO] bench_frames: 120 frames, 313 entities: avg 3.46 ms  p50 3.32  p99 6.89  max 14.08
[INFO]     1.06 ms/frame  afterhours::ui::UIPluginRenderBridge<InputAction>
[INFO]     0.66 ms/frame  ecs::MainContentSystem
[INFO]     0.35 ms/frame  afterhours::ui::UIPluginPostUpdateBridge<InputAction>
[INFO]     0.24 ms/frame  ecs::SidebarSystem
[INFO]     0.09 ms/frame  ecs::TabSyncSystem
[INFO]     0.08 ms/frame  afterhours::ui::validation::ValidateComponentContrast
[INFO]     0.03 ms/frame  afterhours::ui::UIPluginPreUpdateBridge<InputAction>
[INFO]     0.03 ms/frame  ecs::MenuBarSystem
[INFO] expect_p99_below: 6.89ms <= 20.00ms (PASS)
[INFO] E2E finished in 0.72 seconds
