[INFO] Process start to main: 53 ms
[INFO] Registered singleton 0 for afterhours::files::ProvidesResourcePaths (0)
[INFO] Settings loaded from /Users/gabeochoa/Library/Application Support/floatinghotel/settings.json
[INFO] Pre-graphics init: 31 ms
[INFO]   Window+GPU init: 219 ms
[INFO] Registered singleton 1 for afterhours::input::InputCollector (1)
[INFO] Registered singleton 1 for afterhours::input::ProvidesMaxGamepadID (2)
[INFO] Registered singleton 1 for afterhours::input::ProvidesInputMapping (3)
[INFO] Registered singleton 1 for afterhours::input::ProvidesInputConfig (4)
[WARN] try_load_gamepad_mappings: no backend configured
[INFO] Registered singleton 1 for afterhours::window_manager::ProvidesTargetFPS (5)
[INFO] Registered singleton 1 for afterhours::window_manager::ProvidesCurrentResolution (6)
[INFO] Registered singleton 1 for afterhours::window_manager::ProvidesAvailableWindowResolutions (7)
[INFO] Registered singleton 2 for afterhours::ui::UIContext<InputAction> (8)
[INFO] Registered singleton 2 for afterhours::ui::FontManager (9)
[INFO] Registered singleton 2 for afterhours::ui::TextMeasureCache (10)
[INFO] Registered singleton 2 for afterhours::ui::UIEntityMappingCache (11)
[INFO] Registered singleton 2 for afterhours::ui::DragGroupState (12)
[INFO]   Preload+fonts: 1 ms
[INFO] Registered singleton 6 for afterhours::modal::ModalRoot (28)
[INFO] Registered singleton 7 for afterhours::ui::TooltipState (29)
[INFO]   Systems registration: 0 ms
[INFO] Startup time: 221 ms (from graphics::run to app_init done)
[INFO] [Validation] No UI violations detected
[INFO] git: 481 ms (waited 0 ms for lock): git ls-files
[INFO] git: 722 ms (waited 0 ms for lock): git status
[INFO] refresh: status ready at 723 ms
[INFO] git: 784 ms (waited 0 ms for lock): git log
[INFO] commits loaded: 3 commits, 784 ms after refresh requested, 1106 ms since process start
[INFO] git: 373 ms (waited 0 ms for lock): git diff
[INFO] refresh: diff ready at 855 ms
[INFO] git: 407 ms (waited 0 ms for lock): git diff
[INFO] git: 499 ms (waited 0 ms for lock): git branch
[INFO] refresh: branches ready at 1223 ms
[INFO] refresh: done in 1223 ms
[INFO] git: 254 ms (waited 0 ms for lock): git rev-parse
[INFO] git: 273 ms (waited 0 ms for lock): git rev-parse
[INFO] git: 219 ms (waited 0 ms for lock): git diff
[INFO] git: 171 ms (waited 0 ms for lock): git rev-parse
[INFO] git: 199 ms (waited 0 ms for lock): git rev-parse
[INFO] git: 198 ms (waited 0 ms for lock): git rev-parse
[INFO] git: 182 ms (waited 0 ms for lock): git cat-file
[INFO] git: 131 ms (waited 0 ms for lock): git rev-parse
[INFO] git: 188 ms (waited 0 ms for lock): git ls-tree
[INFO] git: 154 ms (waited 0 ms for lock): git cat-file
[INFO] git: 138 ms (waited 0 ms for lock): git rev-parse
[INFO] git: 165 ms (waited 0 ms for lock): git grep
[INFO] git: 166 ms (waited 0 ms for lock): git rev-parse
[INFO] git: 237 ms (waited 0 ms for lock): git grep
[INFO] git: 154 ms (waited 0 ms for lock): git rev-parse
[INFO] git: 230 ms (waited 0 ms for lock): git cat-file
[INFO] git: 189 ms (waited 0 ms for lock): git ls-tree
[INFO] git: 225 ms (waited 0 ms for lock): git cat-file
[INFO] git: 159 ms (waited 0 ms for lock): git rev-parse
[INFO] git: 105 ms (waited 0 ms for lock): git rev-parse
[INFO] git: 124 ms (waited 0 ms for lock): git rev-parse
[INFO] git: 129 ms (waited 0 ms for lock): git rev-parse
[INFO] git: 178 ms (waited 0 ms for lock): git rev-parse
[INFO] git: 160 ms (waited 0 ms for lock): git diff
[INFO] git: 139 ms (waited 0 ms for lock): git rev-parse
[INFO] git: 128 ms (waited 0 ms for lock): git rev-parse
[INFO] git: 168 ms (waited 0 ms for lock): git rev-parse
[INFO] bench_frames: 120 frames, 314 entities: avg 3.13 ms  p50 3.10  p99 4.55  max 5.80
[INFO]     0.96 ms/frame  afterhours::ui::UIPluginRenderBridge<InputAction>
[INFO]     0.56 ms/frame  ecs::MainContentSystem
[INFO]     0.32 ms/frame  afterhours::ui::UIPluginPostUpdateBridge<InputAction>
[INFO]     0.26 ms/frame  ecs::SidebarSystem
[INFO]     0.10 ms/frame  ecs::TabSyncSystem
[INFO]     0.07 ms/frame  afterhours::ui::validation::ValidateComponentContrast
[INFO]     0.03 ms/frame  ecs::MenuBarSystem
[INFO]     0.02 ms/frame  afterhours::ui::UIPluginPreUpdateBridge<InputAction>
[INFO] expect_p99_below: 4.55ms <= 20.00ms (PASS)
[INFO] E2E finished in 0.72 seconds
