RUN source_origin
PASS 100%: selected deleted line and column, renamed old path, before object, first visible deleted line, and exact review return
PASS 140%: selected deleted line and column, renamed old path, before object, first visible deleted line, and exact review return
PASS 200%: selected deleted line and column, renamed old path, before object, first visible deleted line, and exact review return
RUN anchor_pages
PASS 100%: page two, explicit scrolling, release payload, activate saved line 4116
PASS 140%: page two, explicit scrolling, release payload, activate saved line 4110
PASS 200%: page two, explicit scrolling, release payload, activate saved line 4105
RUN anchor_layout
{'binary_sha256': '784820a2b239079da5a14eb6b8bc76d5c533dcd518ba870f3852197aa38b6357', 'baseline': False, 'errors_px': {'zoomed': 0.00010793082083182526, 'narrow': 0.00029250454213070043, 'font': 0.00029250454213070043, 'zoom200': 1.5657211633879342e-05, 'reactivated': 1.049041748046875e-05, 'split': 6.039440631866455e-05, 'split_zoom': 6.165897184473579e-05, 'split200': 0.0003420984910462721, 'unfolded': 1.7583370208740234e-06, 'markdown140': 8.799479473964311e-06, 'markdown200': 2.966477313748328e-05, 'markdown_narrow': 0.00012339307704678504, 'markdown_reset': 5.304813385009766e-06}}
RUN restore_tabs
PASS 100% saved / default zoom restored: kept tabs, preview exclusion, active fallback, lazy cache activity, exact logical source/review anchors, immutable historical bytes, unavailable source/review objects, explicit unresolved-ref resolution
PASS 140% saved / default zoom restored: kept tabs, preview exclusion, active fallback, lazy cache activity, exact logical source/review anchors, immutable historical bytes, unavailable source/review objects, explicit unresolved-ref resolution
PASS 200% saved / default zoom restored: kept tabs, preview exclusion, active fallback, lazy cache activity, exact logical source/review anchors, immutable historical bytes, unavailable source/review objects, explicit unresolved-ref resolution
RUN close_tabs
Traceback (most recent call last):
  File "/Users/gabeochoa/p/floatinghotel/tests/close_tabs.py", line 74, in <module>
    assert abs(offsets[before] - offsets[after]) < 1, (zoom, before, after, offsets)
           ^^^^^^^^^^^^^^^^^^^^^^^^^^^^^^^^^^^^^^^^^
AssertionError: (100, 'b', 'reopened_b', {'a': 400.0, 'b': 600.0, 'c': 800.0, 'inactive_closed': 800.0, 'reopened_b': 117.7846450805664, 'closed_b': 113.35406494140625, 'only_a': 122.21529388427734, 'reopened_a': 122.21529388427734})
Traceback (most recent call last):
  File "<stdin>", line 4, in <module>
  File "/opt/homebrew/Cellar/python@3.14/3.14.6/Frameworks/Python.framework/Versions/3.14/lib/python3.14/subprocess.py", line 578, in run
    raise CalledProcessError(retcode, process.args,
                             output=stdout, stderr=stderr)
subprocess.CalledProcessError: Command '['python3', 'tests/close_tabs.py', '--output', 'output/step13-accept-close_tabs']' returned non-zero exit status 1.
