[INFO] Process start to main: 1245 ms
[INFO] Registered singleton 0 for afterhours::files::ProvidesResourcePaths (0)
[INFO] Settings loaded from /Users/gabeochoa/Library/Application Support/floatinghotel/settings.json
[INFO] Pre-graphics init: 322 ms
[INFO]   Window+GPU init: 662 ms
[INFO] Registered singleton 1 for afterhours::input::InputCollector (1)
[INFO] Registered singleton 1 for afterhours::input::ProvidesMaxGamepadID (2)
[INFO] Registered singleton 1 for afterhours::input::ProvidesInputMapping (3)
[INFO] Registered singleton 1 for afterhours::input::ProvidesInputConfig (4)
[WARN] try_load_gamepad_mappings: no backend configured
[INFO] Registered singleton 1 for afterhours::window_manager::ProvidesTargetFPS (5)
[INFO] Registered singleton 1 for afterhours::window_manager::ProvidesCurrentResolution (6)
[INFO] Registered singleton 1 for afterhours::window_manager::ProvidesAvailableWindowResolutions (7)
[INFO] Registered singleton 2 for afterhours::ui::UIContext<InputAction> (8)
[INFO] Registered singleton 2 for afterhours::ui::FontManager (9)
[INFO] Registered singleton 2 for afterhours::ui::TextMeasureCache (10)
[INFO] Registered singleton 2 for afterhours::ui::UIEntityMappingCache (11)
[INFO] Registered singleton 2 for afterhours::ui::DragGroupState (12)
[INFO]   Preload+fonts: 4 ms
[INFO] Registered singleton 6 for afterhours::modal::ModalRoot (28)
[INFO] Registered singleton 7 for afterhours::ui::TooltipState (29)
[INFO]   Systems registration: 0 ms
[INFO] Startup time: 666 ms (from graphics::run to app_init done)
[INFO] [Validation] No UI violations detected
[INFO] git: 3131 ms (waited 0 ms for lock): git log
[INFO] commits loaded: 2 commits, 3137 ms after refresh requested, 5395 ms since process start
[INFO] git: 3369 ms (waited 0 ms for lock): git status
[INFO] refresh: status ready at 3382 ms
[INFO] git: 3401 ms (waited 0 ms for lock): git ls-files
[INFO] git: 771 ms (waited 0 ms for lock): git diff
[INFO] refresh: diff ready at 3907 ms
[INFO] git: 654 ms (waited 0 ms for lock): git diff
[INFO] git: 734 ms (waited 0 ms for lock): git branch
[INFO] refresh: branches ready at 4104 ms
[INFO] refresh: done in 4104 ms
[INFO] git: 235 ms (waited 0 ms for lock): git rev-parse
[INFO] git: 324 ms (waited 0 ms for lock): git show
[INFO] git: 411 ms (waited 0 ms for lock): git show
[INFO] git: 404 ms (waited 0 ms for lock): git rev-parse
[INFO] git: 332 ms (waited 0 ms for lock): git ls-tree
[INFO] git: 253 ms (waited 0 ms for lock): git rev-parse
[INFO] git: 238 ms (waited 0 ms for lock): git rev-parse
[INFO] git: 288 ms (waited 0 ms for lock): git rev-parse
[INFO] git: 0 ms (waited 8 ms for lock): git cat-file
[INFO] git: 312 ms (waited 0 ms for lock): git rev-parse
[INFO] git: 326 ms (waited 0 ms for lock): git cat-file
[INFO] git: 269 ms (waited 0 ms for lock): git ls-tree
[INFO] git: 868 ms (waited 0 ms for lock): git cat-file
[INFO] git: 685 ms (waited 0 ms for lock): git rev-parse
[INFO] git: 445 ms (waited 0 ms for lock): git cat-file
[INFO] git: 393 ms (waited 0 ms for lock): git ls-tree
[INFO] git: 823 ms (waited 0 ms for lock): git cat-file
[INFO] git: 296 ms (waited 0 ms for lock): git rev-parse
[INFO] commit patch cache hit for 26bfb66b6bbab5a3386ad30234cfd55f5a57713b
[INFO] git: 268 ms (waited 0 ms for lock): git rev-parse
[INFO] git: 258 ms (waited 0 ms for lock): git show
[INFO] git: 259 ms (waited 0 ms for lock): git show
[INFO] git: 297 ms (waited 0 ms for lock): git rev-parse
[INFO] git: 212 ms (waited 0 ms for lock): git rev-parse
[INFO] git: 233 ms (waited 0 ms for lock): git rev-parse
[INFO] bench_frames: 120 frames, 256 entities: avg 3.01 ms  p50 2.93  p99 5.90  max 7.43
[INFO]     0.78 ms/frame  afterhours::ui::UIPluginRenderBridge<InputAction>
[INFO]     0.73 ms/frame  ecs::MainContentSystem
[INFO]     0.26 ms/frame  afterhours::ui::UIPluginPostUpdateBridge<InputAction>
[INFO]     0.19 ms/frame  ecs::SidebarSystem
[INFO]     0.10 ms/frame  ecs::TabSyncSystem
[INFO]     0.05 ms/frame  afterhours::ui::validation::ValidateComponentContrast
[INFO]     0.03 ms/frame  ecs::MenuBarSystem
[INFO]     0.03 ms/frame  ecs::TabBarSystem
[INFO] expect_p99_below: 5.90ms <= 20.00ms (PASS)
[INFO] E2E finished in 4.30 seconds
