[INFO] Process start to main: 49 ms
[INFO] Registered singleton 0 for afterhours::files::ProvidesResourcePaths (0)
[INFO] Settings loaded from /Users/gabeochoa/Library/Application Support/floatinghotel/settings.json
[INFO] Pre-graphics init: 36 ms
[INFO]   Window+GPU init: 188 ms
[INFO] Registered singleton 1 for afterhours::input::InputCollector (1)
[INFO] Registered singleton 1 for afterhours::input::ProvidesMaxGamepadID (2)
[INFO] Registered singleton 1 for afterhours::input::ProvidesInputMapping (3)
[INFO] Registered singleton 1 for afterhours::input::ProvidesInputConfig (4)
[WARN] try_load_gamepad_mappings: no backend configured
[INFO] Registered singleton 1 for afterhours::window_manager::ProvidesTargetFPS (5)
[INFO] Registered singleton 1 for afterhours::window_manager::ProvidesCurrentResolution (6)
[INFO] Registered singleton 1 for afterhours::window_manager::ProvidesAvailableWindowResolutions (7)
[INFO] Registered singleton 2 for afterhours::ui::UIContext<InputAction> (8)
[INFO] Registered singleton 2 for afterhours::ui::FontManager (9)
[INFO] Registered singleton 2 for afterhours::ui::TextMeasureCache (10)
[INFO] Registered singleton 2 for afterhours::ui::UIEntityMappingCache (11)
[INFO] Registered singleton 2 for afterhours::ui::DragGroupState (12)
[INFO]   Preload+fonts: 1 ms
[INFO] Registered singleton 6 for afterhours::modal::ModalRoot (28)
[INFO] Registered singleton 7 for afterhours::ui::TooltipState (29)
[INFO]   Systems registration: 0 ms
[INFO] Startup time: 189 ms (from graphics::run to app_init done)
[INFO] [Validation] No UI violations detected
[INFO] git: 131 ms (waited 0 ms for lock): git ls-files
[INFO] git: 135 ms (waited 0 ms for lock): git status
[INFO] refresh: status ready at 136 ms
[INFO] git: 190 ms (waited 0 ms for lock): git log
[INFO] commits loaded: 1 commits, 190 ms after refresh requested, 480 ms since process start
[INFO] git: 170 ms (waited 0 ms for lock): git branch
[INFO] refresh: branches ready at 308 ms
[INFO] git: 180 ms (waited 0 ms for lock): git diff
[INFO] refresh: diff ready at 313 ms
[INFO] git: 188 ms (waited 0 ms for lock): git diff
[INFO] refresh: done in 379 ms
[WARN] Layout wrap: 'commit_heading' in parent 'main_content' - NoWrap set but would overflow (child_size=60.0, offset=0.0, container=0.0)
[WARN] Layout overflow: 'commit_heading' extends outside parent 'main_content' bounds (child_rel=[0.0,0.0], child_size=[0.0,60.0], child_end=[0.0,60.0], parent_size=[0.0,0.0], gap=0.0, start_offset=0.0)
[WARN] Layout wrap: 'commit_sticky_revision' in parent 'commit_heading' - NoWrap set but would overflow (child_size=88.0, offset=0.0, container=0.0)
[WARN] Layout overflow: 'commit_sticky_revision' extends outside parent 'commit_heading' bounds (child_rel=[0.0,0.0], child_size=[88.0,52.0], child_end=[88.0,52.0], parent_size=[0.0,52.0], gap=0.0, start_offset=0.0)
[WARN] Layout wrap: 'commit_find_host' in parent 'main_content' - NoWrap set but would overflow (child_size=72.0, offset=60.0, container=0.0)
[WARN] Layout overflow: 'commit_find_host' extends outside parent 'main_content' bounds (child_rel=[0.0,60.0], child_size=[0.0,72.0], child_end=[0.0,132.0], parent_size=[0.0,0.0], gap=0.0, start_offset=0.0)
[WARN] Layout wrap: 'commit_detail_scroll' in parent 'main_content' - NoWrap set but would overflow (child_size=0.0, offset=132.0, container=0.0)
[WARN] Layout overflow: 'commit_detail_scroll' extends outside parent 'main_content' bounds (child_rel=[0.0,132.0], child_size=[0.0,0.0], child_end=[0.0,132.0], parent_size=[0.0,0.0], gap=0.0, start_offset=0.0)
[WARN] Layout wrap: 'commit_relative_date' in parent 'commit_meta_compact' - NoWrap set but would overflow (child_size=54.0, offset=6.0, container=0.0)
[WARN] Layout overflow: 'commit_relative_date' extends outside parent 'commit_meta_compact' bounds (child_rel=[6.0,2.0], child_size=[54.0,28.0], child_end=[60.0,30.0], parent_size=[0.0,32.0], gap=6.0, start_offset=0.0)
[WARN] Layout wrap: 'commit_short_hash' in parent 'commit_meta_compact' - NoWrap set but would overflow (child_size=84.0, offset=66.0, container=0.0)
[WARN] Layout overflow: 'commit_short_hash' extends outside parent 'commit_meta_compact' bounds (child_rel=[66.0,2.0], child_size=[84.0,28.0], child_end=[150.0,30.0], parent_size=[0.0,32.0], gap=6.0, start_offset=0.0)
[WARN] Layout wrap: 'commit_meta_toggle' in parent 'commit_meta_compact' - NoWrap set but would overflow (child_size=80.0, offset=156.0, container=0.0)
[WARN] Layout overflow: 'commit_meta_toggle' extends outside parent 'commit_meta_compact' bounds (child_rel=[156.0,2.0], child_size=[80.0,28.0], child_end=[236.0,30.0], parent_size=[0.0,32.0], gap=6.0, start_offset=0.0)
[INFO] git: 149 ms (waited 0 ms for lock): git rev-parse
[INFO] git: 124 ms (waited 0 ms for lock): git show
[INFO] git: 135 ms (waited 0 ms for lock): git show
[INFO] git: 143 ms (waited 0 ms for lock): git rev-parse
[INFO] git: 111 ms (waited 0 ms for lock): git rev-parse
[INFO] git: 101 ms (waited 0 ms for lock): git rev-parse
[INFO] git: 111 ms (waited 0 ms for lock): git ls-tree
[WARN] [E2E ERROR] workspace_checkpoint (line 22): Unexpected document count
[WARN] [E2E ERROR] workspace_checkpoint (line 27): Unexpected document count
[WARN] [E2E ERROR] workspace_checkpoint (line 35): Unexpected document count
[INFO] git: 93 ms (waited 0 ms for lock): git ls-tree
[WARN] [E2E ERROR] workspace_checkpoint (line 39): Unexpected document count
[WARN] [E2E ERROR] workspace_checkpoint (line 44): Unexpected document count
[WARN] [E2E ERROR] workspace_checkpoint (line 50): Unexpected document count
[INFO] git: 112 ms (waited 0 ms for lock): git rev-parse
[INFO] git: 186 ms (waited 0 ms for lock): git grep
[WARN] [E2E ERROR] workspace_checkpoint (line 60): Unexpected document count
[WARN] [E2E ERROR] workspace_checkpoint (line 64): Unexpected document count
[INFO] git: 136 ms (waited 0 ms for lock): git rev-parse
[INFO] git: 105 ms (waited 0 ms for lock): git cat-file
[WARN] [E2E ERROR] workspace_checkpoint (line 69): Unexpected document count
[WARN] [E2E ERROR] workspace_checkpoint (line 79): Unexpected document count
[WARN] [E2E ERROR] workspace_checkpoint (line 83): Unexpected document count
[WARN] [E2E ERROR] workspace_checkpoint (line 88): Unexpected document count
[WARN] [E2E ERROR] workspace_checkpoint (line 93): Unexpected document count
[WARN] [E2E ERROR] workspace_checkpoint (line 98): Unexpected document count
[WARN] [E2E ERROR] click_ui (line 100): Visible click target not found: content_document_3
[WARN] [E2E ERROR] workspace_checkpoint (line 105): Unexpected document count
[WARN] [E2E ERROR] workspace_checkpoint (line 109): Unexpected document count
[WARN] [E2E ERROR] workspace_checkpoint (line 113): Unexpected document count
[WARN] [E2E ERROR] workspace_checkpoint (line 117): Unexpected document count
[WARN] Layout wrap: 'commit_heading' in parent 'main_content' - NoWrap set but would overflow (child_size=60.0, offset=0.0, container=0.0)
[WARN] Layout overflow: 'commit_heading' extends outside parent 'main_content' bounds (child_rel=[0.0,0.0], child_size=[0.0,60.0], child_end=[0.0,60.0], parent_size=[0.0,0.0], gap=0.0, start_offset=0.0)
[WARN] Layout wrap: 'commit_sticky_revision' in parent 'commit_heading' - NoWrap set but would overflow (child_size=88.0, offset=0.0, container=0.0)
[WARN] Layout overflow: 'commit_sticky_revision' extends outside parent 'commit_heading' bounds (child_rel=[0.0,0.0], child_size=[88.0,52.0], child_end=[88.0,52.0], parent_size=[0.0,52.0], gap=0.0, start_offset=0.0)
[WARN] Layout wrap: 'commit_find_host' in parent 'main_content' - NoWrap set but would overflow (child_size=72.0, offset=60.0, container=0.0)
[WARN] Layout overflow: 'commit_find_host' extends outside parent 'main_content' bounds (child_rel=[0.0,60.0], child_size=[0.0,72.0], child_end=[0.0,132.0], parent_size=[0.0,0.0], gap=0.0, start_offset=0.0)
[WARN] Layout wrap: 'commit_detail_scroll' in parent 'main_content' - NoWrap set but would overflow (child_size=0.0, offset=132.0, container=0.0)
[WARN] Layout overflow: 'commit_detail_scroll' extends outside parent 'main_content' bounds (child_rel=[0.0,132.0], child_size=[0.0,0.0], child_end=[0.0,132.0], parent_size=[0.0,0.0], gap=0.0, start_offset=0.0)
[WARN] Layout wrap: 'commit_relative_date' in parent 'commit_meta_compact' - NoWrap set but would overflow (child_size=54.0, offset=6.0, container=0.0)
[WARN] Layout overflow: 'commit_relative_date' extends outside parent 'commit_meta_compact' bounds (child_rel=[6.0,2.0], child_size=[54.0,28.0], child_end=[60.0,30.0], parent_size=[0.0,32.0], gap=6.0, start_offset=0.0)
[WARN] Layout wrap: 'commit_short_hash' in parent 'commit_meta_compact' - NoWrap set but would overflow (child_size=84.0, offset=66.0, container=0.0)
[WARN] Layout overflow: 'commit_short_hash' extends outside parent 'commit_meta_compact' bounds (child_rel=[66.0,2.0], child_size=[84.0,28.0], child_end=[150.0,30.0], parent_size=[0.0,32.0], gap=6.0, start_offset=0.0)
[WARN] Layout wrap: 'commit_meta_toggle' in parent 'commit_meta_compact' - NoWrap set but would overflow (child_size=80.0, offset=156.0, container=0.0)
[WARN] Layout overflow: 'commit_meta_toggle' extends outside parent 'commit_meta_compact' bounds (child_rel=[156.0,2.0], child_size=[80.0,28.0], child_end=[236.0,30.0], parent_size=[0.0,32.0], gap=6.0, start_offset=0.0)
[INFO] git: 146 ms (waited 0 ms for lock): git rev-parse
[INFO] commit patch cache hit for 532804a055f47e90f27569283ee56e41ca4944e3
[INFO] git: 231 ms (waited 0 ms for lock): git rev-parse
[INFO] git: 120 ms (waited 0 ms for lock): git rev-parse
[INFO] git: 210 ms (waited 0 ms for lock): git rev-parse
[WARN] [E2E ERROR] workspace_checkpoint (line 124): Unexpected document count
[WARN] [E2E ERROR] workspace_checkpoint (line 131): Unexpected document count
[WARN] [E2E ERROR] workspace_checkpoint (line 143): Unexpected document count
[WARN] [E2E ERROR] workspace_checkpoint (line 147): Unexpected document count
[INFO] git: 138 ms (waited 0 ms for lock): git rev-parse
[INFO] git: 191 ms (waited 0 ms for lock): git rev-parse
[INFO] git: 110 ms (waited 0 ms for lock): git diff
[WARN] [E2E ERROR] workspace_checkpoint (line 159): Unexpected document count
[WARN] [E2E ERROR] workspace_checkpoint (line 164): Unexpected document count
[INFO] git: 148 ms (waited 0 ms for lock): git rev-parse
[INFO] commit patch cache hit for 532804a055f47e90f27569283ee56e41ca4944e3
[WARN] [E2E ERROR] workspace_checkpoint (line 172): Unexpected document count
[WARN] [E2E ERROR] workspace_checkpoint (line 177): Unexpected document count
[INFO] bench_frames: 120 frames, 163 entities: avg 2.03 ms  p50 1.68  p99 5.67  max 9.67
[INFO]     0.44 ms/frame  afterhours::ui::UIPluginRenderBridge<InputAction>
[INFO]     0.25 ms/frame  ecs::MainContentSystem
[INFO]     0.18 ms/frame  afterhours::ui::UIPluginPostUpdateBridge<InputAction>
[INFO]     0.15 ms/frame  ecs::SidebarSystem
[INFO]     0.08 ms/frame  afterhours::ui::UIPluginPreUpdateBridge<InputAction>
[INFO]     0.08 ms/frame  ecs::TabSyncSystem
[INFO]     0.03 ms/frame  ecs::TabBarSystem
[INFO]     0.03 ms/frame  afterhours::ui::validation::ValidateComponentContrast
[INFO] expect_p99_below: 5.67ms <= 20.00ms (PASS)
[INFO] E2E finished in 3.02 seconds
