[INFO] Process start to main: 50 ms
[INFO] Registered singleton 0 for afterhours::files::ProvidesResourcePaths (0)
[INFO] Settings loaded from /Users/gabeochoa/Library/Application Support/floatinghotel/settings.json
[INFO] Pre-graphics init: 19 ms
[INFO]   Window+GPU init: 155 ms
[INFO] Registered singleton 1 for afterhours::input::InputCollector (1)
[INFO] Registered singleton 1 for afterhours::input::ProvidesMaxGamepadID (2)
[INFO] Registered singleton 1 for afterhours::input::ProvidesInputMapping (3)
[INFO] Registered singleton 1 for afterhours::input::ProvidesInputConfig (4)
[WARN] try_load_gamepad_mappings: no backend configured
[INFO] Registered singleton 1 for afterhours::window_manager::ProvidesTargetFPS (5)
[INFO] Registered singleton 1 for afterhours::window_manager::ProvidesCurrentResolution (6)
[INFO] Registered singleton 1 for afterhours::window_manager::ProvidesAvailableWindowResolutions (7)
[INFO] Registered singleton 2 for afterhours::ui::UIContext<InputAction> (8)
[INFO] Registered singleton 2 for afterhours::ui::FontManager (9)
[INFO] Registered singleton 2 for afterhours::ui::TextMeasureCache (10)
[INFO] Registered singleton 2 for afterhours::ui::UIEntityMappingCache (11)
[INFO] Registered singleton 2 for afterhours::ui::DragGroupState (12)
[INFO]   Preload+fonts: 0 ms
[INFO] Registered singleton 6 for afterhours::modal::ModalRoot (28)
[INFO] Registered singleton 7 for afterhours::ui::TooltipState (29)
[INFO]   Systems registration: 0 ms
[INFO] Startup time: 156 ms (from graphics::run to app_init done)
[INFO] [Validation] No UI violations detected
[INFO] git: 172 ms (waited 0 ms for lock): git ls-files
[INFO] git: 240 ms (waited 0 ms for lock): git log
[INFO] commits loaded: 3 commits, 241 ms after refresh requested, 478 ms since process start
[INFO] git: 269 ms (waited 0 ms for lock): git status
[INFO] refresh: status ready at 270 ms
[INFO] git: 268 ms (waited 0 ms for lock): git diff
[INFO] refresh: diff ready at 443 ms
[INFO] git: 265 ms (waited 0 ms for lock): git diff
[INFO] git: 298 ms (waited 0 ms for lock): git branch
[INFO] refresh: branches ready at 541 ms
[INFO] refresh: done in 541 ms
[INFO] git: 140 ms (waited 0 ms for lock): git rev-parse
[INFO] git: 152 ms (waited 0 ms for lock): git rev-parse
[INFO] git: 152 ms (waited 0 ms for lock): git diff
[INFO] git: 175 ms (waited 0 ms for lock): git rev-parse
[INFO] git: 160 ms (waited 0 ms for lock): git rev-parse
[INFO] git: 123 ms (waited 0 ms for lock): git rev-parse
[INFO] git: 116 ms (waited 0 ms for lock): git rev-parse
[INFO] git: 199 ms (waited 0 ms for lock): git cat-file
[INFO] git: 158 ms (waited 0 ms for lock): git ls-tree
[INFO] git: 151 ms (waited 0 ms for lock): git cat-file
[INFO] git: 120 ms (waited 0 ms for lock): git rev-parse
[INFO] git: 199 ms (waited 0 ms for lock): git grep
[INFO] git: 147 ms (waited 0 ms for lock): git rev-parse
[INFO] git: 142 ms (waited 0 ms for lock): git grep
[INFO] git: 110 ms (waited 0 ms for lock): git rev-parse
[INFO] git: 133 ms (waited 0 ms for lock): git cat-file
[INFO] git: 137 ms (waited 0 ms for lock): git ls-tree
[INFO] git: 148 ms (waited 0 ms for lock): git cat-file
[INFO] git: 206 ms (waited 0 ms for lock): git rev-parse
[INFO] git: 132 ms (waited 0 ms for lock): git rev-parse
[INFO] git: 144 ms (waited 0 ms for lock): git rev-parse
[INFO] git: 133 ms (waited 0 ms for lock): git rev-parse
[INFO] git: 152 ms (waited 0 ms for lock): git rev-parse
[INFO] git: 128 ms (waited 0 ms for lock): git diff
[INFO] git: 146 ms (waited 0 ms for lock): git rev-parse
[INFO] git: 108 ms (waited 0 ms for lock): git rev-parse
[INFO] git: 100 ms (waited 0 ms for lock): git rev-parse
[INFO] bench_frames: 120 frames, 260 entities: avg 2.47 ms  p50 2.24  p99 4.66  max 13.02
[INFO]     0.75 ms/frame  afterhours::ui::UIPluginRenderBridge<InputAction>
[INFO]     0.44 ms/frame  ecs::MainContentSystem
[INFO]     0.30 ms/frame  afterhours::ui::UIPluginPostUpdateBridge<InputAction>
[INFO]     0.17 ms/frame  ecs::SidebarSystem
[INFO]     0.08 ms/frame  ecs::TabSyncSystem
[INFO]     0.05 ms/frame  afterhours::ui::validation::ValidateComponentContrast
[INFO]     0.02 ms/frame  ecs::MenuBarSystem
[INFO]     0.02 ms/frame  afterhours::ui::UIPluginPreUpdateBridge<InputAction>
[INFO] expect_p99_below: 4.66ms <= 20.00ms (PASS)
[INFO] E2E finished in 0.78 seconds
