[INFO] Process start to main: 75 ms
[INFO] Registered singleton 0 for afterhours::files::ProvidesResourcePaths (0)
[INFO] Settings loaded from /Users/gabeochoa/Library/Application Support/floatinghotel/settings.json
[INFO] Pre-graphics init: 30 ms
[INFO]   Window+GPU init: 218 ms
[INFO] Registered singleton 1 for afterhours::input::InputCollector (1)
[INFO] Registered singleton 1 for afterhours::input::ProvidesMaxGamepadID (2)
[INFO] Registered singleton 1 for afterhours::input::ProvidesInputMapping (3)
[INFO] Registered singleton 1 for afterhours::input::ProvidesInputConfig (4)
[WARN] try_load_gamepad_mappings: no backend configured
[INFO] Registered singleton 1 for afterhours::window_manager::ProvidesTargetFPS (5)
[INFO] Registered singleton 1 for afterhours::window_manager::ProvidesCurrentResolution (6)
[INFO] Registered singleton 1 for afterhours::window_manager::ProvidesAvailableWindowResolutions (7)
[INFO] Registered singleton 2 for afterhours::ui::UIContext<InputAction> (8)
[INFO] Registered singleton 2 for afterhours::ui::FontManager (9)
[INFO] Registered singleton 2 for afterhours::ui::TextMeasureCache (10)
[INFO] Registered singleton 2 for afterhours::ui::UIEntityMappingCache (11)
[INFO] Registered singleton 2 for afterhours::ui::DragGroupState (12)
[INFO]   Preload+fonts: 0 ms
[INFO] Registered singleton 6 for afterhours::modal::ModalRoot (28)
[INFO] Registered singleton 7 for afterhours::ui::TooltipState (29)
[INFO]   Systems registration: 0 ms
[INFO] Startup time: 219 ms (from graphics::run to app_init done)
[INFO] [Validation] No UI violations detected
[INFO] git: 283 ms (waited 0 ms for lock): git status
[INFO] refresh: status ready at 284 ms
[INFO] git: 317 ms (waited 0 ms for lock): git log
[INFO] commits loaded: 1 commits, 317 ms after refresh requested, 654 ms since process start
[INFO] git: 385 ms (waited 0 ms for lock): git ls-files
[INFO] git: 149 ms (waited 0 ms for lock): git branch
[INFO] refresh: branches ready at 467 ms
[INFO] git: 192 ms (waited 0 ms for lock): git diff
[INFO] refresh: diff ready at 476 ms
[INFO] git: 169 ms (waited 0 ms for lock): git diff
[INFO] refresh: done in 562 ms
[INFO] git: 369 ms (waited 0 ms for lock): git grep
[INFO] bench_frames: 120 frames, 102 entities: avg 1.26 ms  p50 1.13  p99 3.32  max 5.68
[INFO]     0.26 ms/frame  afterhours::ui::UIPluginRenderBridge<InputAction>
[INFO]     0.15 ms/frame  ecs::SidebarSystem
[INFO]     0.11 ms/frame  afterhours::ui::UIPluginPostUpdateBridge<InputAction>
[INFO]     0.07 ms/frame  ecs::TabSyncSystem
[INFO]     0.03 ms/frame  ecs::MainContentSystem
[INFO]     0.03 ms/frame  ecs::MenuBarSystem
[INFO]     0.02 ms/frame  afterhours::ui::validation::ValidateComponentContrast
[INFO]     0.01 ms/frame  afterhours::ui::UIPluginPreUpdateBridge<InputAction>
[INFO] expect_p99_below: 3.32ms <= 20.00ms (PASS)
[INFO] git: 171 ms (waited 0 ms for lock): git grep
[INFO] bench_frames: 120 frames, 118 entities: avg 3.29 ms  p50 3.19  p99 4.25  max 10.43
[INFO]     2.23 ms/frame  ecs::MainContentSystem
[INFO]     0.30 ms/frame  afterhours::ui::UIPluginRenderBridge<InputAction>
[INFO]     0.13 ms/frame  afterhours::ui::UIPluginPostUpdateBridge<InputAction>
[INFO]     0.07 ms/frame  ecs::TabSyncSystem
[INFO]     0.07 ms/frame  ecs::SidebarSystem
[INFO]     0.02 ms/frame  ecs::MenuBarSystem
[INFO]     0.02 ms/frame  afterhours::ui::validation::ValidateComponentContrast
[INFO]     0.02 ms/frame  ecs::StatusBarSystem
[INFO] expect_p99_below: 4.25ms <= 20.00ms (PASS)
[INFO] E2E finished in 0.90 seconds
