[INFO] Process start to main: 28 ms
[INFO] Registered singleton 0 for afterhours::files::ProvidesResourcePaths (0)
[INFO] Settings loaded from /Users/gabeochoa/Library/Application Support/floatinghotel/settings.json
[INFO] Pre-graphics init: 8 ms
[INFO]   Window+GPU init: 118 ms
[INFO] Registered singleton 1 for afterhours::input::InputCollector (1)
[INFO] Registered singleton 1 for afterhours::input::ProvidesMaxGamepadID (2)
[INFO] Registered singleton 1 for afterhours::input::ProvidesInputMapping (3)
[INFO] Registered singleton 1 for afterhours::input::ProvidesInputConfig (4)
[WARN] try_load_gamepad_mappings: no backend configured
[INFO] Registered singleton 1 for afterhours::window_manager::ProvidesTargetFPS (5)
[INFO] Registered singleton 1 for afterhours::window_manager::ProvidesCurrentResolution (6)
[INFO] Registered singleton 1 for afterhours::window_manager::ProvidesAvailableWindowResolutions (7)
[INFO] Registered singleton 2 for afterhours::ui::UIContext<InputAction> (8)
[INFO] Registered singleton 2 for afterhours::ui::FontManager (9)
[INFO] Registered singleton 2 for afterhours::ui::TextMeasureCache (10)
[INFO] Registered singleton 2 for afterhours::ui::UIEntityMappingCache (11)
[INFO] Registered singleton 2 for afterhours::ui::DragGroupState (12)
[INFO]   Preload+fonts: 0 ms
[INFO] Registered singleton 6 for afterhours::modal::ModalRoot (28)
[INFO] Registered singleton 7 for afterhours::ui::TooltipState (29)
[INFO]   Systems registration: 0 ms
[INFO] Startup time: 119 ms (from graphics::run to app_init done)
[INFO] [Validation] No UI violations detected
[INFO] git: 105 ms (waited 0 ms for lock): git ls-files
[INFO] git: 108 ms (waited 0 ms for lock): git log
[INFO] git: 108 ms (waited 0 ms for lock): git status
[INFO] refresh: status ready at 108 ms
[INFO] commits loaded: 1 commits, 108 ms after refresh requested, 275 ms since process start
[INFO] git: 182 ms (waited 0 ms for lock): git diff
[INFO] refresh: diff ready at 288 ms
[INFO] git: 238 ms (waited 0 ms for lock): git branch
[INFO] refresh: branches ready at 347 ms
[INFO] git: 340 ms (waited 0 ms for lock): git diff
[INFO] refresh: done in 449 ms
[WARN] Layout wrap: 'commit_heading' in parent 'main_content' - NoWrap set but would overflow (child_size=84.0, offset=0.0, container=0.0)
[WARN] Layout overflow: 'commit_heading' extends outside parent 'main_content' bounds (child_rel=[0.0,0.0], child_size=[0.0,84.0], child_end=[0.0,84.0], parent_size=[0.0,0.0], gap=0.0, start_offset=0.0)
[WARN] Layout wrap: 'commit_sticky_revision' in parent 'commit_heading' - NoWrap set but would overflow (child_size=123.2, offset=0.0, container=0.0)
[WARN] Layout overflow: 'commit_sticky_revision' extends outside parent 'commit_heading' bounds (child_rel=[0.0,0.0], child_size=[123.2,72.8], child_end=[123.2,72.8], parent_size=[0.0,72.8], gap=0.0, start_offset=0.0)
[WARN] Layout wrap: 'commit_find_host' in parent 'main_content' - NoWrap set but would overflow (child_size=100.8, offset=84.0, container=0.0)
[WARN] Layout overflow: 'commit_find_host' extends outside parent 'main_content' bounds (child_rel=[0.0,84.0], child_size=[0.0,100.8], child_end=[0.0,184.8], parent_size=[0.0,0.0], gap=0.0, start_offset=0.0)
[WARN] Layout wrap: 'commit_detail_scroll' in parent 'main_content' - NoWrap set but would overflow (child_size=0.0, offset=184.8, container=0.0)
[WARN] Layout overflow: 'commit_detail_scroll' extends outside parent 'main_content' bounds (child_rel=[0.0,184.8], child_size=[0.0,0.0], child_end=[0.0,184.8], parent_size=[0.0,0.0], gap=0.0, start_offset=0.0)
[WARN] Layout wrap: 'commit_relative_date' in parent 'commit_meta_compact' - NoWrap set but would overflow (child_size=74.8, offset=8.4, container=0.0)
[WARN] Layout overflow: 'commit_relative_date' extends outside parent 'commit_meta_compact' bounds (child_rel=[8.4,2.8], child_size=[74.8,39.2], child_end=[83.2,42.0], parent_size=[0.0,44.8], gap=8.4, start_offset=0.0)
[WARN] Layout wrap: 'commit_short_hash' in parent 'commit_meta_compact' - NoWrap set but would overflow (child_size=117.6, offset=91.6, container=0.0)
[WARN] Layout overflow: 'commit_short_hash' extends outside parent 'commit_meta_compact' bounds (child_rel=[91.6,2.8], child_size=[117.6,39.2], child_end=[209.2,42.0], parent_size=[0.0,44.8], gap=8.4, start_offset=0.0)
[WARN] Layout wrap: 'commit_meta_toggle' in parent 'commit_meta_compact' - NoWrap set but would overflow (child_size=112.0, offset=217.6, container=0.0)
[WARN] Layout overflow: 'commit_meta_toggle' extends outside parent 'commit_meta_compact' bounds (child_rel=[217.6,2.8], child_size=[112.0,39.2], child_end=[329.6,42.0], parent_size=[0.0,44.8], gap=8.4, start_offset=0.0)
[INFO] git: 191 ms (waited 0 ms for lock): git rev-parse
[INFO] git: 178 ms (waited 0 ms for lock): git show
[INFO] git: 197 ms (waited 0 ms for lock): git show
[INFO] git: 145 ms (waited 0 ms for lock): git rev-parse
[INFO] git: 99 ms (waited 0 ms for lock): git rev-parse
[INFO] git: 92 ms (waited 0 ms for lock): git ls-tree
[INFO] git: 170 ms (waited 0 ms for lock): git rev-parse
[INFO] git: 164 ms (waited 0 ms for lock): git rev-parse
[INFO] git: 131 ms (waited 0 ms for lock): git cat-file
[INFO] git: 134 ms (waited 0 ms for lock): git ls-tree
[INFO] git: 160 ms (waited 0 ms for lock): git cat-file
[INFO] git: 125 ms (waited 0 ms for lock): git ls-tree
[INFO] git: 139 ms (waited 0 ms for lock): git rev-parse
[INFO] git: 148 ms (waited 0 ms for lock): git grep
[INFO] git: 121 ms (waited 0 ms for lock): git rev-parse
[INFO] git: 74 ms (waited 0 ms for lock): git cat-file
[INFO] git: 160 ms (waited 0 ms for lock): git rev-parse
[INFO] git: 132 ms (waited 0 ms for lock): git cat-file
[INFO] git: 129 ms (waited 0 ms for lock): git ls-tree
[INFO] git: 159 ms (waited 0 ms for lock): git cat-file
[INFO] git: 133 ms (waited 0 ms for lock): git rev-parse
[INFO] git: 105 ms (waited 0 ms for lock): git rev-parse
[INFO] git: 137 ms (waited 0 ms for lock): git rev-parse
[WARN] Layout wrap: 'commit_heading' in parent 'main_content' - NoWrap set but would overflow (child_size=84.0, offset=0.0, container=0.0)
[WARN] Layout overflow: 'commit_heading' extends outside parent 'main_content' bounds (child_rel=[0.0,0.0], child_size=[0.0,84.0], child_end=[0.0,84.0], parent_size=[0.0,0.0], gap=0.0, start_offset=0.0)
[WARN] Layout wrap: 'commit_sticky_revision' in parent 'commit_heading' - NoWrap set but would overflow (child_size=123.2, offset=0.0, container=0.0)
[WARN] Layout overflow: 'commit_sticky_revision' extends outside parent 'commit_heading' bounds (child_rel=[0.0,0.0], child_size=[123.2,72.8], child_end=[123.2,72.8], parent_size=[0.0,72.8], gap=0.0, start_offset=0.0)
[WARN] Layout wrap: 'commit_find_host' in parent 'main_content' - NoWrap set but would overflow (child_size=100.8, offset=84.0, container=0.0)
[WARN] Layout overflow: 'commit_find_host' extends outside parent 'main_content' bounds (child_rel=[0.0,84.0], child_size=[0.0,100.8], child_end=[0.0,184.8], parent_size=[0.0,0.0], gap=0.0, start_offset=0.0)
[WARN] Layout wrap: 'commit_detail_scroll' in parent 'main_content' - NoWrap set but would overflow (child_size=0.0, offset=184.8, container=0.0)
[WARN] Layout overflow: 'commit_detail_scroll' extends outside parent 'main_content' bounds (child_rel=[0.0,184.8], child_size=[0.0,0.0], child_end=[0.0,184.8], parent_size=[0.0,0.0], gap=0.0, start_offset=0.0)
[WARN] Layout wrap: 'commit_relative_date' in parent 'commit_meta_compact' - NoWrap set but would overflow (child_size=83.8, offset=8.4, container=0.0)
[WARN] Layout overflow: 'commit_relative_date' extends outside parent 'commit_meta_compact' bounds (child_rel=[8.4,2.8], child_size=[83.8,39.2], child_end=[92.2,42.0], parent_size=[0.0,44.8], gap=8.4, start_offset=0.0)
[WARN] Layout wrap: 'commit_short_hash' in parent 'commit_meta_compact' - NoWrap set but would overflow (child_size=117.6, offset=100.6, container=0.0)
[WARN] Layout overflow: 'commit_short_hash' extends outside parent 'commit_meta_compact' bounds (child_rel=[100.6,2.8], child_size=[117.6,39.2], child_end=[218.2,42.0], parent_size=[0.0,44.8], gap=8.4, start_offset=0.0)
[WARN] Layout wrap: 'commit_meta_toggle' in parent 'commit_meta_compact' - NoWrap set but would overflow (child_size=112.0, offset=226.6, container=0.0)
[WARN] Layout overflow: 'commit_meta_toggle' extends outside parent 'commit_meta_compact' bounds (child_rel=[226.6,2.8], child_size=[112.0,39.2], child_end=[338.6,42.0], parent_size=[0.0,44.8], gap=8.4, start_offset=0.0)
[INFO] git: 129 ms (waited 0 ms for lock): git rev-parse
[INFO] commit patch cache hit for 3bd9e4ab52895d6d491daaa0437ec10c475466b0
[INFO] git: 184 ms (waited 0 ms for lock): git rev-parse
[INFO] git: 147 ms (waited 0 ms for lock): git rev-parse
[INFO] git: 184 ms (waited 0 ms for lock): git diff
[INFO] git: 166 ms (waited 0 ms for lock): git rev-parse
[INFO] commit patch cache hit for 3bd9e4ab52895d6d491daaa0437ec10c475466b0
[INFO] git: 175 ms (waited 0 ms for lock): git rev-parse
[INFO] git: 236 ms (waited 0 ms for lock): git rev-parse
[INFO] git: 194 ms (waited 0 ms for lock): git cat-file
[INFO] git: 146 ms (waited 0 ms for lock): git ls-tree
[INFO] bench_frames: 120 frames, 117 entities: avg 1.36 ms  p50 1.16  p99 4.49  max 6.63
[INFO]     0.26 ms/frame  afterhours::ui::UIPluginRenderBridge<InputAction>
[INFO]     0.13 ms/frame  afterhours::ui::UIPluginPostUpdateBridge<InputAction>
[INFO]     0.13 ms/frame  ecs::SidebarSystem
[INFO]     0.08 ms/frame  ecs::MainContentSystem
[INFO]     0.06 ms/frame  ecs::TabSyncSystem
[INFO]     0.03 ms/frame  ui::RenderWrappedTooltip<InputAction>
[INFO]     0.02 ms/frame  afterhours::ui::validation::ValidateComponentContrast
[INFO]     0.02 ms/frame  ecs::MenuBarSystem
[INFO] expect_p99_below: 4.49ms <= 20.00ms (PASS)
[INFO] E2E finished in 3.10 seconds
[INFO] git: 147 ms (waited 0 ms for lock): git cat-file
