[INFO] Process start to main: 37 ms
[INFO] Registered singleton 0 for afterhours::files::ProvidesResourcePaths (0)
[INFO] Settings loaded from /Users/gabeochoa/Library/Application Support/floatinghotel/settings.json
[INFO] Pre-graphics init: 59 ms
[INFO]   Window+GPU init: 205 ms
[INFO] Registered singleton 1 for afterhours::input::InputCollector (1)
[INFO] Registered singleton 1 for afterhours::input::ProvidesMaxGamepadID (2)
[INFO] Registered singleton 1 for afterhours::input::ProvidesInputMapping (3)
[INFO] Registered singleton 1 for afterhours::input::ProvidesInputConfig (4)
[WARN] try_load_gamepad_mappings: no backend configured
[INFO] Registered singleton 1 for afterhours::window_manager::ProvidesTargetFPS (5)
[INFO] Registered singleton 1 for afterhours::window_manager::ProvidesCurrentResolution (6)
[INFO] Registered singleton 1 for afterhours::window_manager::ProvidesAvailableWindowResolutions (7)
[INFO] Registered singleton 2 for afterhours::ui::UIContext<InputAction> (8)
[INFO] Registered singleton 2 for afterhours::ui::FontManager (9)
[INFO] Registered singleton 2 for afterhours::ui::TextMeasureCache (10)
[INFO] Registered singleton 2 for afterhours::ui::UIEntityMappingCache (11)
[INFO] Registered singleton 2 for afterhours::ui::DragGroupState (12)
[INFO]   Preload+fonts: 1 ms
[INFO] Registered singleton 6 for afterhours::modal::ModalRoot (28)
[INFO] Registered singleton 7 for afterhours::ui::TooltipState (29)
[INFO]   Systems registration: 0 ms
[INFO] Startup time: 207 ms (from graphics::run to app_init done)
[INFO] [Validation] No UI violations detected
[INFO] git: 246 ms (waited 0 ms for lock): git ls-files
[INFO] git: 253 ms (waited 0 ms for lock): git status
[INFO] refresh: status ready at 254 ms
[INFO] git: 258 ms (waited 0 ms for lock): git branch
[INFO] refresh: branches ready at 513 ms
[INFO] git: 516 ms (waited 0 ms for lock): git log
[INFO] commits loaded: 3 commits, 517 ms after refresh requested, 837 ms since process start
[INFO] git: 279 ms (waited 0 ms for lock): git diff
[INFO] refresh: diff ready at 526 ms
[INFO] git: 205 ms (waited 0 ms for lock): git diff
[INFO] refresh: done in 719 ms
[INFO] git: 131 ms (waited 0 ms for lock): git rev-parse
[INFO] git: 152 ms (waited 0 ms for lock): git rev-parse
[INFO] git: 146 ms (waited 0 ms for lock): git diff
[INFO] git: 157 ms (waited 0 ms for lock): git rev-parse
[INFO] git: 151 ms (waited 0 ms for lock): git rev-parse
[INFO] git: 114 ms (waited 0 ms for lock): git rev-parse
[INFO] git: 163 ms (waited 0 ms for lock): git cat-file
[INFO] git: 122 ms (waited 0 ms for lock): git rev-parse
[INFO] git: 167 ms (waited 0 ms for lock): git ls-tree
[INFO] git: 155 ms (waited 0 ms for lock): git cat-file
[INFO] git: 128 ms (waited 0 ms for lock): git rev-parse
[INFO] git: 136 ms (waited 0 ms for lock): git grep
[INFO] git: 177 ms (waited 0 ms for lock): git rev-parse
[INFO] git: 216 ms (waited 0 ms for lock): git grep
[INFO] git: 122 ms (waited 0 ms for lock): git rev-parse
[INFO] git: 123 ms (waited 0 ms for lock): git cat-file
[INFO] git: 141 ms (waited 0 ms for lock): git ls-tree
[INFO] git: 136 ms (waited 0 ms for lock): git cat-file
[INFO] git: 115 ms (waited 0 ms for lock): git rev-parse
[INFO] git: 125 ms (waited 0 ms for lock): git rev-parse
[INFO] git: 159 ms (waited 0 ms for lock): git rev-parse
[INFO] git: 139 ms (waited 0 ms for lock): git rev-parse
[INFO] git: 196 ms (waited 0 ms for lock): git rev-parse
[INFO] git: 149 ms (waited 0 ms for lock): git diff
[INFO] git: 138 ms (waited 0 ms for lock): git rev-parse
[INFO] git: 115 ms (waited 0 ms for lock): git rev-parse
[INFO] git: 106 ms (waited 0 ms for lock): git rev-parse
[INFO] bench_frames: 120 frames, 259 entities: avg 2.55 ms  p50 2.65  p99 4.23  max 6.47
[INFO]     0.71 ms/frame  afterhours::ui::UIPluginRenderBridge<InputAction>
[INFO]     0.49 ms/frame  ecs::MainContentSystem
[INFO]     0.28 ms/frame  afterhours::ui::UIPluginPostUpdateBridge<InputAction>
[INFO]     0.18 ms/frame  ecs::SidebarSystem
[INFO]     0.08 ms/frame  ecs::TabSyncSystem
[INFO]     0.05 ms/frame  afterhours::ui::validation::ValidateComponentContrast
[INFO]     0.03 ms/frame  ecs::MenuBarSystem
[INFO]     0.02 ms/frame  ecs::TabBarSystem
[INFO] expect_p99_below: 4.23ms <= 20.00ms (PASS)
[INFO] E2E finished in 0.78 seconds
