[INFO] Process start to main: 41 ms
[INFO] Registered singleton 0 for afterhours::files::ProvidesResourcePaths (0)
[INFO] Settings loaded from /Users/gabeochoa/Library/Application Support/floatinghotel/settings.json
[INFO] Pre-graphics init: 36 ms
[INFO]   Window+GPU init: 194 ms
[INFO] Registered singleton 1 for afterhours::input::InputCollector (1)
[INFO] Registered singleton 1 for afterhours::input::ProvidesMaxGamepadID (2)
[INFO] Registered singleton 1 for afterhours::input::ProvidesInputMapping (3)
[INFO] Registered singleton 1 for afterhours::input::ProvidesInputConfig (4)
[WARN] try_load_gamepad_mappings: no backend configured
[INFO] Registered singleton 1 for afterhours::window_manager::ProvidesTargetFPS (5)
[INFO] Registered singleton 1 for afterhours::window_manager::ProvidesCurrentResolution (6)
[INFO] Registered singleton 1 for afterhours::window_manager::ProvidesAvailableWindowResolutions (7)
[INFO] Registered singleton 2 for afterhours::ui::UIContext<InputAction> (8)
[INFO] Registered singleton 2 for afterhours::ui::FontManager (9)
[INFO] Registered singleton 2 for afterhours::ui::TextMeasureCache (10)
[INFO] Registered singleton 2 for afterhours::ui::UIEntityMappingCache (11)
[INFO] Registered singleton 2 for afterhours::ui::DragGroupState (12)
[INFO]   Preload+fonts: 0 ms
[INFO] Registered singleton 6 for afterhours::modal::ModalRoot (28)
[INFO] Registered singleton 7 for afterhours::ui::TooltipState (29)
[INFO]   Systems registration: 0 ms
[INFO] Startup time: 195 ms (from graphics::run to app_init done)
[INFO] [Validation] No UI violations detected
[INFO] git: 316 ms (waited 0 ms for lock): git ls-files
[INFO] git: 324 ms (waited 1 ms for lock): git status
[INFO] refresh: status ready at 327 ms
[INFO] git: 384 ms (waited 0 ms for lock): git log
[INFO] commits loaded: 2 commits, 385 ms after refresh requested, 679 ms since process start
[INFO] git: 421 ms (waited 0 ms for lock): git diff
[INFO] refresh: diff ready at 739 ms
[INFO] git: 451 ms (waited 0 ms for lock): git branch
[INFO] refresh: branches ready at 778 ms
[INFO] git: 507 ms (waited 0 ms for lock): git diff
[INFO] refresh: done in 893 ms
[INFO] git: 282 ms (waited 0 ms for lock): git rev-parse
[INFO] git: 346 ms (waited 0 ms for lock): git show
[INFO] git: 343 ms (waited 0 ms for lock): git show
[INFO] git: 274 ms (waited 0 ms for lock): git rev-parse
[INFO] git: 326 ms (waited 0 ms for lock): git ls-tree
[INFO] git: 288 ms (waited 0 ms for lock): git rev-parse
[INFO] git: 271 ms (waited 0 ms for lock): git rev-parse
[INFO] git: 350 ms (waited 0 ms for lock): git rev-parse
[INFO] git: 323 ms (waited 0 ms for lock): git rev-parse
[INFO] git: 352 ms (waited 0 ms for lock): git cat-file
[INFO] git: 376 ms (waited 0 ms for lock): git ls-tree
[INFO] git: 783 ms (waited 0 ms for lock): git cat-file
[INFO] git: 331 ms (waited 0 ms for lock): git rev-parse
[INFO] git: 360 ms (waited 0 ms for lock): git cat-file
[INFO] git: 562 ms (waited 0 ms for lock): git ls-tree
[INFO] git: 1048 ms (waited 0 ms for lock): git cat-file
[INFO] git: 597 ms (waited 0 ms for lock): git rev-parse
[INFO] commit patch cache hit for 6d40dd41ab5f2cc669e84c5ccb1a029cb06db75d
[INFO] git: 400 ms (waited 0 ms for lock): git rev-parse
[INFO] git: 477 ms (waited 0 ms for lock): git show
[INFO] git: 488 ms (waited 0 ms for lock): git show
[INFO] git: 520 ms (waited 0 ms for lock): git rev-parse
[INFO] git: 770 ms (waited 0 ms for lock): git rev-parse
[INFO] git: 342 ms (waited 0 ms for lock): git rev-parse
[INFO] bench_frames: 120 frames, 212 entities: avg 2.38 ms  p50 2.33  p99 3.80  max 5.76
[INFO]     0.55 ms/frame  afterhours::ui::UIPluginRenderBridge<InputAction>
[INFO]     0.51 ms/frame  ecs::MainContentSystem
[INFO]     0.25 ms/frame  afterhours::ui::UIPluginPostUpdateBridge<InputAction>
[INFO]     0.20 ms/frame  ecs::SidebarSystem
[INFO]     0.09 ms/frame  ecs::TabSyncSystem
[INFO]     0.05 ms/frame  afterhours::ui::validation::ValidateComponentContrast
[INFO]     0.03 ms/frame  ecs::MenuBarSystem
[INFO]     0.02 ms/frame  ecs::TabBarSystem
[INFO] expect_p99_below: 3.80ms <= 20.00ms (PASS)
[INFO] E2E finished in 4.47 seconds
