[INFO] Process start to main: 140 ms
[INFO] Registered singleton 0 for afterhours::files::ProvidesResourcePaths (0)
[INFO] Settings loaded from /Users/gabeochoa/Library/Application Support/floatinghotel/settings.json
[INFO] Pre-graphics init: 32 ms
[INFO]   Window+GPU init: 196 ms
[INFO] Registered singleton 1 for afterhours::input::InputCollector (1)
[INFO] Registered singleton 1 for afterhours::input::ProvidesMaxGamepadID (2)
[INFO] Registered singleton 1 for afterhours::input::ProvidesInputMapping (3)
[INFO] Registered singleton 1 for afterhours::input::ProvidesInputConfig (4)
[WARN] try_load_gamepad_mappings: no backend configured
[INFO] Registered singleton 1 for afterhours::window_manager::ProvidesTargetFPS (5)
[INFO] Registered singleton 1 for afterhours::window_manager::ProvidesCurrentResolution (6)
[INFO] Registered singleton 1 for afterhours::window_manager::ProvidesAvailableWindowResolutions (7)
[INFO] Registered singleton 2 for afterhours::ui::UIContext<InputAction> (8)
[INFO] Registered singleton 2 for afterhours::ui::FontManager (9)
[INFO] Registered singleton 2 for afterhours::ui::TextMeasureCache (10)
[INFO] Registered singleton 2 for afterhours::ui::UIEntityMappingCache (11)
[INFO] Registered singleton 2 for afterhours::ui::DragGroupState (12)
[INFO]   Preload+fonts: 3 ms
[INFO] Registered singleton 6 for afterhours::modal::ModalRoot (28)
[INFO] Registered singleton 7 for afterhours::ui::TooltipState (29)
[INFO]   Systems registration: 0 ms
[INFO] Startup time: 199 ms (from graphics::run to app_init done)
[INFO] [Validation] No UI violations detected
[INFO] git: 230 ms (waited 0 ms for lock): git ls-files
[INFO] git: 283 ms (waited 0 ms for lock): git status
[INFO] refresh: status ready at 287 ms
[INFO] git: 199 ms (waited 0 ms for lock): git diff
[INFO] refresh: diff ready at 431 ms
[INFO] git: 444 ms (waited 0 ms for lock): git log
[INFO] commits loaded: 1 commits, 445 ms after refresh requested, 842 ms since process start
[INFO] git: 322 ms (waited 0 ms for lock): git branch
[INFO] refresh: branches ready at 607 ms
[INFO] git: 264 ms (waited 0 ms for lock): git diff
[INFO] refresh: done in 696 ms
[WARN] Layout wrap: 'commit_heading' in parent 'main_content' - NoWrap set but would overflow (child_size=120.0, offset=0.0, container=0.0)
[WARN] Layout overflow: 'commit_heading' extends outside parent 'main_content' bounds (child_rel=[0.0,0.0], child_size=[0.0,120.0], child_end=[0.0,120.0], parent_size=[0.0,0.0], gap=0.0, start_offset=0.0)
[WARN] Layout wrap: 'commit_sticky_revision' in parent 'commit_heading' - NoWrap set but would overflow (child_size=176.0, offset=0.0, container=0.0)
[WARN] Layout overflow: 'commit_sticky_revision' extends outside parent 'commit_heading' bounds (child_rel=[0.0,0.0], child_size=[176.0,104.0], child_end=[176.0,104.0], parent_size=[0.0,104.0], gap=0.0, start_offset=0.0)
[WARN] Layout wrap: 'commit_find_host' in parent 'main_content' - NoWrap set but would overflow (child_size=144.0, offset=120.0, container=0.0)
[WARN] Layout overflow: 'commit_find_host' extends outside parent 'main_content' bounds (child_rel=[0.0,120.0], child_size=[0.0,144.0], child_end=[0.0,264.0], parent_size=[0.0,0.0], gap=0.0, start_offset=0.0)
[WARN] Layout wrap: 'commit_detail_scroll' in parent 'main_content' - NoWrap set but would overflow (child_size=0.0, offset=264.0, container=0.0)
[WARN] Layout overflow: 'commit_detail_scroll' extends outside parent 'main_content' bounds (child_rel=[0.0,264.0], child_size=[0.0,0.0], child_end=[0.0,264.0], parent_size=[0.0,0.0], gap=0.0, start_offset=0.0)
[WARN] Layout wrap: 'commit_relative_date' in parent 'commit_meta_compact' - NoWrap set but would overflow (child_size=120.0, offset=12.0, container=0.0)
[WARN] Layout overflow: 'commit_relative_date' extends outside parent 'commit_meta_compact' bounds (child_rel=[12.0,4.0], child_size=[120.0,56.0], child_end=[132.0,60.0], parent_size=[0.0,64.0], gap=12.0, start_offset=0.0)
[WARN] Layout wrap: 'commit_short_hash' in parent 'commit_meta_compact' - NoWrap set but would overflow (child_size=168.0, offset=144.0, container=0.0)
[WARN] Layout overflow: 'commit_short_hash' extends outside parent 'commit_meta_compact' bounds (child_rel=[144.0,4.0], child_size=[168.0,56.0], child_end=[312.0,60.0], parent_size=[0.0,64.0], gap=12.0, start_offset=0.0)
[WARN] Layout wrap: 'commit_meta_toggle' in parent 'commit_meta_compact' - NoWrap set but would overflow (child_size=160.0, offset=324.0, container=0.0)
[WARN] Layout overflow: 'commit_meta_toggle' extends outside parent 'commit_meta_compact' bounds (child_rel=[324.0,4.0], child_size=[160.0,56.0], child_end=[484.0,60.0], parent_size=[0.0,64.0], gap=12.0, start_offset=0.0)
[INFO] git: 471 ms (waited 0 ms for lock): git rev-parse
[INFO] git: 2125 ms (waited 0 ms for lock): git show
[INFO] git: 2658 ms (waited 0 ms for lock): git show
[INFO] git: 446 ms (waited 0 ms for lock): git rev-parse
[INFO] git: 470 ms (waited 0 ms for lock): git rev-parse
[INFO] git: 294 ms (waited 0 ms for lock): git rev-parse
[INFO] git: 374 ms (waited 0 ms for lock): git ls-tree
[INFO] git: 99 ms (waited 0 ms for lock): git ls-tree
[INFO] git: 1006 ms (waited 0 ms for lock): git ls-tree
[INFO] git: 842 ms (waited 0 ms for lock): git rev-parse
[INFO] git: 802 ms (waited 0 ms for lock): git cat-file
[INFO] git: 1115 ms (waited 0 ms for lock): git ls-tree
[INFO] git: 297 ms (waited 0 ms for lock): git cat-file
[INFO] git: 702 ms (waited 0 ms for lock): git ls-tree
[INFO] git: 264 ms (waited 0 ms for lock): git ls-tree
[INFO] bench_frames: 120 frames, 162 entities: avg 1.80 ms  p50 1.78  p99 3.10  max 4.90
[INFO]     0.48 ms/frame  ecs::MainContentSystem
[INFO]     0.36 ms/frame  afterhours::ui::UIPluginRenderBridge<InputAction>
[INFO]     0.17 ms/frame  ecs::SidebarSystem
[INFO]     0.16 ms/frame  afterhours::ui::UIPluginPostUpdateBridge<InputAction>
[INFO]     0.08 ms/frame  ecs::TabSyncSystem
[INFO]     0.02 ms/frame  afterhours::ui::validation::ValidateComponentContrast
[INFO]     0.02 ms/frame  ecs::MenuBarSystem
[INFO]     0.01 ms/frame  ecs::ReadingLayoutSystem
[INFO] expect_p99_below: 3.10ms <= 20.00ms (PASS)
[INFO] E2E finished in 2.62 seconds
