[INFO] Process start to main: 36 ms
[INFO] Registered singleton 0 for afterhours::files::ProvidesResourcePaths (0)
[INFO] Settings loaded from /Users/gabeochoa/Library/Application Support/floatinghotel/settings.json
[INFO] Pre-graphics init: 39 ms
[INFO]   Window+GPU init: 140 ms
[INFO] Registered singleton 1 for afterhours::input::InputCollector (1)
[INFO] Registered singleton 1 for afterhours::input::ProvidesMaxGamepadID (2)
[INFO] Registered singleton 1 for afterhours::input::ProvidesInputMapping (3)
[INFO] Registered singleton 1 for afterhours::input::ProvidesInputConfig (4)
[WARN] try_load_gamepad_mappings: no backend configured
[INFO] Registered singleton 1 for afterhours::window_manager::ProvidesTargetFPS (5)
[INFO] Registered singleton 1 for afterhours::window_manager::ProvidesCurrentResolution (6)
[INFO] Registered singleton 1 for afterhours::window_manager::ProvidesAvailableWindowResolutions (7)
[INFO] Registered singleton 2 for afterhours::ui::UIContext<InputAction> (8)
[INFO] Registered singleton 2 for afterhours::ui::FontManager (9)
[INFO] Registered singleton 2 for afterhours::ui::TextMeasureCache (10)
[INFO] Registered singleton 2 for afterhours::ui::UIEntityMappingCache (11)
[INFO] Registered singleton 2 for afterhours::ui::DragGroupState (12)
[INFO]   Preload+fonts: 0 ms
[INFO] Registered singleton 6 for afterhours::modal::ModalRoot (28)
[INFO] Registered singleton 7 for afterhours::ui::TooltipState (29)
[INFO]   Systems registration: 0 ms
[INFO] Startup time: 141 ms (from graphics::run to app_init done)
[INFO] [Validation] No UI violations detected
[INFO] git: 122 ms (waited 0 ms for lock): git log
[INFO] commits loaded: 1 commits, 122 ms after refresh requested, 352 ms since process start
[INFO] git: 135 ms (waited 0 ms for lock): git ls-files
[INFO] git: 138 ms (waited 0 ms for lock): git status
[INFO] refresh: status ready at 139 ms
[INFO] git: 166 ms (waited 0 ms for lock): git diff
[INFO] refresh: diff ready at 289 ms
[INFO] git: 181 ms (waited 0 ms for lock): git branch
[INFO] refresh: branches ready at 318 ms
[INFO] git: 291 ms (waited 0 ms for lock): git diff
[INFO] refresh: done in 430 ms
[INFO] git: 685 ms (waited 0 ms for lock): git grep
[INFO] bench_frames: 120 frames, 126 entities: avg 1.37 ms  p50 1.15  p99 3.20  max 12.21
[INFO]     0.35 ms/frame  afterhours::ui::UIPluginRenderBridge<InputAction>
[INFO]     0.18 ms/frame  ecs::SidebarSystem
[INFO]     0.12 ms/frame  afterhours::ui::UIPluginPostUpdateBridge<InputAction>
[INFO]     0.10 ms/frame  ecs::FilePickerSystem
[INFO]     0.07 ms/frame  ecs::TabSyncSystem
[INFO]     0.03 ms/frame  ecs::MainContentSystem
[INFO]     0.03 ms/frame  ecs::MenuBarSystem
[INFO]     0.02 ms/frame  afterhours::ui::validation::ValidateComponentContrast
[INFO] expect_p99_below: 3.20ms <= 20.00ms (PASS)
[INFO] git: 138 ms (waited 0 ms for lock): git grep
[INFO] bench_frames: 120 frames, 135 entities: avg 3.95 ms  p50 3.59  p99 12.59  max 13.94
[INFO]     2.36 ms/frame  ecs::MainContentSystem
[INFO]     0.39 ms/frame  afterhours::ui::UIPluginRenderBridge<InputAction>
[INFO]     0.17 ms/frame  afterhours::ui::UIPluginPostUpdateBridge<InputAction>
[INFO]     0.14 ms/frame  ecs::TabSyncSystem
[INFO]     0.08 ms/frame  ecs::SidebarSystem
[INFO]     0.03 ms/frame  afterhours::ui::validation::ValidateComponentContrast
[INFO]     0.03 ms/frame  ecs::MenuBarSystem
[INFO]     0.02 ms/frame  ecs::StatusBarSystem
[INFO] expect_p99_below: 12.59ms <= 20.00ms (PASS)
[INFO] E2E finished in 0.80 seconds
