[INFO] Process start to main: 596 ms
[INFO] Registered singleton 0 for afterhours::files::ProvidesResourcePaths (0)
[INFO] Settings loaded from /Users/gabeochoa/Library/Application Support/floatinghotel/settings.json
[INFO] Pre-graphics init: 8 ms
[INFO]   Window+GPU init: 201 ms
[INFO] Registered singleton 1 for afterhours::input::InputCollector (1)
[INFO] Registered singleton 1 for afterhours::input::ProvidesMaxGamepadID (2)
[INFO] Registered singleton 1 for afterhours::input::ProvidesInputMapping (3)
[INFO] Registered singleton 1 for afterhours::input::ProvidesInputConfig (4)
[WARN] try_load_gamepad_mappings: no backend configured
[INFO] Registered singleton 1 for afterhours::window_manager::ProvidesTargetFPS (5)
[INFO] Registered singleton 1 for afterhours::window_manager::ProvidesCurrentResolution (6)
[INFO] Registered singleton 1 for afterhours::window_manager::ProvidesAvailableWindowResolutions (7)
[INFO] Registered singleton 2 for afterhours::ui::UIContext<InputAction> (8)
[INFO] Registered singleton 2 for afterhours::ui::FontManager (9)
[INFO] Registered singleton 2 for afterhours::ui::TextMeasureCache (10)
[INFO] Registered singleton 2 for afterhours::ui::UIEntityMappingCache (11)
[INFO] Registered singleton 2 for afterhours::ui::DragGroupState (12)
[INFO]   Preload+fonts: 5 ms
[INFO] Registered singleton 6 for afterhours::modal::ModalRoot (28)
[INFO] Registered singleton 7 for afterhours::ui::TooltipState (29)
[INFO]   Systems registration: 0 ms
[INFO] Startup time: 206 ms (from graphics::run to app_init done)
[INFO] [Validation] No UI violations detected
[INFO] git: 140 ms (waited 0 ms for lock): git ls-files
[INFO] git: 148 ms (waited 0 ms for lock): git status
[INFO] refresh: status ready at 150 ms
[INFO] git: 154 ms (waited 0 ms for lock): git log
[INFO] commits loaded: 2 commits, 156 ms after refresh requested, 1000 ms since process start
[INFO] git: 302 ms (waited 0 ms for lock): git diff
[INFO] git: 323 ms (waited 0 ms for lock): git diff
[INFO] refresh: diff ready at 464 ms
[INFO] git: 338 ms (waited 0 ms for lock): git branch
[INFO] refresh: branches ready at 487 ms
[INFO] refresh: done in 487 ms
[WARN] Layout wrap: 'commit_heading' in parent 'main_content' - NoWrap set but would overflow (child_size=60.0, offset=0.0, container=0.0)
[WARN] Layout overflow: 'commit_heading' extends outside parent 'main_content' bounds (child_rel=[0.0,0.0], child_size=[0.0,60.0], child_end=[0.0,60.0], parent_size=[0.0,0.0], gap=0.0, start_offset=0.0)
[WARN] Layout wrap: 'commit_sticky_revision' in parent 'commit_heading' - NoWrap set but would overflow (child_size=88.0, offset=0.0, container=0.0)
[WARN] Layout overflow: 'commit_sticky_revision' extends outside parent 'commit_heading' bounds (child_rel=[0.0,0.0], child_size=[88.0,52.0], child_end=[88.0,52.0], parent_size=[0.0,52.0], gap=0.0, start_offset=0.0)
[WARN] Layout wrap: 'commit_find_host' in parent 'main_content' - NoWrap set but would overflow (child_size=72.0, offset=60.0, container=0.0)
[WARN] Layout overflow: 'commit_find_host' extends outside parent 'main_content' bounds (child_rel=[0.0,60.0], child_size=[0.0,72.0], child_end=[0.0,132.0], parent_size=[0.0,0.0], gap=0.0, start_offset=0.0)
[WARN] Layout wrap: 'commit_detail_scroll' in parent 'main_content' - NoWrap set but would overflow (child_size=0.0, offset=132.0, container=0.0)
[WARN] Layout overflow: 'commit_detail_scroll' extends outside parent 'main_content' bounds (child_rel=[0.0,132.0], child_size=[0.0,0.0], child_end=[0.0,132.0], parent_size=[0.0,0.0], gap=0.0, start_offset=0.0)
[WARN] Layout wrap: 'commit_relative_date' in parent 'commit_meta_compact' - NoWrap set but would overflow (child_size=54.0, offset=6.0, container=0.0)
[WARN] Layout overflow: 'commit_relative_date' extends outside parent 'commit_meta_compact' bounds (child_rel=[6.0,2.0], child_size=[54.0,28.0], child_end=[60.0,30.0], parent_size=[0.0,32.0], gap=6.0, start_offset=0.0)
[WARN] Layout wrap: 'commit_short_hash' in parent 'commit_meta_compact' - NoWrap set but would overflow (child_size=84.0, offset=66.0, container=0.0)
[WARN] Layout overflow: 'commit_short_hash' extends outside parent 'commit_meta_compact' bounds (child_rel=[66.0,2.0], child_size=[84.0,28.0], child_end=[150.0,30.0], parent_size=[0.0,32.0], gap=6.0, start_offset=0.0)
[WARN] Layout wrap: 'commit_meta_toggle' in parent 'commit_meta_compact' - NoWrap set but would overflow (child_size=80.0, offset=156.0, container=0.0)
[WARN] Layout overflow: 'commit_meta_toggle' extends outside parent 'commit_meta_compact' bounds (child_rel=[156.0,2.0], child_size=[80.0,28.0], child_end=[236.0,30.0], parent_size=[0.0,32.0], gap=6.0, start_offset=0.0)
[INFO] git: 165 ms (waited 0 ms for lock): git rev-parse
[INFO] git: 169 ms (waited 0 ms for lock): git show
[INFO] git: 151 ms (waited 0 ms for lock): git show
[INFO] git: 114 ms (waited 0 ms for lock): git rev-parse
[INFO] git: 224 ms (waited 0 ms for lock): git rev-parse
[INFO] git: 208 ms (waited 0 ms for lock): git rev-parse
[INFO] git: 276 ms (waited 0 ms for lock): git rev-parse
[INFO] git: 245 ms (waited 0 ms for lock): git grep
[WARN] [E2E ERROR] workspace_checkpoint (line 22): Unexpected document count
[WARN] [E2E ERROR] workspace_checkpoint (line 47): Unexpected document count
[WARN] [E2E ERROR] workspace_checkpoint (line 54): Unexpected document count
[INFO] git: 157 ms (waited 0 ms for lock): git rev-parse
[INFO] git: 168 ms (waited 0 ms for lock): git grep
[WARN] [E2E ERROR] workspace_checkpoint (line 61): Unexpected document count
[WARN] [E2E ERROR] workspace_checkpoint (line 68): Unexpected document count
[WARN] [E2E ERROR] hover_ui (line 70): Visible click target not found: repo_search_results
[WARN] [E2E ERROR] click_ui (line 73): Visible click target not found: repo_search_file
[WARN] [E2E ERROR] click_ui (line 74): Visible click target not found: repo_search_input
[WARN] [E2E ERROR] workspace_checkpoint (line 80): Unexpected document count
[WARN] [E2E ERROR] workspace_checkpoint (line 87): Unexpected document count
[WARN] [E2E ERROR] workspace_checkpoint (line 94): Unexpected document count
[WARN] [E2E ERROR] workspace_checkpoint (line 101): Unexpected document count
[WARN] [E2E ERROR] click_ui (line 103): Visible click target not found: repo_search_input
[WARN] [E2E ERROR] workspace_checkpoint (line 111): Unexpected document count
[WARN] [E2E ERROR] workspace_checkpoint (line 118): Unexpected document count
[INFO] bench_frames: 120 frames, 246 entities: avg 3.02 ms  p50 2.91  p99 4.85  max 5.18
[INFO]     0.81 ms/frame  afterhours::ui::UIPluginRenderBridge<InputAction>
[INFO]     0.63 ms/frame  ecs::MainContentSystem
[INFO]     0.26 ms/frame  afterhours::ui::UIPluginPostUpdateBridge<InputAction>
[INFO]     0.24 ms/frame  ecs::SidebarSystem
[INFO]     0.11 ms/frame  ecs::TabSyncSystem
[INFO]     0.06 ms/frame  afterhours::ui::validation::ValidateComponentContrast
[INFO]     0.03 ms/frame  ecs::MenuBarSystem
[INFO]     0.02 ms/frame  afterhours::ui::UIPluginPreUpdateBridge<InputAction>
[INFO] expect_p99_below: 4.85ms <= 20.00ms (PASS)
[INFO] E2E finished in 2.03 seconds
