[INFO] Process start to main: 51 ms
[INFO] Registered singleton 0 for afterhours::files::ProvidesResourcePaths (0)
[INFO] Settings loaded from /Users/gabeochoa/p/floatinghotel/output/step29-fixed-restore_tabs/200/settings/settings.json
[INFO] Pre-graphics init: 137 ms
[INFO]   Window+GPU init: 194 ms
[INFO] Registered singleton 1 for afterhours::input::InputCollector (1)
[INFO] Registered singleton 1 for afterhours::input::ProvidesMaxGamepadID (2)
[INFO] Registered singleton 1 for afterhours::input::ProvidesInputMapping (3)
[INFO] Registered singleton 1 for afterhours::input::ProvidesInputConfig (4)
[WARN] try_load_gamepad_mappings: no backend configured
[INFO] Registered singleton 1 for afterhours::window_manager::ProvidesTargetFPS (5)
[INFO] Registered singleton 1 for afterhours::window_manager::ProvidesCurrentResolution (6)
[INFO] Registered singleton 1 for afterhours::window_manager::ProvidesAvailableWindowResolutions (7)
[INFO] Registered singleton 2 for afterhours::ui::UIContext<InputAction> (8)
[INFO] Registered singleton 2 for afterhours::ui::FontManager (9)
[INFO] Registered singleton 2 for afterhours::ui::TextMeasureCache (10)
[INFO] Registered singleton 2 for afterhours::ui::UIEntityMappingCache (11)
[INFO] Registered singleton 2 for afterhours::ui::DragGroupState (12)
[INFO]   Preload+fonts: 0 ms
[INFO] Registered singleton 6 for afterhours::modal::ModalRoot (28)
[INFO] Registered singleton 7 for afterhours::ui::TooltipState (29)
[INFO]   Systems registration: 0 ms
[INFO] Startup time: 195 ms (from graphics::run to app_init done)
[INFO] [Validation] No UI violations detected
[INFO] git: 483 ms (waited 0 ms for lock): git ls-files
[INFO] git: 515 ms (waited 0 ms for lock): git status
[INFO] refresh: status ready at 516 ms
[INFO] git: 565 ms (waited 0 ms for lock): git log
[INFO] commits loaded: 2 commits, 565 ms after refresh requested, 964 ms since process start
[INFO] git: 170 ms (waited 0 ms for lock): git diff
[INFO] refresh: diff ready at 655 ms
[INFO] git: 155 ms (waited 0 ms for lock): git branch
[INFO] refresh: branches ready at 671 ms
[INFO] git: 158 ms (waited 0 ms for lock): git diff
[INFO] refresh: done in 724 ms
[INFO] git: 116 ms (waited 0 ms for lock): git rev-parse
[INFO] git: 233 ms (waited 0 ms for lock): git rev-parse
[INFO] git: 189 ms (waited 0 ms for lock): git cat-file
[INFO] git: 431 ms (waited 0 ms for lock): git ls-tree
[INFO] git: 245 ms (waited 0 ms for lock): git cat-file
[INFO] git: 130 ms (waited 0 ms for lock): git rev-parse
[INFO] git: 133 ms (waited 0 ms for lock): git rev-parse
[INFO] git: 169 ms (waited 0 ms for lock): git rev-parse
[INFO] E2E finished in 0.18 seconds
