[INFO] Process start to main: 56 ms
[INFO] Registered singleton 0 for afterhours::files::ProvidesResourcePaths (0)
[INFO] Settings loaded from /Users/gabeochoa/Library/Application Support/floatinghotel/settings.json
[INFO] Pre-graphics init: 56 ms
[INFO]   Window+GPU init: 164 ms
[INFO] Registered singleton 1 for afterhours::input::InputCollector (1)
[INFO] Registered singleton 1 for afterhours::input::ProvidesMaxGamepadID (2)
[INFO] Registered singleton 1 for afterhours::input::ProvidesInputMapping (3)
[INFO] Registered singleton 1 for afterhours::input::ProvidesInputConfig (4)
[WARN] try_load_gamepad_mappings: no backend configured
[INFO] Registered singleton 1 for afterhours::window_manager::ProvidesTargetFPS (5)
[INFO] Registered singleton 1 for afterhours::window_manager::ProvidesCurrentResolution (6)
[INFO] Registered singleton 1 for afterhours::window_manager::ProvidesAvailableWindowResolutions (7)
[INFO] Registered singleton 2 for afterhours::ui::UIContext<InputAction> (8)
[INFO] Registered singleton 2 for afterhours::ui::FontManager (9)
[INFO] Registered singleton 2 for afterhours::ui::TextMeasureCache (10)
[INFO] Registered singleton 2 for afterhours::ui::UIEntityMappingCache (11)
[INFO] Registered singleton 2 for afterhours::ui::DragGroupState (12)
[INFO]   Preload+fonts: 1 ms
[INFO] Registered singleton 6 for afterhours::modal::ModalRoot (28)
[INFO] Registered singleton 7 for afterhours::ui::TooltipState (29)
[INFO]   Systems registration: 0 ms
[INFO] Startup time: 166 ms (from graphics::run to app_init done)
[INFO] [Validation] No UI violations detected
[INFO] git: 137 ms (waited 0 ms for lock): git ls-files
[INFO] git: 146 ms (waited 0 ms for lock): git status
[INFO] refresh: status ready at 147 ms
[INFO] git: 175 ms (waited 0 ms for lock): git log
[INFO] commits loaded: 1 commits, 177 ms after refresh requested, 471 ms since process start
[INFO] git: 235 ms (waited 0 ms for lock): git diff
[INFO] refresh: diff ready at 395 ms
[INFO] git: 300 ms (waited 0 ms for lock): git branch
[INFO] refresh: branches ready at 447 ms
[INFO] git: 285 ms (waited 0 ms for lock): git diff
[INFO] refresh: done in 462 ms
[INFO] bench_frames: 120 frames, 182 entities: avg 1.70 ms  p50 1.53  p99 3.55  max 5.06
[INFO]     0.54 ms/frame  ecs::MainContentSystem
[INFO]     0.35 ms/frame  afterhours::ui::UIPluginRenderBridge<InputAction>
[INFO]     0.14 ms/frame  afterhours::ui::UIPluginPostUpdateBridge<InputAction>
[INFO]     0.10 ms/frame  ecs::SidebarSystem
[INFO]     0.05 ms/frame  ecs::TabSyncSystem
[INFO]     0.03 ms/frame  afterhours::ui::validation::ValidateComponentContrast
[INFO]     0.02 ms/frame  ecs::MenuBarSystem
[INFO]     0.01 ms/frame  ecs::StatusBarSystem
[INFO] expect_p99_below: 3.55ms <= 20.00ms (PASS)
[INFO] E2E finished in 2.67 seconds
